{
  "schema_version": 1,
  "decision": "ACCEPTED_ACTUAL_LOCAL_COMPLETE_FAILED_SCOPE_CAPTURE_ONLY",
  "checks": 15685,
  "source": "d4e56ba9ed968e9c24b2813656c2ca65a3dbd7a0",
  "identity": "financial-wrapper-classification-eager-interrupt1-20261003-01",
  "capture_sha256": "645387e5bede68f778ad4a94c5e3b30c4e9f64bd10aa4cfb1108508939a8b899",
  "request_sha256": "fb1f603733d24a5ca7e0eff41242651620b7561de17afc07668e1db102dbeca9",
  "actual_capture_terminal_sha256": "ddfb9a40b24eccadb1178ca5bfe688dc45be372a1efc64958101d4b536838850",
  "archives": {
    "source": {
      "archive": {
        "bytes": 2703524,
        "manifest_sha256": "ebe3ade50a6bd106105001a615144a2e4ef1d649755989bc63937063ed9c258c",
        "sha256": "4a483c2d9d1ed1c5f652e73bb818ca8bd11dbe79fa7acaae34b11248655a4e76"
      },
      "members": 878,
      "regular_bodies": 631,
      "logical_bytes": 6321921,
      "root_mode": 448,
      "framing": {
        "inflated_bytes": 6993920,
        "headers": 929,
        "pax_headers": 50
      }
    },
    "parent": {
      "archive": {
        "bytes": 188099,
        "manifest_sha256": "956da6e25ecd2cd61ce3eb28a15da1addd5e3db2079d5de094548f8269871eaa",
        "sha256": "832bc3dcfd215223dda75540fe19b4fddc1d05d862f1a3d7ff174da0151306fb"
      },
      "members": 30,
      "regular_bodies": 28,
      "logical_bytes": 812625,
      "root_mode": 448,
      "framing": {
        "inflated_bytes": 839680,
        "headers": 31,
        "pax_headers": 0
      }
    },
    "outer": {
      "archive": {
        "bytes": 2424,
        "manifest_sha256": "3dae5c56e601d16a0a0b8d753abf70f426b810c27d8a614df2332217849d988c",
        "sha256": "ad4b4ce1f41c99d470653a8049add40d57e7959915b83b9cb592e82f4d07c784"
      },
      "members": 8,
      "regular_bodies": 8,
      "logical_bytes": 6759,
      "root_mode": 448,
      "framing": {
        "inflated_bytes": 20480,
        "headers": 9,
        "pax_headers": 0
      }
    }
  },
  "tracked": 290,
  "source_pins": 289,
  "implementation": 194,
  "package": 149,
  "original_parent_terminal_exit": null,
  "actual_outer_exit": 1,
  "numerical_claims": 0,
  "failed_identity_permanently_reserved": true,
  "further_numerical_release_halted": true,
  "native_noncreation_qualification": "source-order inference; no actual native property readback",
  "actual_external_or_flat_failedscope_recovery": false,
  "runtime_native_scientific_authority": false
}
