test_actual_readback_required (__main__.Checks.test_actual_readback_required) ... ok
test_archive_hash_and_manifest_hash (__main__.Checks.test_archive_hash_and_manifest_hash) ... ok
test_complete_reencoding_reads_each_recovered_body (__main__.Checks.test_complete_reencoding_reads_each_recovered_body) ... ok
test_created_file_replaced_write_owned_fd (__main__.Checks.test_created_file_replaced_write_owned_fd) ... ok
test_exact_67byte_bound_before_payload (__main__.Checks.test_exact_67byte_bound_before_payload) ... ok
test_exact_birth_attack_has_no_boundary (__main__.Checks.test_exact_birth_attack_has_no_boundary) ... ok
test_exact_compressed_canonical_reencoding (__main__.Checks.test_exact_compressed_canonical_reencoding) ... ok
test_exclusive_raced_file_no_foreign_write (__main__.Checks.test_exclusive_raced_file_no_foreign_write) ... ok
test_extension_link_and_extent_before_payload (__main__.Checks.test_extension_link_and_extent_before_payload) ... ok
test_extra_gzip_member_trailing_zeros (__main__.Checks.test_extra_gzip_member_trailing_zeros) ... ok
test_firstfatal_every_owned_fd_close (__main__.Checks.test_firstfatal_every_owned_fd_close) ... ok
test_firstfatal_generator_and_output_cleanup (__main__.Checks.test_firstfatal_generator_and_output_cleanup) ... ok
test_foreign_namespace_injected (__main__.Checks.test_foreign_namespace_injected) ... ok
test_inflated_bound_fixed_and_scaled (__main__.Checks.test_inflated_bound_fixed_and_scaled) ... ok
test_long_utf8_pax (__main__.Checks.test_long_utf8_pax) ... ok
test_malformed_pax_and_padding (__main__.Checks.test_malformed_pax_and_padding) ... ok
test_membership_hash_type_mode (__main__.Checks.test_membership_hash_type_mode) ... ok
test_missing_existing_output (__main__.Checks.test_missing_existing_output) ... ok
test_no_directory_birth_or_metadata_mutation (__main__.Checks.test_no_directory_birth_or_metadata_mutation) ... ok
test_nonempty_output (__main__.Checks.test_nonempty_output) ... ok
test_nonprivate_output (__main__.Checks.test_nonprivate_output) ... ok
test_output_namespace_replaced (__main__.Checks.test_output_namespace_replaced) ... ok
test_roundtrip_all_bodies_and_metadata (__main__.Checks.test_roundtrip_all_bodies_and_metadata) ... ok
test_source_inverse (__main__.Checks.test_source_inverse) ... ok
test_symlink_output (__main__.Checks.test_symlink_output) ... ok
test_template_refused (__main__.Checks.test_template_refused) ... ok
test_truncation_and_bad_termination (__main__.Checks.test_truncation_and_bad_termination) ... ok

----------------------------------------------------------------------
Ran 27 tests in 0.241s

OK
