test_registered_one_event_cap_refuses_before_fit_or_reservation (__main__.Tests.test_registered_one_event_cap_refuses_before_fit_or_reservation) ... FAIL
test_dictionary_component_drift_during_completion_refuses_success (__main__.Tests.test_dictionary_component_drift_during_completion_refuses_success) ... 
  test_dictionary_component_drift_during_completion_refuses_success (__main__.Tests.test_dictionary_component_drift_during_completion_refuses_success) (kind='array') ... FAIL
  test_dictionary_component_drift_during_completion_refuses_success (__main__.Tests.test_dictionary_component_drift_during_completion_refuses_success) (kind='manifest') ... FAIL
  test_dictionary_component_drift_during_completion_refuses_success (__main__.Tests.test_dictionary_component_drift_during_completion_refuses_success) (kind='foreign') ... FAIL

======================================================================
FAIL: test_registered_one_event_cap_refuses_before_fit_or_reservation (__main__.Tests.test_registered_one_event_cap_refuses_before_fit_or_reservation)
----------------------------------------------------------------------
Traceback (most recent call last):
  File "/home/malecada/master_thesis/TradingAgents-audit-fixes/research/onchain-paper-replication-2026-09-24/full_sources/dictionary-publication-2026-10-01/test_publication.py", line 86, in test_registered_one_event_cap_refuses_before_fit_or_reservation
    with patch.object(self.m.driver,'fit',side_effect=AssertionError('fit despite registered event cap')),self.assertRaises(ValueError):self.run_publication()
                                                                                                                                        ~~~~~~~~~~~~~~~~~~~~^^
  File "/home/malecada/master_thesis/TradingAgents-audit-fixes/research/onchain-paper-replication-2026-09-24/full_sources/dictionary-publication-2026-10-01/test_publication.py", line 41, in run_publication
    return self.m.produce(f.owned,f.journal,sampler_input='sampler_execution',artifact_input='artifact_read',
           ~~~~~~~~~~~~~~^^^^^^^^^^^^^^^^^^^^^^^^^^^^^^^^^^^^^^^^^^^^^^^^^^^^^^^^^^^^^^^^^^^^^^^^^^^^^^^^^^^^
        proof_sha256=file_hash(self.f.f.proof),output_input='dictionary_output')
        ^^^^^^^^^^^^^^^^^^^^^^^^^^^^^^^^^^^^^^^^^^^^^^^^^^^^^^^^^^^^^^^^^^^^^^^^
  File "/home/malecada/master_thesis/TradingAgents-audit-fixes/research/onchain-paper-replication-2026-09-24/full_sources/dictionary-publication-2026-10-01/publication.py", line 94, in produce
    result=driver.fit(owned,journal,sampler_input=sampler_input,artifact_input=artifact_input,proof_sha256=proof_sha256)
  File "/home/malecada/.local/share/uv/python/cpython-3.13.13-linux-x86_64-gnu/lib/python3.13/unittest/mock.py", line 1169, in __call__
    return self._mock_call(*args, **kwargs)
           ~~~~~~~~~~~~~~~^^^^^^^^^^^^^^^^^
  File "/home/malecada/.local/share/uv/python/cpython-3.13.13-linux-x86_64-gnu/lib/python3.13/unittest/mock.py", line 1173, in _mock_call
    return self._execute_mock_call(*args, **kwargs)
           ~~~~~~~~~~~~~~~~~~~~~~~^^^^^^^^^^^^^^^^^
  File "/home/malecada/.local/share/uv/python/cpython-3.13.13-linux-x86_64-gnu/lib/python3.13/unittest/mock.py", line 1234, in _execute_mock_call
    raise effect
AssertionError: fit despite registered event cap

======================================================================
FAIL: test_dictionary_component_drift_during_completion_refuses_success (__main__.Tests.test_dictionary_component_drift_during_completion_refuses_success) (kind='array')
----------------------------------------------------------------------
Traceback (most recent call last):
  File "/home/malecada/master_thesis/TradingAgents-audit-fixes/research/onchain-paper-replication-2026-09-24/full_sources/dictionary-publication-2026-10-01/test_publication.py", line 101, in test_dictionary_component_drift_during_completion_refuses_success
    with patch.object(self.m,'sync_directory',side_effect=changed),self.assertRaises(ValueError):self.run_publication()
                                                                   ~~~~~~~~~~~~~~~~~^^^^^^^^^^^^
AssertionError: ValueError not raised

======================================================================
FAIL: test_dictionary_component_drift_during_completion_refuses_success (__main__.Tests.test_dictionary_component_drift_during_completion_refuses_success) (kind='manifest')
----------------------------------------------------------------------
Traceback (most recent call last):
  File "/home/malecada/master_thesis/TradingAgents-audit-fixes/research/onchain-paper-replication-2026-09-24/full_sources/dictionary-publication-2026-10-01/test_publication.py", line 101, in test_dictionary_component_drift_during_completion_refuses_success
    with patch.object(self.m,'sync_directory',side_effect=changed),self.assertRaises(ValueError):self.run_publication()
                                                                   ~~~~~~~~~~~~~~~~~^^^^^^^^^^^^
AssertionError: ValueError not raised

======================================================================
FAIL: test_dictionary_component_drift_during_completion_refuses_success (__main__.Tests.test_dictionary_component_drift_during_completion_refuses_success) (kind='foreign')
----------------------------------------------------------------------
Traceback (most recent call last):
  File "/home/malecada/master_thesis/TradingAgents-audit-fixes/research/onchain-paper-replication-2026-09-24/full_sources/dictionary-publication-2026-10-01/test_publication.py", line 101, in test_dictionary_component_drift_during_completion_refuses_success
    with patch.object(self.m,'sync_directory',side_effect=changed),self.assertRaises(ValueError):self.run_publication()
                                                                   ~~~~~~~~~~~~~~~~~^^^^^^^^^^^^
AssertionError: ValueError not raised

----------------------------------------------------------------------
Ran 2 tests in 73.554s

FAILED (failures=4)
