{
  "schema_version": 1,
  "decision": "ACCEPTED_TWO_TARGET_FLAT_SOURCE_ONLY_PENDING_ACTUAL_REMOTE",
  "source_sha256": "2c43ded5885b284e2fb6ffe6d91c3aabaa4490d08beeb5faeca5e894f81cac39",
  "checks": 37,
  "expected_actual_capture_pins": {
    "CAPTURE01.json": "3401a6d84e8e00439e921eaafa690e155f16022d742d9f77045742db15d42660",
    "PARENT_MANIFEST01.json": "7f608e9877086f961f4f8a998ba5faa50d42b8fd65808e2cf3ba2756eb28b77e",
    "REQUEST01.json": "17d92c05d58c3e4308097a945b3de3180e33629f92df1bfb83abcbaa6f67390f",
    "SOURCE_MANIFEST01.json": "ebe3ade50a6bd106105001a615144a2e4ef1d649755989bc63937063ed9c258c",
    "complete-parent01.tar.gz": "d620cea8113f365fb1c9a458f245031b1f04c063c861f0b08a9f1ba71f1e2c7f",
    "complete-source01.tar.gz": "4a483c2d9d1ed1c5f652e73bb818ca8bd11dbe79fa7acaae34b11248655a4e76"
  },
  "primitive_pins": {
    "recovery04.py": "b40e5f06a0fd57b689e44ae82afd73ca8fe6721c43400beefe992ec12b17c18a",
    "owned_io.py": "09d1fbcc03f2c9303db95f34ca6c07ddb47bfdb49b35452f4cb6829a5d667aeb",
    "bounded_git01.py": "db4a65a450bf9930abac04ab794539ebd952b07826d7314b4aea4e989dd9240f"
  },
  "exact_extracted_loop_and_predicates_tested": true,
  "actual_archive_restore_performed": false,
  "tiny_opaque_recovery_only": true,
  "partial_target_and_failures_retained": true,
  "runtime_native_registration_authority": false
}
