{
  "manifest_bodies": 8,
  "authenticated_selected_sources": 21,
  "claims": [
    {
      "identity": "original-import-native-success-20261003-01",
      "claim_sha256": "f475dd6c04d7dfc5e9d94bba30b5d3e686d1b71b5f5394dfa1aa0b174797f61e",
      "source_charter_count": 154,
      "one_loop_calls": 154
    },
    {
      "identity": "original-import-native-success-20261003-02",
      "claim_sha256": "56d653890440a57896a98e87ed641f9dcfd74fca8375b3491e804fd2f5432688",
      "source_charter_count": 157,
      "one_loop_calls": 157
    },
    {
      "identity": "original-import-native-success-20261003-03",
      "claim_sha256": "7e35261724e6bf2d58ca484a2ef39606d7a586313dca5fe7f0c06fe6b8ef88ef",
      "source_charter_count": 160,
      "one_loop_calls": 160
    },
    {
      "identity": "original-import-native-success-20261003-04",
      "claim_sha256": "b892aa8243e70ee225bd6ffcd8d6f630a7ea8012c588774916cc0b593bb56c2e",
      "source_charter_count": 163,
      "one_loop_calls": 163
    }
  ],
  "one_claims_scan_source_loop_calls": 634,
  "minimum_Target_leases": 2,
  "prepared_checks_per_Target": 4,
  "Binding_checks_per_matchercheck": 8,
  "eight_claim_scans_source_loop_calls": 5072,
  "native_elapsed_seconds": 1802.3540939379964,
  "peak": 395300864,
  "all_memory_events_zero": true,
  "coordinator_absence_pid_count": 10,
  "binary_members_STAT_ONLY": [
    {
      "path": "research_artifacts/onchain_representations/cb8abf82367e0b24e8b85f54398098c2b9b36afdf13597d7c07c16fbb789e90a/original-import-native-success-20261003-04/compact/mcm-e5abfa02758c751c6f0ec2eca2bf358be3c1e7615f5a024c268834882069802d/matching/events-000000000000.bin",
      "bytes": 2856
    },
    {
      "path": "research_artifacts/onchain_representations/cb8abf82367e0b24e8b85f54398098c2b9b36afdf13597d7c07c16fbb789e90a/original-import-native-success-20261003-04/compact/mcm-e5abfa02758c751c6f0ec2eca2bf358be3c1e7615f5a024c268834882069802d/stream/tails/tail-000000000000/records.bin",
      "bytes": 640
    }
  ],
  "binary_bodies_read": 0,
  "actual_wall_share_or_runtime_Git_count": null
}
