{
  "receipt_sha256": "be6bd4a531df9e9161c72d62510850ff9db8e300f042a5fdcb8bf1deeec0a8c4",
  "remote_commit": "49654293c572953047855d3d04f382f6942460a9",
  "verified_remote_blobs": 43,
  "complete_members": 870,
  "files": 616,
  "directories": 254,
  "logical_bytes": 6254560,
  "original_allocated_bytes": 8892416,
  "archive_sha256": "107eb19cefdfb16dcfc906f123fc7b0b4d547dfd8c38d1822b0d7d8ddbf812d4",
  "archive_bytes": 2539319,
  "HEAD": "bb9e6ac95b2be13dbbfe5b77c55a5ce35a0926a9",
  "source_anchor": "18cd416b4c18f9a769e19f016f6c0cba11d75585",
  "source_and_anchor_joins": 159,
  "original_source_paths": 26,
  "original_inputs": 11,
  "historical_claims": 2,
  "historical_source_bodies": [
    153,
    156
  ],
  "new_namespaces_absent": true,
  "launch_wrapper_AST_parity": true,
  "collector_AST_parity": true,
  "launch_sha256": "08b9f5398fd51cc45a7ca7c3f8f07903128339f5e6caca9618bf7397c1585885",
  "collector_sha256": "b8f18125b4506f76b02c72acebf4221e67606da1e34234afe0e8ef283ff5e457",
  "numerical_imports": false
}
