OBSERVATION {"aggregate_entry_visit_bound": 98304, "allocated_bytes": 8892416, "directories": 254, "elapsed_seconds": 0.010425797998323105, "entries": 869, "hardlink_observations": [], "logical_file_bytes": 6254560, "qualification": "Sampled non-atomic st_blocks accounting, including directories; no hard filesystem quota or inter-sample growth guarantee. At most three fresh complete scans share one time budget; only singly linked regular files occur in an accepted scan. Transient links may occur between/during discarded observations.", "regular_files": 616, "root": "/home/malecada/master_thesis/TradingAgents-audit-fixes/research/onchain-paper-replication-2026-09-24/full_sources/original-import-native-successor-preparation05-2026-10-03/capsule03", "root_device": 66310, "root_inode": 10494166, "scan_attempts": 1}
{
  "manifest_bodies": 33,
  "sources": 159,
  "package": 142,
  "source_and_anchor_joins": 159,
  "local_static_import_edges": 722,
  "unresolved_static_modules": [],
  "handler_only_MCM_parity": true,
  "resource_fixture_other_AST_parity": true,
  "generator_outside_registration_parity": true,
  "original26_Git_and11_JSON": true,
  "historical_failed_claims_preserved": 2,
  "new_claims": 0,
  "read_only_admission_ready": true,
  "effective_budget": 4,
  "inputs": 32,
  "dependent_refusal": "budget extension first-adopter snapshot is stale or incomplete",
  "runtime_records": 251,
  "module_origins": 134,
  "archive_members": 870,
  "files": 616,
  "directories": 254,
  "logical_bytes": 6254560,
  "allocated_bytes": 8892416,
  "storage_observation": {
    "allocated_bytes": 8892416,
    "logical_file_bytes": 6254560,
    "regular_files": 616,
    "directories": 254,
    "entries": 869,
    "elapsed_seconds": 0.010425797998323105,
    "root": "/home/malecada/master_thesis/TradingAgents-audit-fixes/research/onchain-paper-replication-2026-09-24/full_sources/original-import-native-successor-preparation05-2026-10-03/capsule03",
    "root_device": 66310,
    "root_inode": 10494166,
    "qualification": "Sampled non-atomic st_blocks accounting, including directories; no hard filesystem quota or inter-sample growth guarantee. At most three fresh complete scans share one time budget; only singly linked regular files occur in an accepted scan. Transient links may occur between/during discarded observations.",
    "scan_attempts": 1,
    "hardlink_observations": [],
    "aggregate_entry_visit_bound": 98304
  },
  "numerical_imports": false
}
