FFFFFFFFFFFFFFFFFF                                                       [100%]
=================================== FAILURES ===================================
_______ test_returned_bytes_verified_scratch_removed_originals_untouched _______

tmp_path = PosixPath('/tmp/pytest-of-malecada/pytest-69/test_returned_bytes_verified_s0')

    def test_returned_bytes_verified_scratch_removed_originals_untouched(tmp_path):
>       mod, archive, source, transport, values, kwargs = fixture(tmp_path)
                                                          ^^^^^^^^^^^^^^^^^

tests/research/onchain_replication/test_archive_consume.py:24: 
_ _ _ _ _ _ _ _ _ _ _ _ _ _ _ _ _ _ _ _ _ _ _ _ _ _ _ _ _ _ _ _ _ _ _ _ _ _ _ _ 

tmp_path = PosixPath('/tmp/pytest-of-malecada/pytest-69/test_returned_bytes_verified_s0')

    def fixture(tmp_path):
>       from tradingagents.research.onchain_replication import archive_consume as consume
E       ImportError: cannot import name 'archive_consume' from 'tradingagents.research.onchain_replication' (/home/malecada/master_thesis/TradingAgents-audit-fixes/tradingagents/research/onchain_replication/__init__.py)

tests/research/onchain_replication/test_archive_consume.py:14: ImportError
_ test_sequential_read_without_original_copy_directory_has_no_retained_payload _

tmp_path = PosixPath('/tmp/pytest-of-malecada/pytest-69/test_sequential_read_without_o0')

    def test_sequential_read_without_original_copy_directory_has_no_retained_payload(tmp_path):
>       mod, archive, source, transport, values, kwargs = fixture(tmp_path)
                                                          ^^^^^^^^^^^^^^^^^

tests/research/onchain_replication/test_archive_consume.py:36: 
_ _ _ _ _ _ _ _ _ _ _ _ _ _ _ _ _ _ _ _ _ _ _ _ _ _ _ _ _ _ _ _ _ _ _ _ _ _ _ _ 

tmp_path = PosixPath('/tmp/pytest-of-malecada/pytest-69/test_sequential_read_without_o0')

    def fixture(tmp_path):
>       from tradingagents.research.onchain_replication import archive_consume as consume
E       ImportError: cannot import name 'archive_consume' from 'tradingagents.research.onchain_replication' (/home/malecada/master_thesis/TradingAgents-audit-fixes/tradingagents/research/onchain_replication/__init__.py)

tests/research/onchain_replication/test_archive_consume.py:14: ImportError
_________________ test_preflight_refuses_before_attempt[hash] __________________

tmp_path = PosixPath('/tmp/pytest-of-malecada/pytest-69/test_preflight_refuses_before_0')
kind = 'hash'

    @pytest.mark.parametrize('kind', ['hash', 'scope', 'transport', 'oversize', 'floor'])
    def test_preflight_refuses_before_attempt(tmp_path, kind):
>       mod, archive, source, transport, values, kwargs = fixture(tmp_path)
                                                          ^^^^^^^^^^^^^^^^^

tests/research/onchain_replication/test_archive_consume.py:50: 
_ _ _ _ _ _ _ _ _ _ _ _ _ _ _ _ _ _ _ _ _ _ _ _ _ _ _ _ _ _ _ _ _ _ _ _ _ _ _ _ 

tmp_path = PosixPath('/tmp/pytest-of-malecada/pytest-69/test_preflight_refuses_before_0')

    def fixture(tmp_path):
>       from tradingagents.research.onchain_replication import archive_consume as consume
E       ImportError: cannot import name 'archive_consume' from 'tradingagents.research.onchain_replication' (/home/malecada/master_thesis/TradingAgents-audit-fixes/tradingagents/research/onchain_replication/__init__.py)

tests/research/onchain_replication/test_archive_consume.py:14: ImportError
_________________ test_preflight_refuses_before_attempt[scope] _________________

tmp_path = PosixPath('/tmp/pytest-of-malecada/pytest-69/test_preflight_refuses_before_1')
kind = 'scope'

    @pytest.mark.parametrize('kind', ['hash', 'scope', 'transport', 'oversize', 'floor'])
    def test_preflight_refuses_before_attempt(tmp_path, kind):
>       mod, archive, source, transport, values, kwargs = fixture(tmp_path)
                                                          ^^^^^^^^^^^^^^^^^

tests/research/onchain_replication/test_archive_consume.py:50: 
_ _ _ _ _ _ _ _ _ _ _ _ _ _ _ _ _ _ _ _ _ _ _ _ _ _ _ _ _ _ _ _ _ _ _ _ _ _ _ _ 

tmp_path = PosixPath('/tmp/pytest-of-malecada/pytest-69/test_preflight_refuses_before_1')

    def fixture(tmp_path):
>       from tradingagents.research.onchain_replication import archive_consume as consume
E       ImportError: cannot import name 'archive_consume' from 'tradingagents.research.onchain_replication' (/home/malecada/master_thesis/TradingAgents-audit-fixes/tradingagents/research/onchain_replication/__init__.py)

tests/research/onchain_replication/test_archive_consume.py:14: ImportError
_______________ test_preflight_refuses_before_attempt[transport] _______________

tmp_path = PosixPath('/tmp/pytest-of-malecada/pytest-69/test_preflight_refuses_before_2')
kind = 'transport'

    @pytest.mark.parametrize('kind', ['hash', 'scope', 'transport', 'oversize', 'floor'])
    def test_preflight_refuses_before_attempt(tmp_path, kind):
>       mod, archive, source, transport, values, kwargs = fixture(tmp_path)
                                                          ^^^^^^^^^^^^^^^^^

tests/research/onchain_replication/test_archive_consume.py:50: 
_ _ _ _ _ _ _ _ _ _ _ _ _ _ _ _ _ _ _ _ _ _ _ _ _ _ _ _ _ _ _ _ _ _ _ _ _ _ _ _ 

tmp_path = PosixPath('/tmp/pytest-of-malecada/pytest-69/test_preflight_refuses_before_2')

    def fixture(tmp_path):
>       from tradingagents.research.onchain_replication import archive_consume as consume
E       ImportError: cannot import name 'archive_consume' from 'tradingagents.research.onchain_replication' (/home/malecada/master_thesis/TradingAgents-audit-fixes/tradingagents/research/onchain_replication/__init__.py)

tests/research/onchain_replication/test_archive_consume.py:14: ImportError
_______________ test_preflight_refuses_before_attempt[oversize] ________________

tmp_path = PosixPath('/tmp/pytest-of-malecada/pytest-69/test_preflight_refuses_before_3')
kind = 'oversize'

    @pytest.mark.parametrize('kind', ['hash', 'scope', 'transport', 'oversize', 'floor'])
    def test_preflight_refuses_before_attempt(tmp_path, kind):
>       mod, archive, source, transport, values, kwargs = fixture(tmp_path)
                                                          ^^^^^^^^^^^^^^^^^

tests/research/onchain_replication/test_archive_consume.py:50: 
_ _ _ _ _ _ _ _ _ _ _ _ _ _ _ _ _ _ _ _ _ _ _ _ _ _ _ _ _ _ _ _ _ _ _ _ _ _ _ _ 

tmp_path = PosixPath('/tmp/pytest-of-malecada/pytest-69/test_preflight_refuses_before_3')

    def fixture(tmp_path):
>       from tradingagents.research.onchain_replication import archive_consume as consume
E       ImportError: cannot import name 'archive_consume' from 'tradingagents.research.onchain_replication' (/home/malecada/master_thesis/TradingAgents-audit-fixes/tradingagents/research/onchain_replication/__init__.py)

tests/research/onchain_replication/test_archive_consume.py:14: ImportError
_________________ test_preflight_refuses_before_attempt[floor] _________________

tmp_path = PosixPath('/tmp/pytest-of-malecada/pytest-69/test_preflight_refuses_before_4')
kind = 'floor'

    @pytest.mark.parametrize('kind', ['hash', 'scope', 'transport', 'oversize', 'floor'])
    def test_preflight_refuses_before_attempt(tmp_path, kind):
>       mod, archive, source, transport, values, kwargs = fixture(tmp_path)
                                                          ^^^^^^^^^^^^^^^^^

tests/research/onchain_replication/test_archive_consume.py:50: 
_ _ _ _ _ _ _ _ _ _ _ _ _ _ _ _ _ _ _ _ _ _ _ _ _ _ _ _ _ _ _ _ _ _ _ _ _ _ _ _ 

tmp_path = PosixPath('/tmp/pytest-of-malecada/pytest-69/test_preflight_refuses_before_4')

    def fixture(tmp_path):
>       from tradingagents.research.onchain_replication import archive_consume as consume
E       ImportError: cannot import name 'archive_consume' from 'tradingagents.research.onchain_replication' (/home/malecada/master_thesis/TradingAgents-audit-fixes/tradingagents/research/onchain_replication/__init__.py)

tests/research/onchain_replication/test_archive_consume.py:14: ImportError
_________ test_download_failure_retains_attempt_and_original[corrupt] __________

tmp_path = PosixPath('/tmp/pytest-of-malecada/pytest-69/test_download_failure_retains_0')
kind = 'corrupt'

    @pytest.mark.parametrize('kind', ['corrupt','foreign','symlink','revoked'])
    def test_download_failure_retains_attempt_and_original(tmp_path, kind):
>       mod, archive, source, transport, values, kwargs = fixture(tmp_path)
                                                          ^^^^^^^^^^^^^^^^^

tests/research/onchain_replication/test_archive_consume.py:65: 
_ _ _ _ _ _ _ _ _ _ _ _ _ _ _ _ _ _ _ _ _ _ _ _ _ _ _ _ _ _ _ _ _ _ _ _ _ _ _ _ 

tmp_path = PosixPath('/tmp/pytest-of-malecada/pytest-69/test_download_failure_retains_0')

    def fixture(tmp_path):
>       from tradingagents.research.onchain_replication import archive_consume as consume
E       ImportError: cannot import name 'archive_consume' from 'tradingagents.research.onchain_replication' (/home/malecada/master_thesis/TradingAgents-audit-fixes/tradingagents/research/onchain_replication/__init__.py)

tests/research/onchain_replication/test_archive_consume.py:14: ImportError
_________ test_download_failure_retains_attempt_and_original[foreign] __________

tmp_path = PosixPath('/tmp/pytest-of-malecada/pytest-69/test_download_failure_retains_1')
kind = 'foreign'

    @pytest.mark.parametrize('kind', ['corrupt','foreign','symlink','revoked'])
    def test_download_failure_retains_attempt_and_original(tmp_path, kind):
>       mod, archive, source, transport, values, kwargs = fixture(tmp_path)
                                                          ^^^^^^^^^^^^^^^^^

tests/research/onchain_replication/test_archive_consume.py:65: 
_ _ _ _ _ _ _ _ _ _ _ _ _ _ _ _ _ _ _ _ _ _ _ _ _ _ _ _ _ _ _ _ _ _ _ _ _ _ _ _ 

tmp_path = PosixPath('/tmp/pytest-of-malecada/pytest-69/test_download_failure_retains_1')

    def fixture(tmp_path):
>       from tradingagents.research.onchain_replication import archive_consume as consume
E       ImportError: cannot import name 'archive_consume' from 'tradingagents.research.onchain_replication' (/home/malecada/master_thesis/TradingAgents-audit-fixes/tradingagents/research/onchain_replication/__init__.py)

tests/research/onchain_replication/test_archive_consume.py:14: ImportError
_________ test_download_failure_retains_attempt_and_original[symlink] __________

tmp_path = PosixPath('/tmp/pytest-of-malecada/pytest-69/test_download_failure_retains_2')
kind = 'symlink'

    @pytest.mark.parametrize('kind', ['corrupt','foreign','symlink','revoked'])
    def test_download_failure_retains_attempt_and_original(tmp_path, kind):
>       mod, archive, source, transport, values, kwargs = fixture(tmp_path)
                                                          ^^^^^^^^^^^^^^^^^

tests/research/onchain_replication/test_archive_consume.py:65: 
_ _ _ _ _ _ _ _ _ _ _ _ _ _ _ _ _ _ _ _ _ _ _ _ _ _ _ _ _ _ _ _ _ _ _ _ _ _ _ _ 

tmp_path = PosixPath('/tmp/pytest-of-malecada/pytest-69/test_download_failure_retains_2')

    def fixture(tmp_path):
>       from tradingagents.research.onchain_replication import archive_consume as consume
E       ImportError: cannot import name 'archive_consume' from 'tradingagents.research.onchain_replication' (/home/malecada/master_thesis/TradingAgents-audit-fixes/tradingagents/research/onchain_replication/__init__.py)

tests/research/onchain_replication/test_archive_consume.py:14: ImportError
_________ test_download_failure_retains_attempt_and_original[revoked] __________

tmp_path = PosixPath('/tmp/pytest-of-malecada/pytest-69/test_download_failure_retains_3')
kind = 'revoked'

    @pytest.mark.parametrize('kind', ['corrupt','foreign','symlink','revoked'])
    def test_download_failure_retains_attempt_and_original(tmp_path, kind):
>       mod, archive, source, transport, values, kwargs = fixture(tmp_path)
                                                          ^^^^^^^^^^^^^^^^^

tests/research/onchain_replication/test_archive_consume.py:65: 
_ _ _ _ _ _ _ _ _ _ _ _ _ _ _ _ _ _ _ _ _ _ _ _ _ _ _ _ _ _ _ _ _ _ _ _ _ _ _ _ 

tmp_path = PosixPath('/tmp/pytest-of-malecada/pytest-69/test_download_failure_retains_3')

    def fixture(tmp_path):
>       from tradingagents.research.onchain_replication import archive_consume as consume
E       ImportError: cannot import name 'archive_consume' from 'tradingagents.research.onchain_replication' (/home/malecada/master_thesis/TradingAgents-audit-fixes/tradingagents/research/onchain_replication/__init__.py)

tests/research/onchain_replication/test_archive_consume.py:14: ImportError
______ test_final_publication_callback_is_checked[metadata-verified.json] ______

tmp_path = PosixPath('/tmp/pytest-of-malecada/pytest-69/test_final_publication_callbac0')
monkeypatch = <_pytest.monkeypatch.MonkeyPatch object at 0x7f1001eb62c0>
phase = 'verified.json', kind = 'metadata'

    @pytest.mark.parametrize('phase',['verified.json','complete.json'])
    @pytest.mark.parametrize('kind',['metadata','payload','revoked'])
    def test_final_publication_callback_is_checked(tmp_path,monkeypatch,phase,kind):
>       mod, archive, source, transport, values, kwargs = fixture(tmp_path)
                                                          ^^^^^^^^^^^^^^^^^

tests/research/onchain_replication/test_archive_consume.py:88: 
_ _ _ _ _ _ _ _ _ _ _ _ _ _ _ _ _ _ _ _ _ _ _ _ _ _ _ _ _ _ _ _ _ _ _ _ _ _ _ _ 

tmp_path = PosixPath('/tmp/pytest-of-malecada/pytest-69/test_final_publication_callbac0')

    def fixture(tmp_path):
>       from tradingagents.research.onchain_replication import archive_consume as consume
E       ImportError: cannot import name 'archive_consume' from 'tradingagents.research.onchain_replication' (/home/malecada/master_thesis/TradingAgents-audit-fixes/tradingagents/research/onchain_replication/__init__.py)

tests/research/onchain_replication/test_archive_consume.py:14: ImportError
______ test_final_publication_callback_is_checked[metadata-complete.json] ______

tmp_path = PosixPath('/tmp/pytest-of-malecada/pytest-69/test_final_publication_callbac1')
monkeypatch = <_pytest.monkeypatch.MonkeyPatch object at 0x7f1001eb5cd0>
phase = 'complete.json', kind = 'metadata'

    @pytest.mark.parametrize('phase',['verified.json','complete.json'])
    @pytest.mark.parametrize('kind',['metadata','payload','revoked'])
    def test_final_publication_callback_is_checked(tmp_path,monkeypatch,phase,kind):
>       mod, archive, source, transport, values, kwargs = fixture(tmp_path)
                                                          ^^^^^^^^^^^^^^^^^

tests/research/onchain_replication/test_archive_consume.py:88: 
_ _ _ _ _ _ _ _ _ _ _ _ _ _ _ _ _ _ _ _ _ _ _ _ _ _ _ _ _ _ _ _ _ _ _ _ _ _ _ _ 

tmp_path = PosixPath('/tmp/pytest-of-malecada/pytest-69/test_final_publication_callbac1')

    def fixture(tmp_path):
>       from tradingagents.research.onchain_replication import archive_consume as consume
E       ImportError: cannot import name 'archive_consume' from 'tradingagents.research.onchain_replication' (/home/malecada/master_thesis/TradingAgents-audit-fixes/tradingagents/research/onchain_replication/__init__.py)

tests/research/onchain_replication/test_archive_consume.py:14: ImportError
______ test_final_publication_callback_is_checked[payload-verified.json] _______

tmp_path = PosixPath('/tmp/pytest-of-malecada/pytest-69/test_final_publication_callbac2')
monkeypatch = <_pytest.monkeypatch.MonkeyPatch object at 0x7f1001e79b50>
phase = 'verified.json', kind = 'payload'

    @pytest.mark.parametrize('phase',['verified.json','complete.json'])
    @pytest.mark.parametrize('kind',['metadata','payload','revoked'])
    def test_final_publication_callback_is_checked(tmp_path,monkeypatch,phase,kind):
>       mod, archive, source, transport, values, kwargs = fixture(tmp_path)
                                                          ^^^^^^^^^^^^^^^^^

tests/research/onchain_replication/test_archive_consume.py:88: 
_ _ _ _ _ _ _ _ _ _ _ _ _ _ _ _ _ _ _ _ _ _ _ _ _ _ _ _ _ _ _ _ _ _ _ _ _ _ _ _ 

tmp_path = PosixPath('/tmp/pytest-of-malecada/pytest-69/test_final_publication_callbac2')

    def fixture(tmp_path):
>       from tradingagents.research.onchain_replication import archive_consume as consume
E       ImportError: cannot import name 'archive_consume' from 'tradingagents.research.onchain_replication' (/home/malecada/master_thesis/TradingAgents-audit-fixes/tradingagents/research/onchain_replication/__init__.py)

tests/research/onchain_replication/test_archive_consume.py:14: ImportError
______ test_final_publication_callback_is_checked[payload-complete.json] _______

tmp_path = PosixPath('/tmp/pytest-of-malecada/pytest-69/test_final_publication_callbac3')
monkeypatch = <_pytest.monkeypatch.MonkeyPatch object at 0x7f1001ec3790>
phase = 'complete.json', kind = 'payload'

    @pytest.mark.parametrize('phase',['verified.json','complete.json'])
    @pytest.mark.parametrize('kind',['metadata','payload','revoked'])
    def test_final_publication_callback_is_checked(tmp_path,monkeypatch,phase,kind):
>       mod, archive, source, transport, values, kwargs = fixture(tmp_path)
                                                          ^^^^^^^^^^^^^^^^^

tests/research/onchain_replication/test_archive_consume.py:88: 
_ _ _ _ _ _ _ _ _ _ _ _ _ _ _ _ _ _ _ _ _ _ _ _ _ _ _ _ _ _ _ _ _ _ _ _ _ _ _ _ 

tmp_path = PosixPath('/tmp/pytest-of-malecada/pytest-69/test_final_publication_callbac3')

    def fixture(tmp_path):
>       from tradingagents.research.onchain_replication import archive_consume as consume
E       ImportError: cannot import name 'archive_consume' from 'tradingagents.research.onchain_replication' (/home/malecada/master_thesis/TradingAgents-audit-fixes/tradingagents/research/onchain_replication/__init__.py)

tests/research/onchain_replication/test_archive_consume.py:14: ImportError
______ test_final_publication_callback_is_checked[revoked-verified.json] _______

tmp_path = PosixPath('/tmp/pytest-of-malecada/pytest-69/test_final_publication_callbac4')
monkeypatch = <_pytest.monkeypatch.MonkeyPatch object at 0x7f1001ec3ce0>
phase = 'verified.json', kind = 'revoked'

    @pytest.mark.parametrize('phase',['verified.json','complete.json'])
    @pytest.mark.parametrize('kind',['metadata','payload','revoked'])
    def test_final_publication_callback_is_checked(tmp_path,monkeypatch,phase,kind):
>       mod, archive, source, transport, values, kwargs = fixture(tmp_path)
                                                          ^^^^^^^^^^^^^^^^^

tests/research/onchain_replication/test_archive_consume.py:88: 
_ _ _ _ _ _ _ _ _ _ _ _ _ _ _ _ _ _ _ _ _ _ _ _ _ _ _ _ _ _ _ _ _ _ _ _ _ _ _ _ 

tmp_path = PosixPath('/tmp/pytest-of-malecada/pytest-69/test_final_publication_callbac4')

    def fixture(tmp_path):
>       from tradingagents.research.onchain_replication import archive_consume as consume
E       ImportError: cannot import name 'archive_consume' from 'tradingagents.research.onchain_replication' (/home/malecada/master_thesis/TradingAgents-audit-fixes/tradingagents/research/onchain_replication/__init__.py)

tests/research/onchain_replication/test_archive_consume.py:14: ImportError
______ test_final_publication_callback_is_checked[revoked-complete.json] _______

tmp_path = PosixPath('/tmp/pytest-of-malecada/pytest-69/test_final_publication_callbac5')
monkeypatch = <_pytest.monkeypatch.MonkeyPatch object at 0x7f1001e60d50>
phase = 'complete.json', kind = 'revoked'

    @pytest.mark.parametrize('phase',['verified.json','complete.json'])
    @pytest.mark.parametrize('kind',['metadata','payload','revoked'])
    def test_final_publication_callback_is_checked(tmp_path,monkeypatch,phase,kind):
>       mod, archive, source, transport, values, kwargs = fixture(tmp_path)
                                                          ^^^^^^^^^^^^^^^^^

tests/research/onchain_replication/test_archive_consume.py:88: 
_ _ _ _ _ _ _ _ _ _ _ _ _ _ _ _ _ _ _ _ _ _ _ _ _ _ _ _ _ _ _ _ _ _ _ _ _ _ _ _ 

tmp_path = PosixPath('/tmp/pytest-of-malecada/pytest-69/test_final_publication_callbac5')

    def fixture(tmp_path):
>       from tradingagents.research.onchain_replication import archive_consume as consume
E       ImportError: cannot import name 'archive_consume' from 'tradingagents.research.onchain_replication' (/home/malecada/master_thesis/TradingAgents-audit-fixes/tradingagents/research/onchain_replication/__init__.py)

tests/research/onchain_replication/test_archive_consume.py:14: ImportError
____________ test_cleanup_failure_is_terminal_and_payload_retained _____________

tmp_path = PosixPath('/tmp/pytest-of-malecada/pytest-69/test_cleanup_failure_is_termin0')
monkeypatch = <_pytest.monkeypatch.MonkeyPatch object at 0x7f1001e61250>

    def test_cleanup_failure_is_terminal_and_payload_retained(tmp_path,monkeypatch):
>       mod, archive, source, transport, values, kwargs = fixture(tmp_path)
                                                          ^^^^^^^^^^^^^^^^^

tests/research/onchain_replication/test_archive_consume.py:108: 
_ _ _ _ _ _ _ _ _ _ _ _ _ _ _ _ _ _ _ _ _ _ _ _ _ _ _ _ _ _ _ _ _ _ _ _ _ _ _ _ 

tmp_path = PosixPath('/tmp/pytest-of-malecada/pytest-69/test_cleanup_failure_is_termin0')

    def fixture(tmp_path):
>       from tradingagents.research.onchain_replication import archive_consume as consume
E       ImportError: cannot import name 'archive_consume' from 'tradingagents.research.onchain_replication' (/home/malecada/master_thesis/TradingAgents-audit-fixes/tradingagents/research/onchain_replication/__init__.py)

tests/research/onchain_replication/test_archive_consume.py:14: ImportError
- reviewed profile: 26 encountered files withheld; this is not the full legacy suite -
=========================== short test summary info ============================
FAILED tests/research/onchain_replication/test_archive_consume.py::test_returned_bytes_verified_scratch_removed_originals_untouched
FAILED tests/research/onchain_replication/test_archive_consume.py::test_sequential_read_without_original_copy_directory_has_no_retained_payload
FAILED tests/research/onchain_replication/test_archive_consume.py::test_preflight_refuses_before_attempt[hash]
FAILED tests/research/onchain_replication/test_archive_consume.py::test_preflight_refuses_before_attempt[scope]
FAILED tests/research/onchain_replication/test_archive_consume.py::test_preflight_refuses_before_attempt[transport]
FAILED tests/research/onchain_replication/test_archive_consume.py::test_preflight_refuses_before_attempt[oversize]
FAILED tests/research/onchain_replication/test_archive_consume.py::test_preflight_refuses_before_attempt[floor]
FAILED tests/research/onchain_replication/test_archive_consume.py::test_download_failure_retains_attempt_and_original[corrupt]
FAILED tests/research/onchain_replication/test_archive_consume.py::test_download_failure_retains_attempt_and_original[foreign]
FAILED tests/research/onchain_replication/test_archive_consume.py::test_download_failure_retains_attempt_and_original[symlink]
FAILED tests/research/onchain_replication/test_archive_consume.py::test_download_failure_retains_attempt_and_original[revoked]
FAILED tests/research/onchain_replication/test_archive_consume.py::test_final_publication_callback_is_checked[metadata-verified.json]
FAILED tests/research/onchain_replication/test_archive_consume.py::test_final_publication_callback_is_checked[metadata-complete.json]
FAILED tests/research/onchain_replication/test_archive_consume.py::test_final_publication_callback_is_checked[payload-verified.json]
FAILED tests/research/onchain_replication/test_archive_consume.py::test_final_publication_callback_is_checked[payload-complete.json]
FAILED tests/research/onchain_replication/test_archive_consume.py::test_final_publication_callback_is_checked[revoked-verified.json]
FAILED tests/research/onchain_replication/test_archive_consume.py::test_final_publication_callback_is_checked[revoked-complete.json]
FAILED tests/research/onchain_replication/test_archive_consume.py::test_cleanup_failure_is_terminal_and_payload_retained
18 failed in 0.18s
