{
  "schema_version": 1,
  "decision": "ACCEPTED_EXACT_FAILED_SCOPE_CAPTURE_SOURCE_ONLY",
  "checks": 38,
  "source_sha256": "4f849700c45c5d4b35009988d91e0aeaed72084c2fce39ab3404aeabd8069a06",
  "closed_review_manifest_sha256": "192a6a838e5561b77e3192c33b5fa00260d33ffd260b27c7046c7c63eef190bc",
  "source": "d4e56ba9ed968e9c24b2813656c2ca65a3dbd7a0",
  "identity": "financial-wrapper-classification-eager-interrupt1-20261003-01",
  "target_members": {
    "source": 878,
    "parent": 30,
    "outer": 8
  },
  "target_manifest_sha256": {
    "source": "ebe3ade50a6bd106105001a615144a2e4ef1d649755989bc63937063ed9c258c",
    "parent": "956da6e25ecd2cd61ce3eb28a15da1addd5e3db2079d5de094548f8269871eaa",
    "outer": "3dae5c56e601d16a0a0b8d753abf70f426b810c27d8a614df2332217849d988c"
  },
  "refusals": [
    {
      "case": "coerced_original_exit",
      "error": "original pre-dispatch failed exit semantics"
    },
    {
      "case": "invented_success",
      "error": "original pre-dispatch failed exit semantics"
    },
    {
      "case": "unknown_nodispatch",
      "error": "original pre-dispatch failed exit semantics"
    }
  ],
  "actual_capture_executed": false,
  "numerical_claims": 0,
  "native_noncreation_qualification": "source-order inference; no actual native property readback",
  "failed_identity_permanently_reserved": true,
  "further_numerical_release_halted": true,
  "external_failedscope_recovery": false,
  "native_authority": false
}
