{
  "raw_status": "failed",
  "source": "ae3160260187b7853fb6066e91562584be93eef6",
  "source_count": 156,
  "member_count": 817,
  "files": 579,
  "directories": 238,
  "logical_bytes": 5973237,
  "allocated_bytes": 8441856,
  "archive_sha256": "3c04dce14a627f550fd300393e1247d5886b88f045a4447f0cd36b4b4a9eea03",
  "remote_commit": "abe8128a842f1d4a32d63a93f0dd5367b65f141e",
  "remote_blobs_verified": 53,
  "source_HEAD_and_anchor_joins": 156,
  "original_Git_paths": 26,
  "original_JSON": 11,
  "closed_failed_claims": 2,
  "effective_budget": 3,
  "dictionary_import_completed": true,
  "MCM_stages": 1,
  "MCM_completions": 0,
  "scalar_references": 0,
  "PIDs_absent": [
    1624414,
    1624418,
    1624581,
    1624931,
    1625264,
    1625268
  ],
  "cgroup_absent": true,
  "current_unit": {
    "Result": "exit-code",
    "ExecMainStatus": "1",
    "ControlGroup": "",
    "ActiveState": "failed",
    "SubState": "failed"
  },
  "native_peak_sampled_bytes": 393662464,
  "native_elapsed_seconds": 257.8945938109973,
  "OOM": false,
  "outer_raw_authentication_refused": {
    "message": "ambiguous lifecycle terminals",
    "type": "ValueError"
  },
  "outer_cleanup_unresolved_preserved": true,
  "numerical_imports": false
}
