test_actual_disposition_assignment_refuses_born_namespace (__main__.Cases.test_actual_disposition_assignment_refuses_born_namespace) ... 
  test_actual_disposition_assignment_refuses_born_namespace (__main__.Cases.test_actual_disposition_assignment_refuses_born_namespace) (role='wrapper') ... FAIL
  test_actual_disposition_assignment_refuses_born_namespace (__main__.Cases.test_actual_disposition_assignment_refuses_born_namespace) (role='parent') ... FAIL
test_actual_disposition_requires_explicit_absent_roots (__main__.Cases.test_actual_disposition_requires_explicit_absent_roots) ... FAIL
test_all_capsule_namespaces_count_as_born (__main__.Cases.test_all_capsule_namespaces_count_as_born) ... 
  test_all_capsule_namespaces_count_as_born (__main__.Cases.test_all_capsule_namespaces_count_as_born) (ns='proof_outer') ... FAIL
  test_all_capsule_namespaces_count_as_born (__main__.Cases.test_all_capsule_namespaces_count_as_born) (ns='proof_supervise') ... FAIL
  test_all_capsule_namespaces_count_as_born (__main__.Cases.test_all_capsule_namespaces_count_as_born) (ns='research_artifacts/compact-cold-engineering-20261003') ... FAIL
  test_all_capsule_namespaces_count_as_born (__main__.Cases.test_all_capsule_namespaces_count_as_born) (ns='research_artifacts/onchain-paper-replication-2026-09-24/runs') ... FAIL
test_compact_prefix_is_conservative_born_evidence (__main__.Cases.test_compact_prefix_is_conservative_born_evidence) ... FAIL
test_credential_name_rejected_before_open (__main__.Cases.test_credential_name_rejected_before_open) ... 
  test_credential_name_rejected_before_open (__main__.Cases.test_credential_name_rejected_before_open) (name='keys/key.pub') ... FAIL
  test_credential_name_rejected_before_open (__main__.Cases.test_credential_name_rejected_before_open) (name='apis/public.json') ... FAIL
  test_credential_name_rejected_before_open (__main__.Cases.test_credential_name_rejected_before_open) (name='.env') ... FAIL
  test_credential_name_rejected_before_open (__main__.Cases.test_credential_name_rejected_before_open) (name='hf_token.txt') ... FAIL
  test_credential_name_rejected_before_open (__main__.Cases.test_credential_name_rejected_before_open) (name='.env.local') ... FAIL
test_dangling_authority_symlink_is_born (__main__.Cases.test_dangling_authority_symlink_is_born) ... FAIL
test_exact_page_boundary_newline_and_all_rows (__main__.Cases.test_exact_page_boundary_newline_and_all_rows) ... ok
test_external_reference_recursive_secret_refuses_without_touch (__main__.Cases.test_external_reference_recursive_secret_refuses_without_touch) ... FAIL
test_large_row_after_flush_refused (__main__.Cases.test_large_row_after_flush_refused) ... FAIL

======================================================================
FAIL: test_actual_disposition_assignment_refuses_born_namespace (__main__.Cases.test_actual_disposition_assignment_refuses_born_namespace) (role='wrapper')
----------------------------------------------------------------------
Traceback (most recent call last):
  File "/home/malecada/master_thesis/TradingAgents-audit-fixes/research/onchain-paper-replication-2026-09-24/full_sources/neural-cold-feature-handoff-outcome-retention-preparation02-2026-10-03/test_corrections02.py", line 52, in test_actual_disposition_assignment_refuses_born_namespace
    self.assertNotEqual(v['strict_scientific_disposition'],'NOT_ATTEMPTED_OBSERVED')
    ~~~~~~~~~~~~~~~~~~~^^^^^^^^^^^^^^^^^^^^^^^^^^^^^^^^^^^^^^^^^^^^^^^^^^^^^^^^^^^^^
AssertionError: 'NOT_ATTEMPTED_OBSERVED' == 'NOT_ATTEMPTED_OBSERVED'

======================================================================
FAIL: test_actual_disposition_assignment_refuses_born_namespace (__main__.Cases.test_actual_disposition_assignment_refuses_born_namespace) (role='parent')
----------------------------------------------------------------------
Traceback (most recent call last):
  File "/home/malecada/master_thesis/TradingAgents-audit-fixes/research/onchain-paper-replication-2026-09-24/full_sources/neural-cold-feature-handoff-outcome-retention-preparation02-2026-10-03/test_corrections02.py", line 52, in test_actual_disposition_assignment_refuses_born_namespace
    self.assertNotEqual(v['strict_scientific_disposition'],'NOT_ATTEMPTED_OBSERVED')
    ~~~~~~~~~~~~~~~~~~~^^^^^^^^^^^^^^^^^^^^^^^^^^^^^^^^^^^^^^^^^^^^^^^^^^^^^^^^^^^^^
AssertionError: 'NOT_ATTEMPTED_OBSERVED' == 'NOT_ATTEMPTED_OBSERVED'

======================================================================
FAIL: test_actual_disposition_requires_explicit_absent_roots (__main__.Cases.test_actual_disposition_requires_explicit_absent_roots)
----------------------------------------------------------------------
Traceback (most recent call last):
  File "/home/malecada/master_thesis/TradingAgents-audit-fixes/research/onchain-paper-replication-2026-09-24/full_sources/neural-cold-feature-handoff-outcome-retention-preparation02-2026-10-03/test_corrections02.py", line 54, in test_actual_disposition_requires_explicit_absent_roots
    self.assertTrue(hasattr(c,'unattempted_observation'),'explicit planned roots absent')
    ~~~~~~~~~~~~~~~^^^^^^^^^^^^^^^^^^^^^^^^^^^^^^^^^^^^^^^^^^^^^^^^^^^^^^^^^^^^^^^^^^^^^^
AssertionError: False is not true : explicit planned roots absent

======================================================================
FAIL: test_all_capsule_namespaces_count_as_born (__main__.Cases.test_all_capsule_namespaces_count_as_born) (ns='proof_outer')
----------------------------------------------------------------------
Traceback (most recent call last):
  File "/home/malecada/master_thesis/TradingAgents-audit-fixes/research/onchain-paper-replication-2026-09-24/full_sources/neural-cold-feature-handoff-outcome-retention-preparation02-2026-10-03/test_corrections02.py", line 35, in test_all_capsule_namespaces_count_as_born
    self.assertNotEqual(v['original_lifecycle_observation'],'not_observed')
    ~~~~~~~~~~~~~~~~~~~^^^^^^^^^^^^^^^^^^^^^^^^^^^^^^^^^^^^^^^^^^^^^^^^^^^^
AssertionError: 'not_observed' == 'not_observed'

======================================================================
FAIL: test_all_capsule_namespaces_count_as_born (__main__.Cases.test_all_capsule_namespaces_count_as_born) (ns='proof_supervise')
----------------------------------------------------------------------
Traceback (most recent call last):
  File "/home/malecada/master_thesis/TradingAgents-audit-fixes/research/onchain-paper-replication-2026-09-24/full_sources/neural-cold-feature-handoff-outcome-retention-preparation02-2026-10-03/test_corrections02.py", line 35, in test_all_capsule_namespaces_count_as_born
    self.assertNotEqual(v['original_lifecycle_observation'],'not_observed')
    ~~~~~~~~~~~~~~~~~~~^^^^^^^^^^^^^^^^^^^^^^^^^^^^^^^^^^^^^^^^^^^^^^^^^^^^
AssertionError: 'not_observed' == 'not_observed'

======================================================================
FAIL: test_all_capsule_namespaces_count_as_born (__main__.Cases.test_all_capsule_namespaces_count_as_born) (ns='research_artifacts/compact-cold-engineering-20261003')
----------------------------------------------------------------------
Traceback (most recent call last):
  File "/home/malecada/master_thesis/TradingAgents-audit-fixes/research/onchain-paper-replication-2026-09-24/full_sources/neural-cold-feature-handoff-outcome-retention-preparation02-2026-10-03/test_corrections02.py", line 35, in test_all_capsule_namespaces_count_as_born
    self.assertNotEqual(v['original_lifecycle_observation'],'not_observed')
    ~~~~~~~~~~~~~~~~~~~^^^^^^^^^^^^^^^^^^^^^^^^^^^^^^^^^^^^^^^^^^^^^^^^^^^^
AssertionError: 'not_observed' == 'not_observed'

======================================================================
FAIL: test_all_capsule_namespaces_count_as_born (__main__.Cases.test_all_capsule_namespaces_count_as_born) (ns='research_artifacts/onchain-paper-replication-2026-09-24/runs')
----------------------------------------------------------------------
Traceback (most recent call last):
  File "/home/malecada/master_thesis/TradingAgents-audit-fixes/research/onchain-paper-replication-2026-09-24/full_sources/neural-cold-feature-handoff-outcome-retention-preparation02-2026-10-03/test_corrections02.py", line 35, in test_all_capsule_namespaces_count_as_born
    self.assertNotEqual(v['original_lifecycle_observation'],'not_observed')
    ~~~~~~~~~~~~~~~~~~~^^^^^^^^^^^^^^^^^^^^^^^^^^^^^^^^^^^^^^^^^^^^^^^^^^^^
AssertionError: 'not_observed' == 'not_observed'

======================================================================
FAIL: test_compact_prefix_is_conservative_born_evidence (__main__.Cases.test_compact_prefix_is_conservative_born_evidence)
----------------------------------------------------------------------
Traceback (most recent call last):
  File "/home/malecada/master_thesis/TradingAgents-audit-fixes/research/onchain-paper-replication-2026-09-24/full_sources/neural-cold-feature-handoff-outcome-retention-preparation02-2026-10-03/test_corrections02.py", line 39, in test_compact_prefix_is_conservative_born_evidence
    self.assertNotEqual(c.observed_phase(root,'compare',None)['original_lifecycle_observation'],'not_observed')
    ~~~~~~~~~~~~~~~~~~~^^^^^^^^^^^^^^^^^^^^^^^^^^^^^^^^^^^^^^^^^^^^^^^^^^^^^^^^^^^^^^^^^^^^^^^^^^^^^^^^^^^^^^^^
AssertionError: 'not_observed' == 'not_observed'

======================================================================
FAIL: test_credential_name_rejected_before_open (__main__.Cases.test_credential_name_rejected_before_open) (name='keys/key.pub')
----------------------------------------------------------------------
Traceback (most recent call last):
  File "/home/malecada/master_thesis/TradingAgents-audit-fixes/research/onchain-paper-replication-2026-09-24/full_sources/neural-cold-feature-handoff-outcome-retention-preparation02-2026-10-03/test_corrections02.py", line 22, in test_credential_name_rejected_before_open
    with self.assertRaises(ValueError):c.reference({'path':'/never-read/'+name,'sha256':'1'*64})
                                       ~~~~~~~~~~~^^^^^^^^^^^^^^^^^^^^^^^^^^^^^^^^^^^^^^^^^^^^^^
  File "/home/malecada/master_thesis/TradingAgents-audit-fixes/research/onchain-paper-replication-2026-09-24/full_sources/neural-cold-feature-handoff-outcome-retention-preparation01-2026-10-03/collector01.py", line 16, in reference
    require(type(v)is dict and set(v)=={'path','sha256'} and re.fullmatch('[0-9a-f]{64}',v['sha256']) is not None,'exact original reference required');b=store.read(v['path']);require(digest(b)==v['sha256'],'original reference changed');return b
                                                                                                                                                         ~~~~~~~~~~^^^^^^^^^^^
  File "/home/malecada/master_thesis/TradingAgents-audit-fixes/research/onchain-paper-replication-2026-09-24/full_sources/neural-cold-feature-handoff-outcome-retention-preparation01-2026-10-03/archive01.py", line 84, in read
    with io._opened(path,'rb') as f:
         ~~~~~~~~~~^^^^^^^^^^^
  File "/home/malecada/.local/share/uv/python/cpython-3.13.13-linux-x86_64-gnu/lib/python3.13/unittest/mock.py", line 1169, in __call__
    return self._mock_call(*args, **kwargs)
           ~~~~~~~~~~~~~~~^^^^^^^^^^^^^^^^^
  File "/home/malecada/.local/share/uv/python/cpython-3.13.13-linux-x86_64-gnu/lib/python3.13/unittest/mock.py", line 1173, in _mock_call
    return self._execute_mock_call(*args, **kwargs)
           ~~~~~~~~~~~~~~~~~~~~~~~^^^^^^^^^^^^^^^^^
  File "/home/malecada/.local/share/uv/python/cpython-3.13.13-linux-x86_64-gnu/lib/python3.13/unittest/mock.py", line 1234, in _execute_mock_call
    raise effect
AssertionError: IO reached

======================================================================
FAIL: test_credential_name_rejected_before_open (__main__.Cases.test_credential_name_rejected_before_open) (name='apis/public.json')
----------------------------------------------------------------------
Traceback (most recent call last):
  File "/home/malecada/master_thesis/TradingAgents-audit-fixes/research/onchain-paper-replication-2026-09-24/full_sources/neural-cold-feature-handoff-outcome-retention-preparation02-2026-10-03/test_corrections02.py", line 22, in test_credential_name_rejected_before_open
    with self.assertRaises(ValueError):c.reference({'path':'/never-read/'+name,'sha256':'1'*64})
                                       ~~~~~~~~~~~^^^^^^^^^^^^^^^^^^^^^^^^^^^^^^^^^^^^^^^^^^^^^^
  File "/home/malecada/master_thesis/TradingAgents-audit-fixes/research/onchain-paper-replication-2026-09-24/full_sources/neural-cold-feature-handoff-outcome-retention-preparation01-2026-10-03/collector01.py", line 16, in reference
    require(type(v)is dict and set(v)=={'path','sha256'} and re.fullmatch('[0-9a-f]{64}',v['sha256']) is not None,'exact original reference required');b=store.read(v['path']);require(digest(b)==v['sha256'],'original reference changed');return b
                                                                                                                                                         ~~~~~~~~~~^^^^^^^^^^^
  File "/home/malecada/master_thesis/TradingAgents-audit-fixes/research/onchain-paper-replication-2026-09-24/full_sources/neural-cold-feature-handoff-outcome-retention-preparation01-2026-10-03/archive01.py", line 84, in read
    with io._opened(path,'rb') as f:
         ~~~~~~~~~~^^^^^^^^^^^
  File "/home/malecada/.local/share/uv/python/cpython-3.13.13-linux-x86_64-gnu/lib/python3.13/unittest/mock.py", line 1169, in __call__
    return self._mock_call(*args, **kwargs)
           ~~~~~~~~~~~~~~~^^^^^^^^^^^^^^^^^
  File "/home/malecada/.local/share/uv/python/cpython-3.13.13-linux-x86_64-gnu/lib/python3.13/unittest/mock.py", line 1173, in _mock_call
    return self._execute_mock_call(*args, **kwargs)
           ~~~~~~~~~~~~~~~~~~~~~~~^^^^^^^^^^^^^^^^^
  File "/home/malecada/.local/share/uv/python/cpython-3.13.13-linux-x86_64-gnu/lib/python3.13/unittest/mock.py", line 1234, in _execute_mock_call
    raise effect
AssertionError: IO reached

======================================================================
FAIL: test_credential_name_rejected_before_open (__main__.Cases.test_credential_name_rejected_before_open) (name='.env')
----------------------------------------------------------------------
Traceback (most recent call last):
  File "/home/malecada/master_thesis/TradingAgents-audit-fixes/research/onchain-paper-replication-2026-09-24/full_sources/neural-cold-feature-handoff-outcome-retention-preparation02-2026-10-03/test_corrections02.py", line 22, in test_credential_name_rejected_before_open
    with self.assertRaises(ValueError):c.reference({'path':'/never-read/'+name,'sha256':'1'*64})
                                       ~~~~~~~~~~~^^^^^^^^^^^^^^^^^^^^^^^^^^^^^^^^^^^^^^^^^^^^^^
  File "/home/malecada/master_thesis/TradingAgents-audit-fixes/research/onchain-paper-replication-2026-09-24/full_sources/neural-cold-feature-handoff-outcome-retention-preparation01-2026-10-03/collector01.py", line 16, in reference
    require(type(v)is dict and set(v)=={'path','sha256'} and re.fullmatch('[0-9a-f]{64}',v['sha256']) is not None,'exact original reference required');b=store.read(v['path']);require(digest(b)==v['sha256'],'original reference changed');return b
                                                                                                                                                         ~~~~~~~~~~^^^^^^^^^^^
  File "/home/malecada/master_thesis/TradingAgents-audit-fixes/research/onchain-paper-replication-2026-09-24/full_sources/neural-cold-feature-handoff-outcome-retention-preparation01-2026-10-03/archive01.py", line 84, in read
    with io._opened(path,'rb') as f:
         ~~~~~~~~~~^^^^^^^^^^^
  File "/home/malecada/.local/share/uv/python/cpython-3.13.13-linux-x86_64-gnu/lib/python3.13/unittest/mock.py", line 1169, in __call__
    return self._mock_call(*args, **kwargs)
           ~~~~~~~~~~~~~~~^^^^^^^^^^^^^^^^^
  File "/home/malecada/.local/share/uv/python/cpython-3.13.13-linux-x86_64-gnu/lib/python3.13/unittest/mock.py", line 1173, in _mock_call
    return self._execute_mock_call(*args, **kwargs)
           ~~~~~~~~~~~~~~~~~~~~~~~^^^^^^^^^^^^^^^^^
  File "/home/malecada/.local/share/uv/python/cpython-3.13.13-linux-x86_64-gnu/lib/python3.13/unittest/mock.py", line 1234, in _execute_mock_call
    raise effect
AssertionError: IO reached

======================================================================
FAIL: test_credential_name_rejected_before_open (__main__.Cases.test_credential_name_rejected_before_open) (name='hf_token.txt')
----------------------------------------------------------------------
Traceback (most recent call last):
  File "/home/malecada/master_thesis/TradingAgents-audit-fixes/research/onchain-paper-replication-2026-09-24/full_sources/neural-cold-feature-handoff-outcome-retention-preparation02-2026-10-03/test_corrections02.py", line 22, in test_credential_name_rejected_before_open
    with self.assertRaises(ValueError):c.reference({'path':'/never-read/'+name,'sha256':'1'*64})
                                       ~~~~~~~~~~~^^^^^^^^^^^^^^^^^^^^^^^^^^^^^^^^^^^^^^^^^^^^^^
  File "/home/malecada/master_thesis/TradingAgents-audit-fixes/research/onchain-paper-replication-2026-09-24/full_sources/neural-cold-feature-handoff-outcome-retention-preparation01-2026-10-03/collector01.py", line 16, in reference
    require(type(v)is dict and set(v)=={'path','sha256'} and re.fullmatch('[0-9a-f]{64}',v['sha256']) is not None,'exact original reference required');b=store.read(v['path']);require(digest(b)==v['sha256'],'original reference changed');return b
                                                                                                                                                         ~~~~~~~~~~^^^^^^^^^^^
  File "/home/malecada/master_thesis/TradingAgents-audit-fixes/research/onchain-paper-replication-2026-09-24/full_sources/neural-cold-feature-handoff-outcome-retention-preparation01-2026-10-03/archive01.py", line 84, in read
    with io._opened(path,'rb') as f:
         ~~~~~~~~~~^^^^^^^^^^^
  File "/home/malecada/.local/share/uv/python/cpython-3.13.13-linux-x86_64-gnu/lib/python3.13/unittest/mock.py", line 1169, in __call__
    return self._mock_call(*args, **kwargs)
           ~~~~~~~~~~~~~~~^^^^^^^^^^^^^^^^^
  File "/home/malecada/.local/share/uv/python/cpython-3.13.13-linux-x86_64-gnu/lib/python3.13/unittest/mock.py", line 1173, in _mock_call
    return self._execute_mock_call(*args, **kwargs)
           ~~~~~~~~~~~~~~~~~~~~~~~^^^^^^^^^^^^^^^^^
  File "/home/malecada/.local/share/uv/python/cpython-3.13.13-linux-x86_64-gnu/lib/python3.13/unittest/mock.py", line 1234, in _execute_mock_call
    raise effect
AssertionError: IO reached

======================================================================
FAIL: test_credential_name_rejected_before_open (__main__.Cases.test_credential_name_rejected_before_open) (name='.env.local')
----------------------------------------------------------------------
Traceback (most recent call last):
  File "/home/malecada/master_thesis/TradingAgents-audit-fixes/research/onchain-paper-replication-2026-09-24/full_sources/neural-cold-feature-handoff-outcome-retention-preparation02-2026-10-03/test_corrections02.py", line 22, in test_credential_name_rejected_before_open
    with self.assertRaises(ValueError):c.reference({'path':'/never-read/'+name,'sha256':'1'*64})
                                       ~~~~~~~~~~~^^^^^^^^^^^^^^^^^^^^^^^^^^^^^^^^^^^^^^^^^^^^^^
  File "/home/malecada/master_thesis/TradingAgents-audit-fixes/research/onchain-paper-replication-2026-09-24/full_sources/neural-cold-feature-handoff-outcome-retention-preparation01-2026-10-03/collector01.py", line 16, in reference
    require(type(v)is dict and set(v)=={'path','sha256'} and re.fullmatch('[0-9a-f]{64}',v['sha256']) is not None,'exact original reference required');b=store.read(v['path']);require(digest(b)==v['sha256'],'original reference changed');return b
                                                                                                                                                         ~~~~~~~~~~^^^^^^^^^^^
  File "/home/malecada/master_thesis/TradingAgents-audit-fixes/research/onchain-paper-replication-2026-09-24/full_sources/neural-cold-feature-handoff-outcome-retention-preparation01-2026-10-03/archive01.py", line 84, in read
    with io._opened(path,'rb') as f:
         ~~~~~~~~~~^^^^^^^^^^^
  File "/home/malecada/.local/share/uv/python/cpython-3.13.13-linux-x86_64-gnu/lib/python3.13/unittest/mock.py", line 1169, in __call__
    return self._mock_call(*args, **kwargs)
           ~~~~~~~~~~~~~~~^^^^^^^^^^^^^^^^^
  File "/home/malecada/.local/share/uv/python/cpython-3.13.13-linux-x86_64-gnu/lib/python3.13/unittest/mock.py", line 1173, in _mock_call
    return self._execute_mock_call(*args, **kwargs)
           ~~~~~~~~~~~~~~~~~~~~~~~^^^^^^^^^^^^^^^^^
  File "/home/malecada/.local/share/uv/python/cpython-3.13.13-linux-x86_64-gnu/lib/python3.13/unittest/mock.py", line 1234, in _execute_mock_call
    raise effect
AssertionError: IO reached

======================================================================
FAIL: test_dangling_authority_symlink_is_born (__main__.Cases.test_dangling_authority_symlink_is_born)
----------------------------------------------------------------------
Traceback (most recent call last):
  File "/home/malecada/master_thesis/TradingAgents-audit-fixes/research/onchain-paper-replication-2026-09-24/full_sources/neural-cold-feature-handoff-outcome-retention-preparation02-2026-10-03/test_corrections02.py", line 43, in test_dangling_authority_symlink_is_born
    self.assertNotEqual(c.observed_phase(root,'compare',None)['original_lifecycle_observation'],'not_observed')
    ~~~~~~~~~~~~~~~~~~~^^^^^^^^^^^^^^^^^^^^^^^^^^^^^^^^^^^^^^^^^^^^^^^^^^^^^^^^^^^^^^^^^^^^^^^^^^^^^^^^^^^^^^^^
AssertionError: 'not_observed' == 'not_observed'

======================================================================
FAIL: test_external_reference_recursive_secret_refuses_without_touch (__main__.Cases.test_external_reference_recursive_secret_refuses_without_touch)
----------------------------------------------------------------------
Traceback (most recent call last):
  File "/home/malecada/master_thesis/TradingAgents-audit-fixes/research/onchain-paper-replication-2026-09-24/full_sources/neural-cold-feature-handoff-outcome-retention-preparation02-2026-10-03/test_corrections02.py", line 28, in test_external_reference_recursive_secret_refuses_without_touch
    with self.assertRaises(ValueError):c.capture_external({'reference':{'path':'/never-read/keys/test','sha256':'1'*64}},p)
                                       ~~~~~~~~~~~~~~~~~~^^^^^^^^^^^^^^^^^^^^^^^^^^^^^^^^^^^^^^^^^^^^^^^^^^^^^^^^^^^^^^^^^^
  File "/home/malecada/master_thesis/TradingAgents-audit-fixes/research/onchain-paper-replication-2026-09-24/full_sources/neural-cold-feature-handoff-outcome-retention-preparation01-2026-10-03/collector01.py", line 111, in capture_external
    require(len(records)<1024,'external metadata reference bound');raw=reference(value);total+=len(raw);require(total<=32*1024**2,'external metadata aggregate bound')
                                                                       ~~~~~~~~~^^^^^^^
  File "/home/malecada/master_thesis/TradingAgents-audit-fixes/research/onchain-paper-replication-2026-09-24/full_sources/neural-cold-feature-handoff-outcome-retention-preparation01-2026-10-03/collector01.py", line 16, in reference
    require(type(v)is dict and set(v)=={'path','sha256'} and re.fullmatch('[0-9a-f]{64}',v['sha256']) is not None,'exact original reference required');b=store.read(v['path']);require(digest(b)==v['sha256'],'original reference changed');return b
                                                                                                                                                         ~~~~~~~~~~^^^^^^^^^^^
  File "/home/malecada/master_thesis/TradingAgents-audit-fixes/research/onchain-paper-replication-2026-09-24/full_sources/neural-cold-feature-handoff-outcome-retention-preparation01-2026-10-03/archive01.py", line 84, in read
    with io._opened(path,'rb') as f:
         ~~~~~~~~~~^^^^^^^^^^^
  File "/home/malecada/.local/share/uv/python/cpython-3.13.13-linux-x86_64-gnu/lib/python3.13/unittest/mock.py", line 1169, in __call__
    return self._mock_call(*args, **kwargs)
           ~~~~~~~~~~~~~~~^^^^^^^^^^^^^^^^^
  File "/home/malecada/.local/share/uv/python/cpython-3.13.13-linux-x86_64-gnu/lib/python3.13/unittest/mock.py", line 1173, in _mock_call
    return self._execute_mock_call(*args, **kwargs)
           ~~~~~~~~~~~~~~~~~~~~~~~^^^^^^^^^^^^^^^^^
  File "/home/malecada/.local/share/uv/python/cpython-3.13.13-linux-x86_64-gnu/lib/python3.13/unittest/mock.py", line 1234, in _execute_mock_call
    raise effect
AssertionError: IO reached

======================================================================
FAIL: test_large_row_after_flush_refused (__main__.Cases.test_large_row_after_flush_refused)
----------------------------------------------------------------------
Traceback (most recent call last):
  File "/home/malecada/master_thesis/TradingAgents-audit-fixes/research/onchain-paper-replication-2026-09-24/full_sources/neural-cold-feature-handoff-outcome-retention-preparation02-2026-10-03/test_corrections02.py", line 12, in test_large_row_after_flush_refused
    with self.assertRaises(ValueError):a.pages(p,[{'path':'small'},{'path':'b/'+'/'.join(['é'*100]*18)}])
         ~~~~~~~~~~~~~~~~~^^^^^^^^^^^^
AssertionError: ValueError not raised

----------------------------------------------------------------------
Ran 9 tests in 0.023s

FAILED (failures=16)
