{
  "schema_version": 1,
  "decision": "ACCEPTED_FAILED_OUTER_ATTEMPT_CLOSED_NO_NUMERICAL_CLAIM",
  "checks": 659,
  "identity": "financial-wrapper-classification-eager-interrupt1-20261003-01",
  "source": "d4e56ba9ed968e9c24b2813656c2ca65a3dbd7a0",
  "original_request_sha256": "dc80a4dff93fbf3261bdf151076c1420630ed38926ab7094d60eb1902bde25bc",
  "actual_parent_exit": 1,
  "original_parent_terminal_actual_parent_exit": null,
  "actual_supervised_child_exit": 1,
  "root_terminal_sha256": "0b1543def535c9cf30a12b7e7194ed1e8f711e8ea1b31b7dfd760b549c84b60d",
  "parent_terminal_sha256": "158ce3c3df0f5df0f11b052ea4448321d9143e0f929a9b1638d91264d63e2a5b",
  "original_traceback_sha256": "aa1dc8f5379ed26e9c3cbf262af64bb54d0f3ddd38d0345fd9b0ca0758c0dd4a",
  "source_members": 878,
  "parent_members": 30,
  "root_caller_members": 8,
  "attempt_regular_files": 6,
  "observed_absent_original_pids": [
    163035,
    163026
  ],
  "current_selected_active_pids": [],
  "current_native_cgroup_matches": [],
  "cgroup_directories_observed": 167,
  "native_noncreation": "source-order inference with absent original paths and process drainage; no actual native property readback exists",
  "claim_count": 0,
  "numerical_claim_spent": false,
  "outer_attempt_permanently_reserved": true,
  "planned_interrupt_reached": false,
  "checkpoint_available": false,
  "numerical_components_completed": 0,
  "paper_fit_credit": 0,
  "further_numerical_release_halted": true,
  "retry_refund_transfer_authorized": false,
  "native_properties_observed": false,
  "actual_current_closed_capture_executed": false,
  "new_failed_scope_external_recovery": false,
  "disk_free_bytes": 18470084608
}
