FFFFFFFFFFFFFFFFF                                                        [100%]
=================================== FAILURES ===================================
________ test_cold_read_all_full_partial_chunks_preserves_closed_writer ________

tmp_path = PosixPath('/tmp/pytest-of-malecada/pytest-88/test_cold_read_all_full_partia0')

    def test_cold_read_all_full_partial_chunks_preserves_closed_writer(tmp_path):
>       module, transport, log, contract = fixture(tmp_path)
                                           ^^^^^^^^^^^^^^^^^

tests/research/onchain_replication/test_archive_pair_reader.py:27: 
_ _ _ _ _ _ _ _ _ _ _ _ _ _ _ _ _ _ _ _ _ _ _ _ _ _ _ _ _ _ _ _ _ _ _ _ _ _ _ _ 

tmp_path = PosixPath('/tmp/pytest-of-malecada/pytest-88/test_cold_read_all_full_partia0')

    def fixture(tmp_path):
>       from tradingagents.research.onchain_replication import archive_pair_reader as reader
E       ImportError: cannot import name 'archive_pair_reader' from 'tradingagents.research.onchain_replication' (/home/malecada/master_thesis/TradingAgents-audit-fixes/tradingagents/research/onchain_replication/__init__.py)

tests/research/onchain_replication/test_archive_pair_reader.py:9: ImportError
_________ test_wrong_trust_or_budget_refuses_before_read_claim[owner] __________

tmp_path = PosixPath('/tmp/pytest-of-malecada/pytest-88/test_wrong_trust_or_budget_ref0')
field = 'owner'

    @pytest.mark.parametrize('field', ['owner','scope','hash','policy','budget'])
    def test_wrong_trust_or_budget_refuses_before_read_claim(tmp_path, field):
>       module, transport, log, contract = fixture(tmp_path)
                                           ^^^^^^^^^^^^^^^^^

tests/research/onchain_replication/test_archive_pair_reader.py:44: 
_ _ _ _ _ _ _ _ _ _ _ _ _ _ _ _ _ _ _ _ _ _ _ _ _ _ _ _ _ _ _ _ _ _ _ _ _ _ _ _ 

tmp_path = PosixPath('/tmp/pytest-of-malecada/pytest-88/test_wrong_trust_or_budget_ref0')

    def fixture(tmp_path):
>       from tradingagents.research.onchain_replication import archive_pair_reader as reader
E       ImportError: cannot import name 'archive_pair_reader' from 'tradingagents.research.onchain_replication' (/home/malecada/master_thesis/TradingAgents-audit-fixes/tradingagents/research/onchain_replication/__init__.py)

tests/research/onchain_replication/test_archive_pair_reader.py:9: ImportError
_________ test_wrong_trust_or_budget_refuses_before_read_claim[scope] __________

tmp_path = PosixPath('/tmp/pytest-of-malecada/pytest-88/test_wrong_trust_or_budget_ref1')
field = 'scope'

    @pytest.mark.parametrize('field', ['owner','scope','hash','policy','budget'])
    def test_wrong_trust_or_budget_refuses_before_read_claim(tmp_path, field):
>       module, transport, log, contract = fixture(tmp_path)
                                           ^^^^^^^^^^^^^^^^^

tests/research/onchain_replication/test_archive_pair_reader.py:44: 
_ _ _ _ _ _ _ _ _ _ _ _ _ _ _ _ _ _ _ _ _ _ _ _ _ _ _ _ _ _ _ _ _ _ _ _ _ _ _ _ 

tmp_path = PosixPath('/tmp/pytest-of-malecada/pytest-88/test_wrong_trust_or_budget_ref1')

    def fixture(tmp_path):
>       from tradingagents.research.onchain_replication import archive_pair_reader as reader
E       ImportError: cannot import name 'archive_pair_reader' from 'tradingagents.research.onchain_replication' (/home/malecada/master_thesis/TradingAgents-audit-fixes/tradingagents/research/onchain_replication/__init__.py)

tests/research/onchain_replication/test_archive_pair_reader.py:9: ImportError
__________ test_wrong_trust_or_budget_refuses_before_read_claim[hash] __________

tmp_path = PosixPath('/tmp/pytest-of-malecada/pytest-88/test_wrong_trust_or_budget_ref2')
field = 'hash'

    @pytest.mark.parametrize('field', ['owner','scope','hash','policy','budget'])
    def test_wrong_trust_or_budget_refuses_before_read_claim(tmp_path, field):
>       module, transport, log, contract = fixture(tmp_path)
                                           ^^^^^^^^^^^^^^^^^

tests/research/onchain_replication/test_archive_pair_reader.py:44: 
_ _ _ _ _ _ _ _ _ _ _ _ _ _ _ _ _ _ _ _ _ _ _ _ _ _ _ _ _ _ _ _ _ _ _ _ _ _ _ _ 

tmp_path = PosixPath('/tmp/pytest-of-malecada/pytest-88/test_wrong_trust_or_budget_ref2')

    def fixture(tmp_path):
>       from tradingagents.research.onchain_replication import archive_pair_reader as reader
E       ImportError: cannot import name 'archive_pair_reader' from 'tradingagents.research.onchain_replication' (/home/malecada/master_thesis/TradingAgents-audit-fixes/tradingagents/research/onchain_replication/__init__.py)

tests/research/onchain_replication/test_archive_pair_reader.py:9: ImportError
_________ test_wrong_trust_or_budget_refuses_before_read_claim[policy] _________

tmp_path = PosixPath('/tmp/pytest-of-malecada/pytest-88/test_wrong_trust_or_budget_ref3')
field = 'policy'

    @pytest.mark.parametrize('field', ['owner','scope','hash','policy','budget'])
    def test_wrong_trust_or_budget_refuses_before_read_claim(tmp_path, field):
>       module, transport, log, contract = fixture(tmp_path)
                                           ^^^^^^^^^^^^^^^^^

tests/research/onchain_replication/test_archive_pair_reader.py:44: 
_ _ _ _ _ _ _ _ _ _ _ _ _ _ _ _ _ _ _ _ _ _ _ _ _ _ _ _ _ _ _ _ _ _ _ _ _ _ _ _ 

tmp_path = PosixPath('/tmp/pytest-of-malecada/pytest-88/test_wrong_trust_or_budget_ref3')

    def fixture(tmp_path):
>       from tradingagents.research.onchain_replication import archive_pair_reader as reader
E       ImportError: cannot import name 'archive_pair_reader' from 'tradingagents.research.onchain_replication' (/home/malecada/master_thesis/TradingAgents-audit-fixes/tradingagents/research/onchain_replication/__init__.py)

tests/research/onchain_replication/test_archive_pair_reader.py:9: ImportError
_________ test_wrong_trust_or_budget_refuses_before_read_claim[budget] _________

tmp_path = PosixPath('/tmp/pytest-of-malecada/pytest-88/test_wrong_trust_or_budget_ref4')
field = 'budget'

    @pytest.mark.parametrize('field', ['owner','scope','hash','policy','budget'])
    def test_wrong_trust_or_budget_refuses_before_read_claim(tmp_path, field):
>       module, transport, log, contract = fixture(tmp_path)
                                           ^^^^^^^^^^^^^^^^^

tests/research/onchain_replication/test_archive_pair_reader.py:44: 
_ _ _ _ _ _ _ _ _ _ _ _ _ _ _ _ _ _ _ _ _ _ _ _ _ _ _ _ _ _ _ _ _ _ _ _ _ _ _ _ 

tmp_path = PosixPath('/tmp/pytest-of-malecada/pytest-88/test_wrong_trust_or_budget_ref4')

    def fixture(tmp_path):
>       from tradingagents.research.onchain_replication import archive_pair_reader as reader
E       ImportError: cannot import name 'archive_pair_reader' from 'tradingagents.research.onchain_replication' (/home/malecada/master_thesis/TradingAgents-audit-fixes/tradingagents/research/onchain_replication/__init__.py)

tests/research/onchain_replication/test_archive_pair_reader.py:9: ImportError
_ test_changed_source_metadata_refuses_before_remote_read[chunk-000000000000.json] _

tmp_path = PosixPath('/tmp/pytest-of-malecada/pytest-88/test_changed_source_metadata_r0')
member = 'chunk-000000000000.json'

    @pytest.mark.parametrize('member', ['chunk-000000000000.json','disposed-000000000000.json',
        'copies/chunk-000000000000/complete.json','reads/chunk-000000000000/verified.json'])
    def test_changed_source_metadata_refuses_before_remote_read(tmp_path, member):
>       module, transport, log, contract = fixture(tmp_path)
                                           ^^^^^^^^^^^^^^^^^

tests/research/onchain_replication/test_archive_pair_reader.py:58: 
_ _ _ _ _ _ _ _ _ _ _ _ _ _ _ _ _ _ _ _ _ _ _ _ _ _ _ _ _ _ _ _ _ _ _ _ _ _ _ _ 

tmp_path = PosixPath('/tmp/pytest-of-malecada/pytest-88/test_changed_source_metadata_r0')

    def fixture(tmp_path):
>       from tradingagents.research.onchain_replication import archive_pair_reader as reader
E       ImportError: cannot import name 'archive_pair_reader' from 'tradingagents.research.onchain_replication' (/home/malecada/master_thesis/TradingAgents-audit-fixes/tradingagents/research/onchain_replication/__init__.py)

tests/research/onchain_replication/test_archive_pair_reader.py:9: ImportError
_ test_changed_source_metadata_refuses_before_remote_read[disposed-000000000000.json] _

tmp_path = PosixPath('/tmp/pytest-of-malecada/pytest-88/test_changed_source_metadata_r1')
member = 'disposed-000000000000.json'

    @pytest.mark.parametrize('member', ['chunk-000000000000.json','disposed-000000000000.json',
        'copies/chunk-000000000000/complete.json','reads/chunk-000000000000/verified.json'])
    def test_changed_source_metadata_refuses_before_remote_read(tmp_path, member):
>       module, transport, log, contract = fixture(tmp_path)
                                           ^^^^^^^^^^^^^^^^^

tests/research/onchain_replication/test_archive_pair_reader.py:58: 
_ _ _ _ _ _ _ _ _ _ _ _ _ _ _ _ _ _ _ _ _ _ _ _ _ _ _ _ _ _ _ _ _ _ _ _ _ _ _ _ 

tmp_path = PosixPath('/tmp/pytest-of-malecada/pytest-88/test_changed_source_metadata_r1')

    def fixture(tmp_path):
>       from tradingagents.research.onchain_replication import archive_pair_reader as reader
E       ImportError: cannot import name 'archive_pair_reader' from 'tradingagents.research.onchain_replication' (/home/malecada/master_thesis/TradingAgents-audit-fixes/tradingagents/research/onchain_replication/__init__.py)

tests/research/onchain_replication/test_archive_pair_reader.py:9: ImportError
_ test_changed_source_metadata_refuses_before_remote_read[copies/chunk-000000000000/complete.json] _

tmp_path = PosixPath('/tmp/pytest-of-malecada/pytest-88/test_changed_source_metadata_r2')
member = 'copies/chunk-000000000000/complete.json'

    @pytest.mark.parametrize('member', ['chunk-000000000000.json','disposed-000000000000.json',
        'copies/chunk-000000000000/complete.json','reads/chunk-000000000000/verified.json'])
    def test_changed_source_metadata_refuses_before_remote_read(tmp_path, member):
>       module, transport, log, contract = fixture(tmp_path)
                                           ^^^^^^^^^^^^^^^^^

tests/research/onchain_replication/test_archive_pair_reader.py:58: 
_ _ _ _ _ _ _ _ _ _ _ _ _ _ _ _ _ _ _ _ _ _ _ _ _ _ _ _ _ _ _ _ _ _ _ _ _ _ _ _ 

tmp_path = PosixPath('/tmp/pytest-of-malecada/pytest-88/test_changed_source_metadata_r2')

    def fixture(tmp_path):
>       from tradingagents.research.onchain_replication import archive_pair_reader as reader
E       ImportError: cannot import name 'archive_pair_reader' from 'tradingagents.research.onchain_replication' (/home/malecada/master_thesis/TradingAgents-audit-fixes/tradingagents/research/onchain_replication/__init__.py)

tests/research/onchain_replication/test_archive_pair_reader.py:9: ImportError
_ test_changed_source_metadata_refuses_before_remote_read[reads/chunk-000000000000/verified.json] _

tmp_path = PosixPath('/tmp/pytest-of-malecada/pytest-88/test_changed_source_metadata_r3')
member = 'reads/chunk-000000000000/verified.json'

    @pytest.mark.parametrize('member', ['chunk-000000000000.json','disposed-000000000000.json',
        'copies/chunk-000000000000/complete.json','reads/chunk-000000000000/verified.json'])
    def test_changed_source_metadata_refuses_before_remote_read(tmp_path, member):
>       module, transport, log, contract = fixture(tmp_path)
                                           ^^^^^^^^^^^^^^^^^

tests/research/onchain_replication/test_archive_pair_reader.py:58: 
_ _ _ _ _ _ _ _ _ _ _ _ _ _ _ _ _ _ _ _ _ _ _ _ _ _ _ _ _ _ _ _ _ _ _ _ _ _ _ _ 

tmp_path = PosixPath('/tmp/pytest-of-malecada/pytest-88/test_changed_source_metadata_r3')

    def fixture(tmp_path):
>       from tradingagents.research.onchain_replication import archive_pair_reader as reader
E       ImportError: cannot import name 'archive_pair_reader' from 'tradingagents.research.onchain_replication' (/home/malecada/master_thesis/TradingAgents-audit-fixes/tradingagents/research/onchain_replication/__init__.py)

tests/research/onchain_replication/test_archive_pair_reader.py:9: ImportError
___ test_source_failure_marker_including_dangling_link_refuses[failed.json] ____

tmp_path = PosixPath('/tmp/pytest-of-malecada/pytest-88/test_source_failure_marker_inc0')
member = 'failed.json'

    @pytest.mark.parametrize('member', ['failed.json','cleanup-failed.json'])
    def test_source_failure_marker_including_dangling_link_refuses(tmp_path, member):
>       module, transport, log, contract = fixture(tmp_path)
                                           ^^^^^^^^^^^^^^^^^

tests/research/onchain_replication/test_archive_pair_reader.py:66: 
_ _ _ _ _ _ _ _ _ _ _ _ _ _ _ _ _ _ _ _ _ _ _ _ _ _ _ _ _ _ _ _ _ _ _ _ _ _ _ _ 

tmp_path = PosixPath('/tmp/pytest-of-malecada/pytest-88/test_source_failure_marker_inc0')

    def fixture(tmp_path):
>       from tradingagents.research.onchain_replication import archive_pair_reader as reader
E       ImportError: cannot import name 'archive_pair_reader' from 'tradingagents.research.onchain_replication' (/home/malecada/master_thesis/TradingAgents-audit-fixes/tradingagents/research/onchain_replication/__init__.py)

tests/research/onchain_replication/test_archive_pair_reader.py:9: ImportError
_ test_source_failure_marker_including_dangling_link_refuses[cleanup-failed.json] _

tmp_path = PosixPath('/tmp/pytest-of-malecada/pytest-88/test_source_failure_marker_inc1')
member = 'cleanup-failed.json'

    @pytest.mark.parametrize('member', ['failed.json','cleanup-failed.json'])
    def test_source_failure_marker_including_dangling_link_refuses(tmp_path, member):
>       module, transport, log, contract = fixture(tmp_path)
                                           ^^^^^^^^^^^^^^^^^

tests/research/onchain_replication/test_archive_pair_reader.py:66: 
_ _ _ _ _ _ _ _ _ _ _ _ _ _ _ _ _ _ _ _ _ _ _ _ _ _ _ _ _ _ _ _ _ _ _ _ _ _ _ _ 

tmp_path = PosixPath('/tmp/pytest-of-malecada/pytest-88/test_source_failure_marker_inc1')

    def fixture(tmp_path):
>       from tradingagents.research.onchain_replication import archive_pair_reader as reader
E       ImportError: cannot import name 'archive_pair_reader' from 'tradingagents.research.onchain_replication' (/home/malecada/master_thesis/TradingAgents-audit-fixes/tradingagents/research/onchain_replication/__init__.py)

tests/research/onchain_replication/test_archive_pair_reader.py:9: ImportError
________ test_failed_download_retained_without_changing_source[corrupt] ________

tmp_path = PosixPath('/tmp/pytest-of-malecada/pytest-88/test_failed_download_retained_0')
failure = 'corrupt'

    @pytest.mark.parametrize('failure', ['corrupt','missing'])
    def test_failed_download_retained_without_changing_source(tmp_path, failure):
>       module, transport, log, contract = fixture(tmp_path)
                                           ^^^^^^^^^^^^^^^^^

tests/research/onchain_replication/test_archive_pair_reader.py:74: 
_ _ _ _ _ _ _ _ _ _ _ _ _ _ _ _ _ _ _ _ _ _ _ _ _ _ _ _ _ _ _ _ _ _ _ _ _ _ _ _ 

tmp_path = PosixPath('/tmp/pytest-of-malecada/pytest-88/test_failed_download_retained_0')

    def fixture(tmp_path):
>       from tradingagents.research.onchain_replication import archive_pair_reader as reader
E       ImportError: cannot import name 'archive_pair_reader' from 'tradingagents.research.onchain_replication' (/home/malecada/master_thesis/TradingAgents-audit-fixes/tradingagents/research/onchain_replication/__init__.py)

tests/research/onchain_replication/test_archive_pair_reader.py:9: ImportError
________ test_failed_download_retained_without_changing_source[missing] ________

tmp_path = PosixPath('/tmp/pytest-of-malecada/pytest-88/test_failed_download_retained_1')
failure = 'missing'

    @pytest.mark.parametrize('failure', ['corrupt','missing'])
    def test_failed_download_retained_without_changing_source(tmp_path, failure):
>       module, transport, log, contract = fixture(tmp_path)
                                           ^^^^^^^^^^^^^^^^^

tests/research/onchain_replication/test_archive_pair_reader.py:74: 
_ _ _ _ _ _ _ _ _ _ _ _ _ _ _ _ _ _ _ _ _ _ _ _ _ _ _ _ _ _ _ _ _ _ _ _ _ _ _ _ 

tmp_path = PosixPath('/tmp/pytest-of-malecada/pytest-88/test_failed_download_retained_1')

    def fixture(tmp_path):
>       from tradingagents.research.onchain_replication import archive_pair_reader as reader
E       ImportError: cannot import name 'archive_pair_reader' from 'tradingagents.research.onchain_replication' (/home/malecada/master_thesis/TradingAgents-audit-fixes/tradingagents/research/onchain_replication/__init__.py)

tests/research/onchain_replication/test_archive_pair_reader.py:9: ImportError
____________ test_final_callback_cannot_invalidate_success[source] _____________

tmp_path = PosixPath('/tmp/pytest-of-malecada/pytest-88/test_final_callback_cannot_inv0')
target = 'source'

    @pytest.mark.parametrize('target', ['source','consumption','revocation'])
    def test_final_callback_cannot_invalidate_success(tmp_path, target):
>       module, transport, log, contract = fixture(tmp_path)
                                           ^^^^^^^^^^^^^^^^^

tests/research/onchain_replication/test_archive_pair_reader.py:86: 
_ _ _ _ _ _ _ _ _ _ _ _ _ _ _ _ _ _ _ _ _ _ _ _ _ _ _ _ _ _ _ _ _ _ _ _ _ _ _ _ 

tmp_path = PosixPath('/tmp/pytest-of-malecada/pytest-88/test_final_callback_cannot_inv0')

    def fixture(tmp_path):
>       from tradingagents.research.onchain_replication import archive_pair_reader as reader
E       ImportError: cannot import name 'archive_pair_reader' from 'tradingagents.research.onchain_replication' (/home/malecada/master_thesis/TradingAgents-audit-fixes/tradingagents/research/onchain_replication/__init__.py)

tests/research/onchain_replication/test_archive_pair_reader.py:9: ImportError
__________ test_final_callback_cannot_invalidate_success[consumption] __________

tmp_path = PosixPath('/tmp/pytest-of-malecada/pytest-88/test_final_callback_cannot_inv1')
target = 'consumption'

    @pytest.mark.parametrize('target', ['source','consumption','revocation'])
    def test_final_callback_cannot_invalidate_success(tmp_path, target):
>       module, transport, log, contract = fixture(tmp_path)
                                           ^^^^^^^^^^^^^^^^^

tests/research/onchain_replication/test_archive_pair_reader.py:86: 
_ _ _ _ _ _ _ _ _ _ _ _ _ _ _ _ _ _ _ _ _ _ _ _ _ _ _ _ _ _ _ _ _ _ _ _ _ _ _ _ 

tmp_path = PosixPath('/tmp/pytest-of-malecada/pytest-88/test_final_callback_cannot_inv1')

    def fixture(tmp_path):
>       from tradingagents.research.onchain_replication import archive_pair_reader as reader
E       ImportError: cannot import name 'archive_pair_reader' from 'tradingagents.research.onchain_replication' (/home/malecada/master_thesis/TradingAgents-audit-fixes/tradingagents/research/onchain_replication/__init__.py)

tests/research/onchain_replication/test_archive_pair_reader.py:9: ImportError
__________ test_final_callback_cannot_invalidate_success[revocation] ___________

tmp_path = PosixPath('/tmp/pytest-of-malecada/pytest-88/test_final_callback_cannot_inv2')
target = 'revocation'

    @pytest.mark.parametrize('target', ['source','consumption','revocation'])
    def test_final_callback_cannot_invalidate_success(tmp_path, target):
>       module, transport, log, contract = fixture(tmp_path)
                                           ^^^^^^^^^^^^^^^^^

tests/research/onchain_replication/test_archive_pair_reader.py:86: 
_ _ _ _ _ _ _ _ _ _ _ _ _ _ _ _ _ _ _ _ _ _ _ _ _ _ _ _ _ _ _ _ _ _ _ _ _ _ _ _ 

tmp_path = PosixPath('/tmp/pytest-of-malecada/pytest-88/test_final_callback_cannot_inv2')

    def fixture(tmp_path):
>       from tradingagents.research.onchain_replication import archive_pair_reader as reader
E       ImportError: cannot import name 'archive_pair_reader' from 'tradingagents.research.onchain_replication' (/home/malecada/master_thesis/TradingAgents-audit-fixes/tradingagents/research/onchain_replication/__init__.py)

tests/research/onchain_replication/test_archive_pair_reader.py:9: ImportError
- reviewed profile: 26 encountered files withheld; this is not the full legacy suite -
=========================== short test summary info ============================
FAILED tests/research/onchain_replication/test_archive_pair_reader.py::test_cold_read_all_full_partial_chunks_preserves_closed_writer
FAILED tests/research/onchain_replication/test_archive_pair_reader.py::test_wrong_trust_or_budget_refuses_before_read_claim[owner]
FAILED tests/research/onchain_replication/test_archive_pair_reader.py::test_wrong_trust_or_budget_refuses_before_read_claim[scope]
FAILED tests/research/onchain_replication/test_archive_pair_reader.py::test_wrong_trust_or_budget_refuses_before_read_claim[hash]
FAILED tests/research/onchain_replication/test_archive_pair_reader.py::test_wrong_trust_or_budget_refuses_before_read_claim[policy]
FAILED tests/research/onchain_replication/test_archive_pair_reader.py::test_wrong_trust_or_budget_refuses_before_read_claim[budget]
FAILED tests/research/onchain_replication/test_archive_pair_reader.py::test_changed_source_metadata_refuses_before_remote_read[chunk-000000000000.json]
FAILED tests/research/onchain_replication/test_archive_pair_reader.py::test_changed_source_metadata_refuses_before_remote_read[disposed-000000000000.json]
FAILED tests/research/onchain_replication/test_archive_pair_reader.py::test_changed_source_metadata_refuses_before_remote_read[copies/chunk-000000000000/complete.json]
FAILED tests/research/onchain_replication/test_archive_pair_reader.py::test_changed_source_metadata_refuses_before_remote_read[reads/chunk-000000000000/verified.json]
FAILED tests/research/onchain_replication/test_archive_pair_reader.py::test_source_failure_marker_including_dangling_link_refuses[failed.json]
FAILED tests/research/onchain_replication/test_archive_pair_reader.py::test_source_failure_marker_including_dangling_link_refuses[cleanup-failed.json]
FAILED tests/research/onchain_replication/test_archive_pair_reader.py::test_failed_download_retained_without_changing_source[corrupt]
FAILED tests/research/onchain_replication/test_archive_pair_reader.py::test_failed_download_retained_without_changing_source[missing]
FAILED tests/research/onchain_replication/test_archive_pair_reader.py::test_final_callback_cannot_invalidate_success[source]
FAILED tests/research/onchain_replication/test_archive_pair_reader.py::test_final_callback_cannot_invalidate_success[consumption]
FAILED tests/research/onchain_replication/test_archive_pair_reader.py::test_final_callback_cannot_invalidate_success[revocation]
17 failed in 0.38s
