FFFFF                                                                    [100%]
=================================== FAILURES ===================================
___________ test_failed_source_close_retains_primary_transport_cause ___________

tmp_path = PosixPath('/tmp/pytest-of-malecada/pytest-90/test_failed_source_close_retai0')
monkeypatch = <_pytest.monkeypatch.MonkeyPatch object at 0x709731d43360>

    def test_failed_source_close_retains_primary_transport_cause(tmp_path, monkeypatch):
        module, transport, log, contract = fixture(tmp_path)
        opening = module.io._open; closing = module.os.close; target = {}
        primary = RuntimeError('fixture transport failure')
        def open_root(path):
            result = opening(path)
            if result[0] == log.root: target['fd'] = result[1]
            return result
        def close(fd):
            if fd == target.get('fd') and not target.get('done'):
                target['done'] = True; closing(fd); raise OSError('uncertain source close')
            return closing(fd)
        def get(*args, **kwargs): raise primary
        monkeypatch.setattr(module.io, '_open', open_root)
        monkeypatch.setattr(module.os, 'close', close)
        monkeypatch.setattr(transport, 'get', get)
        with pytest.raises(module.io.CleanupFailure) as caught: module.verify(**contract)
>       assert caught.value.__cause__ is primary
E       AssertionError: assert OSError('uncertain source close') is RuntimeError('fixture transport failure')
E        +  where OSError('uncertain source close') = CleanupFailure('score storage cleanup unresolved; worker must stop').__cause__
E        +    where CleanupFailure('score storage cleanup unresolved; worker must stop') = <ExceptionInfo CleanupFailure('score storage cleanup unresolved; worker must stop') tblen=3>.value

tests/research/onchain_replication/test_archive_pair_reader.py:114: AssertionError
____ test_source_failure_after_preflight_blocks_next_transfer[failed.json] _____

tmp_path = PosixPath('/tmp/pytest-of-malecada/pytest-90/test_source_failure_after_pref0')
marker = 'failed.json'
monkeypatch = <_pytest.monkeypatch.MonkeyPatch object at 0x709731d43230>

    @pytest.mark.parametrize('marker', ['failed.json', 'cleanup-failed.json'])
    def test_source_failure_after_preflight_blocks_next_transfer(tmp_path, marker, monkeypatch):
        module, transport, log, contract = fixture(tmp_path)
        def live():
            path = log.root/marker
            if (contract['attempt']/'intent.json').exists() and not module.os.path.lexists(path):
                path.symlink_to(log.root/'missing')
        contract['lease'] = live
        monkeypatch.setattr(transport, 'get', lambda *a, **k: pytest.fail('transfer after source failure'))
>       with pytest.raises(ValueError): module.verify(**contract)
                                        ^^^^^^^^^^^^^^^^^^^^^^^^^

tests/research/onchain_replication/test_archive_pair_reader.py:127: 
_ _ _ _ _ _ _ _ _ _ _ _ _ _ _ _ _ _ _ _ _ _ _ _ _ _ _ _ _ _ _ _ _ _ _ _ _ _ _ _ 
tradingagents/research/onchain_replication/archive_pair_reader.py:185: in verify
    record = replay.verify(start_bytes=source.raw['start.json'],terminal_bytes=source.raw['terminal.json'],
tradingagents/research/onchain_replication/archived_pair_log.py:64: in verify
    raw = read_chunk(index, extent)
          ^^^^^^^^^^^^^^^^^^^^^^^^^
tradingagents/research/onchain_replication/archive_pair_reader.py:181: in fetch
    return consume.consume(receipt_bytes=io._json(mapping['receipt']),receipt_sha256=mapping['receipt_sha256'],
tradingagents/research/onchain_replication/archive_consume.py:74: in consume
    transport.get(receipt['member'], attempt / 'payload.bin', expected_bytes=receipt['bytes'])
_ _ _ _ _ _ _ _ _ _ _ _ _ _ _ _ _ _ _ _ _ _ _ _ _ _ _ _ _ _ _ _ _ _ _ _ _ _ _ _ 

a = ('fresh-log-000000000000/payload.bin', PosixPath('/tmp/pytest-of-malecada/pytest-90/test_source_failure_after_pref0/cold01/chunk-000000000000/payload.bin'))
k = {'expected_bytes': 504}

>   monkeypatch.setattr(transport, 'get', lambda *a, **k: pytest.fail('transfer after source failure'))
                                                          ^^^^^^^^^^^^^^^^^^^^^^^^^^^^^^^^^^^^^^^^^^^^
E   Failed: transfer after source failure

tests/research/onchain_replication/test_archive_pair_reader.py:126: Failed
_ test_source_failure_after_preflight_blocks_next_transfer[cleanup-failed.json] _

tmp_path = PosixPath('/tmp/pytest-of-malecada/pytest-90/test_source_failure_after_pref1')
marker = 'cleanup-failed.json'
monkeypatch = <_pytest.monkeypatch.MonkeyPatch object at 0x70972f3295b0>

    @pytest.mark.parametrize('marker', ['failed.json', 'cleanup-failed.json'])
    def test_source_failure_after_preflight_blocks_next_transfer(tmp_path, marker, monkeypatch):
        module, transport, log, contract = fixture(tmp_path)
        def live():
            path = log.root/marker
            if (contract['attempt']/'intent.json').exists() and not module.os.path.lexists(path):
                path.symlink_to(log.root/'missing')
        contract['lease'] = live
        monkeypatch.setattr(transport, 'get', lambda *a, **k: pytest.fail('transfer after source failure'))
>       with pytest.raises(ValueError): module.verify(**contract)
                                        ^^^^^^^^^^^^^^^^^^^^^^^^^

tests/research/onchain_replication/test_archive_pair_reader.py:127: 
_ _ _ _ _ _ _ _ _ _ _ _ _ _ _ _ _ _ _ _ _ _ _ _ _ _ _ _ _ _ _ _ _ _ _ _ _ _ _ _ 
tradingagents/research/onchain_replication/archive_pair_reader.py:185: in verify
    record = replay.verify(start_bytes=source.raw['start.json'],terminal_bytes=source.raw['terminal.json'],
tradingagents/research/onchain_replication/archived_pair_log.py:64: in verify
    raw = read_chunk(index, extent)
          ^^^^^^^^^^^^^^^^^^^^^^^^^
tradingagents/research/onchain_replication/archive_pair_reader.py:181: in fetch
    return consume.consume(receipt_bytes=io._json(mapping['receipt']),receipt_sha256=mapping['receipt_sha256'],
tradingagents/research/onchain_replication/archive_consume.py:74: in consume
    transport.get(receipt['member'], attempt / 'payload.bin', expected_bytes=receipt['bytes'])
_ _ _ _ _ _ _ _ _ _ _ _ _ _ _ _ _ _ _ _ _ _ _ _ _ _ _ _ _ _ _ _ _ _ _ _ _ _ _ _ 

a = ('fresh-log-000000000000/payload.bin', PosixPath('/tmp/pytest-of-malecada/pytest-90/test_source_failure_after_pref1/cold01/chunk-000000000000/payload.bin'))
k = {'expected_bytes': 504}

>   monkeypatch.setattr(transport, 'get', lambda *a, **k: pytest.fail('transfer after source failure'))
                                                          ^^^^^^^^^^^^^^^^^^^^^^^^^^^^^^^^^^^^^^^^^^^^
E   Failed: transfer after source failure

tests/research/onchain_replication/test_archive_pair_reader.py:126: Failed
__________ test_preclaim_refresh_refuses_revoked_owner_without_claim ___________

tmp_path = PosixPath('/tmp/pytest-of-malecada/pytest-90/test_preclaim_refresh_refuses_0')
monkeypatch = <_pytest.monkeypatch.MonkeyPatch object at 0x70972f7aacf0>

    def test_preclaim_refresh_refuses_revoked_owner_without_claim(tmp_path, monkeypatch):
        module, transport, log, contract = fixture(tmp_path)
        capacity = module.archive._capacity; state = {}
        def capacity_check(*args, **kwargs):
            result = capacity(*args, **kwargs); state['revoked'] = True; return result
        def lease():
            if state.get('revoked'): raise RuntimeError('preclaim owner lost')
        monkeypatch.setattr(module.archive, '_capacity', capacity_check)
        contract['lease'] = lease
        with pytest.raises(RuntimeError, match='preclaim owner lost'): module.verify(**contract)
>       assert not contract['attempt'].exists()
E       AssertionError: assert not True
E        +  where True = exists()
E        +    where exists = PosixPath('/tmp/pytest-of-malecada/pytest-90/test_preclaim_refresh_refuses_0/cold01').exists

tests/research/onchain_replication/test_archive_pair_reader.py:141: AssertionError
_________ test_metadata_budget_reserves_terminal_and_cleanup_failures __________

tmp_path = PosixPath('/tmp/pytest-of-malecada/pytest-90/test_metadata_budget_reserves_0')

    def test_metadata_budget_reserves_terminal_and_cleanup_failures(tmp_path):
        module, transport, log, contract = fixture(tmp_path)
        contract['max_read_metadata_bytes'] = (3*contract['archive_policy']['max_chunks']+4)*module.io.META_LIMIT
>       with pytest.raises(ValueError, match='metadata allowance'): module.verify(**contract)
             ^^^^^^^^^^^^^^^^^^^^^^^^^^^^^^^^^^^^^^^^^^^^^^^^^^^^^
E       Failed: DID NOT RAISE ValueError

tests/research/onchain_replication/test_archive_pair_reader.py:147: Failed
- reviewed profile: 26 encountered files withheld; this is not the full legacy suite -
=========================== short test summary info ============================
FAILED tests/research/onchain_replication/test_archive_pair_reader.py::test_failed_source_close_retains_primary_transport_cause
FAILED tests/research/onchain_replication/test_archive_pair_reader.py::test_source_failure_after_preflight_blocks_next_transfer[failed.json]
FAILED tests/research/onchain_replication/test_archive_pair_reader.py::test_source_failure_after_preflight_blocks_next_transfer[cleanup-failed.json]
FAILED tests/research/onchain_replication/test_archive_pair_reader.py::test_preclaim_refresh_refuses_revoked_owner_without_claim
FAILED tests/research/onchain_replication/test_archive_pair_reader.py::test_metadata_budget_reserves_terminal_and_cleanup_failures
5 failed, 17 deselected in 0.59s
