F                                                                        [100%]
=================================== FAILURES ===================================
_____ test_active_entry_refusal_retains_all_seventeen_closure_publications _____

tmp_path = PosixPath('/tmp/pytest-of-malecada/pytest-24/test_active_entry_refusal_reta0')

    def test_active_entry_refusal_retains_all_seventeen_closure_publications(tmp_path):
        policy={'schema_version':1,'max_file_bytes':65536,'max_json_bytes':8192,
            'max_allocated_bytes':2*1024**2,'max_logical_bytes':1024**2,
            'max_entries':128,'tail_reserve_bytes':131072}
        base=tmp_path/physical.PREFIX/'runs'/'invented-entry-tail';base.mkdir(parents=True)
        (tmp_path/'research_runs').mkdir();(tmp_path/physical.PREFIX/'sources').mkdir()
        scope=physical.Scope.create(tmp_path,'invented-entry-tail','a'*40,policy,{'synthetic':True})
        try:
            before=scope.check()
            for index in range(110-before['entries']):(base/f'padding-{index:03d}').touch()
            assert scope.check()['entries']==110
>           with pytest.raises(ValueError,match='entry'):
                 ^^^^^^^^^^^^^^^^^^^^^^^^^^^^^^^^^^^^^^^
E           Failed: DID NOT RAISE ValueError

tests/research/onchain_replication/test_neural_entry_tail.py:17: Failed
- reviewed profile: 26 encountered files withheld; this is not the full legacy suite -
=========================== short test summary info ============================
FAILED tests/research/onchain_replication/test_neural_entry_tail.py::test_active_entry_refusal_retains_all_seventeen_closure_publications
1 failed in 0.36s
