test_distinct_identity_cases (__main__.Checks.test_distinct_identity_cases) ... FAIL
test_exact_source_membership (__main__.Checks.test_exact_source_membership) ... ok
test_first_fatal_is_retained (__main__.Checks.test_first_fatal_is_retained) ... ok
test_fixture_policy_near_cap_and_no_numerical_imports (__main__.Checks.test_fixture_policy_near_cap_and_no_numerical_imports) ... ok
test_prepared_not_released (__main__.Checks.test_prepared_not_released) ... ok
test_real_control_vector_and_refusal (__main__.Checks.test_real_control_vector_and_refusal) ... ok

======================================================================
FAIL: test_distinct_identity_cases (__main__.Checks.test_distinct_identity_cases)
----------------------------------------------------------------------
Traceback (most recent call last):
  File "/home/malecada/master_thesis/TradingAgents-audit-fixes/research/onchain-paper-replication-2026-09-24/full_sources/neural-phase-integration-preparation02-2026-10-02/check_preparation02.py", line 18, in test_distinct_identity_cases
    self.assertEqual(launcher.CASES,['success','fatal','publication_refusal','near_cap','entry_cap'])
    ~~~~~~~~~~~~~~~~^^^^^^^^^^^^^^^^^^^^^^^^^^^^^^^^^^^^^^^^^^^^^^^^^^^^^^^^^^^^^^^^^^^^^^^^^^^^^^^^^
AssertionError: Lists differ: ['success', 'fatal', 'publication_refusal', 'near_cap'] != ['success', 'fatal', 'publication_refusal', 'near_cap', 'entry_cap']

Second list contains 1 additional elements.
First extra element 4:
'entry_cap'

- ['success', 'fatal', 'publication_refusal', 'near_cap']
+ ['success', 'fatal', 'publication_refusal', 'near_cap', 'entry_cap']
?                                                       +++++++++++++


----------------------------------------------------------------------
Ran 6 tests in 0.028s

FAILED (failures=1)
