research/onchain-paper-replication-2026-09-24/full_sources/financial-batch-output-genuine-byte-bridge-preparation01-2026-10-04/byte_bridge01.draft01.py.patch:6: trailing whitespace.
+ 
research/onchain-paper-replication-2026-09-24/full_sources/financial-batch-output-genuine-byte-bridge-preparation01-2026-10-04/byte_bridge01.draft01.py.patch:22: trailing whitespace.
+ 
research/onchain-paper-replication-2026-09-24/full_sources/financial-batch-output-genuine-byte-bridge-preparation01-2026-10-04/byte_bridge01.draft01.py.patch:35: trailing whitespace.
+ 
research/onchain-paper-replication-2026-09-24/full_sources/financial-batch-output-genuine-byte-bridge-preparation01-2026-10-04/byte_bridge01.draft01.py.patch:50: trailing whitespace.
+ 
research/onchain-paper-replication-2026-09-24/full_sources/financial-batch-output-genuine-byte-bridge-preparation01-2026-10-04/byte_bridge01.draft01.py.patch:64: trailing whitespace.
+ 
research/onchain-paper-replication-2026-09-24/full_sources/financial-batch-output-genuine-byte-bridge-preparation01-2026-10-04/byte_bridge01.draft02.py.patch:6: trailing whitespace.
+ 
research/onchain-paper-replication-2026-09-24/full_sources/financial-batch-output-genuine-byte-bridge-preparation01-2026-10-04/byte_bridge01.draft02.py.patch:22: trailing whitespace.
+ 
research/onchain-paper-replication-2026-09-24/full_sources/financial-batch-output-genuine-byte-bridge-preparation01-2026-10-04/byte_bridge01.draft02.py.patch:38: trailing whitespace.
+ 
research/onchain-paper-replication-2026-09-24/full_sources/financial-batch-output-genuine-byte-bridge-preparation01-2026-10-04/byte_bridge01.draft02.py.patch:38: new blank line at EOF.
research/onchain-paper-replication-2026-09-24/full_sources/financial-batch-output-genuine-byte-bridge-preparation01-2026-10-04/held_score_consumer.patch:4: trailing whitespace.
+ 
research/onchain-paper-replication-2026-09-24/full_sources/fund-cohort-historical-evidence-investigation01-2026-10-04/collector_README.md:5: trailing whitespace.
+## 🔴 Currently broken due to [undetected chromedriver not working.](https://github.com/brianleect/etherscan-labels/issues/42) 
research/onchain-paper-replication-2026-09-24/full_sources/fund-cohort-historical-evidence-investigation01-2026-10-04/comparison_primary.html:12: trailing whitespace.
+  // enact the browser preference if "automatic", 
research/onchain-paper-replication-2026-09-24/full_sources/fund-cohort-historical-evidence-investigation01-2026-10-04/comparison_primary.html:240: trailing whitespace.
+    
research/onchain-paper-replication-2026-09-24/full_sources/fund-cohort-historical-evidence-investigation01-2026-10-04/comparison_primary.html:242: trailing whitespace.
+  
research/onchain-paper-replication-2026-09-24/full_sources/fund-cohort-historical-evidence-investigation01-2026-10-04/comparison_primary.html:304: trailing whitespace.
+              
research/onchain-paper-replication-2026-09-24/full_sources/fund-cohort-historical-evidence-investigation01-2026-10-04/comparison_primary.html:305: trailing whitespace.
+              
research/onchain-paper-replication-2026-09-24/full_sources/fund-cohort-historical-evidence-investigation01-2026-10-04/comparison_primary.html:306: trailing whitespace.
+              
research/onchain-paper-replication-2026-09-24/full_sources/fund-cohort-historical-evidence-investigation01-2026-10-04/comparison_primary.html:316: trailing whitespace.
+              
research/onchain-paper-replication-2026-09-24/full_sources/fund-cohort-historical-evidence-investigation01-2026-10-04/comparison_primary.html:317: trailing whitespace.
+              
research/onchain-paper-replication-2026-09-24/full_sources/fund-cohort-historical-evidence-investigation01-2026-10-04/comparison_primary.html:318: trailing whitespace.
+              
research/onchain-paper-replication-2026-09-24/full_sources/fund-cohort-historical-evidence-investigation01-2026-10-04/comparison_primary.html:332: trailing whitespace.
+              
research/onchain-paper-replication-2026-09-24/full_sources/fund-cohort-historical-evidence-investigation01-2026-10-04/comparison_primary.html:333: trailing whitespace.
+              
research/onchain-paper-replication-2026-09-24/full_sources/fund-cohort-historical-evidence-investigation01-2026-10-04/comparison_primary.html:334: trailing whitespace.
+              
research/onchain-paper-replication-2026-09-24/full_sources/fund-cohort-historical-evidence-investigation01-2026-10-04/comparison_primary.html:348: trailing whitespace.
+              
research/onchain-paper-replication-2026-09-24/full_sources/fund-cohort-historical-evidence-investigation01-2026-10-04/comparison_primary.html:349: trailing whitespace.
+              
research/onchain-paper-replication-2026-09-24/full_sources/fund-cohort-historical-evidence-investigation01-2026-10-04/comparison_primary.html:350: trailing whitespace.
+              
research/onchain-paper-replication-2026-09-24/full_sources/fund-cohort-historical-evidence-investigation01-2026-10-04/comparison_primary.html:628: trailing whitespace.
+<li id="S5.I1.i1" class="ltx_item" style="list-style-type:none;"><span class="ltx_tag ltx_tag_item">•</span> 
research/onchain-paper-replication-2026-09-24/full_sources/fund-cohort-historical-evidence-investigation01-2026-10-04/comparison_primary.html:633: trailing whitespace.
+<li id="S5.I1.i2" class="ltx_item" style="list-style-type:none;"><span class="ltx_tag ltx_tag_item">•</span> 
research/onchain-paper-replication-2026-09-24/full_sources/fund-cohort-historical-evidence-investigation01-2026-10-04/comparison_primary.html:638: trailing whitespace.
+<li id="S5.I1.i3" class="ltx_item" style="list-style-type:none;"><span class="ltx_tag ltx_tag_item">•</span> 
research/onchain-paper-replication-2026-09-24/full_sources/fund-cohort-historical-evidence-investigation01-2026-10-04/comparison_primary.html:668: trailing whitespace.
+              
research/onchain-paper-replication-2026-09-24/full_sources/fund-cohort-historical-evidence-investigation01-2026-10-04/comparison_primary.html:669: trailing whitespace.
+              
research/onchain-paper-replication-2026-09-24/full_sources/fund-cohort-historical-evidence-investigation01-2026-10-04/comparison_primary.html:670: trailing whitespace.
+              
research/onchain-paper-replication-2026-09-24/full_sources/fund-cohort-historical-evidence-investigation01-2026-10-04/comparison_primary.html:689: trailing whitespace.
+      
research/onchain-paper-replication-2026-09-24/full_sources/fund-cohort-historical-evidence-investigation01-2026-10-04/comparison_primary.html:698: trailing whitespace.
+      
research/onchain-paper-replication-2026-09-24/full_sources/fund-cohort-historical-evidence-investigation01-2026-10-04/comparison_primary.html:707: trailing whitespace.
+      
research/onchain-paper-replication-2026-09-24/full_sources/fund-cohort-historical-evidence-investigation01-2026-10-04/comparison_primary.html:719: trailing whitespace.
+      
research/onchain-paper-replication-2026-09-24/full_sources/fund-cohort-historical-evidence-investigation01-2026-10-04/comparison_primary.html:728: trailing whitespace.
+      
research/onchain-paper-replication-2026-09-24/full_sources/fund-cohort-historical-evidence-investigation01-2026-10-04/comparison_primary.html:737: trailing whitespace.
+      
research/onchain-paper-replication-2026-09-24/full_sources/fund-cohort-historical-evidence-investigation01-2026-10-04/comparison_primary.html:746: trailing whitespace.
+      
research/onchain-paper-replication-2026-09-24/full_sources/fund-cohort-historical-evidence-investigation01-2026-10-04/comparison_primary.html:755: trailing whitespace.
+      
research/onchain-paper-replication-2026-09-24/full_sources/fund-cohort-historical-evidence-investigation01-2026-10-04/comparison_primary.html:764: trailing whitespace.
+      
research/onchain-paper-replication-2026-09-24/full_sources/fund-cohort-historical-evidence-investigation01-2026-10-04/comparison_primary.html:773: trailing whitespace.
+      
research/onchain-paper-replication-2026-09-24/full_sources/fund-cohort-historical-evidence-investigation01-2026-10-04/comparison_primary.html:782: trailing whitespace.
+      
research/onchain-paper-replication-2026-09-24/full_sources/fund-cohort-historical-evidence-investigation01-2026-10-04/comparison_primary.html:791: trailing whitespace.
+      
research/onchain-paper-replication-2026-09-24/full_sources/fund-cohort-historical-evidence-investigation01-2026-10-04/comparison_primary.html:800: trailing whitespace.
+      
research/onchain-paper-replication-2026-09-24/full_sources/fund-cohort-historical-evidence-investigation01-2026-10-04/comparison_primary.html:809: trailing whitespace.
+      
research/onchain-paper-replication-2026-09-24/full_sources/fund-cohort-historical-evidence-investigation01-2026-10-04/comparison_primary.html:818: trailing whitespace.
+      
research/onchain-paper-replication-2026-09-24/full_sources/fund-cohort-historical-evidence-investigation01-2026-10-04/comparison_primary.html:827: trailing whitespace.
+      
research/onchain-paper-replication-2026-09-24/full_sources/fund-cohort-historical-evidence-investigation01-2026-10-04/comparison_primary.html:836: trailing whitespace.
+      
research/onchain-paper-replication-2026-09-24/full_sources/fund-cohort-historical-evidence-investigation01-2026-10-04/comparison_primary.html:845: trailing whitespace.
+      
research/onchain-paper-replication-2026-09-24/full_sources/fund-cohort-historical-evidence-investigation01-2026-10-04/comparison_primary.html:854: trailing whitespace.
+      
research/onchain-paper-replication-2026-09-24/full_sources/fund-cohort-historical-evidence-investigation01-2026-10-04/comparison_primary.html:863: trailing whitespace.
+      
research/onchain-paper-replication-2026-09-24/full_sources/fund-cohort-historical-evidence-investigation01-2026-10-04/comparison_primary.html:872: trailing whitespace.
+      
research/onchain-paper-replication-2026-09-24/full_sources/fund-cohort-historical-evidence-investigation01-2026-10-04/comparison_primary.html:881: trailing whitespace.
+      
research/onchain-paper-replication-2026-09-24/full_sources/fund-cohort-historical-evidence-investigation01-2026-10-04/comparison_primary.html:890: trailing whitespace.
+      
research/onchain-paper-replication-2026-09-24/full_sources/fund-cohort-historical-evidence-investigation01-2026-10-04/comparison_primary.html:899: trailing whitespace.
+    
research/onchain-paper-replication-2026-09-24/full_sources/fund-cohort-historical-evidence-investigation01-2026-10-04/comparison_successor.html:8: trailing whitespace.
+        
research/onchain-paper-replication-2026-09-24/full_sources/fund-cohort-historical-evidence-investigation01-2026-10-04/comparison_successor.html:9: trailing whitespace.
+        
research/onchain-paper-replication-2026-09-24/full_sources/fund-cohort-historical-evidence-investigation01-2026-10-04/comparison_successor.html:10: trailing whitespace.
+        
research/onchain-paper-replication-2026-09-24/full_sources/fund-cohort-historical-evidence-investigation01-2026-10-04/comparison_successor.html:14: trailing whitespace.
+        
research/onchain-paper-replication-2026-09-24/full_sources/fund-cohort-historical-evidence-investigation01-2026-10-04/comparison_successor.html:19: trailing whitespace.
+        
research/onchain-paper-replication-2026-09-24/full_sources/fund-cohort-historical-evidence-investigation01-2026-10-04/comparison_successor.html:20: trailing whitespace.
+            
research/onchain-paper-replication-2026-09-24/full_sources/fund-cohort-historical-evidence-investigation01-2026-10-04/comparison_successor.html:21: trailing whitespace.
+    
research/onchain-paper-replication-2026-09-24/full_sources/fund-cohort-historical-evidence-investigation01-2026-10-04/comparison_successor.html:82: trailing whitespace.
+    <meta name="citation_reference" content="Baltakys K, Kanniainen J, Emmert-Streib F (2018). Multilayer aggregation with statisticalvalidation: Applica- tion to investor networks. Scientific reports 8(1):8198. 
research/onchain-paper-replication-2026-09-24/full_sources/fund-cohort-historical-evidence-investigation01-2026-10-04/comparison_successor.html:84: trailing whitespace.
+                  
research/onchain-paper-replication-2026-09-24/full_sources/fund-cohort-historical-evidence-investigation01-2026-10-04/comparison_successor.html:89: trailing whitespace.
+    <meta name="citation_reference" content="Buterin V (2014) Ethereum: a next-generation smart contract and decentralized application platform. Technical report, Ethereum foundation. 
research/onchain-paper-replication-2026-09-24/full_sources/fund-cohort-historical-evidence-investigation01-2026-10-04/comparison_successor.html:91: trailing whitespace.
+                  
research/onchain-paper-replication-2026-09-24/full_sources/fund-cohort-historical-evidence-investigation01-2026-10-04/comparison_successor.html:112: trailing whitespace.
+    <meta name="citation_reference" content="Luo J, Kitzler S, Saggese P (2024) Investigating similarities across decentralized financial (DeFi) services. 
research/onchain-paper-replication-2026-09-24/full_sources/fund-cohort-historical-evidence-investigation01-2026-10-04/comparison_successor.html:114: trailing whitespace.
+                  
research/onchain-paper-replication-2026-09-24/full_sources/fund-cohort-historical-evidence-investigation01-2026-10-04/comparison_successor.html:117: trailing whitespace.
+    <meta name="citation_reference" content="Musciotto F., Piilo J, Mantegna R.N (2021) High-frequency trading and networked markets, Proc. Natl. Acad. Sci. U.S.A. 118 (26) e2015573118, 
research/onchain-paper-replication-2026-09-24/full_sources/fund-cohort-historical-evidence-investigation01-2026-10-04/comparison_successor.html:119: trailing whitespace.
+                  
research/onchain-paper-replication-2026-09-24/full_sources/fund-cohort-historical-evidence-investigation01-2026-10-04/comparison_successor.html:127: trailing whitespace.
+    <meta name="citation_reference" content="Tumminello, Michele, et al. (2011) Statistically validated networks in bipartitecomplex systems. PloS one 6(3):e17994, 
research/onchain-paper-replication-2026-09-24/full_sources/fund-cohort-historical-evidence-investigation01-2026-10-04/comparison_successor.html:129: trailing whitespace.
+                  
research/onchain-paper-replication-2026-09-24/full_sources/fund-cohort-historical-evidence-investigation01-2026-10-04/comparison_successor.html:149: trailing whitespace.
+    
research/onchain-paper-replication-2026-09-24/full_sources/fund-cohort-historical-evidence-investigation01-2026-10-04/comparison_successor.html:151: trailing whitespace.
+            
research/onchain-paper-replication-2026-09-24/full_sources/fund-cohort-historical-evidence-investigation01-2026-10-04/comparison_successor.html:152: trailing whitespace.
+    
research/onchain-paper-replication-2026-09-24/full_sources/fund-cohort-historical-evidence-investigation01-2026-10-04/comparison_successor.html:159: trailing whitespace.
+    
research/onchain-paper-replication-2026-09-24/full_sources/fund-cohort-historical-evidence-investigation01-2026-10-04/comparison_successor.html:161: trailing whitespace.
+        
research/onchain-paper-replication-2026-09-24/full_sources/fund-cohort-historical-evidence-investigation01-2026-10-04/comparison_successor.html:165: trailing whitespace.
+        
research/onchain-paper-replication-2026-09-24/full_sources/fund-cohort-historical-evidence-investigation01-2026-10-04/comparison_successor.html:166: trailing whitespace.
+    
research/onchain-paper-replication-2026-09-24/full_sources/fund-cohort-historical-evidence-investigation01-2026-10-04/comparison_successor.html:167: trailing whitespace.
+        
research/onchain-paper-replication-2026-09-24/full_sources/fund-cohort-historical-evidence-investigation01-2026-10-04/comparison_successor.html:168: trailing whitespace.
+    
research/onchain-paper-replication-2026-09-24/full_sources/fund-cohort-historical-evidence-investigation01-2026-10-04/comparison_successor.html:169: trailing whitespace.
+    
research/onchain-paper-replication-2026-09-24/full_sources/fund-cohort-historical-evidence-investigation01-2026-10-04/comparison_successor.html:170: trailing whitespace.
+    
research/onchain-paper-replication-2026-09-24/full_sources/fund-cohort-historical-evidence-investigation01-2026-10-04/comparison_successor.html:172: trailing whitespace.
+    
research/onchain-paper-replication-2026-09-24/full_sources/fund-cohort-historical-evidence-investigation01-2026-10-04/comparison_successor.html:184: trailing whitespace.
+        
research/onchain-paper-replication-2026-09-24/full_sources/fund-cohort-historical-evidence-investigation01-2026-10-04/comparison_successor.html:191: trailing whitespace.
+    
research/onchain-paper-replication-2026-09-24/full_sources/fund-cohort-historical-evidence-investigation01-2026-10-04/comparison_successor.html:192: trailing whitespace.
+        
research/onchain-paper-replication-2026-09-24/full_sources/fund-cohort-historical-evidence-investigation01-2026-10-04/comparison_successor.html:193: trailing whitespace.
+            
research/onchain-paper-replication-2026-09-24/full_sources/fund-cohort-historical-evidence-investigation01-2026-10-04/comparison_successor.html:197: trailing whitespace.
+        
research/onchain-paper-replication-2026-09-24/full_sources/fund-cohort-historical-evidence-investigation01-2026-10-04/comparison_successor.html:202: trailing whitespace.
+    
research/onchain-paper-replication-2026-09-24/full_sources/fund-cohort-historical-evidence-investigation01-2026-10-04/comparison_successor.html:204: trailing whitespace.
+        
research/onchain-paper-replication-2026-09-24/full_sources/fund-cohort-historical-evidence-investigation01-2026-10-04/comparison_successor.html:206: trailing whitespace.
+        
research/onchain-paper-replication-2026-09-24/full_sources/fund-cohort-historical-evidence-investigation01-2026-10-04/comparison_successor.html:207: trailing whitespace.
+        
research/onchain-paper-replication-2026-09-24/full_sources/fund-cohort-historical-evidence-investigation01-2026-10-04/comparison_successor.html:212: trailing whitespace.
+        
research/onchain-paper-replication-2026-09-24/full_sources/fund-cohort-historical-evidence-investigation01-2026-10-04/comparison_successor.html:224: trailing whitespace.
+        
research/onchain-paper-replication-2026-09-24/full_sources/fund-cohort-historical-evidence-investigation01-2026-10-04/comparison_successor.html:255: trailing whitespace.
+                            
research/onchain-paper-replication-2026-09-24/full_sources/fund-cohort-historical-evidence-investigation01-2026-10-04/comparison_successor.html:257: trailing whitespace.
+                            
research/onchain-paper-replication-2026-09-24/full_sources/fund-cohort-historical-evidence-investigation01-2026-10-04/comparison_successor.html:259: trailing whitespace.
+                            
research/onchain-paper-replication-2026-09-24/full_sources/fund-cohort-historical-evidence-investigation01-2026-10-04/comparison_successor.html:261: trailing whitespace.
+                            
research/onchain-paper-replication-2026-09-24/full_sources/fund-cohort-historical-evidence-investigation01-2026-10-04/comparison_successor.html:263: trailing whitespace.
+                            
research/onchain-paper-replication-2026-09-24/full_sources/fund-cohort-historical-evidence-investigation01-2026-10-04/comparison_successor.html:266: trailing whitespace.
+                        
research/onchain-paper-replication-2026-09-24/full_sources/fund-cohort-historical-evidence-investigation01-2026-10-04/comparison_successor.html:268: trailing whitespace.
+                        
research/onchain-paper-replication-2026-09-24/full_sources/fund-cohort-historical-evidence-investigation01-2026-10-04/comparison_successor.html:271: trailing whitespace.
+            
research/onchain-paper-replication-2026-09-24/full_sources/fund-cohort-historical-evidence-investigation01-2026-10-04/comparison_successor.html:277: trailing whitespace.
+        
research/onchain-paper-replication-2026-09-24/full_sources/fund-cohort-historical-evidence-investigation01-2026-10-04/comparison_successor.html:283: trailing whitespace.
+        
research/onchain-paper-replication-2026-09-24/full_sources/fund-cohort-historical-evidence-investigation01-2026-10-04/comparison_successor.html:297: trailing whitespace.
+            
research/onchain-paper-replication-2026-09-24/full_sources/fund-cohort-historical-evidence-investigation01-2026-10-04/comparison_successor.html:298: trailing whitespace.
+            
research/onchain-paper-replication-2026-09-24/full_sources/fund-cohort-historical-evidence-investigation01-2026-10-04/comparison_successor.html:299: trailing whitespace.
+            
research/onchain-paper-replication-2026-09-24/full_sources/fund-cohort-historical-evidence-investigation01-2026-10-04/comparison_successor.html:303: trailing whitespace.
+            
research/onchain-paper-replication-2026-09-24/full_sources/fund-cohort-historical-evidence-investigation01-2026-10-04/comparison_successor.html:307: trailing whitespace.
+            
research/onchain-paper-replication-2026-09-24/full_sources/fund-cohort-historical-evidence-investigation01-2026-10-04/comparison_successor.html:318: trailing whitespace.
+                
research/onchain-paper-replication-2026-09-24/full_sources/fund-cohort-historical-evidence-investigation01-2026-10-04/comparison_successor.html:319: trailing whitespace.
+                    
research/onchain-paper-replication-2026-09-24/full_sources/fund-cohort-historical-evidence-investigation01-2026-10-04/comparison_successor.html:322: trailing whitespace.
+                    
research/onchain-paper-replication-2026-09-24/full_sources/fund-cohort-historical-evidence-investigation01-2026-10-04/comparison_successor.html:323: trailing whitespace.
+                
research/onchain-paper-replication-2026-09-24/full_sources/fund-cohort-historical-evidence-investigation01-2026-10-04/comparison_successor.html:324: trailing whitespace.
+                
research/onchain-paper-replication-2026-09-24/full_sources/fund-cohort-historical-evidence-investigation01-2026-10-04/comparison_successor.html:325: trailing whitespace.
+                    
research/onchain-paper-replication-2026-09-24/full_sources/fund-cohort-historical-evidence-investigation01-2026-10-04/comparison_successor.html:326: trailing whitespace.
+                
research/onchain-paper-replication-2026-09-24/full_sources/fund-cohort-historical-evidence-investigation01-2026-10-04/comparison_successor.html:327: trailing whitespace.
+                
research/onchain-paper-replication-2026-09-24/full_sources/fund-cohort-historical-evidence-investigation01-2026-10-04/comparison_successor.html:328: trailing whitespace.
+                
research/onchain-paper-replication-2026-09-24/full_sources/fund-cohort-historical-evidence-investigation01-2026-10-04/comparison_successor.html:374: trailing whitespace.
+        
research/onchain-paper-replication-2026-09-24/full_sources/fund-cohort-historical-evidence-investigation01-2026-10-04/comparison_successor.html:375: trailing whitespace.
+        
research/onchain-paper-replication-2026-09-24/full_sources/fund-cohort-historical-evidence-investigation01-2026-10-04/comparison_successor.html:377: trailing whitespace.
+        
research/onchain-paper-replication-2026-09-24/full_sources/fund-cohort-historical-evidence-investigation01-2026-10-04/comparison_successor.html:378: trailing whitespace.
+        
research/onchain-paper-replication-2026-09-24/full_sources/fund-cohort-historical-evidence-investigation01-2026-10-04/comparison_successor.html:379: trailing whitespace.
+        
research/onchain-paper-replication-2026-09-24/full_sources/fund-cohort-historical-evidence-investigation01-2026-10-04/comparison_successor.html:381: trailing whitespace.
+        
research/onchain-paper-replication-2026-09-24/full_sources/fund-cohort-historical-evidence-investigation01-2026-10-04/comparison_successor.html:382: trailing whitespace.
+            
research/onchain-paper-replication-2026-09-24/full_sources/fund-cohort-historical-evidence-investigation01-2026-10-04/comparison_successor.html:383: trailing whitespace.
+            
research/onchain-paper-replication-2026-09-24/full_sources/fund-cohort-historical-evidence-investigation01-2026-10-04/comparison_successor.html:384: trailing whitespace.
+                
research/onchain-paper-replication-2026-09-24/full_sources/fund-cohort-historical-evidence-investigation01-2026-10-04/comparison_successor.html:402: trailing whitespace.
+            
research/onchain-paper-replication-2026-09-24/full_sources/fund-cohort-historical-evidence-investigation01-2026-10-04/comparison_successor.html:403: trailing whitespace.
+            
research/onchain-paper-replication-2026-09-24/full_sources/fund-cohort-historical-evidence-investigation01-2026-10-04/comparison_successor.html:404: trailing whitespace.
+            
research/onchain-paper-replication-2026-09-24/full_sources/fund-cohort-historical-evidence-investigation01-2026-10-04/comparison_successor.html:405: trailing whitespace.
+        
research/onchain-paper-replication-2026-09-24/full_sources/fund-cohort-historical-evidence-investigation01-2026-10-04/comparison_successor.html:407: trailing whitespace.
+        
research/onchain-paper-replication-2026-09-24/full_sources/fund-cohort-historical-evidence-investigation01-2026-10-04/comparison_successor.html:416: trailing whitespace.
+        
research/onchain-paper-replication-2026-09-24/full_sources/fund-cohort-historical-evidence-investigation01-2026-10-04/comparison_successor.html:442: trailing whitespace.
+        
research/onchain-paper-replication-2026-09-24/full_sources/fund-cohort-historical-evidence-investigation01-2026-10-04/comparison_successor.html:443: trailing whitespace.
+    
research/onchain-paper-replication-2026-09-24/full_sources/fund-cohort-historical-evidence-investigation01-2026-10-04/comparison_successor.html:445: trailing whitespace.
+    
research/onchain-paper-replication-2026-09-24/full_sources/fund-cohort-historical-evidence-investigation01-2026-10-04/comparison_successor.html:447: trailing whitespace.
+        
research/onchain-paper-replication-2026-09-24/full_sources/fund-cohort-historical-evidence-investigation01-2026-10-04/comparison_successor.html:448: trailing whitespace.
+        
research/onchain-paper-replication-2026-09-24/full_sources/fund-cohort-historical-evidence-investigation01-2026-10-04/comparison_successor.html:449: trailing whitespace.
+        
research/onchain-paper-replication-2026-09-24/full_sources/fund-cohort-historical-evidence-investigation01-2026-10-04/comparison_successor.html:450: trailing whitespace.
+        
research/onchain-paper-replication-2026-09-24/full_sources/fund-cohort-historical-evidence-investigation01-2026-10-04/comparison_successor.html:451: trailing whitespace.
+        
research/onchain-paper-replication-2026-09-24/full_sources/fund-cohort-historical-evidence-investigation01-2026-10-04/comparison_successor.html:454: trailing whitespace.
+        
research/onchain-paper-replication-2026-09-24/full_sources/fund-cohort-historical-evidence-investigation01-2026-10-04/comparison_successor.html:455: trailing whitespace.
+        
research/onchain-paper-replication-2026-09-24/full_sources/fund-cohort-historical-evidence-investigation01-2026-10-04/comparison_successor.html:459: trailing whitespace.
+    
research/onchain-paper-replication-2026-09-24/full_sources/fund-cohort-historical-evidence-investigation01-2026-10-04/comparison_successor.html:466: trailing whitespace.
+        
research/onchain-paper-replication-2026-09-24/full_sources/fund-cohort-historical-evidence-investigation01-2026-10-04/comparison_successor.html:468: trailing whitespace.
+        
research/onchain-paper-replication-2026-09-24/full_sources/fund-cohort-historical-evidence-investigation01-2026-10-04/comparison_successor.html:469: trailing whitespace.
+        
research/onchain-paper-replication-2026-09-24/full_sources/fund-cohort-historical-evidence-investigation01-2026-10-04/comparison_successor.html:472: trailing whitespace.
+    
research/onchain-paper-replication-2026-09-24/full_sources/fund-cohort-historical-evidence-investigation01-2026-10-04/comparison_successor.html:473: trailing whitespace.
+        
research/onchain-paper-replication-2026-09-24/full_sources/fund-cohort-historical-evidence-investigation01-2026-10-04/comparison_successor.html:486: trailing whitespace.
+                    
research/onchain-paper-replication-2026-09-24/full_sources/fund-cohort-historical-evidence-investigation01-2026-10-04/comparison_successor.html:512: trailing whitespace.
+        
research/onchain-paper-replication-2026-09-24/full_sources/fund-cohort-historical-evidence-investigation01-2026-10-04/comparison_successor.html:515: trailing whitespace.
+    
research/onchain-paper-replication-2026-09-24/full_sources/fund-cohort-historical-evidence-investigation01-2026-10-04/comparison_successor.html:519: trailing whitespace.
+	
research/onchain-paper-replication-2026-09-24/full_sources/fund-cohort-historical-evidence-investigation01-2026-10-04/comparison_successor.html:527: trailing whitespace.
+    
research/onchain-paper-replication-2026-09-24/full_sources/fund-cohort-historical-evidence-investigation01-2026-10-04/comparison_successor.html:532: trailing whitespace.
+            
research/onchain-paper-replication-2026-09-24/full_sources/fund-cohort-historical-evidence-investigation01-2026-10-04/comparison_successor.html:533: trailing whitespace.
+                
research/onchain-paper-replication-2026-09-24/full_sources/fund-cohort-historical-evidence-investigation01-2026-10-04/comparison_successor.html:535: space before tab in indent.
+                    	 data-test=springerlink-logo
research/onchain-paper-replication-2026-09-24/full_sources/fund-cohort-historical-evidence-investigation01-2026-10-04/comparison_successor.html:536: trailing whitespace.
+                        
research/onchain-paper-replication-2026-09-24/full_sources/fund-cohort-historical-evidence-investigation01-2026-10-04/comparison_successor.html:538: trailing whitespace.
+                        
research/onchain-paper-replication-2026-09-24/full_sources/fund-cohort-historical-evidence-investigation01-2026-10-04/comparison_successor.html:540: trailing whitespace.
+                        
research/onchain-paper-replication-2026-09-24/full_sources/fund-cohort-historical-evidence-investigation01-2026-10-04/comparison_successor.html:542: trailing whitespace.
+                        
research/onchain-paper-replication-2026-09-24/full_sources/fund-cohort-historical-evidence-investigation01-2026-10-04/comparison_successor.html:544: trailing whitespace.
+                        
research/onchain-paper-replication-2026-09-24/full_sources/fund-cohort-historical-evidence-investigation01-2026-10-04/comparison_successor.html:546: trailing whitespace.
+                        
research/onchain-paper-replication-2026-09-24/full_sources/fund-cohort-historical-evidence-investigation01-2026-10-04/comparison_successor.html:550: trailing whitespace.
+                
research/onchain-paper-replication-2026-09-24/full_sources/fund-cohort-historical-evidence-investigation01-2026-10-04/comparison_successor.html:551: trailing whitespace.
+            
research/onchain-paper-replication-2026-09-24/full_sources/fund-cohort-historical-evidence-investigation01-2026-10-04/comparison_successor.html:554: trailing whitespace.
+        
research/onchain-paper-replication-2026-09-24/full_sources/fund-cohort-historical-evidence-investigation01-2026-10-04/comparison_successor.html:555: trailing whitespace.
+            
research/onchain-paper-replication-2026-09-24/full_sources/fund-cohort-historical-evidence-investigation01-2026-10-04/comparison_successor.html:556: trailing whitespace.
+                
research/onchain-paper-replication-2026-09-24/full_sources/fund-cohort-historical-evidence-investigation01-2026-10-04/comparison_successor.html:557: trailing whitespace.
+    
research/onchain-paper-replication-2026-09-24/full_sources/fund-cohort-historical-evidence-investigation01-2026-10-04/comparison_successor.html:559: trailing whitespace.
+    
research/onchain-paper-replication-2026-09-24/full_sources/fund-cohort-historical-evidence-investigation01-2026-10-04/comparison_successor.html:562: trailing whitespace.
+            
research/onchain-paper-replication-2026-09-24/full_sources/fund-cohort-historical-evidence-investigation01-2026-10-04/comparison_successor.html:563: trailing whitespace.
+        
research/onchain-paper-replication-2026-09-24/full_sources/fund-cohort-historical-evidence-investigation01-2026-10-04/comparison_successor.html:566: trailing whitespace.
+    
research/onchain-paper-replication-2026-09-24/full_sources/fund-cohort-historical-evidence-investigation01-2026-10-04/comparison_successor.html:578: trailing whitespace.
+                    
research/onchain-paper-replication-2026-09-24/full_sources/fund-cohort-historical-evidence-investigation01-2026-10-04/comparison_successor.html:580: trailing whitespace.
+                            
research/onchain-paper-replication-2026-09-24/full_sources/fund-cohort-historical-evidence-investigation01-2026-10-04/comparison_successor.html:582: trailing whitespace.
+                            
research/onchain-paper-replication-2026-09-24/full_sources/fund-cohort-historical-evidence-investigation01-2026-10-04/comparison_successor.html:584: trailing whitespace.
+                            
research/onchain-paper-replication-2026-09-24/full_sources/fund-cohort-historical-evidence-investigation01-2026-10-04/comparison_successor.html:586: trailing whitespace.
+                            
research/onchain-paper-replication-2026-09-24/full_sources/fund-cohort-historical-evidence-investigation01-2026-10-04/comparison_successor.html:588: trailing whitespace.
+                            
research/onchain-paper-replication-2026-09-24/full_sources/fund-cohort-historical-evidence-investigation01-2026-10-04/comparison_successor.html:590: trailing whitespace.
+                            
research/onchain-paper-replication-2026-09-24/full_sources/fund-cohort-historical-evidence-investigation01-2026-10-04/comparison_successor.html:594: trailing whitespace.
+                    
research/onchain-paper-replication-2026-09-24/full_sources/fund-cohort-historical-evidence-investigation01-2026-10-04/comparison_successor.html:596: trailing whitespace.
+                            
research/onchain-paper-replication-2026-09-24/full_sources/fund-cohort-historical-evidence-investigation01-2026-10-04/comparison_successor.html:598: trailing whitespace.
+                            
research/onchain-paper-replication-2026-09-24/full_sources/fund-cohort-historical-evidence-investigation01-2026-10-04/comparison_successor.html:600: trailing whitespace.
+                            
research/onchain-paper-replication-2026-09-24/full_sources/fund-cohort-historical-evidence-investigation01-2026-10-04/comparison_successor.html:602: trailing whitespace.
+                            
research/onchain-paper-replication-2026-09-24/full_sources/fund-cohort-historical-evidence-investigation01-2026-10-04/comparison_successor.html:604: trailing whitespace.
+                            
research/onchain-paper-replication-2026-09-24/full_sources/fund-cohort-historical-evidence-investigation01-2026-10-04/comparison_successor.html:606: trailing whitespace.
+                            
research/onchain-paper-replication-2026-09-24/full_sources/fund-cohort-historical-evidence-investigation01-2026-10-04/comparison_successor.html:610: trailing whitespace.
+                    
research/onchain-paper-replication-2026-09-24/full_sources/fund-cohort-historical-evidence-investigation01-2026-10-04/comparison_successor.html:612: trailing whitespace.
+                            
research/onchain-paper-replication-2026-09-24/full_sources/fund-cohort-historical-evidence-investigation01-2026-10-04/comparison_successor.html:614: trailing whitespace.
+                            
research/onchain-paper-replication-2026-09-24/full_sources/fund-cohort-historical-evidence-investigation01-2026-10-04/comparison_successor.html:616: trailing whitespace.
+                            
research/onchain-paper-replication-2026-09-24/full_sources/fund-cohort-historical-evidence-investigation01-2026-10-04/comparison_successor.html:618: trailing whitespace.
+                            
research/onchain-paper-replication-2026-09-24/full_sources/fund-cohort-historical-evidence-investigation01-2026-10-04/comparison_successor.html:620: trailing whitespace.
+                            
research/onchain-paper-replication-2026-09-24/full_sources/fund-cohort-historical-evidence-investigation01-2026-10-04/comparison_successor.html:622: trailing whitespace.
+                            
research/onchain-paper-replication-2026-09-24/full_sources/fund-cohort-historical-evidence-investigation01-2026-10-04/comparison_successor.html:626: trailing whitespace.
+                    
research/onchain-paper-replication-2026-09-24/full_sources/fund-cohort-historical-evidence-investigation01-2026-10-04/comparison_successor.html:630: trailing whitespace.
+                    
research/onchain-paper-replication-2026-09-24/full_sources/fund-cohort-historical-evidence-investigation01-2026-10-04/comparison_successor.html:638: trailing whitespace.
+                    
research/onchain-paper-replication-2026-09-24/full_sources/fund-cohort-historical-evidence-investigation01-2026-10-04/comparison_successor.html:648: trailing whitespace.
+                        
research/onchain-paper-replication-2026-09-24/full_sources/fund-cohort-historical-evidence-investigation01-2026-10-04/comparison_successor.html:657: trailing whitespace.
+            
research/onchain-paper-replication-2026-09-24/full_sources/fund-cohort-historical-evidence-investigation01-2026-10-04/comparison_successor.html:686: trailing whitespace.
+            
research/onchain-paper-replication-2026-09-24/full_sources/fund-cohort-historical-evidence-investigation01-2026-10-04/comparison_successor.html:697: trailing whitespace.
+                        
research/onchain-paper-replication-2026-09-24/full_sources/fund-cohort-historical-evidence-investigation01-2026-10-04/comparison_successor.html:702: trailing whitespace.
+    
research/onchain-paper-replication-2026-09-24/full_sources/fund-cohort-historical-evidence-investigation01-2026-10-04/comparison_successor.html:707: trailing whitespace.
+    
research/onchain-paper-replication-2026-09-24/full_sources/fund-cohort-historical-evidence-investigation01-2026-10-04/comparison_successor.html:712: trailing whitespace.
+        
research/onchain-paper-replication-2026-09-24/full_sources/fund-cohort-historical-evidence-investigation01-2026-10-04/comparison_successor.html:715: trailing whitespace.
+                    
research/onchain-paper-replication-2026-09-24/full_sources/fund-cohort-historical-evidence-investigation01-2026-10-04/comparison_successor.html:716: trailing whitespace.
+    
research/onchain-paper-replication-2026-09-24/full_sources/fund-cohort-historical-evidence-investigation01-2026-10-04/comparison_successor.html:719: trailing whitespace.
+                
research/onchain-paper-replication-2026-09-24/full_sources/fund-cohort-historical-evidence-investigation01-2026-10-04/comparison_successor.html:726: trailing whitespace.
+                
research/onchain-paper-replication-2026-09-24/full_sources/fund-cohort-historical-evidence-investigation01-2026-10-04/comparison_successor.html:733: trailing whitespace.
+                
research/onchain-paper-replication-2026-09-24/full_sources/fund-cohort-historical-evidence-investigation01-2026-10-04/comparison_successor.html:737: trailing whitespace.
+                
research/onchain-paper-replication-2026-09-24/full_sources/fund-cohort-historical-evidence-investigation01-2026-10-04/comparison_successor.html:740: trailing whitespace.
+    
research/onchain-paper-replication-2026-09-24/full_sources/fund-cohort-historical-evidence-investigation01-2026-10-04/comparison_successor.html:745: trailing whitespace.
+                        
research/onchain-paper-replication-2026-09-24/full_sources/fund-cohort-historical-evidence-investigation01-2026-10-04/comparison_successor.html:747: trailing whitespace.
+    
research/onchain-paper-replication-2026-09-24/full_sources/fund-cohort-historical-evidence-investigation01-2026-10-04/comparison_successor.html:751: trailing whitespace.
+    
research/onchain-paper-replication-2026-09-24/full_sources/fund-cohort-historical-evidence-investigation01-2026-10-04/comparison_successor.html:752: trailing whitespace.
+    
research/onchain-paper-replication-2026-09-24/full_sources/fund-cohort-historical-evidence-investigation01-2026-10-04/comparison_successor.html:759: trailing whitespace.
+                        
research/onchain-paper-replication-2026-09-24/full_sources/fund-cohort-historical-evidence-investigation01-2026-10-04/comparison_successor.html:763: trailing whitespace.
+                        
research/onchain-paper-replication-2026-09-24/full_sources/fund-cohort-historical-evidence-investigation01-2026-10-04/comparison_successor.html:773: trailing whitespace.
+                        
research/onchain-paper-replication-2026-09-24/full_sources/fund-cohort-historical-evidence-investigation01-2026-10-04/comparison_successor.html:775: trailing whitespace.
+                            
research/onchain-paper-replication-2026-09-24/full_sources/fund-cohort-historical-evidence-investigation01-2026-10-04/comparison_successor.html:779: trailing whitespace.
+                    
research/onchain-paper-replication-2026-09-24/full_sources/fund-cohort-historical-evidence-investigation01-2026-10-04/comparison_successor.html:782: trailing whitespace.
+                    
research/onchain-paper-replication-2026-09-24/full_sources/fund-cohort-historical-evidence-investigation01-2026-10-04/comparison_successor.html:786: trailing whitespace.
+    
research/onchain-paper-replication-2026-09-24/full_sources/fund-cohort-historical-evidence-investigation01-2026-10-04/comparison_successor.html:788: trailing whitespace.
+                            
research/onchain-paper-replication-2026-09-24/full_sources/fund-cohort-historical-evidence-investigation01-2026-10-04/comparison_successor.html:789: trailing whitespace.
+                            
research/onchain-paper-replication-2026-09-24/full_sources/fund-cohort-historical-evidence-investigation01-2026-10-04/comparison_successor.html:791: trailing whitespace.
+        
research/onchain-paper-replication-2026-09-24/full_sources/fund-cohort-historical-evidence-investigation01-2026-10-04/comparison_successor.html:797: trailing whitespace.
+        
research/onchain-paper-replication-2026-09-24/full_sources/fund-cohort-historical-evidence-investigation01-2026-10-04/comparison_successor.html:811: trailing whitespace.
+                    
research/onchain-paper-replication-2026-09-24/full_sources/fund-cohort-historical-evidence-investigation01-2026-10-04/comparison_successor.html:812: trailing whitespace.
+                        
research/onchain-paper-replication-2026-09-24/full_sources/fund-cohort-historical-evidence-investigation01-2026-10-04/comparison_successor.html:814: trailing whitespace.
+                        
research/onchain-paper-replication-2026-09-24/full_sources/fund-cohort-historical-evidence-investigation01-2026-10-04/comparison_successor.html:830: trailing whitespace.
+                        
research/onchain-paper-replication-2026-09-24/full_sources/fund-cohort-historical-evidence-investigation01-2026-10-04/comparison_successor.html:839: trailing whitespace.
+                        
research/onchain-paper-replication-2026-09-24/full_sources/fund-cohort-historical-evidence-investigation01-2026-10-04/comparison_successor.html:840: trailing whitespace.
+                        
research/onchain-paper-replication-2026-09-24/full_sources/fund-cohort-historical-evidence-investigation01-2026-10-04/comparison_successor.html:849: trailing whitespace.
+                        
research/onchain-paper-replication-2026-09-24/full_sources/fund-cohort-historical-evidence-investigation01-2026-10-04/comparison_successor.html:850: trailing whitespace.
+                    
research/onchain-paper-replication-2026-09-24/full_sources/fund-cohort-historical-evidence-investigation01-2026-10-04/comparison_successor.html:853: trailing whitespace.
+        
research/onchain-paper-replication-2026-09-24/full_sources/fund-cohort-historical-evidence-investigation01-2026-10-04/comparison_successor.html:857: trailing whitespace.
+        
research/onchain-paper-replication-2026-09-24/full_sources/fund-cohort-historical-evidence-investigation01-2026-10-04/comparison_successor.html:862: trailing whitespace.
+                
research/onchain-paper-replication-2026-09-24/full_sources/fund-cohort-historical-evidence-investigation01-2026-10-04/comparison_successor.html:863: trailing whitespace.
+                
research/onchain-paper-replication-2026-09-24/full_sources/fund-cohort-historical-evidence-investigation01-2026-10-04/comparison_successor.html:872: trailing whitespace.
+                            
research/onchain-paper-replication-2026-09-24/full_sources/fund-cohort-historical-evidence-investigation01-2026-10-04/comparison_successor.html:874: trailing whitespace.
+                                    
research/onchain-paper-replication-2026-09-24/full_sources/fund-cohort-historical-evidence-investigation01-2026-10-04/comparison_successor.html:878: trailing whitespace.
+                    
research/onchain-paper-replication-2026-09-24/full_sources/fund-cohort-historical-evidence-investigation01-2026-10-04/comparison_successor.html:881: trailing whitespace.
+                    
research/onchain-paper-replication-2026-09-24/full_sources/fund-cohort-historical-evidence-investigation01-2026-10-04/comparison_successor.html:885: trailing whitespace.
+    
research/onchain-paper-replication-2026-09-24/full_sources/fund-cohort-historical-evidence-investigation01-2026-10-04/comparison_successor.html:888: trailing whitespace.
+                                    
research/onchain-paper-replication-2026-09-24/full_sources/fund-cohort-historical-evidence-investigation01-2026-10-04/comparison_successor.html:890: trailing whitespace.
+                            
research/onchain-paper-replication-2026-09-24/full_sources/fund-cohort-historical-evidence-investigation01-2026-10-04/comparison_successor.html:893: trailing whitespace.
+                
research/onchain-paper-replication-2026-09-24/full_sources/fund-cohort-historical-evidence-investigation01-2026-10-04/comparison_successor.html:898: trailing whitespace.
+                        
research/onchain-paper-replication-2026-09-24/full_sources/fund-cohort-historical-evidence-investigation01-2026-10-04/comparison_successor.html:899: trailing whitespace.
+    
research/onchain-paper-replication-2026-09-24/full_sources/fund-cohort-historical-evidence-investigation01-2026-10-04/comparison_successor.html:903: trailing whitespace.
+                            
research/onchain-paper-replication-2026-09-24/full_sources/fund-cohort-historical-evidence-investigation01-2026-10-04/comparison_successor.html:905: trailing whitespace.
+            
research/onchain-paper-replication-2026-09-24/full_sources/fund-cohort-historical-evidence-investigation01-2026-10-04/comparison_successor.html:911: trailing whitespace.
+            
research/onchain-paper-replication-2026-09-24/full_sources/fund-cohort-historical-evidence-investigation01-2026-10-04/comparison_successor.html:912: trailing whitespace.
+            
research/onchain-paper-replication-2026-09-24/full_sources/fund-cohort-historical-evidence-investigation01-2026-10-04/comparison_successor.html:918: trailing whitespace.
+            
research/onchain-paper-replication-2026-09-24/full_sources/fund-cohort-historical-evidence-investigation01-2026-10-04/comparison_successor.html:919: trailing whitespace.
+            
research/onchain-paper-replication-2026-09-24/full_sources/fund-cohort-historical-evidence-investigation01-2026-10-04/comparison_successor.html:920: trailing whitespace.
+                
research/onchain-paper-replication-2026-09-24/full_sources/fund-cohort-historical-evidence-investigation01-2026-10-04/comparison_successor.html:928: trailing whitespace.
+                
research/onchain-paper-replication-2026-09-24/full_sources/fund-cohort-historical-evidence-investigation01-2026-10-04/comparison_successor.html:929: trailing whitespace.
+            
research/onchain-paper-replication-2026-09-24/full_sources/fund-cohort-historical-evidence-investigation01-2026-10-04/comparison_successor.html:930: trailing whitespace.
+            
research/onchain-paper-replication-2026-09-24/full_sources/fund-cohort-historical-evidence-investigation01-2026-10-04/comparison_successor.html:931: trailing whitespace.
+            
research/onchain-paper-replication-2026-09-24/full_sources/fund-cohort-historical-evidence-investigation01-2026-10-04/comparison_successor.html:932: trailing whitespace.
+                
research/onchain-paper-replication-2026-09-24/full_sources/fund-cohort-historical-evidence-investigation01-2026-10-04/comparison_successor.html:938: trailing whitespace.
+                
research/onchain-paper-replication-2026-09-24/full_sources/fund-cohort-historical-evidence-investigation01-2026-10-04/comparison_successor.html:939: trailing whitespace.
+            
research/onchain-paper-replication-2026-09-24/full_sources/fund-cohort-historical-evidence-investigation01-2026-10-04/comparison_successor.html:941: trailing whitespace.
+    
research/onchain-paper-replication-2026-09-24/full_sources/fund-cohort-historical-evidence-investigation01-2026-10-04/comparison_successor.html:943: trailing whitespace.
+                        
research/onchain-paper-replication-2026-09-24/full_sources/fund-cohort-historical-evidence-investigation01-2026-10-04/comparison_successor.html:944: trailing whitespace.
+                        
research/onchain-paper-replication-2026-09-24/full_sources/fund-cohort-historical-evidence-investigation01-2026-10-04/comparison_successor.html:945: trailing whitespace.
+    
research/onchain-paper-replication-2026-09-24/full_sources/fund-cohort-historical-evidence-investigation01-2026-10-04/comparison_successor.html:946: trailing whitespace.
+    
research/onchain-paper-replication-2026-09-24/full_sources/fund-cohort-historical-evidence-investigation01-2026-10-04/comparison_successor.html:948: trailing whitespace.
+    
research/onchain-paper-replication-2026-09-24/full_sources/fund-cohort-historical-evidence-investigation01-2026-10-04/comparison_successor.html:949: trailing whitespace.
+    
research/onchain-paper-replication-2026-09-24/full_sources/fund-cohort-historical-evidence-investigation01-2026-10-04/comparison_successor.html:951: trailing whitespace.
+                        
research/onchain-paper-replication-2026-09-24/full_sources/fund-cohort-historical-evidence-investigation01-2026-10-04/comparison_successor.html:957: trailing whitespace.
+                    
research/onchain-paper-replication-2026-09-24/full_sources/fund-cohort-historical-evidence-investigation01-2026-10-04/comparison_successor.html:960: trailing whitespace.
+                    
research/onchain-paper-replication-2026-09-24/full_sources/fund-cohort-historical-evidence-investigation01-2026-10-04/comparison_successor.html:962: trailing whitespace.
+                    
research/onchain-paper-replication-2026-09-24/full_sources/fund-cohort-historical-evidence-investigation01-2026-10-04/comparison_successor.html:963: trailing whitespace.
+    
research/onchain-paper-replication-2026-09-24/full_sources/fund-cohort-historical-evidence-investigation01-2026-10-04/comparison_successor.html:966: trailing whitespace.
+                    
research/onchain-paper-replication-2026-09-24/full_sources/fund-cohort-historical-evidence-investigation01-2026-10-04/comparison_successor.html:969: trailing whitespace.
+                        
research/onchain-paper-replication-2026-09-24/full_sources/fund-cohort-historical-evidence-investigation01-2026-10-04/comparison_successor.html:972: trailing whitespace.
+                    
research/onchain-paper-replication-2026-09-24/full_sources/fund-cohort-historical-evidence-investigation01-2026-10-04/comparison_successor.html:974: trailing whitespace.
+                    
research/onchain-paper-replication-2026-09-24/full_sources/fund-cohort-historical-evidence-investigation01-2026-10-04/comparison_successor.html:975: trailing whitespace.
+                        
research/onchain-paper-replication-2026-09-24/full_sources/fund-cohort-historical-evidence-investigation01-2026-10-04/comparison_successor.html:976: trailing whitespace.
+        
research/onchain-paper-replication-2026-09-24/full_sources/fund-cohort-historical-evidence-investigation01-2026-10-04/comparison_successor.html:980: trailing whitespace.
+                    
research/onchain-paper-replication-2026-09-24/full_sources/fund-cohort-historical-evidence-investigation01-2026-10-04/comparison_successor.html:983: trailing whitespace.
+                                
research/onchain-paper-replication-2026-09-24/full_sources/fund-cohort-historical-evidence-investigation01-2026-10-04/comparison_successor.html:985: trailing whitespace.
+                                
research/onchain-paper-replication-2026-09-24/full_sources/fund-cohort-historical-evidence-investigation01-2026-10-04/comparison_successor.html:999: trailing whitespace.
+                                        
research/onchain-paper-replication-2026-09-24/full_sources/fund-cohort-historical-evidence-investigation01-2026-10-04/comparison_successor.html:1005: trailing whitespace.
+                    
research/onchain-paper-replication-2026-09-24/full_sources/fund-cohort-historical-evidence-investigation01-2026-10-04/comparison_successor.html:1008: trailing whitespace.
+                                
research/onchain-paper-replication-2026-09-24/full_sources/fund-cohort-historical-evidence-investigation01-2026-10-04/comparison_successor.html:1010: trailing whitespace.
+                                
research/onchain-paper-replication-2026-09-24/full_sources/fund-cohort-historical-evidence-investigation01-2026-10-04/comparison_successor.html:1030: trailing whitespace.
+                    
research/onchain-paper-replication-2026-09-24/full_sources/fund-cohort-historical-evidence-investigation01-2026-10-04/comparison_successor.html:1033: trailing whitespace.
+                                
research/onchain-paper-replication-2026-09-24/full_sources/fund-cohort-historical-evidence-investigation01-2026-10-04/comparison_successor.html:1035: trailing whitespace.
+                                
research/onchain-paper-replication-2026-09-24/full_sources/fund-cohort-historical-evidence-investigation01-2026-10-04/comparison_successor.html:1049: trailing whitespace.
+                                        
research/onchain-paper-replication-2026-09-24/full_sources/fund-cohort-historical-evidence-investigation01-2026-10-04/comparison_successor.html:1055: trailing whitespace.
+                    
research/onchain-paper-replication-2026-09-24/full_sources/fund-cohort-historical-evidence-investigation01-2026-10-04/comparison_successor.html:1058: trailing whitespace.
+        
research/onchain-paper-replication-2026-09-24/full_sources/fund-cohort-historical-evidence-investigation01-2026-10-04/comparison_successor.html:1071: trailing whitespace.
+        
research/onchain-paper-replication-2026-09-24/full_sources/fund-cohort-historical-evidence-investigation01-2026-10-04/comparison_successor.html:1072: trailing whitespace.
+    
research/onchain-paper-replication-2026-09-24/full_sources/fund-cohort-historical-evidence-investigation01-2026-10-04/comparison_successor.html:1073: trailing whitespace.
+                    
research/onchain-paper-replication-2026-09-24/full_sources/fund-cohort-historical-evidence-investigation01-2026-10-04/comparison_successor.html:1075: trailing whitespace.
+                        
research/onchain-paper-replication-2026-09-24/full_sources/fund-cohort-historical-evidence-investigation01-2026-10-04/comparison_successor.html:1080: trailing whitespace.
+        
research/onchain-paper-replication-2026-09-24/full_sources/fund-cohort-historical-evidence-investigation01-2026-10-04/comparison_successor.html:1084: trailing whitespace.
+        
research/onchain-paper-replication-2026-09-24/full_sources/fund-cohort-historical-evidence-investigation01-2026-10-04/comparison_successor.html:1088: trailing whitespace.
+        
research/onchain-paper-replication-2026-09-24/full_sources/fund-cohort-historical-evidence-investigation01-2026-10-04/comparison_successor.html:1092: trailing whitespace.
+        
research/onchain-paper-replication-2026-09-24/full_sources/fund-cohort-historical-evidence-investigation01-2026-10-04/comparison_successor.html:1096: trailing whitespace.
+        
research/onchain-paper-replication-2026-09-24/full_sources/fund-cohort-historical-evidence-investigation01-2026-10-04/comparison_successor.html:1100: trailing whitespace.
+        
research/onchain-paper-replication-2026-09-24/full_sources/fund-cohort-historical-evidence-investigation01-2026-10-04/comparison_successor.html:1104: trailing whitespace.
+        
research/onchain-paper-replication-2026-09-24/full_sources/fund-cohort-historical-evidence-investigation01-2026-10-04/comparison_successor.html:1108: trailing whitespace.
+        
research/onchain-paper-replication-2026-09-24/full_sources/fund-cohort-historical-evidence-investigation01-2026-10-04/comparison_successor.html:1113: trailing whitespace.
+                    
research/onchain-paper-replication-2026-09-24/full_sources/fund-cohort-historical-evidence-investigation01-2026-10-04/comparison_successor.html:1114: trailing whitespace.
+                        
research/onchain-paper-replication-2026-09-24/full_sources/fund-cohort-historical-evidence-investigation01-2026-10-04/comparison_successor.html:1175: trailing whitespace.
+                      
research/onchain-paper-replication-2026-09-24/full_sources/fund-cohort-historical-evidence-investigation01-2026-10-04/comparison_successor.html:1177: trailing whitespace.
+                      
research/onchain-paper-replication-2026-09-24/full_sources/fund-cohort-historical-evidence-investigation01-2026-10-04/comparison_successor.html:1181: trailing whitespace.
+                      
research/onchain-paper-replication-2026-09-24/full_sources/fund-cohort-historical-evidence-investigation01-2026-10-04/comparison_successor.html:1183: trailing whitespace.
+                      
research/onchain-paper-replication-2026-09-24/full_sources/fund-cohort-historical-evidence-investigation01-2026-10-04/comparison_successor.html:1187: trailing whitespace.
+                      
research/onchain-paper-replication-2026-09-24/full_sources/fund-cohort-historical-evidence-investigation01-2026-10-04/comparison_successor.html:1189: trailing whitespace.
+                      
research/onchain-paper-replication-2026-09-24/full_sources/fund-cohort-historical-evidence-investigation01-2026-10-04/comparison_successor.html:1193: trailing whitespace.
+                      
research/onchain-paper-replication-2026-09-24/full_sources/fund-cohort-historical-evidence-investigation01-2026-10-04/comparison_successor.html:1195: trailing whitespace.
+                      
research/onchain-paper-replication-2026-09-24/full_sources/fund-cohort-historical-evidence-investigation01-2026-10-04/comparison_successor.html:1273: trailing whitespace.
+                        
research/onchain-paper-replication-2026-09-24/full_sources/fund-cohort-historical-evidence-investigation01-2026-10-04/comparison_successor.html:1274: trailing whitespace.
+                    
research/onchain-paper-replication-2026-09-24/full_sources/fund-cohort-historical-evidence-investigation01-2026-10-04/comparison_successor.html:1276: trailing whitespace.
+                        
research/onchain-paper-replication-2026-09-24/full_sources/fund-cohort-historical-evidence-investigation01-2026-10-04/comparison_successor.html:1278: trailing whitespace.
+                    
research/onchain-paper-replication-2026-09-24/full_sources/fund-cohort-historical-evidence-investigation01-2026-10-04/comparison_successor.html:1279: trailing whitespace.
+                        
research/onchain-paper-replication-2026-09-24/full_sources/fund-cohort-historical-evidence-investigation01-2026-10-04/comparison_successor.html:1280: trailing whitespace.
+                    
research/onchain-paper-replication-2026-09-24/full_sources/fund-cohort-historical-evidence-investigation01-2026-10-04/comparison_successor.html:1282: trailing whitespace.
+                    
research/onchain-paper-replication-2026-09-24/full_sources/fund-cohort-historical-evidence-investigation01-2026-10-04/comparison_successor.html:1285: trailing whitespace.
+              
research/onchain-paper-replication-2026-09-24/full_sources/fund-cohort-historical-evidence-investigation01-2026-10-04/comparison_successor.html:1385: trailing whitespace.
+              
research/onchain-paper-replication-2026-09-24/full_sources/fund-cohort-historical-evidence-investigation01-2026-10-04/comparison_successor.html:1386: trailing whitespace.
+              
research/onchain-paper-replication-2026-09-24/full_sources/fund-cohort-historical-evidence-investigation01-2026-10-04/comparison_successor.html:1389: trailing whitespace.
+              
research/onchain-paper-replication-2026-09-24/full_sources/fund-cohort-historical-evidence-investigation01-2026-10-04/comparison_successor.html:1397: trailing whitespace.
+                    
research/onchain-paper-replication-2026-09-24/full_sources/fund-cohort-historical-evidence-investigation01-2026-10-04/comparison_successor.html:1399: trailing whitespace.
+                    
research/onchain-paper-replication-2026-09-24/full_sources/fund-cohort-historical-evidence-investigation01-2026-10-04/comparison_successor.html:1403: trailing whitespace.
+            
research/onchain-paper-replication-2026-09-24/full_sources/fund-cohort-historical-evidence-investigation01-2026-10-04/comparison_successor.html:1414: trailing whitespace.
+            
research/onchain-paper-replication-2026-09-24/full_sources/fund-cohort-historical-evidence-investigation01-2026-10-04/comparison_successor.html:1425: trailing whitespace.
+            
research/onchain-paper-replication-2026-09-24/full_sources/fund-cohort-historical-evidence-investigation01-2026-10-04/comparison_successor.html:1432: trailing whitespace.
+            
research/onchain-paper-replication-2026-09-24/full_sources/fund-cohort-historical-evidence-investigation01-2026-10-04/comparison_successor.html:1433: trailing whitespace.
+                
research/onchain-paper-replication-2026-09-24/full_sources/fund-cohort-historical-evidence-investigation01-2026-10-04/comparison_successor.html:1437: trailing whitespace.
+            
research/onchain-paper-replication-2026-09-24/full_sources/fund-cohort-historical-evidence-investigation01-2026-10-04/comparison_successor.html:1439: trailing whitespace.
+            
research/onchain-paper-replication-2026-09-24/full_sources/fund-cohort-historical-evidence-investigation01-2026-10-04/comparison_successor.html:1441: trailing whitespace.
+            
research/onchain-paper-replication-2026-09-24/full_sources/fund-cohort-historical-evidence-investigation01-2026-10-04/comparison_successor.html:1443: trailing whitespace.
+                    
research/onchain-paper-replication-2026-09-24/full_sources/fund-cohort-historical-evidence-investigation01-2026-10-04/comparison_successor.html:1444: trailing whitespace.
+    
research/onchain-paper-replication-2026-09-24/full_sources/fund-cohort-historical-evidence-investigation01-2026-10-04/comparison_successor.html:1447: trailing whitespace.
+            
research/onchain-paper-replication-2026-09-24/full_sources/fund-cohort-historical-evidence-investigation01-2026-10-04/comparison_successor.html:1449: trailing whitespace.
+                    
research/onchain-paper-replication-2026-09-24/full_sources/fund-cohort-historical-evidence-investigation01-2026-10-04/comparison_successor.html:1451: trailing whitespace.
+                    
research/onchain-paper-replication-2026-09-24/full_sources/fund-cohort-historical-evidence-investigation01-2026-10-04/comparison_successor.html:1457: trailing whitespace.
+            
research/onchain-paper-replication-2026-09-24/full_sources/fund-cohort-historical-evidence-investigation01-2026-10-04/comparison_successor.html:1466: trailing whitespace.
+    
research/onchain-paper-replication-2026-09-24/full_sources/fund-cohort-historical-evidence-investigation01-2026-10-04/comparison_successor.html:1469: trailing whitespace.
+            
research/onchain-paper-replication-2026-09-24/full_sources/fund-cohort-historical-evidence-investigation01-2026-10-04/comparison_successor.html:1472: trailing whitespace.
+                
research/onchain-paper-replication-2026-09-24/full_sources/fund-cohort-historical-evidence-investigation01-2026-10-04/comparison_successor.html:1478: trailing whitespace.
+                    
research/onchain-paper-replication-2026-09-24/full_sources/fund-cohort-historical-evidence-investigation01-2026-10-04/comparison_successor.html:1479: trailing whitespace.
+                    
research/onchain-paper-replication-2026-09-24/full_sources/fund-cohort-historical-evidence-investigation01-2026-10-04/comparison_successor.html:1480: trailing whitespace.
+                        
research/onchain-paper-replication-2026-09-24/full_sources/fund-cohort-historical-evidence-investigation01-2026-10-04/comparison_successor.html:1481: trailing whitespace.
+                            
research/onchain-paper-replication-2026-09-24/full_sources/fund-cohort-historical-evidence-investigation01-2026-10-04/comparison_successor.html:1482: trailing whitespace.
+                        
research/onchain-paper-replication-2026-09-24/full_sources/fund-cohort-historical-evidence-investigation01-2026-10-04/comparison_successor.html:1483: trailing whitespace.
+                    
research/onchain-paper-replication-2026-09-24/full_sources/fund-cohort-historical-evidence-investigation01-2026-10-04/comparison_successor.html:1527: trailing whitespace.
+            
research/onchain-paper-replication-2026-09-24/full_sources/fund-cohort-historical-evidence-investigation01-2026-10-04/comparison_successor.html:1530: trailing whitespace.
+    
research/onchain-paper-replication-2026-09-24/full_sources/fund-cohort-historical-evidence-investigation01-2026-10-04/comparison_successor.html:1536: trailing whitespace.
+    
research/onchain-paper-replication-2026-09-24/full_sources/fund-cohort-historical-evidence-investigation01-2026-10-04/comparison_successor.html:1542: trailing whitespace.
+											
research/onchain-paper-replication-2026-09-24/full_sources/fund-cohort-historical-evidence-investigation01-2026-10-04/comparison_successor.html:1569: trailing whitespace.
+    
research/onchain-paper-replication-2026-09-24/full_sources/fund-cohort-historical-evidence-investigation01-2026-10-04/comparison_successor.html:1573: trailing whitespace.
+    
research/onchain-paper-replication-2026-09-24/full_sources/fund-cohort-historical-evidence-investigation01-2026-10-04/comparison_successor.html:1576: trailing whitespace.
+            
research/onchain-paper-replication-2026-09-24/full_sources/fund-cohort-historical-evidence-investigation01-2026-10-04/comparison_successor.html:1579: trailing whitespace.
+										 
research/onchain-paper-replication-2026-09-24/full_sources/fund-cohort-historical-evidence-investigation01-2026-10-04/comparison_successor.html:1593: trailing whitespace.
+            
research/onchain-paper-replication-2026-09-24/full_sources/fund-cohort-historical-evidence-investigation01-2026-10-04/comparison_successor.html:1596: trailing whitespace.
+										 
research/onchain-paper-replication-2026-09-24/full_sources/fund-cohort-historical-evidence-investigation01-2026-10-04/comparison_successor.html:1610: trailing whitespace.
+            
research/onchain-paper-replication-2026-09-24/full_sources/fund-cohort-historical-evidence-investigation01-2026-10-04/comparison_successor.html:1613: trailing whitespace.
+										 
research/onchain-paper-replication-2026-09-24/full_sources/fund-cohort-historical-evidence-investigation01-2026-10-04/comparison_successor.html:1627: trailing whitespace.
+            
research/onchain-paper-replication-2026-09-24/full_sources/fund-cohort-historical-evidence-investigation01-2026-10-04/comparison_successor.html:1629: trailing whitespace.
+    
research/onchain-paper-replication-2026-09-24/full_sources/fund-cohort-historical-evidence-investigation01-2026-10-04/comparison_successor.html:1636: trailing whitespace.
+			
research/onchain-paper-replication-2026-09-24/full_sources/fund-cohort-historical-evidence-investigation01-2026-10-04/comparison_successor.html:1639: trailing whitespace.
+		
research/onchain-paper-replication-2026-09-24/full_sources/fund-cohort-historical-evidence-investigation01-2026-10-04/comparison_successor.html:1643: trailing whitespace.
+				
research/onchain-paper-replication-2026-09-24/full_sources/fund-cohort-historical-evidence-investigation01-2026-10-04/comparison_successor.html:1644: trailing whitespace.
+					<li class="eds-c-footer__item"><a class="eds-c-footer__link" href="https://link.springer.com/journals/a/1" 
research/onchain-paper-replication-2026-09-24/full_sources/fund-cohort-historical-evidence-investigation01-2026-10-04/comparison_successor.html:1653: trailing whitespace.
+				
research/onchain-paper-replication-2026-09-24/full_sources/fund-cohort-historical-evidence-investigation01-2026-10-04/comparison_successor.html:1654: trailing whitespace.
+					<li class="eds-c-footer__item"><a class="eds-c-footer__link" href="https://link.springer.com/books/a/1" 
research/onchain-paper-replication-2026-09-24/full_sources/fund-cohort-historical-evidence-investigation01-2026-10-04/comparison_successor.html:1663: trailing whitespace.
+				
research/onchain-paper-replication-2026-09-24/full_sources/fund-cohort-historical-evidence-investigation01-2026-10-04/comparison_successor.html:1664: trailing whitespace.
+					<li class="eds-c-footer__item"><a class="eds-c-footer__link" href="https://link.springer.com/subjects" 
research/onchain-paper-replication-2026-09-24/full_sources/fund-cohort-historical-evidence-investigation01-2026-10-04/comparison_successor.html:1673: trailing whitespace.
+				
research/onchain-paper-replication-2026-09-24/full_sources/fund-cohort-historical-evidence-investigation01-2026-10-04/comparison_successor.html:1676: trailing whitespace.
+		
research/onchain-paper-replication-2026-09-24/full_sources/fund-cohort-historical-evidence-investigation01-2026-10-04/comparison_successor.html:1680: trailing whitespace.
+				
research/onchain-paper-replication-2026-09-24/full_sources/fund-cohort-historical-evidence-investigation01-2026-10-04/comparison_successor.html:1681: trailing whitespace.
+					<li class="eds-c-footer__item"><a class="eds-c-footer__link" href="https://link.springer.com/journals" 
research/onchain-paper-replication-2026-09-24/full_sources/fund-cohort-historical-evidence-investigation01-2026-10-04/comparison_successor.html:1690: trailing whitespace.
+				
research/onchain-paper-replication-2026-09-24/full_sources/fund-cohort-historical-evidence-investigation01-2026-10-04/comparison_successor.html:1691: trailing whitespace.
+					<li class="eds-c-footer__item"><a class="eds-c-footer__link" href="https://www.springernature.com/gp/authors" 
research/onchain-paper-replication-2026-09-24/full_sources/fund-cohort-historical-evidence-investigation01-2026-10-04/comparison_successor.html:1700: trailing whitespace.
+				
research/onchain-paper-replication-2026-09-24/full_sources/fund-cohort-historical-evidence-investigation01-2026-10-04/comparison_successor.html:1701: trailing whitespace.
+					<li class="eds-c-footer__item"><a class="eds-c-footer__link" href="https://authorservices.springernature.com/go/sn/?utm_source&#x3D;SNLinkfooter&amp;utm_medium&#x3D;Web&amp;utm_campaign&#x3D;SNReferral" 
research/onchain-paper-replication-2026-09-24/full_sources/fund-cohort-historical-evidence-investigation01-2026-10-04/comparison_successor.html:1710: trailing whitespace.
+				
research/onchain-paper-replication-2026-09-24/full_sources/fund-cohort-historical-evidence-investigation01-2026-10-04/comparison_successor.html:1711: trailing whitespace.
+					<li class="eds-c-footer__item"><a class="eds-c-footer__link" href="https://www.springernature.com/gp/open-science/about/the-fundamentals-of-open-access-and-open-research" 
research/onchain-paper-replication-2026-09-24/full_sources/fund-cohort-historical-evidence-investigation01-2026-10-04/comparison_successor.html:1720: trailing whitespace.
+				
research/onchain-paper-replication-2026-09-24/full_sources/fund-cohort-historical-evidence-investigation01-2026-10-04/comparison_successor.html:1723: trailing whitespace.
+		
research/onchain-paper-replication-2026-09-24/full_sources/fund-cohort-historical-evidence-investigation01-2026-10-04/comparison_successor.html:1727: trailing whitespace.
+				
research/onchain-paper-replication-2026-09-24/full_sources/fund-cohort-historical-evidence-investigation01-2026-10-04/comparison_successor.html:1728: trailing whitespace.
+					<li class="eds-c-footer__item"><a class="eds-c-footer__link" href="https://www.springernature.com/gp/products" 
research/onchain-paper-replication-2026-09-24/full_sources/fund-cohort-historical-evidence-investigation01-2026-10-04/comparison_successor.html:1737: trailing whitespace.
+				
research/onchain-paper-replication-2026-09-24/full_sources/fund-cohort-historical-evidence-investigation01-2026-10-04/comparison_successor.html:1738: trailing whitespace.
+					<li class="eds-c-footer__item"><a class="eds-c-footer__link" href="https://www.springernature.com/gp/librarians" 
research/onchain-paper-replication-2026-09-24/full_sources/fund-cohort-historical-evidence-investigation01-2026-10-04/comparison_successor.html:1747: trailing whitespace.
+				
research/onchain-paper-replication-2026-09-24/full_sources/fund-cohort-historical-evidence-investigation01-2026-10-04/comparison_successor.html:1748: trailing whitespace.
+					<li class="eds-c-footer__item"><a class="eds-c-footer__link" href="https://www.springernature.com/gp/societies" 
research/onchain-paper-replication-2026-09-24/full_sources/fund-cohort-historical-evidence-investigation01-2026-10-04/comparison_successor.html:1757: trailing whitespace.
+				
research/onchain-paper-replication-2026-09-24/full_sources/fund-cohort-historical-evidence-investigation01-2026-10-04/comparison_successor.html:1758: trailing whitespace.
+					<li class="eds-c-footer__item"><a class="eds-c-footer__link" href="https://www.springernature.com/gp/partners" 
research/onchain-paper-replication-2026-09-24/full_sources/fund-cohort-historical-evidence-investigation01-2026-10-04/comparison_successor.html:1767: trailing whitespace.
+				
research/onchain-paper-replication-2026-09-24/full_sources/fund-cohort-historical-evidence-investigation01-2026-10-04/comparison_successor.html:1770: trailing whitespace.
+		
research/onchain-paper-replication-2026-09-24/full_sources/fund-cohort-historical-evidence-investigation01-2026-10-04/comparison_successor.html:1774: trailing whitespace.
+				
research/onchain-paper-replication-2026-09-24/full_sources/fund-cohort-historical-evidence-investigation01-2026-10-04/comparison_successor.html:1775: trailing whitespace.
+					<li class="eds-c-footer__item"><a class="eds-c-footer__link" href="https://link.springer.com/brands/springer" 
research/onchain-paper-replication-2026-09-24/full_sources/fund-cohort-historical-evidence-investigation01-2026-10-04/comparison_successor.html:1784: trailing whitespace.
+				
research/onchain-paper-replication-2026-09-24/full_sources/fund-cohort-historical-evidence-investigation01-2026-10-04/comparison_successor.html:1785: trailing whitespace.
+					<li class="eds-c-footer__item"><a class="eds-c-footer__link" href="https://www.nature.com/" 
research/onchain-paper-replication-2026-09-24/full_sources/fund-cohort-historical-evidence-investigation01-2026-10-04/comparison_successor.html:1794: trailing whitespace.
+				
research/onchain-paper-replication-2026-09-24/full_sources/fund-cohort-historical-evidence-investigation01-2026-10-04/comparison_successor.html:1795: trailing whitespace.
+					<li class="eds-c-footer__item"><a class="eds-c-footer__link" href="https://link.springer.com/brands/bmc" 
research/onchain-paper-replication-2026-09-24/full_sources/fund-cohort-historical-evidence-investigation01-2026-10-04/comparison_successor.html:1804: trailing whitespace.
+				
research/onchain-paper-replication-2026-09-24/full_sources/fund-cohort-historical-evidence-investigation01-2026-10-04/comparison_successor.html:1805: trailing whitespace.
+					<li class="eds-c-footer__item"><a class="eds-c-footer__link" href="/brands/palgrave" 
research/onchain-paper-replication-2026-09-24/full_sources/fund-cohort-historical-evidence-investigation01-2026-10-04/comparison_successor.html:1814: trailing whitespace.
+				
research/onchain-paper-replication-2026-09-24/full_sources/fund-cohort-historical-evidence-investigation01-2026-10-04/comparison_successor.html:1815: trailing whitespace.
+					<li class="eds-c-footer__item"><a class="eds-c-footer__link" href="/brands/apress" 
research/onchain-paper-replication-2026-09-24/full_sources/fund-cohort-historical-evidence-investigation01-2026-10-04/comparison_successor.html:1824: trailing whitespace.
+				
research/onchain-paper-replication-2026-09-24/full_sources/fund-cohort-historical-evidence-investigation01-2026-10-04/comparison_successor.html:1825: trailing whitespace.
+					<li class="eds-c-footer__item"><a class="eds-c-footer__link" href="https://link.springer.com/brands/discover" 
research/onchain-paper-replication-2026-09-24/full_sources/fund-cohort-historical-evidence-investigation01-2026-10-04/comparison_successor.html:1834: trailing whitespace.
+				
research/onchain-paper-replication-2026-09-24/full_sources/fund-cohort-historical-evidence-investigation01-2026-10-04/comparison_successor.html:1837: trailing whitespace.
+		
research/onchain-paper-replication-2026-09-24/full_sources/fund-cohort-historical-evidence-investigation01-2026-10-04/comparison_successor.html:1841: trailing whitespace.
+			
research/onchain-paper-replication-2026-09-24/full_sources/fund-cohort-historical-evidence-investigation01-2026-10-04/comparison_successor.html:1843: trailing whitespace.
+	
research/onchain-paper-replication-2026-09-24/full_sources/fund-cohort-historical-evidence-investigation01-2026-10-04/comparison_successor.html:1846: trailing whitespace.
+			
research/onchain-paper-replication-2026-09-24/full_sources/fund-cohort-historical-evidence-investigation01-2026-10-04/comparison_successor.html:1848: trailing whitespace.
+					
research/onchain-paper-replication-2026-09-24/full_sources/fund-cohort-historical-evidence-investigation01-2026-10-04/comparison_successor.html:1849: trailing whitespace.
+					
research/onchain-paper-replication-2026-09-24/full_sources/fund-cohort-historical-evidence-investigation01-2026-10-04/comparison_successor.html:1851: trailing whitespace.
+							
research/onchain-paper-replication-2026-09-24/full_sources/fund-cohort-historical-evidence-investigation01-2026-10-04/comparison_successor.html:1860: trailing whitespace.
+					
research/onchain-paper-replication-2026-09-24/full_sources/fund-cohort-historical-evidence-investigation01-2026-10-04/comparison_successor.html:1862: trailing whitespace.
+			
research/onchain-paper-replication-2026-09-24/full_sources/fund-cohort-historical-evidence-investigation01-2026-10-04/comparison_successor.html:1864: trailing whitespace.
+					
research/onchain-paper-replication-2026-09-24/full_sources/fund-cohort-historical-evidence-investigation01-2026-10-04/comparison_successor.html:1866: trailing whitespace.
+							
research/onchain-paper-replication-2026-09-24/full_sources/fund-cohort-historical-evidence-investigation01-2026-10-04/comparison_successor.html:1875: trailing whitespace.
+					
research/onchain-paper-replication-2026-09-24/full_sources/fund-cohort-historical-evidence-investigation01-2026-10-04/comparison_successor.html:1876: trailing whitespace.
+					
research/onchain-paper-replication-2026-09-24/full_sources/fund-cohort-historical-evidence-investigation01-2026-10-04/comparison_successor.html:1878: trailing whitespace.
+			
research/onchain-paper-replication-2026-09-24/full_sources/fund-cohort-historical-evidence-investigation01-2026-10-04/comparison_successor.html:1880: trailing whitespace.
+					
research/onchain-paper-replication-2026-09-24/full_sources/fund-cohort-historical-evidence-investigation01-2026-10-04/comparison_successor.html:1882: trailing whitespace.
+							
research/onchain-paper-replication-2026-09-24/full_sources/fund-cohort-historical-evidence-investigation01-2026-10-04/comparison_successor.html:1891: trailing whitespace.
+					
research/onchain-paper-replication-2026-09-24/full_sources/fund-cohort-historical-evidence-investigation01-2026-10-04/comparison_successor.html:1892: trailing whitespace.
+					
research/onchain-paper-replication-2026-09-24/full_sources/fund-cohort-historical-evidence-investigation01-2026-10-04/comparison_successor.html:1894: trailing whitespace.
+			
research/onchain-paper-replication-2026-09-24/full_sources/fund-cohort-historical-evidence-investigation01-2026-10-04/comparison_successor.html:1896: trailing whitespace.
+					
research/onchain-paper-replication-2026-09-24/full_sources/fund-cohort-historical-evidence-investigation01-2026-10-04/comparison_successor.html:1898: trailing whitespace.
+							
research/onchain-paper-replication-2026-09-24/full_sources/fund-cohort-historical-evidence-investigation01-2026-10-04/comparison_successor.html:1907: trailing whitespace.
+					
research/onchain-paper-replication-2026-09-24/full_sources/fund-cohort-historical-evidence-investigation01-2026-10-04/comparison_successor.html:1908: trailing whitespace.
+					
research/onchain-paper-replication-2026-09-24/full_sources/fund-cohort-historical-evidence-investigation01-2026-10-04/comparison_successor.html:1910: trailing whitespace.
+			
research/onchain-paper-replication-2026-09-24/full_sources/fund-cohort-historical-evidence-investigation01-2026-10-04/comparison_successor.html:1912: trailing whitespace.
+					
research/onchain-paper-replication-2026-09-24/full_sources/fund-cohort-historical-evidence-investigation01-2026-10-04/comparison_successor.html:1914: trailing whitespace.
+							
research/onchain-paper-replication-2026-09-24/full_sources/fund-cohort-historical-evidence-investigation01-2026-10-04/comparison_successor.html:1923: trailing whitespace.
+					
research/onchain-paper-replication-2026-09-24/full_sources/fund-cohort-historical-evidence-investigation01-2026-10-04/comparison_successor.html:1924: trailing whitespace.
+					
research/onchain-paper-replication-2026-09-24/full_sources/fund-cohort-historical-evidence-investigation01-2026-10-04/comparison_successor.html:1926: trailing whitespace.
+			
research/onchain-paper-replication-2026-09-24/full_sources/fund-cohort-historical-evidence-investigation01-2026-10-04/comparison_successor.html:1928: trailing whitespace.
+					
research/onchain-paper-replication-2026-09-24/full_sources/fund-cohort-historical-evidence-investigation01-2026-10-04/comparison_successor.html:1930: trailing whitespace.
+							
research/onchain-paper-replication-2026-09-24/full_sources/fund-cohort-historical-evidence-investigation01-2026-10-04/comparison_successor.html:1939: trailing whitespace.
+					
research/onchain-paper-replication-2026-09-24/full_sources/fund-cohort-historical-evidence-investigation01-2026-10-04/comparison_successor.html:1940: trailing whitespace.
+					
research/onchain-paper-replication-2026-09-24/full_sources/fund-cohort-historical-evidence-investigation01-2026-10-04/comparison_successor.html:1942: trailing whitespace.
+			
research/onchain-paper-replication-2026-09-24/full_sources/fund-cohort-historical-evidence-investigation01-2026-10-04/comparison_successor.html:1944: trailing whitespace.
+					
research/onchain-paper-replication-2026-09-24/full_sources/fund-cohort-historical-evidence-investigation01-2026-10-04/comparison_successor.html:1946: trailing whitespace.
+							
research/onchain-paper-replication-2026-09-24/full_sources/fund-cohort-historical-evidence-investigation01-2026-10-04/comparison_successor.html:1955: trailing whitespace.
+					
research/onchain-paper-replication-2026-09-24/full_sources/fund-cohort-historical-evidence-investigation01-2026-10-04/comparison_successor.html:1956: trailing whitespace.
+					
research/onchain-paper-replication-2026-09-24/full_sources/fund-cohort-historical-evidence-investigation01-2026-10-04/comparison_successor.html:1958: trailing whitespace.
+			
research/onchain-paper-replication-2026-09-24/full_sources/fund-cohort-historical-evidence-investigation01-2026-10-04/comparison_successor.html:1960: trailing whitespace.
+					
research/onchain-paper-replication-2026-09-24/full_sources/fund-cohort-historical-evidence-investigation01-2026-10-04/comparison_successor.html:1962: trailing whitespace.
+							
research/onchain-paper-replication-2026-09-24/full_sources/fund-cohort-historical-evidence-investigation01-2026-10-04/comparison_successor.html:1965: trailing whitespace.
+					
research/onchain-paper-replication-2026-09-24/full_sources/fund-cohort-historical-evidence-investigation01-2026-10-04/comparison_successor.html:1966: trailing whitespace.
+					
research/onchain-paper-replication-2026-09-24/full_sources/fund-cohort-historical-evidence-investigation01-2026-10-04/comparison_successor.html:1968: trailing whitespace.
+			
research/onchain-paper-replication-2026-09-24/full_sources/fund-cohort-historical-evidence-investigation01-2026-10-04/comparison_successor.html:1970: trailing whitespace.
+	
research/onchain-paper-replication-2026-09-24/full_sources/fund-cohort-historical-evidence-investigation01-2026-10-04/comparison_successor.html:1975: trailing whitespace.
+			
research/onchain-paper-replication-2026-09-24/full_sources/fund-cohort-historical-evidence-investigation01-2026-10-04/comparison_successor.html:1976: trailing whitespace.
+				
research/onchain-paper-replication-2026-09-24/full_sources/fund-cohort-historical-evidence-investigation01-2026-10-04/comparison_successor.html:1979: trailing whitespace.
+							
research/onchain-paper-replication-2026-09-24/full_sources/fund-cohort-historical-evidence-investigation01-2026-10-04/comparison_successor.html:1984: trailing whitespace.
+				
research/onchain-paper-replication-2026-09-24/full_sources/fund-cohort-historical-evidence-investigation01-2026-10-04/comparison_successor.html:1985: trailing whitespace.
+			
research/onchain-paper-replication-2026-09-24/full_sources/fund-cohort-historical-evidence-investigation01-2026-10-04/comparison_successor.html:1986: trailing whitespace.
+			
research/onchain-paper-replication-2026-09-24/full_sources/fund-cohort-historical-evidence-investigation01-2026-10-04/comparison_successor.html:1990: trailing whitespace.
+			
research/onchain-paper-replication-2026-09-24/full_sources/fund-cohort-historical-evidence-investigation01-2026-10-04/comparison_successor.html:2001: new blank line at EOF.
