{"date": "2022-01-01", "phase": "extract", "status": "starting"}
{"date": "2022-01-01", "source": "complete", "count": "unavailable"}
{"passed": true, "date": "2022-01-01", "count_verified": false}
{"date": "2022-01-01", "source": "complete", "graph": "unavailable", "completed_days": 1, "stopped": null}
{"date": "2022-01-02", "phase": "extract", "status": "starting"}
{"date": "2022-01-02", "source": "complete", "count": "complete"}
{"passed": true, "date": "2022-01-02", "count_verified": true}
{"date": "2022-01-02", "source": "complete", "graph": "complete", "completed_days": 2, "stopped": null}
{"date": "2022-01-03", "phase": "extract", "status": "starting"}
{"date": "2022-01-03", "source": "complete", "count": "complete"}
{"passed": true, "date": "2022-01-03", "count_verified": true}
{"date": "2022-01-03", "source": "complete", "graph": "complete", "completed_days": 3, "stopped": null}
{"date": "2022-01-04", "phase": "extract", "status": "starting"}
{"date": "2022-01-04", "source": "complete", "count": "complete"}
{"passed": true, "date": "2022-01-04", "count_verified": true}
{"date": "2022-01-04", "source": "complete", "graph": "complete", "completed_days": 4, "stopped": null}
{"date": "2022-01-05", "phase": "extract", "status": "starting"}
{"date": "2022-01-05", "source": "complete", "count": "complete"}
{"passed": true, "date": "2022-01-05", "count_verified": true}
{"date": "2022-01-05", "source": "complete", "graph": "complete", "completed_days": 5, "stopped": null}
{"date": "2022-01-06", "phase": "extract", "status": "starting"}
{"date": "2022-01-06", "source": "complete", "count": "complete"}
{"passed": true, "date": "2022-01-06", "count_verified": true}
{"date": "2022-01-06", "source": "complete", "graph": "complete", "completed_days": 6, "stopped": null}
{"date": "2022-01-07", "phase": "extract", "status": "starting"}
{"date": "2022-01-07", "source": "complete", "count": "complete"}
{"passed": true, "date": "2022-01-07", "count_verified": true}
{"date": "2022-01-07", "source": "complete", "graph": "complete", "completed_days": 7, "stopped": null}
{"date": "2022-01-08", "phase": "extract", "status": "starting"}
{"date": "2022-01-08", "source": "complete", "count": "complete"}
{"passed": true, "date": "2022-01-08", "count_verified": true}
{"date": "2022-01-08", "source": "complete", "graph": "complete", "completed_days": 8, "stopped": null}
{"date": "2022-01-09", "phase": "extract", "status": "starting"}
{"date": "2022-01-09", "source": "complete", "count": "complete"}
{"passed": true, "date": "2022-01-09", "count_verified": true}
{"date": "2022-01-09", "source": "complete", "graph": "complete", "completed_days": 9, "stopped": null}
{"date": "2022-01-10", "phase": "extract", "status": "starting"}
{"date": "2022-01-10", "source": "complete", "count": "complete"}
{"passed": true, "date": "2022-01-10", "count_verified": true}
{"date": "2022-01-10", "source": "complete", "graph": "complete", "completed_days": 10, "stopped": null}
{"date": "2022-01-11", "phase": "extract", "status": "starting"}
{"date": "2022-01-11", "source": "complete", "count": "complete"}
{"passed": true, "date": "2022-01-11", "count_verified": true}
{"date": "2022-01-11", "source": "complete", "graph": "complete", "completed_days": 11, "stopped": null}
{"date": "2022-01-12", "phase": "extract", "status": "starting"}
{"date": "2022-01-12", "source": "complete", "count": "complete"}
{"passed": true, "date": "2022-01-12", "count_verified": true}
{"date": "2022-01-12", "source": "complete", "graph": "complete", "completed_days": 12, "stopped": null}
{"date": "2022-01-13", "phase": "extract", "status": "starting"}
{"date": "2022-01-13", "source": "complete", "count": "complete"}
{"passed": true, "date": "2022-01-13", "count_verified": true}
{"date": "2022-01-13", "source": "complete", "graph": "complete", "completed_days": 13, "stopped": null}
{"date": "2022-01-14", "phase": "extract", "status": "starting"}
{"date": "2022-01-14", "source": "complete", "count": "complete"}
{"passed": true, "date": "2022-01-14", "count_verified": true}
{"date": "2022-01-14", "source": "complete", "graph": "complete", "completed_days": 14, "stopped": null}
{"date": "2022-01-15", "phase": "extract", "status": "starting"}
{"date": "2022-01-15", "source": "complete", "count": "complete"}
{"passed": true, "date": "2022-01-15", "count_verified": true}
{"date": "2022-01-15", "source": "complete", "graph": "complete", "completed_days": 15, "stopped": null}
{"date": "2022-01-16", "phase": "extract", "status": "starting"}
{"date": "2022-01-16", "source": "complete", "count": "complete"}
{"passed": true, "date": "2022-01-16", "count_verified": true}
{"date": "2022-01-16", "source": "complete", "graph": "complete", "completed_days": 16, "stopped": null}
{"date": "2022-01-17", "phase": "extract", "status": "starting"}
{"date": "2022-01-17", "source": "complete", "count": "complete"}
{"passed": true, "date": "2022-01-17", "count_verified": true}
{"date": "2022-01-17", "source": "complete", "graph": "complete", "completed_days": 17, "stopped": null}
{"date": "2022-01-18", "phase": "extract", "status": "starting"}
{"date": "2022-01-18", "source": "complete", "count": "complete"}
{"passed": true, "date": "2022-01-18", "count_verified": true}
{"date": "2022-01-18", "source": "complete", "graph": "complete", "completed_days": 18, "stopped": null}
{"date": "2022-01-19", "phase": "extract", "status": "starting"}
{"date": "2022-01-19", "source": "complete", "count": "complete"}
{"passed": true, "date": "2022-01-19", "count_verified": true}
{"date": "2022-01-19", "source": "complete", "graph": "complete", "completed_days": 19, "stopped": null}
{"date": "2022-01-20", "phase": "extract", "status": "starting"}
{"date": "2022-01-20", "source": "complete", "count": "complete"}
{"passed": true, "date": "2022-01-20", "count_verified": true}
{"date": "2022-01-20", "source": "complete", "graph": "complete", "completed_days": 20, "stopped": null}
{"date": "2022-01-21", "phase": "extract", "status": "starting"}
{"date": "2022-01-21", "source": "complete", "count": "complete"}
{"passed": true, "date": "2022-01-21", "count_verified": true}
{"date": "2022-01-21", "source": "complete", "graph": "complete", "completed_days": 21, "stopped": null}
{"date": "2022-01-22", "phase": "extract", "status": "starting"}
{"date": "2022-01-22", "source": "complete", "count": "complete"}
{"passed": true, "date": "2022-01-22", "count_verified": true}
{"date": "2022-01-22", "source": "complete", "graph": "complete", "completed_days": 22, "stopped": null}
{"date": "2022-01-23", "phase": "extract", "status": "starting"}
{"date": "2022-01-23", "source": "complete", "count": "complete"}
{"passed": true, "date": "2022-01-23", "count_verified": true}
{"date": "2022-01-23", "source": "complete", "graph": "complete", "completed_days": 23, "stopped": null}
{"date": "2022-01-24", "phase": "extract", "status": "starting"}
{"date": "2022-01-24", "source": "complete", "count": "complete"}
{"passed": true, "date": "2022-01-24", "count_verified": true}
{"date": "2022-01-24", "source": "complete", "graph": "complete", "completed_days": 24, "stopped": null}
{"date": "2022-01-25", "phase": "extract", "status": "starting"}
{"date": "2022-01-25", "source": "complete", "count": "complete"}
{"passed": true, "date": "2022-01-25", "count_verified": true}
{"date": "2022-01-25", "source": "complete", "graph": "complete", "completed_days": 25, "stopped": null}
{"date": "2022-01-26", "phase": "extract", "status": "starting"}
{"date": "2022-01-26", "source": "complete", "count": "complete"}
{"passed": true, "date": "2022-01-26", "count_verified": true}
{"date": "2022-01-26", "source": "complete", "graph": "complete", "completed_days": 26, "stopped": null}
{"date": "2022-01-27", "phase": "extract", "status": "starting"}
{"date": "2022-01-27", "source": "complete", "count": "complete"}
{"passed": true, "date": "2022-01-27", "count_verified": true}
{"date": "2022-01-27", "source": "complete", "graph": "complete", "completed_days": 27, "stopped": null}
{"date": "2022-01-28", "phase": "extract", "status": "starting"}
{"date": "2022-01-28", "source": "complete", "count": "complete"}
{"passed": true, "date": "2022-01-28", "count_verified": true}
{"date": "2022-01-28", "source": "complete", "graph": "complete", "completed_days": 28, "stopped": null}
{"date": "2022-01-29", "phase": "extract", "status": "starting"}
{"date": "2022-01-29", "source": "complete", "count": "complete"}
{"passed": true, "date": "2022-01-29", "count_verified": true}
{"date": "2022-01-29", "source": "complete", "graph": "complete", "completed_days": 29, "stopped": null}
{"date": "2022-01-30", "phase": "extract", "status": "starting"}
{"date": "2022-01-30", "source": "complete", "count": "complete"}
{"passed": true, "date": "2022-01-30", "count_verified": true}
{"date": "2022-01-30", "source": "complete", "graph": "complete", "completed_days": 30, "stopped": null}
{"date": "2022-01-31", "phase": "extract", "status": "starting"}
{"date": "2022-01-31", "source": "complete", "count": "complete"}
{"passed": true, "date": "2022-01-31", "count_verified": true}
{"date": "2022-01-31", "source": "complete", "graph": "complete", "completed_days": 31, "stopped": null}
{"date": "2022-02-01", "phase": "extract", "status": "starting"}
{"date": "2022-02-01", "source": "complete", "count": "complete"}
{"passed": true, "date": "2022-02-01", "count_verified": true}
{"date": "2022-02-01", "source": "complete", "graph": "complete", "completed_days": 32, "stopped": null}
{"date": "2022-02-02", "phase": "extract", "status": "starting"}
{"date": "2022-02-02", "source": "complete", "count": "complete"}
{"passed": true, "date": "2022-02-02", "count_verified": true}
{"date": "2022-02-02", "source": "complete", "graph": "complete", "completed_days": 33, "stopped": null}
{"date": "2022-02-03", "phase": "extract", "status": "starting"}
{"date": "2022-02-03", "source": "complete", "count": "complete"}
{"passed": true, "date": "2022-02-03", "count_verified": true}
{"date": "2022-02-03", "source": "complete", "graph": "complete", "completed_days": 34, "stopped": null}
{"date": "2022-02-04", "phase": "extract", "status": "starting"}
{"date": "2022-02-04", "source": "complete", "count": "complete"}
{"passed": true, "date": "2022-02-04", "count_verified": true}
{"date": "2022-02-04", "source": "complete", "graph": "complete", "completed_days": 35, "stopped": null}
{"date": "2022-02-05", "phase": "extract", "status": "starting"}
{"date": "2022-02-05", "source": "complete", "count": "complete"}
{"passed": true, "date": "2022-02-05", "count_verified": true}
{"date": "2022-02-05", "source": "complete", "graph": "complete", "completed_days": 36, "stopped": null}
{"date": "2022-02-06", "phase": "extract", "status": "starting"}
{"date": "2022-02-06", "source": "complete", "count": "complete"}
{"passed": true, "date": "2022-02-06", "count_verified": true}
{"date": "2022-02-06", "source": "complete", "graph": "complete", "completed_days": 37, "stopped": null}
{"date": "2022-02-07", "phase": "extract", "status": "starting"}
{"date": "2022-02-07", "source": "complete", "count": "complete"}
{"passed": true, "date": "2022-02-07", "count_verified": true}
{"date": "2022-02-07", "source": "complete", "graph": "complete", "completed_days": 38, "stopped": null}
{"date": "2022-02-08", "phase": "extract", "status": "starting"}
{"date": "2022-02-08", "source": "complete", "count": "complete"}
{"passed": true, "date": "2022-02-08", "count_verified": true}
{"date": "2022-02-08", "source": "complete", "graph": "complete", "completed_days": 39, "stopped": null}
{"date": "2022-02-09", "phase": "extract", "status": "starting"}
{"date": "2022-02-09", "source": "complete", "count": "complete"}
{"passed": true, "date": "2022-02-09", "count_verified": true}
{"date": "2022-02-09", "source": "complete", "graph": "complete", "completed_days": 40, "stopped": null}
{"date": "2022-02-10", "phase": "extract", "status": "starting"}
{"date": "2022-02-10", "source": "complete", "count": "complete"}
{"passed": true, "date": "2022-02-10", "count_verified": true}
{"date": "2022-02-10", "source": "complete", "graph": "complete", "completed_days": 41, "stopped": null}
{"date": "2022-02-11", "phase": "extract", "status": "starting"}
{"date": "2022-02-11", "source": "complete", "count": "complete"}
{"passed": true, "date": "2022-02-11", "count_verified": true}
{"date": "2022-02-11", "source": "complete", "graph": "complete", "completed_days": 42, "stopped": null}
{"date": "2022-02-12", "phase": "extract", "status": "starting"}
{"date": "2022-02-12", "source": "complete", "count": "complete"}
{"passed": true, "date": "2022-02-12", "count_verified": true}
{"date": "2022-02-12", "source": "complete", "graph": "complete", "completed_days": 43, "stopped": null}
{"date": "2022-02-13", "phase": "extract", "status": "starting"}
{"date": "2022-02-13", "source": "complete", "count": "complete"}
{"passed": true, "date": "2022-02-13", "count_verified": true}
{"date": "2022-02-13", "source": "complete", "graph": "complete", "completed_days": 44, "stopped": null}
{"date": "2022-02-14", "phase": "extract", "status": "starting"}
{"date": "2022-02-14", "source": "complete", "count": "complete"}
{"passed": true, "date": "2022-02-14", "count_verified": true}
{"date": "2022-02-14", "source": "complete", "graph": "complete", "completed_days": 45, "stopped": null}
{"date": "2022-02-15", "phase": "extract", "status": "starting"}
{"date": "2022-02-15", "source": "complete", "count": "complete"}
{"passed": true, "date": "2022-02-15", "count_verified": true}
{"date": "2022-02-15", "source": "complete", "graph": "complete", "completed_days": 46, "stopped": null}
{"date": "2022-02-16", "phase": "extract", "status": "starting"}
{"date": "2022-02-16", "source": "complete", "count": "complete"}
{"passed": true, "date": "2022-02-16", "count_verified": true}
{"date": "2022-02-16", "source": "complete", "graph": "complete", "completed_days": 47, "stopped": null}
{"date": "2022-02-17", "phase": "extract", "status": "starting"}
{"date": "2022-02-17", "source": "complete", "count": "complete"}
{"passed": true, "date": "2022-02-17", "count_verified": true}
{"date": "2022-02-17", "source": "complete", "graph": "complete", "completed_days": 48, "stopped": null}
{"date": "2022-02-18", "phase": "extract", "status": "starting"}
{"date": "2022-02-18", "source": "complete", "count": "complete"}
{"passed": true, "date": "2022-02-18", "count_verified": true}
{"date": "2022-02-18", "source": "complete", "graph": "complete", "completed_days": 49, "stopped": null}
{"date": "2022-02-19", "phase": "extract", "status": "starting"}
{"date": "2022-02-19", "source": "complete", "count": "complete"}
{"passed": true, "date": "2022-02-19", "count_verified": true}
{"date": "2022-02-19", "source": "complete", "graph": "complete", "completed_days": 50, "stopped": null}
{"date": "2022-02-20", "phase": "extract", "status": "starting"}
{"date": "2022-02-20", "source": "complete", "count": "complete"}
{"passed": true, "date": "2022-02-20", "count_verified": true}
{"date": "2022-02-20", "source": "complete", "graph": "complete", "completed_days": 51, "stopped": null}
{"date": "2022-02-21", "phase": "extract", "status": "starting"}
{"date": "2022-02-21", "source": "complete", "count": "complete"}
{"passed": true, "date": "2022-02-21", "count_verified": true}
{"date": "2022-02-21", "source": "complete", "graph": "complete", "completed_days": 52, "stopped": null}
{"date": "2022-02-22", "phase": "extract", "status": "starting"}
{"date": "2022-02-22", "source": "complete", "count": "complete"}
{"passed": true, "date": "2022-02-22", "count_verified": true}
{"date": "2022-02-22", "source": "complete", "graph": "complete", "completed_days": 53, "stopped": null}
{"date": "2022-02-23", "phase": "extract", "status": "starting"}
{"date": "2022-02-23", "source": "complete", "count": "complete"}
{"passed": true, "date": "2022-02-23", "count_verified": true}
{"date": "2022-02-23", "source": "complete", "graph": "complete", "completed_days": 54, "stopped": null}
{"date": "2022-02-24", "phase": "extract", "status": "starting"}
{"date": "2022-02-24", "source": "complete", "count": "complete"}
{"passed": true, "date": "2022-02-24", "count_verified": true}
{"date": "2022-02-24", "source": "complete", "graph": "complete", "completed_days": 55, "stopped": null}
{"date": "2022-02-25", "phase": "extract", "status": "starting"}
{"date": "2022-02-25", "source": "complete", "count": "complete"}
{"passed": true, "date": "2022-02-25", "count_verified": true}
{"date": "2022-02-25", "source": "complete", "graph": "complete", "completed_days": 56, "stopped": null}
{"date": "2022-02-26", "phase": "extract", "status": "starting"}
{"date": "2022-02-26", "source": "complete", "count": "complete"}
{"passed": true, "date": "2022-02-26", "count_verified": true}
{"date": "2022-02-26", "source": "complete", "graph": "complete", "completed_days": 57, "stopped": null}
{"date": "2022-02-27", "phase": "extract", "status": "starting"}
{"date": "2022-02-27", "source": "complete", "count": "complete"}
{"passed": true, "date": "2022-02-27", "count_verified": true}
{"date": "2022-02-27", "source": "complete", "graph": "complete", "completed_days": 58, "stopped": null}
{"date": "2022-02-28", "phase": "extract", "status": "starting"}
{"date": "2022-02-28", "source": "complete", "count": "complete"}
{"passed": true, "date": "2022-02-28", "count_verified": true}
{"date": "2022-02-28", "source": "complete", "graph": "complete", "completed_days": 59, "stopped": null}
{"date": "2022-03-01", "phase": "extract", "status": "starting"}
{"date": "2022-03-01", "source": "complete", "count": "complete"}
{"passed": true, "date": "2022-03-01", "count_verified": true}
{"date": "2022-03-01", "source": "complete", "graph": "complete", "completed_days": 60, "stopped": null}
{"date": "2022-03-02", "phase": "extract", "status": "starting"}
{"date": "2022-03-02", "source": "complete", "count": "complete"}
{"passed": true, "date": "2022-03-02", "count_verified": true}
{"date": "2022-03-02", "source": "complete", "graph": "complete", "completed_days": 61, "stopped": null}
{"date": "2022-03-03", "phase": "extract", "status": "starting"}
{"date": "2022-03-03", "source": "complete", "count": "complete"}
{"passed": true, "date": "2022-03-03", "count_verified": true}
{"date": "2022-03-03", "source": "complete", "graph": "complete", "completed_days": 62, "stopped": null}
{"date": "2022-03-04", "phase": "extract", "status": "starting"}
{"date": "2022-03-04", "source": "complete", "count": "complete"}
{"passed": true, "date": "2022-03-04", "count_verified": true}
{"date": "2022-03-04", "source": "complete", "graph": "complete", "completed_days": 63, "stopped": null}
{"date": "2022-03-05", "phase": "extract", "status": "starting"}
{"date": "2022-03-05", "source": "complete", "count": "complete"}
{"passed": true, "date": "2022-03-05", "count_verified": true}
{"date": "2022-03-05", "source": "complete", "graph": "complete", "completed_days": 64, "stopped": null}
{"date": "2022-03-06", "phase": "extract", "status": "starting"}
{"date": "2022-03-06", "source": "complete", "count": "complete"}
{"passed": true, "date": "2022-03-06", "count_verified": true}
{"date": "2022-03-06", "source": "complete", "graph": "complete", "completed_days": 65, "stopped": null}
{"date": "2022-03-07", "phase": "extract", "status": "starting"}
{"date": "2022-03-07", "source": "complete", "count": "complete"}
{"passed": true, "date": "2022-03-07", "count_verified": true}
{"date": "2022-03-07", "source": "complete", "graph": "complete", "completed_days": 66, "stopped": null}
{"date": "2022-03-08", "phase": "extract", "status": "starting"}
{"date": "2022-03-08", "source": "complete", "count": "complete"}
{"passed": true, "date": "2022-03-08", "count_verified": true}
{"date": "2022-03-08", "source": "complete", "graph": "complete", "completed_days": 67, "stopped": null}
{"date": "2022-03-09", "phase": "extract", "status": "starting"}
{"date": "2022-03-09", "source": "complete", "count": "complete"}
{"passed": true, "date": "2022-03-09", "count_verified": true}
{"date": "2022-03-09", "source": "complete", "graph": "complete", "completed_days": 68, "stopped": null}
{"date": "2022-03-10", "phase": "extract", "status": "starting"}
{"date": "2022-03-10", "source": "complete", "count": "complete"}
{"passed": true, "date": "2022-03-10", "count_verified": true}
{"date": "2022-03-10", "source": "complete", "graph": "complete", "completed_days": 69, "stopped": null}
{"date": "2022-03-11", "phase": "extract", "status": "starting"}
{"date": "2022-03-11", "source": "complete", "count": "complete"}
{"passed": true, "date": "2022-03-11", "count_verified": true}
{"date": "2022-03-11", "source": "complete", "graph": "complete", "completed_days": 70, "stopped": null}
{"date": "2022-03-12", "phase": "extract", "status": "starting"}
{"date": "2022-03-12", "source": "complete", "count": "complete"}
{"passed": true, "date": "2022-03-12", "count_verified": true}
{"date": "2022-03-12", "source": "complete", "graph": "complete", "completed_days": 71, "stopped": null}
{"date": "2022-03-13", "phase": "extract", "status": "starting"}
{"date": "2022-03-13", "source": "complete", "count": "complete"}
{"passed": true, "date": "2022-03-13", "count_verified": true}
{"date": "2022-03-13", "source": "complete", "graph": "complete", "completed_days": 72, "stopped": null}
{"date": "2022-03-14", "phase": "extract", "status": "starting"}
{"date": "2022-03-14", "source": "complete", "count": "complete"}
{"passed": true, "date": "2022-03-14", "count_verified": true}
{"date": "2022-03-14", "source": "complete", "graph": "complete", "completed_days": 73, "stopped": null}
{"date": "2022-03-15", "phase": "extract", "status": "starting"}
{"date": "2022-03-15", "source": "complete", "count": "complete"}
{"passed": true, "date": "2022-03-15", "count_verified": true}
{"date": "2022-03-15", "source": "complete", "graph": "complete", "completed_days": 74, "stopped": null}
{"date": "2022-03-16", "phase": "extract", "status": "starting"}
{"date": "2022-03-16", "source": "complete", "count": "complete"}
{"passed": true, "date": "2022-03-16", "count_verified": true}
{"date": "2022-03-16", "source": "complete", "graph": "complete", "completed_days": 75, "stopped": null}
{"date": "2022-03-17", "phase": "extract", "status": "starting"}
{"date": "2022-03-17", "source": "complete", "count": "complete"}
{"passed": true, "date": "2022-03-17", "count_verified": true}
{"date": "2022-03-17", "source": "complete", "graph": "complete", "completed_days": 76, "stopped": null}
{"date": "2022-03-18", "phase": "extract", "status": "starting"}
{"date": "2022-03-18", "source": "complete", "count": "complete"}
{"passed": true, "date": "2022-03-18", "count_verified": true}
{"date": "2022-03-18", "source": "complete", "graph": "complete", "completed_days": 77, "stopped": null}
{"date": "2022-03-19", "phase": "extract", "status": "starting"}
{"date": "2022-03-19", "source": "complete", "count": "complete"}
{"passed": true, "date": "2022-03-19", "count_verified": true}
{"date": "2022-03-19", "source": "complete", "graph": "complete", "completed_days": 78, "stopped": null}
{"date": "2022-03-20", "phase": "extract", "status": "starting"}
{"date": "2022-03-20", "source": "complete", "count": "complete"}
{"passed": true, "date": "2022-03-20", "count_verified": true}
{"date": "2022-03-20", "source": "complete", "graph": "complete", "completed_days": 79, "stopped": null}
{"date": "2022-03-21", "phase": "extract", "status": "starting"}
{"date": "2022-03-21", "source": "complete", "count": "complete"}
{"passed": true, "date": "2022-03-21", "count_verified": true}
{"date": "2022-03-21", "source": "complete", "graph": "complete", "completed_days": 80, "stopped": null}
{"date": "2022-03-22", "phase": "extract", "status": "starting"}
{"date": "2022-03-22", "source": "complete", "count": "complete"}
{"passed": true, "date": "2022-03-22", "count_verified": true}
{"date": "2022-03-22", "source": "complete", "graph": "complete", "completed_days": 81, "stopped": null}
{"date": "2022-03-23", "phase": "extract", "status": "starting"}
{"date": "2022-03-23", "source": "complete", "count": "complete"}
{"passed": true, "date": "2022-03-23", "count_verified": true}
{"date": "2022-03-23", "source": "complete", "graph": "complete", "completed_days": 82, "stopped": null}
{"date": "2022-03-24", "phase": "extract", "status": "starting"}
{"date": "2022-03-24", "source": "complete", "count": "complete"}
{"passed": true, "date": "2022-03-24", "count_verified": true}
{"date": "2022-03-24", "source": "complete", "graph": "complete", "completed_days": 83, "stopped": null}
{"date": "2022-03-25", "phase": "extract", "status": "starting"}
{"date": "2022-03-25", "source": "complete", "count": "complete"}
{"passed": true, "date": "2022-03-25", "count_verified": true}
{"date": "2022-03-25", "source": "complete", "graph": "complete", "completed_days": 84, "stopped": null}
{"date": "2022-03-26", "phase": "extract", "status": "starting"}
{"date": "2022-03-26", "source": "complete", "count": "complete"}
{"passed": true, "date": "2022-03-26", "count_verified": true}
{"date": "2022-03-26", "source": "complete", "graph": "complete", "completed_days": 85, "stopped": null}
{"date": "2022-03-27", "phase": "extract", "status": "starting"}
{"date": "2022-03-27", "source": "complete", "count": "complete"}
{"passed": true, "date": "2022-03-27", "count_verified": true}
{"date": "2022-03-27", "source": "complete", "graph": "complete", "completed_days": 86, "stopped": null}
{"date": "2022-03-28", "phase": "extract", "status": "starting"}
{"date": "2022-03-28", "source": "complete", "count": "complete"}
{"passed": true, "date": "2022-03-28", "count_verified": true}
{"date": "2022-03-28", "source": "complete", "graph": "complete", "completed_days": 87, "stopped": null}
{"date": "2022-03-29", "phase": "extract", "status": "starting"}
{"date": "2022-03-29", "source": "complete", "count": "complete"}
{"passed": true, "date": "2022-03-29", "count_verified": true}
{"date": "2022-03-29", "source": "complete", "graph": "complete", "completed_days": 88, "stopped": null}
{"date": "2022-03-30", "phase": "extract", "status": "starting"}
{"date": "2022-03-30", "source": "complete", "count": "complete"}
{"passed": true, "date": "2022-03-30", "count_verified": true}
{"date": "2022-03-30", "source": "complete", "graph": "complete", "completed_days": 89, "stopped": null}
{"date": "2022-03-31", "phase": "extract", "status": "starting"}
{"date": "2022-03-31", "source": "complete", "count": "complete"}
{"passed": true, "date": "2022-03-31", "count_verified": true}
{"date": "2022-03-31", "source": "complete", "graph": "complete", "completed_days": 90, "stopped": null}
{"date": "2022-04-01", "phase": "extract", "status": "starting"}
{"date": "2022-04-01", "source": "complete", "count": "complete"}
{"passed": true, "date": "2022-04-01", "count_verified": true}
{"date": "2022-04-01", "source": "complete", "graph": "complete", "completed_days": 91, "stopped": null}
{"date": "2022-04-02", "phase": "extract", "status": "starting"}
{"date": "2022-04-02", "source": "complete", "count": "complete"}
{"passed": true, "date": "2022-04-02", "count_verified": true}
{"date": "2022-04-02", "source": "complete", "graph": "complete", "completed_days": 92, "stopped": null}
{"date": "2022-04-03", "phase": "extract", "status": "starting"}
{"date": "2022-04-03", "source": "complete", "count": "complete"}
{"passed": true, "date": "2022-04-03", "count_verified": true}
{"date": "2022-04-03", "source": "complete", "graph": "complete", "completed_days": 93, "stopped": null}
{"date": "2022-04-04", "phase": "extract", "status": "starting"}
{"date": "2022-04-04", "source": "complete", "count": "complete"}
{"passed": true, "date": "2022-04-04", "count_verified": true}
{"date": "2022-04-04", "source": "complete", "graph": "complete", "completed_days": 94, "stopped": null}
{"date": "2022-04-05", "phase": "extract", "status": "starting"}
{"date": "2022-04-05", "source": "complete", "count": "complete"}
{"passed": true, "date": "2022-04-05", "count_verified": true}
{"date": "2022-04-05", "source": "complete", "graph": "complete", "completed_days": 95, "stopped": null}
{"date": "2022-04-06", "phase": "extract", "status": "starting"}
{"date": "2022-04-06", "source": "complete", "count": "complete"}
{"passed": true, "date": "2022-04-06", "count_verified": true}
{"date": "2022-04-06", "source": "complete", "graph": "complete", "completed_days": 96, "stopped": null}
{"date": "2022-04-07", "phase": "extract", "status": "starting"}
{"date": "2022-04-07", "source": "complete", "count": "complete"}
{"passed": true, "date": "2022-04-07", "count_verified": true}
{"date": "2022-04-07", "source": "complete", "graph": "complete", "completed_days": 97, "stopped": null}
{"date": "2022-04-08", "phase": "extract", "status": "starting"}
{"date": "2022-04-08", "source": "complete", "count": "complete"}
{"passed": true, "date": "2022-04-08", "count_verified": true}
{"date": "2022-04-08", "source": "complete", "graph": "complete", "completed_days": 98, "stopped": null}
{"date": "2022-04-09", "phase": "extract", "status": "starting"}
{"date": "2022-04-09", "source": "complete", "count": "complete"}
{"passed": true, "date": "2022-04-09", "count_verified": true}
{"date": "2022-04-09", "source": "complete", "graph": "complete", "completed_days": 99, "stopped": null}
{"date": "2022-04-10", "phase": "extract", "status": "starting"}
{"date": "2022-04-10", "source": "complete", "count": "complete"}
{"passed": true, "date": "2022-04-10", "count_verified": true}
{"date": "2022-04-10", "source": "complete", "graph": "complete", "completed_days": 100, "stopped": null}
{"date": "2022-04-11", "phase": "extract", "status": "starting"}
{"date": "2022-04-11", "source": "complete", "count": "complete"}
{"passed": true, "date": "2022-04-11", "count_verified": true}
{"date": "2022-04-11", "source": "complete", "graph": "complete", "completed_days": 101, "stopped": null}
{"date": "2022-04-12", "phase": "extract", "status": "starting"}
{"date": "2022-04-12", "source": "complete", "count": "complete"}
{"passed": true, "date": "2022-04-12", "count_verified": true}
{"date": "2022-04-12", "source": "complete", "graph": "complete", "completed_days": 102, "stopped": null}
{"date": "2022-04-13", "phase": "extract", "status": "starting"}
{"date": "2022-04-13", "source": "complete", "count": "complete"}
{"passed": true, "date": "2022-04-13", "count_verified": true}
{"date": "2022-04-13", "source": "complete", "graph": "complete", "completed_days": 103, "stopped": null}
{"date": "2022-04-14", "phase": "extract", "status": "starting"}
{"date": "2022-04-14", "source": "complete", "count": "complete"}
{"passed": true, "date": "2022-04-14", "count_verified": true}
{"date": "2022-04-14", "source": "complete", "graph": "complete", "completed_days": 104, "stopped": null}
{"date": "2022-04-15", "phase": "extract", "status": "starting"}
{"date": "2022-04-15", "source": "complete", "count": "complete"}
{"passed": true, "date": "2022-04-15", "count_verified": true}
{"date": "2022-04-15", "source": "complete", "graph": "complete", "completed_days": 105, "stopped": null}
{"date": "2022-04-16", "phase": "extract", "status": "starting"}
{"date": "2022-04-16", "source": "complete", "count": "complete"}
{"passed": true, "date": "2022-04-16", "count_verified": true}
{"date": "2022-04-16", "source": "complete", "graph": "complete", "completed_days": 106, "stopped": null}
{"date": "2022-04-17", "phase": "extract", "status": "starting"}
{"date": "2022-04-17", "source": "complete", "count": "complete"}
{"passed": true, "date": "2022-04-17", "count_verified": true}
{"date": "2022-04-17", "source": "complete", "graph": "complete", "completed_days": 107, "stopped": null}
{"date": "2022-04-18", "phase": "extract", "status": "starting"}
{"date": "2022-04-18", "source": "complete", "count": "complete"}
{"passed": true, "date": "2022-04-18", "count_verified": true}
{"date": "2022-04-18", "source": "complete", "graph": "complete", "completed_days": 108, "stopped": null}
{"date": "2022-04-19", "phase": "extract", "status": "starting"}
{"date": "2022-04-19", "source": "complete", "count": "complete"}
{"passed": true, "date": "2022-04-19", "count_verified": true}
{"date": "2022-04-19", "source": "complete", "graph": "complete", "completed_days": 109, "stopped": null}
{"date": "2022-04-20", "phase": "extract", "status": "starting"}
{"date": "2022-04-20", "source": "complete", "count": "complete"}
{"passed": true, "date": "2022-04-20", "count_verified": true}
{"date": "2022-04-20", "source": "complete", "graph": "complete", "completed_days": 110, "stopped": null}
{"date": "2022-04-21", "phase": "extract", "status": "starting"}
{"date": "2022-04-21", "source": "complete", "count": "complete"}
{"passed": true, "date": "2022-04-21", "count_verified": true}
{"date": "2022-04-21", "source": "complete", "graph": "complete", "completed_days": 111, "stopped": null}
{"date": "2022-04-22", "phase": "extract", "status": "starting"}
{"date": "2022-04-22", "source": "complete", "count": "complete"}
{"passed": true, "date": "2022-04-22", "count_verified": true}
{"date": "2022-04-22", "source": "complete", "graph": "complete", "completed_days": 112, "stopped": null}
{"date": "2022-04-23", "phase": "extract", "status": "starting"}
{"date": "2022-04-23", "source": "complete", "count": "complete"}
{"passed": true, "date": "2022-04-23", "count_verified": true}
{"date": "2022-04-23", "source": "complete", "graph": "complete", "completed_days": 113, "stopped": null}
{"date": "2022-04-24", "phase": "extract", "status": "starting"}
{"date": "2022-04-24", "source": "complete", "count": "complete"}
{"passed": true, "date": "2022-04-24", "count_verified": true}
{"date": "2022-04-24", "source": "complete", "graph": "complete", "completed_days": 114, "stopped": null}
{"date": "2022-04-25", "phase": "extract", "status": "starting"}
{"date": "2022-04-25", "source": "complete", "count": "complete"}
{"passed": true, "date": "2022-04-25", "count_verified": true}
{"date": "2022-04-25", "source": "complete", "graph": "complete", "completed_days": 115, "stopped": null}
{"date": "2022-04-26", "phase": "extract", "status": "starting"}
{"date": "2022-04-26", "source": "complete", "count": "complete"}
{"passed": true, "date": "2022-04-26", "count_verified": true}
{"date": "2022-04-26", "source": "complete", "graph": "complete", "completed_days": 116, "stopped": null}
{"date": "2022-04-27", "phase": "extract", "status": "starting"}
{"date": "2022-04-27", "source": "complete", "count": "complete"}
{"passed": true, "date": "2022-04-27", "count_verified": true}
{"date": "2022-04-27", "source": "complete", "graph": "complete", "completed_days": 117, "stopped": null}
{"date": "2022-04-28", "phase": "extract", "status": "starting"}
{"date": "2022-04-28", "source": "complete", "count": "complete"}
{"passed": true, "date": "2022-04-28", "count_verified": true}
{"date": "2022-04-28", "source": "complete", "graph": "complete", "completed_days": 118, "stopped": null}
{"date": "2022-04-29", "phase": "extract", "status": "starting"}
{"date": "2022-04-29", "source": "complete", "count": "complete"}
{"passed": true, "date": "2022-04-29", "count_verified": true}
{"date": "2022-04-29", "source": "complete", "graph": "complete", "completed_days": 119, "stopped": null}
{"date": "2022-04-30", "phase": "extract", "status": "starting"}
{"date": "2022-04-30", "source": "complete", "count": "complete"}
{"passed": true, "date": "2022-04-30", "count_verified": true}
{"date": "2022-04-30", "source": "complete", "graph": "complete", "completed_days": 120, "stopped": null}
{"date": "2022-05-01", "phase": "extract", "status": "starting"}
{"date": "2022-05-01", "source": "complete", "count": "complete"}
{"passed": true, "date": "2022-05-01", "count_verified": true}
{"date": "2022-05-01", "source": "complete", "graph": "complete", "completed_days": 121, "stopped": null}
{"date": "2022-05-02", "phase": "extract", "status": "starting"}
{"date": "2022-05-02", "source": "complete", "count": "complete"}
{"passed": true, "date": "2022-05-02", "count_verified": true}
{"date": "2022-05-02", "source": "complete", "graph": "complete", "completed_days": 122, "stopped": null}
{"date": "2022-05-03", "phase": "extract", "status": "starting"}
{"date": "2022-05-03", "source": "complete", "count": "complete"}
{"passed": true, "date": "2022-05-03", "count_verified": true}
{"date": "2022-05-03", "source": "complete", "graph": "complete", "completed_days": 123, "stopped": null}
{"date": "2022-05-04", "phase": "extract", "status": "starting"}
{"date": "2022-05-04", "source": "complete", "count": "complete"}
{"passed": true, "date": "2022-05-04", "count_verified": true}
{"date": "2022-05-04", "source": "complete", "graph": "complete", "completed_days": 124, "stopped": null}
{"date": "2022-05-05", "phase": "extract", "status": "starting"}
{"date": "2022-05-05", "source": "complete", "count": "complete"}
{"passed": true, "date": "2022-05-05", "count_verified": true}
{"date": "2022-05-05", "source": "complete", "graph": "complete", "completed_days": 125, "stopped": null}
{"date": "2022-05-06", "phase": "extract", "status": "starting"}
{"date": "2022-05-06", "source": "complete", "count": "complete"}
{"passed": true, "date": "2022-05-06", "count_verified": true}
{"date": "2022-05-06", "source": "complete", "graph": "complete", "completed_days": 126, "stopped": null}
{"date": "2022-05-07", "phase": "extract", "status": "starting"}
{"date": "2022-05-07", "source": "complete", "count": "complete"}
{"passed": true, "date": "2022-05-07", "count_verified": true}
{"date": "2022-05-07", "source": "complete", "graph": "complete", "completed_days": 127, "stopped": null}
{"date": "2022-05-08", "phase": "extract", "status": "starting"}
{"date": "2022-05-08", "source": "complete", "count": "complete"}
{"passed": true, "date": "2022-05-08", "count_verified": true}
{"date": "2022-05-08", "source": "complete", "graph": "complete", "completed_days": 128, "stopped": null}
{"date": "2022-05-09", "phase": "extract", "status": "starting"}
{"date": "2022-05-09", "source": "complete", "count": "complete"}
{"passed": true, "date": "2022-05-09", "count_verified": true}
{"date": "2022-05-09", "source": "complete", "graph": "complete", "completed_days": 129, "stopped": null}
{"date": "2022-05-10", "phase": "extract", "status": "starting"}
{"date": "2022-05-10", "source": "complete", "count": "complete"}
{"passed": true, "date": "2022-05-10", "count_verified": true}
{"date": "2022-05-10", "source": "complete", "graph": "complete", "completed_days": 130, "stopped": null}
{"date": "2022-05-11", "phase": "extract", "status": "starting"}
{"date": "2022-05-11", "source": "complete", "count": "complete"}
{"passed": true, "date": "2022-05-11", "count_verified": true}
{"date": "2022-05-11", "source": "complete", "graph": "complete", "completed_days": 131, "stopped": null}
{"date": "2022-05-12", "phase": "extract", "status": "starting"}
{"date": "2022-05-12", "source": "complete", "count": "complete"}
{"passed": true, "date": "2022-05-12", "count_verified": true}
{"date": "2022-05-12", "source": "complete", "graph": "complete", "completed_days": 132, "stopped": null}
{"date": "2022-05-13", "phase": "extract", "status": "starting"}
{"date": "2022-05-13", "source": "complete", "count": "complete"}
{"passed": true, "date": "2022-05-13", "count_verified": true}
{"date": "2022-05-13", "source": "complete", "graph": "complete", "completed_days": 133, "stopped": null}
{"date": "2022-05-14", "phase": "extract", "status": "starting"}
{"date": "2022-05-14", "source": "complete", "count": "complete"}
{"passed": true, "date": "2022-05-14", "count_verified": true}
{"date": "2022-05-14", "source": "complete", "graph": "complete", "completed_days": 134, "stopped": null}
{"date": "2022-05-15", "phase": "extract", "status": "starting"}
{"date": "2022-05-15", "source": "complete", "count": "complete"}
{"passed": true, "date": "2022-05-15", "count_verified": true}
{"date": "2022-05-15", "source": "complete", "graph": "complete", "completed_days": 135, "stopped": null}
{"date": "2022-05-16", "phase": "extract", "status": "starting"}
{"date": "2022-05-16", "source": "complete", "count": "complete"}
{"passed": true, "date": "2022-05-16", "count_verified": true}
{"date": "2022-05-16", "source": "complete", "graph": "complete", "completed_days": 136, "stopped": null}
{"date": "2022-05-17", "phase": "extract", "status": "starting"}
{"date": "2022-05-17", "source": "complete", "count": "complete"}
{"passed": true, "date": "2022-05-17", "count_verified": true}
{"date": "2022-05-17", "source": "complete", "graph": "complete", "completed_days": 137, "stopped": null}
{"date": "2022-05-18", "phase": "extract", "status": "starting"}
{"date": "2022-05-18", "source": "complete", "count": "complete"}
{"passed": true, "date": "2022-05-18", "count_verified": true}
{"date": "2022-05-18", "source": "complete", "graph": "complete", "completed_days": 138, "stopped": null}
{"date": "2022-05-19", "phase": "extract", "status": "starting"}
{"date": "2022-05-19", "source": "complete", "count": "complete"}
{"passed": true, "date": "2022-05-19", "count_verified": true}
{"date": "2022-05-19", "source": "complete", "graph": "complete", "completed_days": 139, "stopped": null}
{"date": "2022-05-20", "phase": "extract", "status": "starting"}
{"date": "2022-05-20", "source": "complete", "count": "complete"}
{"passed": true, "date": "2022-05-20", "count_verified": true}
{"date": "2022-05-20", "source": "complete", "graph": "complete", "completed_days": 140, "stopped": null}
{"date": "2022-05-21", "phase": "extract", "status": "starting"}
{"date": "2022-05-21", "source": "complete", "count": "complete"}
{"passed": true, "date": "2022-05-21", "count_verified": true}
{"date": "2022-05-21", "source": "complete", "graph": "complete", "completed_days": 141, "stopped": null}
{"date": "2022-05-22", "phase": "extract", "status": "starting"}
{"date": "2022-05-22", "source": "complete", "count": "complete"}
{"passed": true, "date": "2022-05-22", "count_verified": true}
{"date": "2022-05-22", "source": "complete", "graph": "complete", "completed_days": 142, "stopped": null}
{"date": "2022-05-23", "phase": "extract", "status": "starting"}
{"date": "2022-05-23", "source": "complete", "count": "complete"}
{"passed": true, "date": "2022-05-23", "count_verified": true}
{"date": "2022-05-23", "source": "complete", "graph": "complete", "completed_days": 143, "stopped": null}
{"date": "2022-05-24", "phase": "extract", "status": "starting"}
{"date": "2022-05-24", "source": "complete", "count": "complete"}
{"passed": true, "date": "2022-05-24", "count_verified": true}
{"date": "2022-05-24", "source": "complete", "graph": "complete", "completed_days": 144, "stopped": null}
{"date": "2022-05-25", "phase": "extract", "status": "starting"}
{"date": "2022-05-25", "source": "complete", "count": "complete"}
{"passed": true, "date": "2022-05-25", "count_verified": true}
{"date": "2022-05-25", "source": "complete", "graph": "complete", "completed_days": 145, "stopped": null}
{"date": "2022-05-26", "phase": "extract", "status": "starting"}
{"date": "2022-05-26", "source": "complete", "count": "complete"}
{"passed": true, "date": "2022-05-26", "count_verified": true}
{"date": "2022-05-26", "source": "complete", "graph": "complete", "completed_days": 146, "stopped": null}
{"date": "2022-05-27", "phase": "extract", "status": "starting"}
{"date": "2022-05-27", "source": "complete", "count": "complete"}
{"passed": true, "date": "2022-05-27", "count_verified": true}
{"date": "2022-05-27", "source": "complete", "graph": "complete", "completed_days": 147, "stopped": null}
{"date": "2022-05-28", "phase": "extract", "status": "starting"}
{"date": "2022-05-28", "source": "complete", "count": "complete"}
{"passed": true, "date": "2022-05-28", "count_verified": true}
{"date": "2022-05-28", "source": "complete", "graph": "complete", "completed_days": 148, "stopped": null}
{"date": "2022-05-29", "phase": "extract", "status": "starting"}
{"date": "2022-05-29", "source": "complete", "count": "complete"}
{"passed": true, "date": "2022-05-29", "count_verified": true}
{"date": "2022-05-29", "source": "complete", "graph": "complete", "completed_days": 149, "stopped": null}
{"date": "2022-05-30", "phase": "extract", "status": "starting"}
{"date": "2022-05-30", "source": "complete", "count": "complete"}
{"passed": true, "date": "2022-05-30", "count_verified": true}
{"date": "2022-05-30", "source": "complete", "graph": "complete", "completed_days": 150, "stopped": null}
{"date": "2022-05-31", "phase": "extract", "status": "starting"}
{"date": "2022-05-31", "source": "complete", "count": "complete"}
{"passed": true, "date": "2022-05-31", "count_verified": true}
{"date": "2022-05-31", "source": "complete", "graph": "complete", "completed_days": 151, "stopped": null}
{"date": "2022-06-01", "phase": "extract", "status": "starting"}
{"date": "2022-06-01", "source": "complete", "count": "complete"}
{"passed": true, "date": "2022-06-01", "count_verified": true}
{"date": "2022-06-01", "source": "complete", "graph": "complete", "completed_days": 152, "stopped": null}
{"date": "2022-06-02", "phase": "extract", "status": "starting"}
{"date": "2022-06-02", "source": "complete", "count": "complete"}
{"passed": true, "date": "2022-06-02", "count_verified": true}
{"date": "2022-06-02", "source": "complete", "graph": "complete", "completed_days": 153, "stopped": null}
{"date": "2022-06-03", "phase": "extract", "status": "starting"}
{"date": "2022-06-03", "source": "complete", "count": "complete"}
{"passed": true, "date": "2022-06-03", "count_verified": true}
{"date": "2022-06-03", "source": "complete", "graph": "complete", "completed_days": 154, "stopped": null}
{"date": "2022-06-04", "phase": "extract", "status": "starting"}
{"date": "2022-06-04", "source": "complete", "count": "complete"}
{"passed": true, "date": "2022-06-04", "count_verified": true}
{"date": "2022-06-04", "source": "complete", "graph": "complete", "completed_days": 155, "stopped": null}
{"date": "2022-06-05", "phase": "extract", "status": "starting"}
{"date": "2022-06-05", "source": "complete", "count": "complete"}
{"passed": true, "date": "2022-06-05", "count_verified": true}
{"date": "2022-06-05", "source": "complete", "graph": "complete", "completed_days": 156, "stopped": null}
{"date": "2022-06-06", "phase": "extract", "status": "starting"}
{"date": "2022-06-06", "source": "complete", "count": "complete"}
{"passed": true, "date": "2022-06-06", "count_verified": true}
{"date": "2022-06-06", "source": "complete", "graph": "complete", "completed_days": 157, "stopped": null}
{"date": "2022-06-07", "phase": "extract", "status": "starting"}
{"date": "2022-06-07", "source": "complete", "count": "complete"}
{"passed": true, "date": "2022-06-07", "count_verified": true}
{"date": "2022-06-07", "source": "complete", "graph": "complete", "completed_days": 158, "stopped": null}
{"date": "2022-06-08", "phase": "extract", "status": "starting"}
{"date": "2022-06-08", "source": "complete", "count": "complete"}
{"passed": true, "date": "2022-06-08", "count_verified": true}
{"date": "2022-06-08", "source": "complete", "graph": "complete", "completed_days": 159, "stopped": null}
{"date": "2022-06-09", "phase": "extract", "status": "starting"}
{"date": "2022-06-09", "source": "complete", "count": "complete"}
{"passed": true, "date": "2022-06-09", "count_verified": true}
{"date": "2022-06-09", "source": "complete", "graph": "complete", "completed_days": 160, "stopped": null}
{"date": "2022-06-10", "phase": "extract", "status": "starting"}
{"date": "2022-06-10", "source": "complete", "count": "complete"}
{"passed": true, "date": "2022-06-10", "count_verified": true}
{"date": "2022-06-10", "source": "complete", "graph": "complete", "completed_days": 161, "stopped": null}
{"date": "2022-06-11", "phase": "extract", "status": "starting"}
{"date": "2022-06-11", "source": "complete", "count": "complete"}
{"passed": true, "date": "2022-06-11", "count_verified": true}
{"date": "2022-06-11", "source": "complete", "graph": "complete", "completed_days": 162, "stopped": null}
{"date": "2022-06-12", "phase": "extract", "status": "starting"}
{"date": "2022-06-12", "source": "complete", "count": "complete"}
{"passed": true, "date": "2022-06-12", "count_verified": true}
{"date": "2022-06-12", "source": "complete", "graph": "complete", "completed_days": 163, "stopped": null}
{"date": "2022-06-13", "phase": "extract", "status": "starting"}
{"date": "2022-06-13", "source": "complete", "count": "complete"}
{"passed": true, "date": "2022-06-13", "count_verified": true}
{"date": "2022-06-13", "source": "complete", "graph": "complete", "completed_days": 164, "stopped": null}
{"date": "2022-06-14", "phase": "extract", "status": "starting"}
{"date": "2022-06-14", "source": "complete", "count": "complete"}
{"passed": true, "date": "2022-06-14", "count_verified": true}
{"date": "2022-06-14", "source": "complete", "graph": "complete", "completed_days": 165, "stopped": null}
{"date": "2022-06-15", "phase": "extract", "status": "starting"}
{"date": "2022-06-15", "source": "complete", "count": "complete"}
{"passed": true, "date": "2022-06-15", "count_verified": true}
{"date": "2022-06-15", "source": "complete", "graph": "complete", "completed_days": 166, "stopped": null}
{"date": "2022-06-16", "phase": "extract", "status": "starting"}
{"date": "2022-06-16", "source": "complete", "count": "complete"}
{"passed": true, "date": "2022-06-16", "count_verified": true}
{"date": "2022-06-16", "source": "complete", "graph": "complete", "completed_days": 167, "stopped": null}
{"date": "2022-06-17", "phase": "extract", "status": "starting"}
{"date": "2022-06-17", "source": "complete", "count": "complete"}
{"passed": true, "date": "2022-06-17", "count_verified": true}
{"date": "2022-06-17", "source": "complete", "graph": "complete", "completed_days": 168, "stopped": null}
{"date": "2022-06-18", "phase": "extract", "status": "starting"}
{"date": "2022-06-18", "source": "complete", "count": "complete"}
{"passed": true, "date": "2022-06-18", "count_verified": true}
{"date": "2022-06-18", "source": "complete", "graph": "complete", "completed_days": 169, "stopped": null}
{"date": "2022-06-19", "phase": "extract", "status": "starting"}
{"date": "2022-06-19", "source": "complete", "count": "complete"}
{"passed": true, "date": "2022-06-19", "count_verified": true}
{"date": "2022-06-19", "source": "complete", "graph": "complete", "completed_days": 170, "stopped": null}
{"date": "2022-06-20", "phase": "extract", "status": "starting"}
{"date": "2022-06-20", "source": "complete", "count": "complete"}
{"passed": true, "date": "2022-06-20", "count_verified": true}
{"date": "2022-06-20", "source": "complete", "graph": "complete", "completed_days": 171, "stopped": null}
{"date": "2022-06-21", "phase": "extract", "status": "starting"}
{"date": "2022-06-21", "source": "complete", "count": "complete"}
{"passed": true, "date": "2022-06-21", "count_verified": true}
{"date": "2022-06-21", "source": "complete", "graph": "complete", "completed_days": 172, "stopped": null}
{"date": "2022-06-22", "phase": "extract", "status": "starting"}
{"date": "2022-06-22", "source": "complete", "count": "complete"}
{"passed": true, "date": "2022-06-22", "count_verified": true}
{"date": "2022-06-22", "source": "complete", "graph": "complete", "completed_days": 173, "stopped": null}
{"date": "2022-06-23", "phase": "extract", "status": "starting"}
{"date": "2022-06-23", "source": "complete", "count": "complete"}
{"passed": true, "date": "2022-06-23", "count_verified": true}
{"date": "2022-06-23", "source": "complete", "graph": "complete", "completed_days": 174, "stopped": null}
{"date": "2022-06-24", "phase": "extract", "status": "starting"}
{"date": "2022-06-24", "source": "complete", "count": "complete"}
{"passed": true, "date": "2022-06-24", "count_verified": true}
{"date": "2022-06-24", "source": "complete", "graph": "complete", "completed_days": 175, "stopped": null}
{"date": "2022-06-25", "phase": "extract", "status": "starting"}
{"date": "2022-06-25", "source": "complete", "count": "complete"}
{"passed": true, "date": "2022-06-25", "count_verified": true}
{"date": "2022-06-25", "source": "complete", "graph": "complete", "completed_days": 176, "stopped": null}
{"date": "2022-06-26", "phase": "extract", "status": "starting"}
{"date": "2022-06-26", "source": "complete", "count": "complete"}
{"passed": true, "date": "2022-06-26", "count_verified": true}
{"date": "2022-06-26", "source": "complete", "graph": "complete", "completed_days": 177, "stopped": null}
{"date": "2022-06-27", "phase": "extract", "status": "starting"}
{"date": "2022-06-27", "source": "complete", "count": "complete"}
{"passed": true, "date": "2022-06-27", "count_verified": true}
{"date": "2022-06-27", "source": "complete", "graph": "complete", "completed_days": 178, "stopped": null}
{"date": "2022-06-28", "phase": "extract", "status": "starting"}
{"date": "2022-06-28", "source": "complete", "count": "complete"}
{"passed": true, "date": "2022-06-28", "count_verified": true}
{"date": "2022-06-28", "source": "complete", "graph": "complete", "completed_days": 179, "stopped": null}
{"date": "2022-06-29", "phase": "extract", "status": "starting"}
{"date": "2022-06-29", "source": "complete", "count": "complete"}
{"passed": true, "date": "2022-06-29", "count_verified": true}
{"date": "2022-06-29", "source": "complete", "graph": "complete", "completed_days": 180, "stopped": null}
{"date": "2022-06-30", "phase": "extract", "status": "starting"}
{"date": "2022-06-30", "source": "complete", "count": "complete"}
{"passed": true, "date": "2022-06-30", "count_verified": true}
{"date": "2022-06-30", "source": "complete", "graph": "complete", "completed_days": 181, "stopped": null}
{"date": "2022-07-01", "phase": "extract", "status": "starting"}
{"date": "2022-07-01", "source": "complete", "count": "complete"}
{"passed": true, "date": "2022-07-01", "count_verified": true}
{"date": "2022-07-01", "source": "complete", "graph": "complete", "completed_days": 182, "stopped": null}
{"date": "2022-07-02", "phase": "extract", "status": "starting"}
{"date": "2022-07-02", "source": "complete", "count": "complete"}
{"passed": true, "date": "2022-07-02", "count_verified": true}
{"date": "2022-07-02", "source": "complete", "graph": "complete", "completed_days": 183, "stopped": null}
{"date": "2022-07-03", "phase": "extract", "status": "starting"}
{"date": "2022-07-03", "source": "complete", "count": "complete"}
{"passed": true, "date": "2022-07-03", "count_verified": true}
{"date": "2022-07-03", "source": "complete", "graph": "complete", "completed_days": 184, "stopped": null}
{"date": "2022-07-04", "phase": "extract", "status": "starting"}
{"date": "2022-07-04", "source": "complete", "count": "complete"}
{"passed": true, "date": "2022-07-04", "count_verified": true}
{"date": "2022-07-04", "source": "complete", "graph": "complete", "completed_days": 185, "stopped": null}
{"date": "2022-07-05", "phase": "extract", "status": "starting"}
{"date": "2022-07-05", "source": "complete", "count": "complete"}
{"passed": true, "date": "2022-07-05", "count_verified": true}
{"date": "2022-07-05", "source": "complete", "graph": "complete", "completed_days": 186, "stopped": null}
{"date": "2022-07-06", "phase": "extract", "status": "starting"}
{"date": "2022-07-06", "source": "complete", "count": "complete"}
{"passed": true, "date": "2022-07-06", "count_verified": true}
{"date": "2022-07-06", "source": "complete", "graph": "complete", "completed_days": 187, "stopped": null}
{"date": "2022-07-07", "phase": "extract", "status": "starting"}
{"date": "2022-07-07", "source": "complete", "count": "complete"}
{"passed": true, "date": "2022-07-07", "count_verified": true}
{"date": "2022-07-07", "source": "complete", "graph": "complete", "completed_days": 188, "stopped": null}
{"date": "2022-07-08", "phase": "extract", "status": "starting"}
{"date": "2022-07-08", "source": "complete", "count": "complete"}
{"passed": true, "date": "2022-07-08", "count_verified": true}
{"date": "2022-07-08", "source": "complete", "graph": "complete", "completed_days": 189, "stopped": null}
{"date": "2022-07-09", "phase": "extract", "status": "starting"}
{"date": "2022-07-09", "source": "complete", "count": "complete"}
{"passed": true, "date": "2022-07-09", "count_verified": true}
{"date": "2022-07-09", "source": "complete", "graph": "complete", "completed_days": 190, "stopped": null}
{"date": "2022-07-10", "phase": "extract", "status": "starting"}
{"date": "2022-07-10", "source": "complete", "count": "complete"}
{"passed": true, "date": "2022-07-10", "count_verified": true}
{"date": "2022-07-10", "source": "complete", "graph": "complete", "completed_days": 191, "stopped": null}
{"date": "2022-07-11", "phase": "extract", "status": "starting"}
{"date": "2022-07-11", "source": "complete", "count": "complete"}
{"passed": true, "date": "2022-07-11", "count_verified": true}
{"date": "2022-07-11", "source": "complete", "graph": "complete", "completed_days": 192, "stopped": null}
{"date": "2022-07-12", "phase": "extract", "status": "starting"}
{"date": "2022-07-12", "source": "complete", "count": "complete"}
{"passed": true, "date": "2022-07-12", "count_verified": true}
{"date": "2022-07-12", "source": "complete", "graph": "complete", "completed_days": 193, "stopped": null}
{"date": "2022-07-13", "phase": "extract", "status": "starting"}
{"date": "2022-07-13", "source": "complete", "count": "complete"}
{"passed": true, "date": "2022-07-13", "count_verified": true}
{"date": "2022-07-13", "source": "complete", "graph": "complete", "completed_days": 194, "stopped": null}
{"date": "2022-07-14", "phase": "extract", "status": "starting"}
{"date": "2022-07-14", "source": "complete", "count": "complete"}
{"passed": true, "date": "2022-07-14", "count_verified": true}
{"date": "2022-07-14", "source": "complete", "graph": "complete", "completed_days": 195, "stopped": null}
{"date": "2022-07-15", "phase": "extract", "status": "starting"}
{"date": "2022-07-15", "source": "complete", "count": "complete"}
{"passed": true, "date": "2022-07-15", "count_verified": true}
{"date": "2022-07-15", "source": "complete", "graph": "complete", "completed_days": 196, "stopped": null}
{"date": "2022-07-16", "phase": "extract", "status": "starting"}
{"date": "2022-07-16", "source": "complete", "count": "complete"}
{"passed": true, "date": "2022-07-16", "count_verified": true}
{"date": "2022-07-16", "source": "complete", "graph": "complete", "completed_days": 197, "stopped": null}
{"date": "2022-07-17", "phase": "extract", "status": "starting"}
{"date": "2022-07-17", "source": "complete", "count": "complete"}
{"passed": true, "date": "2022-07-17", "count_verified": true}
{"date": "2022-07-17", "source": "complete", "graph": "complete", "completed_days": 198, "stopped": null}
{"date": "2022-07-18", "phase": "extract", "status": "starting"}
{"date": "2022-07-18", "source": "complete", "count": "complete"}
{"passed": true, "date": "2022-07-18", "count_verified": true}
{"date": "2022-07-18", "source": "complete", "graph": "complete", "completed_days": 199, "stopped": null}
{"date": "2022-07-19", "phase": "extract", "status": "starting"}
{"date": "2022-07-19", "source": "complete", "count": "complete"}
{"passed": true, "date": "2022-07-19", "count_verified": true}
{"date": "2022-07-19", "source": "complete", "graph": "complete", "completed_days": 200, "stopped": null}
{"date": "2022-07-20", "phase": "extract", "status": "starting"}
{"date": "2022-07-20", "source": "complete", "count": "complete"}
{"passed": true, "date": "2022-07-20", "count_verified": true}
{"date": "2022-07-20", "source": "complete", "graph": "complete", "completed_days": 201, "stopped": null}
{"date": "2022-07-21", "phase": "extract", "status": "starting"}
{"date": "2022-07-21", "source": "complete", "count": "complete"}
{"passed": true, "date": "2022-07-21", "count_verified": true}
{"date": "2022-07-21", "source": "complete", "graph": "complete", "completed_days": 202, "stopped": null}
{"date": "2022-07-22", "phase": "extract", "status": "starting"}
{"date": "2022-07-22", "source": "complete", "count": "complete"}
{"passed": true, "date": "2022-07-22", "count_verified": true}
{"date": "2022-07-22", "source": "complete", "graph": "complete", "completed_days": 203, "stopped": null}
{"date": "2022-07-23", "phase": "extract", "status": "starting"}
{"date": "2022-07-23", "source": "complete", "count": "complete"}
{"passed": true, "date": "2022-07-23", "count_verified": true}
{"date": "2022-07-23", "source": "complete", "graph": "complete", "completed_days": 204, "stopped": null}
{"date": "2022-07-24", "phase": "extract", "status": "starting"}
{"date": "2022-07-24", "source": "complete", "count": "complete"}
{"passed": true, "date": "2022-07-24", "count_verified": true}
{"date": "2022-07-24", "source": "complete", "graph": "complete", "completed_days": 205, "stopped": null}
{"date": "2022-07-25", "phase": "extract", "status": "starting"}
{"date": "2022-07-25", "source": "complete", "count": "complete"}
{"passed": true, "date": "2022-07-25", "count_verified": true}
{"date": "2022-07-25", "source": "complete", "graph": "complete", "completed_days": 206, "stopped": null}
{"date": "2022-07-26", "phase": "extract", "status": "starting"}
