{"phase": "context", "date": "2024-01-01", "status": "starting"}
{"status": "complete", "reason": null}
{"phase": "context", "date": "2024-01-01", "status": "complete", "reason": null}
{"phase": "boundary", "date": "2024-01-09", "status": "starting"}
{"status": "complete", "reason": null}
{"phase": "boundary", "date": "2024-01-09", "status": "complete", "reason": null}
{"phase": "source", "date": "2024-01-02", "status": "starting"}
{"status": "complete", "reason": null}
{"phase": "source", "date": "2024-01-02", "status": "complete", "reason": null}
{"phase": "source", "date": "2024-01-03", "status": "starting"}
{"status": "complete", "reason": null}
{"phase": "source", "date": "2024-01-03", "status": "complete", "reason": null}
{"phase": "source", "date": "2024-01-04", "status": "starting"}
{"status": "complete", "reason": null}
{"phase": "source", "date": "2024-01-04", "status": "complete", "reason": null}
{"phase": "source", "date": "2024-01-05", "status": "starting"}
{"status": "complete", "reason": null}
{"phase": "source", "date": "2024-01-05", "status": "complete", "reason": null}
{"phase": "source", "date": "2024-01-06", "status": "starting"}
{"status": "complete", "reason": null}
{"phase": "source", "date": "2024-01-06", "status": "complete", "reason": null}
{"phase": "source", "date": "2024-01-07", "status": "starting"}
{"status": "complete", "reason": null}
{"phase": "source", "date": "2024-01-07", "status": "complete", "reason": null}
{"phase": "source", "date": "2024-01-08", "status": "starting"}
{"status": "complete", "reason": null}
{"phase": "source", "date": "2024-01-08", "status": "complete", "reason": null}
{"phase": "count", "date": "2024-01-02", "status": "starting"}
{"status": "complete", "reason": null}
{"phase": "count", "date": "2024-01-02", "status": "complete", "reason": null}
{"phase": "count", "date": "2024-01-03", "status": "starting"}
{"status": "complete", "reason": null}
{"phase": "count", "date": "2024-01-03", "status": "complete", "reason": null}
{"phase": "count", "date": "2024-01-04", "status": "starting"}
{"status": "complete", "reason": null}
{"phase": "count", "date": "2024-01-04", "status": "complete", "reason": null}
{"phase": "count", "date": "2024-01-05", "status": "starting"}
{"status": "complete", "reason": null}
{"phase": "count", "date": "2024-01-05", "status": "complete", "reason": null}
{"phase": "count", "date": "2024-01-06", "status": "starting"}
{"status": "complete", "reason": null}
{"phase": "count", "date": "2024-01-06", "status": "complete", "reason": null}
{"phase": "count", "date": "2024-01-07", "status": "starting"}
{"status": "complete", "reason": null}
{"phase": "count", "date": "2024-01-07", "status": "complete", "reason": null}
{"phase": "count", "date": "2024-01-08", "status": "starting"}
{"status": "complete", "reason": null}
{"phase": "count", "date": "2024-01-08", "status": "complete", "reason": null}
{"child_exit_code": 0, "limit_reason": null, "elapsed_seconds": 537.1988458719934, "elapsed_time_kill": false, "peak_sampled_tree_rss_bytes": 2043731968, "rss_limit_bytes": 8589934592, "sample_interval_seconds": 0.02, "qualification": "Sampled RSS can miss brief peaks; cap is not a memory reservation. Two logical CPUs; no elapsed/CPU-duration kill.", "source": "d6b556de45859a1cdd098ad69aad7e161caad96c"}
