FFFFFFF                                                                  [100%]
=================================== FAILURES ===================================
_______ test_month_boundary_uses_trade_month_and_previous_calendar_month _______

    def test_month_boundary_uses_trade_month_and_previous_calendar_month():
        p=panel(); cutoff=pd.Timestamp('2026-08-31',tz='UTC')
        _,w,_=paper.todays_book({k:v.loc[:cutoff] for k,v in p.items()},'ewma_20')
>       assert set(f'B{i}' for i in range(5)) <= set(w.index)
E       AssertionError: assert {'B0', 'B1', 'B2', 'B3', 'B4'} <= {'A0', 'A1', ..., 'N000', ...}
E         
E         Extra items in the left set:
E         'B4'
E         'B2'
E         'B0'
E         'B1'
E         'B3'

tests/predlab/test_paper_repair.py:30: AssertionError
________________ test_calendar_median_does_not_admit_july_days _________________

    def test_calendar_median_does_not_admit_july_days():
        p=panel(); qv=p['qv']; qv[:]=10; qv['B4']=1
        qv.loc['2026-07-28':'2026-07-31','B4']=100
        qv.loc['2026-08-17':'2026-08-31','B4']=100
        _,w,_=paper.todays_book({k:v.loc[:'2026-09-01'] for k,v in p.items()},'ewma_20')
>       assert 'B4' not in w.index
E       AssertionError: assert 'B4' not in Index(['B4', 'N000', 'N001', 'N002', 'N003', 'N004', 'N005', 'N006', 'N007',\n       'N008', 'N009', 'N010', 'N011', 'N..., 'N187', 'N188', 'N189', 'N190',\n       'N191', 'N192', 'N193', 'N194', 'A0', 'A1', 'A2', 'A3'],\n      dtype='object')
E        +  where Index(['B4', 'N000', 'N001', 'N002', 'N003', 'N004', 'N005', 'N006', 'N007',\n       'N008', 'N009', 'N010', 'N011', 'N..., 'N187', 'N188', 'N189', 'N190',\n       'N191', 'N192', 'N193', 'N194', 'A0', 'A1', 'A2', 'A3'],\n      dtype='object') = B4     -0.025\nN000    0.025\nN001    0.025\nN002    0.025\nN003    0.025\n        ...  \nN194   -0.025\nA0     -0.025\nA1     -0.025\nA2     -0.025\nA3     -0.025\nLength: 80, dtype: float64.index

tests/predlab/test_paper_repair.py:44: AssertionError
______ test_partial_missing_marks_and_closes_make_measurement_incomplete _______

    def test_partial_missing_marks_and_closes_make_measurement_incomplete():
        prev={'asof':'2026-08-31','weights':{'A':.5,'B':-.5},'mark_px':{'A':100,'B':100}}
>       assert paper.realized_prev_mark_return(prev,{'A':110}) is None
E       AssertionError: assert 0.050000000000000044 is None
E        +  where 0.050000000000000044 = <function realized_prev_mark_return at 0x7fa55a4b1080>({'asof': '2026-08-31', 'weights': {'A': 0.5, 'B': -0.5}, 'mark_px': {'A': 100, 'B': 100}}, {'A': 110})
E        +    where <function realized_prev_mark_return at 0x7fa55a4b1080> = paper.realized_prev_mark_return

tests/predlab/test_paper_repair.py:49: AssertionError
_________________ test_new_journal_refuses_to_mix_legacy_rows __________________

tmp_path = PosixPath('/tmp/pytest-of-malecada/pytest-10/test_new_journal_refuses_to_mi0')

    def test_new_journal_refuses_to_mix_legacy_rows(tmp_path):
        j=tmp_path/'old.jsonl'; original=json.dumps({'asof':'2026-08-01','weights':{}})+'\n';j.write_text(original)
>       with pytest.raises(ValueError,match='version|legacy'):
             ^^^^^^^^^^^^^^^^^^^^^^^^^^^^^^^^^^^^^^^^^^^^^^^^
E       Failed: DID NOT RAISE ValueError

tests/predlab/test_paper_repair.py:56: Failed
_______ test_net_measurement_charges_initial_turnover_and_signed_funding _______

tmp_path = PosixPath('/tmp/pytest-of-malecada/pytest-10/test_net_measurement_charges_i0')

    def test_net_measurement_charges_initial_turnover_and_signed_funding(tmp_path):
        p=panel(); j=tmp_path/'v2.jsonl'
        cutoff=pd.Timestamp('2026-08-31',tz='UTC')
        paper.journal_one(j,{k:v.loc[:cutoff] for k,v in p.items()},'ewma_20','scale',.15)
        first=json.loads(j.read_text().splitlines()[-1]); w=first['weights']
        # All long prices +10%, all short prices -10%: gross +20%; gross notional 2.
        for s,weight in w.items():
            p['close'].loc['2026-09-01',s]=110 if weight>0 else 90
            p['funding'].loc['2026-09-01',s]=.01 if weight>0 else .02
        paper.journal_one(j,{k:v.loc[:'2026-09-01'] for k,v in p.items()},'ewma_20','scale',.15)
        r=json.loads(j.read_text().splitlines()[-1])
>       assert r['journal_version']==2
               ^^^^^^^^^^^^^^^^^^^^
E       KeyError: 'journal_version'

tests/predlab/test_paper_repair.py:72: KeyError
___________ test_missing_funding_is_not_reported_as_zero_net_return ____________

tmp_path = PosixPath('/tmp/pytest-of-malecada/pytest-10/test_missing_funding_is_not_re0')

    def test_missing_funding_is_not_reported_as_zero_net_return(tmp_path):
        p=panel();p.pop('funding');j=tmp_path/'v2.jsonl'
        for day in ['2026-08-31','2026-09-01']:
            paper.journal_one(j,{k:v.loc[:day] for k,v in p.items()},'ewma_20','scale',.15)
        r=json.loads(j.read_text().splitlines()[-1])
>       assert r['realized_base_net_ret'] is None
               ^^^^^^^^^^^^^^^^^^^^^^^^^^
E       KeyError: 'realized_base_net_ret'

tests/predlab/test_paper_repair.py:86: KeyError
______________ test_stale_panels_cannot_write_actionable_next_day ______________

tmp_path = PosixPath('/tmp/pytest-of-malecada/pytest-10/test_stale_panels_cannot_write0')

    def test_stale_panels_cannot_write_actionable_next_day(tmp_path):
        p={k:v.loc[:'2026-08-31'] for k,v in panel().items()};j=tmp_path/'v2.jsonl'
>       result=paper.journal_one(j,p,'ewma_20','scale',.15,trade_day=pd.Timestamp('2026-09-03',tz='UTC'))
               ^^^^^^^^^^^^^^^^^^^^^^^^^^^^^^^^^^^^^^^^^^^^^^^^^^^^^^^^^^^^^^^^^^^^^^^^^^^^^^^^^^^^^^^^^^
E       TypeError: journal_one() got an unexpected keyword argument 'trade_day'

tests/predlab/test_paper_repair.py:93: TypeError
=========================== short test summary info ============================
FAILED tests/predlab/test_paper_repair.py::test_month_boundary_uses_trade_month_and_previous_calendar_month
FAILED tests/predlab/test_paper_repair.py::test_calendar_median_does_not_admit_july_days
FAILED tests/predlab/test_paper_repair.py::test_partial_missing_marks_and_closes_make_measurement_incomplete
FAILED tests/predlab/test_paper_repair.py::test_new_journal_refuses_to_mix_legacy_rows
FAILED tests/predlab/test_paper_repair.py::test_net_measurement_charges_initial_turnover_and_signed_funding
FAILED tests/predlab/test_paper_repair.py::test_missing_funding_is_not_reported_as_zero_net_return
FAILED tests/predlab/test_paper_repair.py::test_stale_panels_cannot_write_actionable_next_day
7 failed in 0.65s
