FFFFF                                                                    [100%]
=================================== FAILURES ===================================
_ test_actual_seal_then_local_check_and_duplicate_preserves_history[writer_matching] _

admitted = (<tests.research.onchain_replication.test_matching_owner.OwnershipTests testMethod=test_actual_claim_owner_and_old_num...object at 0x708eef1cc440>, <tests.research.onchain_replication.test_archive_chunks.Transport object at 0x708eef79fa10>)
monkeypatch = <_pytest.monkeypatch.MonkeyPatch object at 0x708eef5cefd0>

    def test_actual_seal_then_local_check_and_duplicate_preserves_history(admitted,monkeypatch):
>       from tradingagents.research.onchain_replication import archive_owner_seal as module
E       ImportError: cannot import name 'archive_owner_seal' from 'tradingagents.research.onchain_replication' (/home/malecada/master_thesis/TradingAgents-audit-fixes/tradingagents/research/onchain_replication/__init__.py)

tests/research/onchain_replication/test_archive_owner_seal.py:12: ImportError
_ test_caller_completed_read_cannot_shortcut_fresh_seal_replay[writer_matching] _

admitted = (<tests.research.onchain_replication.test_matching_owner.OwnershipTests testMethod=test_actual_claim_owner_and_old_num...object at 0x708eef7eb9d0>, <tests.research.onchain_replication.test_archive_chunks.Transport object at 0x708eef7eb110>)
monkeypatch = <_pytest.monkeypatch.MonkeyPatch object at 0x70904ba4b230>

    def test_caller_completed_read_cannot_shortcut_fresh_seal_replay(admitted,monkeypatch):
>       from tradingagents.research.onchain_replication import archive_owner_seal as module
E       ImportError: cannot import name 'archive_owner_seal' from 'tradingagents.research.onchain_replication' (/home/malecada/master_thesis/TradingAgents-audit-fixes/tradingagents/research/onchain_replication/__init__.py)

tests/research/onchain_replication/test_archive_owner_seal.py:37: ImportError
_ test_seal_failure_keeps_marker_and_read_spent_before_stage_ack[callback-writer_matching] _

admitted = (<tests.research.onchain_replication.test_matching_owner.OwnershipTests testMethod=test_actual_claim_owner_and_old_num...object at 0x708eef230910>, <tests.research.onchain_replication.test_archive_chunks.Transport object at 0x708eef7eae90>)
monkeypatch = <_pytest.monkeypatch.MonkeyPatch object at 0x708eef23d7f0>
failure = 'callback'

    @pytest.mark.parametrize('failure',['callback','close'])
    def test_seal_failure_keeps_marker_and_read_spent_before_stage_ack(admitted,monkeypatch,failure):
>       from tradingagents.research.onchain_replication import archive_owner_seal as module
E       ImportError: cannot import name 'archive_owner_seal' from 'tradingagents.research.onchain_replication' (/home/malecada/master_thesis/TradingAgents-audit-fixes/tradingagents/research/onchain_replication/__init__.py)

tests/research/onchain_replication/test_archive_owner_seal.py:52: ImportError
_ test_seal_failure_keeps_marker_and_read_spent_before_stage_ack[close-writer_matching] _

admitted = (<tests.research.onchain_replication.test_matching_owner.OwnershipTests testMethod=test_actual_claim_owner_and_old_num...object at 0x708eef0689d0>, <tests.research.onchain_replication.test_archive_chunks.Transport object at 0x708eef0682b0>)
monkeypatch = <_pytest.monkeypatch.MonkeyPatch object at 0x708eef2cb790>
failure = 'close'

    @pytest.mark.parametrize('failure',['callback','close'])
    def test_seal_failure_keeps_marker_and_read_spent_before_stage_ack(admitted,monkeypatch,failure):
>       from tradingagents.research.onchain_replication import archive_owner_seal as module
E       ImportError: cannot import name 'archive_owner_seal' from 'tradingagents.research.onchain_replication' (/home/malecada/master_thesis/TradingAgents-audit-fixes/tradingagents/research/onchain_replication/__init__.py)

tests/research/onchain_replication/test_archive_owner_seal.py:52: ImportError
_ test_sealed_check_detects_last_callback_mutation_without_rewriting_claim[writer_matching] _

admitted = (<tests.research.onchain_replication.test_matching_owner.OwnershipTests testMethod=test_actual_claim_owner_and_old_num...object at 0x708eef069940>, <tests.research.onchain_replication.test_archive_chunks.Transport object at 0x708eef068180>)
monkeypatch = <_pytest.monkeypatch.MonkeyPatch object at 0x708eef2cb9b0>

    def test_sealed_check_detects_last_callback_mutation_without_rewriting_claim(admitted,monkeypatch):
>       from tradingagents.research.onchain_replication import archive_owner_seal as module
E       ImportError: cannot import name 'archive_owner_seal' from 'tradingagents.research.onchain_replication' (/home/malecada/master_thesis/TradingAgents-audit-fixes/tradingagents/research/onchain_replication/__init__.py)

tests/research/onchain_replication/test_archive_owner_seal.py:71: ImportError
- reviewed profile: 26 encountered files withheld; this is not the full legacy suite -
=========================== short test summary info ============================
FAILED tests/research/onchain_replication/test_archive_owner_seal.py::test_actual_seal_then_local_check_and_duplicate_preserves_history[writer_matching]
FAILED tests/research/onchain_replication/test_archive_owner_seal.py::test_caller_completed_read_cannot_shortcut_fresh_seal_replay[writer_matching]
FAILED tests/research/onchain_replication/test_archive_owner_seal.py::test_seal_failure_keeps_marker_and_read_spent_before_stage_ack[callback-writer_matching]
FAILED tests/research/onchain_replication/test_archive_owner_seal.py::test_seal_failure_keeps_marker_and_read_spent_before_stage_ack[close-writer_matching]
FAILED tests/research/onchain_replication/test_archive_owner_seal.py::test_sealed_check_detects_last_callback_mutation_without_rewriting_claim[writer_matching]
5 failed in 70.69s (0:01:10)
