{
  "cases": 3,
  "results": [
    {
      "case": "prior-publication-history-retained",
      "mutation_observations": [
        {
          "reason": "entry disappeared before census completed",
          "relative_path": ".",
          "path_truncated": false,
          "path_sha256": "cdb4ee2aea69cc6a83331bbe96dc2caa9a299d21329efb0336fc02a82e1839a8",
          "partial_counts": {
            "allocated_bytes": 4096,
            "logical_file_bytes": 0,
            "regular_files": 0,
            "directories": 1,
            "entries": 1
          }
        }
      ],
      "original_fatal_selected": true,
      "actual_closes": 2
    },
    {
      "case": "hostile-observation-getter",
      "original_fatal_selected": true,
      "diagnostic_hook_calls": 3,
      "actual_closes": 1,
      "retries": 0
    },
    {
      "case": "hostile-observation-setter",
      "original_fatal_selected": true,
      "diagnostic_hook_calls": 3,
      "actual_closes": 1,
      "retries": 0
    }
  ]
}
