{
  "cases": 4,
  "results": [
    {
      "secondary": "RuntimeError",
      "selected": "StorageCleanupFailure",
      "original_error_retained": true,
      "actual_descriptor_closed": true
    },
    {
      "secondary": "KeyboardInterrupt",
      "selected": "KeyboardInterrupt",
      "original_error_retained": true,
      "actual_descriptor_closed": true
    },
    {
      "secondary": "MemoryError",
      "selected": "MemoryError",
      "original_error_retained": true,
      "actual_descriptor_closed": true
    },
    {
      "secondary": "SystemExit",
      "selected": "SystemExit",
      "original_error_retained": true,
      "actual_descriptor_closed": true
    }
  ]
}
