Fatal Python error: Segmentation fault

Current thread 0x00007788a2563740 (most recent call first):
  File "/home/malecada/master_thesis/TradingAgents-audit-fixes/.venv/lib/python3.13/site-packages/numpy/_core/memmap.py", line 360 in __getitem__
  File "/home/malecada/master_thesis/TradingAgents-audit-fixes/.venv/lib/python3.13/site-packages/numpy/_core/arrayprint.py", line 861 in recurser
  File "/home/malecada/master_thesis/TradingAgents-audit-fixes/.venv/lib/python3.13/site-packages/numpy/_core/arrayprint.py", line 910 in recurser
  File "/home/malecada/master_thesis/TradingAgents-audit-fixes/.venv/lib/python3.13/site-packages/numpy/_core/arrayprint.py", line 957 in _formatArray
  File "/home/malecada/master_thesis/TradingAgents-audit-fixes/.venv/lib/python3.13/site-packages/numpy/_core/arrayprint.py", line 604 in _array2string
  File "/home/malecada/master_thesis/TradingAgents-audit-fixes/.venv/lib/python3.13/site-packages/numpy/_core/arrayprint.py", line 571 in wrapper
  File "/home/malecada/master_thesis/TradingAgents-audit-fixes/.venv/lib/python3.13/site-packages/numpy/_core/arrayprint.py", line 798 in array2string
  File "/home/malecada/master_thesis/TradingAgents-audit-fixes/.venv/lib/python3.13/site-packages/numpy/_core/arrayprint.py", line 1610 in _array_repr_implementation
  File "<string>", line 20 in __repr__
  File "/home/malecada/.local/share/uv/python/cpython-3.13.13-linux-x86_64-gnu/lib/python3.13/reprlib.py", line 21 in wrapper
  File "/home/malecada/master_thesis/TradingAgents-audit-fixes/.venv/lib/python3.13/site-packages/_pytest/_io/saferepr.py", line 74 in repr_instance
  File "/home/malecada/.local/share/uv/python/cpython-3.13.13-linux-x86_64-gnu/lib/python3.13/reprlib.py", line 91 in repr1
  File "/home/malecada/.local/share/uv/python/cpython-3.13.13-linux-x86_64-gnu/lib/python3.13/reprlib.py", line 120 in _repr_iterable
  File "/home/malecada/.local/share/uv/python/cpython-3.13.13-linux-x86_64-gnu/lib/python3.13/reprlib.py", line 129 in repr_tuple
  File "/home/malecada/.local/share/uv/python/cpython-3.13.13-linux-x86_64-gnu/lib/python3.13/reprlib.py", line 89 in repr1
  File "/home/malecada/.local/share/uv/python/cpython-3.13.13-linux-x86_64-gnu/lib/python3.13/reprlib.py", line 120 in _repr_iterable
  File "/home/malecada/.local/share/uv/python/cpython-3.13.13-linux-x86_64-gnu/lib/python3.13/reprlib.py", line 129 in repr_tuple
  File "/home/malecada/.local/share/uv/python/cpython-3.13.13-linux-x86_64-gnu/lib/python3.13/reprlib.py", line 89 in repr1
  File "/home/malecada/.local/share/uv/python/cpython-3.13.13-linux-x86_64-gnu/lib/python3.13/reprlib.py", line 71 in repr
  File "/home/malecada/master_thesis/TradingAgents-audit-fixes/.venv/lib/python3.13/site-packages/_pytest/_io/saferepr.py", line 63 in repr
  File "/home/malecada/master_thesis/TradingAgents-audit-fixes/.venv/lib/python3.13/site-packages/_pytest/_io/saferepr.py", line 136 in saferepr
  File "/home/malecada/master_thesis/TradingAgents-audit-fixes/.venv/lib/python3.13/site-packages/_pytest/_code/code.py", line 926 in repr_args
  File "/home/malecada/master_thesis/TradingAgents-audit-fixes/.venv/lib/python3.13/site-packages/_pytest/_code/code.py", line 1091 in repr_traceback_entry
  File "/home/malecada/master_thesis/TradingAgents-audit-fixes/.venv/lib/python3.13/site-packages/_pytest/_code/code.py", line 1150 in repr_traceback
  File "/home/malecada/master_thesis/TradingAgents-audit-fixes/.venv/lib/python3.13/site-packages/_pytest/_code/code.py", line 1224 in repr_excinfo
  File "/home/malecada/master_thesis/TradingAgents-audit-fixes/.venv/lib/python3.13/site-packages/_pytest/_code/code.py", line 774 in getrepr
  File "/home/malecada/master_thesis/TradingAgents-audit-fixes/.venv/lib/python3.13/site-packages/_pytest/nodes.py", line 448 in _repr_failure_py
  File "/home/malecada/master_thesis/TradingAgents-audit-fixes/.venv/lib/python3.13/site-packages/_pytest/python.py", line 1749 in repr_failure
  File "/home/malecada/master_thesis/TradingAgents-audit-fixes/.venv/lib/python3.13/site-packages/_pytest/reports.py", line 263 in _format_failed_longrepr
  File "/home/malecada/master_thesis/TradingAgents-audit-fixes/.venv/lib/python3.13/site-packages/_pytest/reports.py", line 438 in from_item_and_call
  File "/home/malecada/master_thesis/TradingAgents-audit-fixes/.venv/lib/python3.13/site-packages/_pytest/runner.py", line 385 in pytest_runtest_makereport
  File "/home/malecada/master_thesis/TradingAgents-audit-fixes/.venv/lib/python3.13/site-packages/pluggy/_callers.py", line 121 in _multicall
  File "/home/malecada/master_thesis/TradingAgents-audit-fixes/.venv/lib/python3.13/site-packages/pluggy/_manager.py", line 120 in _hookexec
  File "/home/malecada/master_thesis/TradingAgents-audit-fixes/.venv/lib/python3.13/site-packages/pluggy/_hooks.py", line 512 in __call__
  File "/home/malecada/master_thesis/TradingAgents-audit-fixes/.venv/lib/python3.13/site-packages/_pytest/runner.py", line 254 in call_and_report
  File "/home/malecada/master_thesis/TradingAgents-audit-fixes/.venv/lib/python3.13/site-packages/_pytest/runner.py", line 139 in runtestprotocol
  File "/home/malecada/master_thesis/TradingAgents-audit-fixes/.venv/lib/python3.13/site-packages/_pytest/runner.py", line 118 in pytest_runtest_protocol
  File "/home/malecada/master_thesis/TradingAgents-audit-fixes/.venv/lib/python3.13/site-packages/pluggy/_callers.py", line 121 in _multicall
  File "/home/malecada/master_thesis/TradingAgents-audit-fixes/.venv/lib/python3.13/site-packages/pluggy/_manager.py", line 120 in _hookexec
  File "/home/malecada/master_thesis/TradingAgents-audit-fixes/.venv/lib/python3.13/site-packages/pluggy/_hooks.py", line 512 in __call__
  File "/home/malecada/master_thesis/TradingAgents-audit-fixes/.venv/lib/python3.13/site-packages/_pytest/main.py", line 408 in pytest_runtestloop
  File "/home/malecada/master_thesis/TradingAgents-audit-fixes/.venv/lib/python3.13/site-packages/pluggy/_callers.py", line 121 in _multicall
  File "/home/malecada/master_thesis/TradingAgents-audit-fixes/.venv/lib/python3.13/site-packages/pluggy/_manager.py", line 120 in _hookexec
  File "/home/malecada/master_thesis/TradingAgents-audit-fixes/.venv/lib/python3.13/site-packages/pluggy/_hooks.py", line 512 in __call__
  File "/home/malecada/master_thesis/TradingAgents-audit-fixes/.venv/lib/python3.13/site-packages/_pytest/main.py", line 384 in _main
  File "/home/malecada/master_thesis/TradingAgents-audit-fixes/.venv/lib/python3.13/site-packages/_pytest/main.py", line 330 in wrap_session
  File "/home/malecada/master_thesis/TradingAgents-audit-fixes/.venv/lib/python3.13/site-packages/_pytest/main.py", line 377 in pytest_cmdline_main
  File "/home/malecada/master_thesis/TradingAgents-audit-fixes/.venv/lib/python3.13/site-packages/pluggy/_callers.py", line 121 in _multicall
  File "/home/malecada/master_thesis/TradingAgents-audit-fixes/.venv/lib/python3.13/site-packages/pluggy/_manager.py", line 120 in _hookexec
  File "/home/malecada/master_thesis/TradingAgents-audit-fixes/.venv/lib/python3.13/site-packages/pluggy/_hooks.py", line 512 in __call__
  File "/home/malecada/master_thesis/TradingAgents-audit-fixes/.venv/lib/python3.13/site-packages/_pytest/config/__init__.py", line 229 in _main
  File "/home/malecada/master_thesis/TradingAgents-audit-fixes/.venv/lib/python3.13/site-packages/_pytest/config/__init__.py", line 253 in _console_main
  File "/home/malecada/master_thesis/TradingAgents-audit-fixes/.venv/lib/python3.13/site-packages/pytest/__main__.py", line 9 in <module>
  File "<frozen runpy>", line 88 in _run_code
  File "<frozen runpy>", line 198 in _run_module_as_main

Extension modules: numpy._core._multiarray_umath, numpy.linalg._umath_linalg, torch._C, torch._C._dynamo.autograd_compiler, torch._C._dynamo.eval_frame, torch._C._dynamo.guards, torch._C._dynamo.utils, torch._C._fft, torch._C._linalg, torch._C._nested, torch._C._nn, torch._C._sparse, torch._C._special, _cyutility, scipy._cyutility, scipy._lib._ccallback_c, scipy.special._ufuncs_cxx, scipy.special._ellip_harm_2, scipy.special._special_ufuncs, scipy.special._gufuncs, scipy.special._ufuncs, scipy.special._specfun, scipy.special._comb, numpy.random._common, numpy.random.bit_generator, numpy.random._bounded_integers, numpy.random._pcg64, numpy.random._mt19937, numpy.random._generator, numpy.random._philox, numpy.random._sfc64, numpy.random.mtrand, charset_normalizer.md, scipy.sparse._sparsetools, _csparsetools, scipy.sparse._csparsetools, scipy.linalg._fblas, scipy.linalg._flapack, scipy.linalg.cython_lapack, scipy.linalg._cythonized_array_utils, scipy.linalg._solve_toeplitz, scipy.linalg._batched_linalg, scipy.linalg._decomp_lu_cython, scipy.linalg._matfuncs_schur_sqrtm, scipy.linalg._matfuncs_expm, scipy.linalg._linalg_pythran, scipy.linalg.cython_blas, scipy.linalg._decomp_update, scipy.sparse.linalg._dsolve._superlu, scipy.sparse.linalg._eigen.arpack._arpacklib, scipy.sparse.linalg._propack, sklearn.__check_build._check_build, psutil._psutil_linux, scipy.spatial._ckdtree, scipy._lib.messagestream, scipy.spatial._qhull, scipy.spatial._voronoi, scipy.spatial._hausdorff, scipy.spatial._distance_wrap, scipy.spatial.transform._rotation_cy, scipy.spatial.transform._rigid_transform_cy, scipy.optimize._group_columns, scipy.optimize._trlib._trlib, scipy.optimize._lbfgsb, _moduleTNC, scipy.optimize._moduleTNC, scipy.optimize._slsqplib, scipy.optimize._minpack, scipy.optimize._lsq.givens_elimination, scipy.optimize._zeros, scipy._lib._uarray._uarray, scipy.linalg._decomp_interpolative, scipy.optimize._bglu_dense, scipy.optimize._lsap, scipy.optimize._direct, scipy.integrate._odepack, scipy.integrate._quadpack, scipy.integrate._vode, scipy.integrate._dop, scipy.interpolate._fitpack, scipy.interpolate._dfitpack, scipy.interpolate._dierckx, scipy.interpolate._ppoly, scipy.interpolate._interpnd, scipy.interpolate._rbfinterp_pythran, scipy.interpolate._rgi_cython, scipy.special.cython_special, scipy.stats._stats, scipy.stats._biasedurn, scipy.stats._stats_pythran, scipy.stats._levy_stable.levyst, scipy.stats._ansari_swilk_statistics, scipy.sparse.csgraph._tools, scipy.sparse.csgraph._shortest_path, scipy.sparse.csgraph._traversal, scipy.sparse.csgraph._min_spanning_tree, scipy.sparse.csgraph._flow, scipy.sparse.csgraph._matching, scipy.sparse.csgraph._reordering, scipy.stats._sobol, scipy.stats._qmc_cy, scipy.stats._rcont.rcont, scipy.stats._qmvnt_cy, scipy.ndimage._nd_image, scipy.ndimage._rank_filter_1d, _ni_label, scipy.ndimage._ni_label, pyarrow.lib, pandas._libs.tslibs.ccalendar, pandas._libs.tslibs.np_datetime, pandas._libs.tslibs.dtypes, pandas._libs.tslibs.base, pandas._libs.tslibs.nattype, pandas._libs.tslibs.timezones, pandas._libs.tslibs.fields, pandas._libs.tslibs.timedeltas, pandas._libs.tslibs.tzconversion, pandas._libs.tslibs.timestamps, pandas._libs.properties, pandas._libs.tslibs.offsets, pandas._libs.tslibs.strptime, pandas._libs.tslibs.parsing, pandas._libs.tslibs.conversion, pandas._libs.tslibs.period, pandas._libs.tslibs.vectorized, pandas._libs.ops_dispatch, pandas._libs.missing, pandas._libs.hashtable, pandas._libs.algos, pandas._libs.interval, pandas._libs.lib, pyarrow._compute, pandas._libs.ops, pandas._libs.hashing, pandas._libs.arrays, pandas._libs.tslib, pandas._libs.sparse, pandas._libs.internals, pandas._libs.indexing, pandas._libs.index, pandas._libs.writers, pandas._libs.join, pandas._libs.window.aggregations, pandas._libs.window.indexers, pandas._libs.reshape, pandas._libs.groupby, pandas._libs.json, pandas._libs.parsers, pandas._libs.testing, sklearn._cyutility, sklearn.utils._isfinite, sklearn.utils.sparsefuncs_fast, sklearn.utils.murmurhash, sklearn.utils._openmp_helpers, sklearn.metrics.cluster._expected_mutual_info_fast, sklearn.preprocessing._csr_polynomial_expansion, sklearn.preprocessing._target_encoder_fast, sklearn.metrics._dist_metrics, sklearn.metrics._pairwise_distances_reduction._datasets_pair, sklearn.utils._cython_blas, sklearn.metrics._pairwise_distances_reduction._base, sklearn.metrics._pairwise_distances_reduction._middle_term_computer, sklearn.utils._heap, sklearn.utils._sorting, sklearn.metrics._pairwise_distances_reduction._argkmin, sklearn.metrics._pairwise_distances_reduction._argkmin_classmode, sklearn.utils._vector_sentinel, sklearn.metrics._pairwise_distances_reduction._radius_neighbors, sklearn.metrics._pairwise_distances_reduction._radius_neighbors_classmode, sklearn.metrics._pairwise_fast, scipy.cluster._vq, scipy.cluster._hierarchy, scipy.cluster._optimal_leaf_ordering (total: 173)
