{
  "schema_version": 1,
  "decision": "ACCEPTED_ACTUAL_SOURCE290_PARENT_BASELINE_EXTERNAL_RECOVERY_PENDING_FLAT",
  "checks": 2226,
  "receipt_sha256": "8380d6fc8c5f425ce105e467898bf5538e74ef410d35522c30575bc8632a55c7",
  "parent_terminal_sha256": "c93718f3556a36277231afbd9735a96840cad326412108f375ba23008c1c7ddd",
  "intent_sha256": "fcd02d9ac4cfa4d6117821b2a567340b7aaa31e53e3d59a3e425dbf234484a59",
  "selection_sha256": "5b336b0f0642ec0b521d8dde5820889d395cadbda65fa826e6cc377a6f3fcfa0",
  "recovered_commit": "8ac18965d66fec5e2569b71a82003fa3791005e6",
  "selected_count": 116,
  "logical_bytes": 3924686,
  "operations": 243,
  "actual_recorded_elapsed_seconds": 8.281784163991688,
  "archives": {
    "parent": {
      "bytes": 75115,
      "manifest_sha256": "7f608e9877086f961f4f8a998ba5faa50d42b8fd65808e2cf3ba2756eb28b77e",
      "sha256": "d620cea8113f365fb1c9a458f245031b1f04c063c861f0b08a9f1ba71f1e2c7f"
    },
    "source": {
      "bytes": 2703524,
      "manifest_sha256": "ebe3ade50a6bd106105001a615144a2e4ef1d649755989bc63937063ed9c258c",
      "sha256": "4a483c2d9d1ed1c5f652e73bb818ca8bd11dbe79fa7acaae34b11248655a4e76"
    }
  },
  "captured_financial_source": "d4e56ba9ed968e9c24b2813656c2ca65a3dbd7a0",
  "tracked": 290,
  "source_pins": 289,
  "source_members": 878,
  "parent_members": 15,
  "disk_free_bytes": 18696359936,
  "actual_flat_recovery": false,
  "final_release_or_original_posix_recovery": false,
  "runtime_registration_native_authority": false,
  "qualification": "Root original operations/parentterminal digest records authenticated offline against real freshGit and saved/original bodies. Initial/final remoteHEAD text hash joined; no network rerun or separately retained per-operation rawstdout asserted."
}
