{
  "decision": "ACCEPTED_ACTUAL_FINAL950_FLAT_ARCHIVAL_RECOVERY_ONLY",
  "checks": 23409,
  "results": {
    "capsule": {
      "members": 925,
      "bodies": 663,
      "logical_bytes": 6782177,
      "archive_sha256": "bcbc44160e09beba8b50e28188393cce6a3e9f90af9062fd90e4026f2ce74dbd",
      "inflated_bytes": 7464960,
      "headers": 950,
      "pax_headers": 24
    },
    "external": {
      "members": 25,
      "bodies": 23,
      "logical_bytes": 514939,
      "archive_sha256": "788ec697816f6dbb802af6546dcc5a095ab883167111518def9b7c6089e484b4",
      "inflated_bytes": 542720,
      "headers": 26,
      "pax_headers": 0
    }
  },
  "actual_files": 689,
  "actual_recovery_sha256": "8b5eb6d58e4e422b38f327bd95056df34780c19fe1d65bed7a4cbfa0d6855371",
  "remote_receipt_sha256": "eaaf62de466583661d81a9d03b76a037192776334d3bf8d5ef4decc0312aaffd",
  "remote_commit": "a9f18fffbc06b9e3996b67fc2a0139ce98900709",
  "joined_capture_files": [
    "research/onchain-paper-replication-2026-09-24/full_sources/held-consumer-final-released-scope-root-capture01-2026-10-03/REQUEST01.json",
    "research/onchain-paper-replication-2026-09-24/full_sources/held-consumer-final-released-scope-root-capture01-2026-10-03/bundle01/capsule.tar.gz",
    "research/onchain-paper-replication-2026-09-24/full_sources/held-consumer-final-released-scope-root-capture01-2026-10-03/bundle01/capsule-manifest.json",
    "research/onchain-paper-replication-2026-09-24/full_sources/held-consumer-final-released-scope-root-capture01-2026-10-03/bundle01/capture.json",
    "research/onchain-paper-replication-2026-09-24/full_sources/held-consumer-final-released-scope-root-capture01-2026-10-03/bundle01/external-manifest.json",
    "research/onchain-paper-replication-2026-09-24/full_sources/held-consumer-final-released-scope-root-capture01-2026-10-03/bundle01/external.tar.gz"
  ],
  "actual_terminal": {
    "actual_child_exit": 0,
    "actual_output_files": 689,
    "actual_pid": 4036870,
    "disk_free_bytes": 18874499072,
    "elapsed_seconds": 1.5168772889883257,
    "genuine_run_or_native_started": false,
    "pid_absent": true,
    "recovery_sha256": "8b5eb6d58e4e422b38f327bd95056df34780c19fe1d65bed7a4cbfa0d6855371",
    "root_launch_hold": true,
    "schema_version": 1,
    "stderr_sha256": "e3b0c44298fc1c149afbf4c8996fb92427ae41e4649b934ca495991b7852b855",
    "stdout_sha256": "e3b0c44298fc1c149afbf4c8996fb92427ae41e4649b934ca495991b7852b855"
  },
  "source_git_origin_union_review_separate": true,
  "native_or_execution_authority": false,
  "runtime": {
    "version": "3.13.13 (main, Apr 14 2026, 14:28:56) [Clang 22.1.3 ]",
    "executable": "/home/malecada/master_thesis/TradingAgents-audit-fixes/.venv/bin/python"
  }
}
