{
  "manifest": 179,
  "manifest_bytes": 3147795,
  "sources": 164,
  "package": 147,
  "source_bytes": 2963908,
  "git_source_joins": 113,
  "base_unchanged_sources": 147,
  "overlay_bodies": 17,
  "dependencies": 12,
  "original_JSON": 11,
  "original_reference_paths": 26,
  "original_Git_reverified": false,
  "runtime_RECORDS": 251,
  "missing_relative_modules": [
    {
      "file": "tradingagents/research/onchain_replication/compact_mcm.py",
      "line": 282,
      "module": "resource_refusal"
    }
  ],
  "missing_direct_dynamic_sources": [
    {
      "declared_in": "compact_samples.py",
      "constant": "READER",
      "missing_target": "research/onchain-paper-replication-2026-09-24/full_sources/pair-component-reader-2026-10-01/reader.py"
    },
    {
      "declared_in": "compact_mcm.py",
      "constant": "KERNEL",
      "missing_target": "research/onchain-paper-replication-2026-09-24/full_sources/mcm-array-kernel-2026-10-01/kernel.py"
    },
    {
      "declared_in": "compact_sampler.py",
      "constant": "CORE",
      "missing_target": "research/onchain-paper-replication-2026-09-24/full_sources/sampler-leased-core-2026-10-01/core.py"
    },
    {
      "declared_in": "compact_features.py",
      "constant": "BOUNDARY",
      "missing_target": "research/onchain-paper-replication-2026-09-24/full_sources/graph-feature-boundary-2026-10-01/boundary.py"
    },
    {
      "declared_in": "compact_denominator.py",
      "constant": "VALIDATOR",
      "missing_target": "research/onchain-paper-replication-2026-09-24/full_sources/representation-denominator-2026-10-01/denominator.py"
    },
    {
      "declared_in": "compact_native_features.py",
      "constant": "NATIVE",
      "missing_target": "research/onchain-paper-replication-2026-09-24/full_sources/terminal-output-lifetime-2026-10-01/native_map.py"
    }
  ],
  "actual_extracted_dictionary_sources_refusal": "compact dictionary numerical source not admitted or changed",
  "scientific_dictionary_source_count": 2,
  "scientific_dictionary_source_map_bytes_fixed64pin": 338,
  "scientific_MCM_source_count": 3,
  "scientific_MCM_source_map_bytes_fixed64pin": 504,
  "whole_registered_source_map_bytes": 20751,
  "numerical_imports": false,
  "actual_authority": false
}
