test_archive_unknown_member_refused (__main__.Tests.test_archive_unknown_member_refused) ... ok
test_compact_page_bounds_and_refs (__main__.Tests.test_compact_page_bounds_and_refs) ... ok
test_deadline_precedes_read (__main__.Tests.test_deadline_precedes_read) ... ok
test_fatal_identity_survives_later_cleanup (__main__.Tests.test_fatal_identity_survives_later_cleanup) ... ok
test_genuine_cleanup_type_selection (__main__.Tests.test_genuine_cleanup_type_selection) ... ok
test_import_blocker_is_explicit (__main__.Tests.test_import_blocker_is_explicit) ... ok
test_new_metadata_bound_original_document_distinction (__main__.Tests.test_new_metadata_bound_original_document_distinction) ... ok
test_old_resource_parser_not_reused (__main__.Tests.test_old_resource_parser_not_reused) ... ok
test_pages_refuse_single_giant_inline_map (__main__.Tests.test_pages_refuse_single_giant_inline_map) ... ok
test_raw_archive_equality_does_not_unpickle (__main__.Tests.test_raw_archive_equality_does_not_unpickle) ... ok
test_real_native_observation_body_preserved (__main__.Tests.test_real_native_observation_body_preserved) ... ERROR
test_redirection_hardlink_and_size_refuse (__main__.Tests.test_redirection_hardlink_and_size_refuse) ... ok
test_reference_mutation (__main__.Tests.test_reference_mutation) ... ok
test_source_compile_without_import (__main__.Tests.test_source_compile_without_import) ... ok
test_strict_json (__main__.Tests.test_strict_json) ... ok
test_unavailable_materialization_is_not_science (__main__.Tests.test_unavailable_materialization_is_not_science) ... ok

======================================================================
ERROR: test_real_native_observation_body_preserved (__main__.Tests.test_real_native_observation_body_preserved)
----------------------------------------------------------------------
Traceback (most recent call last):
  File "/home/malecada/master_thesis/TradingAgents-audit-fixes/research/onchain-paper-replication-2026-09-24/full_sources/neural-cold-feature-handoff-proof-outer-preparation03-2026-10-03/test_boundaries02.py", line 46, in test_real_native_observation_body_preserved
    old=ast.parse((P/'native_observations.baseline03.txt').read_text()).body[0]
                  ~~~~~~~~~~~~~~~~~~~~~~~~~~~~~~~~~~~~~~~~~~~~~~~~~~^^
  File "/home/malecada/.local/share/uv/python/cpython-3.13.13-linux-x86_64-gnu/lib/python3.13/pathlib/_local.py", line 546, in read_text
    return PathBase.read_text(self, encoding, errors, newline)
           ~~~~~~~~~~~~~~~~~~^^^^^^^^^^^^^^^^^^^^^^^^^^^^^^^^^
  File "/home/malecada/.local/share/uv/python/cpython-3.13.13-linux-x86_64-gnu/lib/python3.13/pathlib/_abc.py", line 632, in read_text
    with self.open(mode='r', encoding=encoding, errors=errors, newline=newline) as f:
         ~~~~~~~~~^^^^^^^^^^^^^^^^^^^^^^^^^^^^^^^^^^^^^^^^^^^^^^^^^^^^^^^^^^^^^
  File "/home/malecada/.local/share/uv/python/cpython-3.13.13-linux-x86_64-gnu/lib/python3.13/pathlib/_local.py", line 537, in open
    return io.open(self, mode, buffering, encoding, errors, newline)
           ~~~~~~~^^^^^^^^^^^^^^^^^^^^^^^^^^^^^^^^^^^^^^^^^^^^^^^^^^
FileNotFoundError: [Errno 2] No such file or directory: '/home/malecada/master_thesis/TradingAgents-audit-fixes/research/onchain-paper-replication-2026-09-24/full_sources/neural-cold-feature-handoff-proof-outer-preparation03-2026-10-03/native_observations.baseline03.txt'

----------------------------------------------------------------------
Ran 16 tests in 0.057s

FAILED (errors=1)
