test_actual_retained_start_is_too_large_and_selected_reference_fits (__main__.Metadata.test_actual_retained_start_is_too_large_and_selected_reference_fits) ... FAIL
test_actual_start_and_check_call_the_selected_evidence_join (__main__.Metadata.test_actual_start_and_check_call_the_selected_evidence_join) ... FAIL
test_every_numerical_and_production_function_is_unchanged (__main__.Metadata.test_every_numerical_and_production_function_is_unchanged) ... ok
test_legacy_returns_exact_same_map (__main__.Metadata.test_legacy_returns_exact_same_map) ... FAIL
test_source_changes_do_not_preserve_the_reference (__main__.Metadata.test_source_changes_do_not_preserve_the_reference) ... FAIL

======================================================================
FAIL: test_actual_retained_start_is_too_large_and_selected_reference_fits (__main__.Metadata.test_actual_retained_start_is_too_large_and_selected_reference_fits)
----------------------------------------------------------------------
Traceback (most recent call last):
  File "/home/malecada/master_thesis/TradingAgents-audit-fixes/research/onchain-paper-replication-2026-09-24/full_sources/imported-source-metadata-correction01-2026-10-03/test_metadata01.py", line 22, in test_actual_retained_start_is_too_large_and_selected_reference_fits
    ns=namespace();records=json.loads((F/'original-import-metadata-bound-investigation-2026-10-03/RECONSTRUCTION01.json').read_text())['records']
  File "/home/malecada/master_thesis/TradingAgents-audit-fixes/research/onchain-paper-replication-2026-09-24/full_sources/imported-source-metadata-correction01-2026-10-03/test_metadata01.py", line 9, in namespace
    if not helpers:raise AssertionError('selected source evidence helper missing')
                   ^^^^^^^^^^^^^^^^^^^^^^^^^^^^^^^^^^^^^^^^^^^^^^^^^^^^^^^^^^^^^^^
AssertionError: selected source evidence helper missing

======================================================================
FAIL: test_actual_start_and_check_call_the_selected_evidence_join (__main__.Metadata.test_actual_start_and_check_call_the_selected_evidence_join)
----------------------------------------------------------------------
Traceback (most recent call last):
  File "/home/malecada/master_thesis/TradingAgents-audit-fixes/research/onchain-paper-replication-2026-09-24/full_sources/imported-source-metadata-correction01-2026-10-03/test_metadata01.py", line 37, in test_actual_start_and_check_call_the_selected_evidence_join
    self.assertTrue(any(isinstance(n,ast.Call) and isinstance(n.func,ast.Name) and n.func.id=='_source_evidence' for n in ast.walk(prepare)))
    ~~~~~~~~~~~~~~~^^^^^^^^^^^^^^^^^^^^^^^^^^^^^^^^^^^^^^^^^^^^^^^^^^^^^^^^^^^^^^^^^^^^^^^^^^^^^^^^^^^^^^^^^^^^^^^^^^^^^^^^^^^^^^^^^^^^^^^^^^
AssertionError: False is not true

======================================================================
FAIL: test_legacy_returns_exact_same_map (__main__.Metadata.test_legacy_returns_exact_same_map)
----------------------------------------------------------------------
Traceback (most recent call last):
  File "/home/malecada/master_thesis/TradingAgents-audit-fixes/research/onchain-paper-replication-2026-09-24/full_sources/imported-source-metadata-correction01-2026-10-03/test_metadata01.py", line 30, in test_legacy_returns_exact_same_map
    ns=namespace();value={'unchanged':'a'*64};self.assertIs(ns['_source_evidence'](False,value),value)
  File "/home/malecada/master_thesis/TradingAgents-audit-fixes/research/onchain-paper-replication-2026-09-24/full_sources/imported-source-metadata-correction01-2026-10-03/test_metadata01.py", line 9, in namespace
    if not helpers:raise AssertionError('selected source evidence helper missing')
                   ^^^^^^^^^^^^^^^^^^^^^^^^^^^^^^^^^^^^^^^^^^^^^^^^^^^^^^^^^^^^^^^
AssertionError: selected source evidence helper missing

======================================================================
FAIL: test_source_changes_do_not_preserve_the_reference (__main__.Metadata.test_source_changes_do_not_preserve_the_reference)
----------------------------------------------------------------------
Traceback (most recent call last):
  File "/home/malecada/master_thesis/TradingAgents-audit-fixes/research/onchain-paper-replication-2026-09-24/full_sources/imported-source-metadata-correction01-2026-10-03/test_metadata01.py", line 32, in test_source_changes_do_not_preserve_the_reference
    ns=namespace();a={'path':'a'*64};expected=ns['_source_evidence'](True,a)
  File "/home/malecada/master_thesis/TradingAgents-audit-fixes/research/onchain-paper-replication-2026-09-24/full_sources/imported-source-metadata-correction01-2026-10-03/test_metadata01.py", line 9, in namespace
    if not helpers:raise AssertionError('selected source evidence helper missing')
                   ^^^^^^^^^^^^^^^^^^^^^^^^^^^^^^^^^^^^^^^^^^^^^^^^^^^^^^^^^^^^^^^
AssertionError: selected source evidence helper missing

----------------------------------------------------------------------
Ran 5 tests in 0.032s

FAILED (failures=4)
