{
  "result_sha256": "1e75072838dc25d8f132c345d38b22af544954a0753c02c5cf4033c2224e6949",
  "retention_sha256": "f590948a38b5a25a7a56c089d2e3ca670db1b6298f668784aa1d998e13922a89",
  "archive_sha256": "4ef0b859c2529668f4a90965b0555005dc0e8099ea1249717cdcc7390e2544cd",
  "files": 665,
  "directories_including_root": 274,
  "members": 939,
  "logical_bytes": 6585516,
  "allocated_bytes_including_directories": 9453568,
  "source_git_body_joins": 159,
  "registered_input_body_hashes": 32,
  "actual_postmortem_cells": [
    {
      "id": "import-target-01",
      "reason": "SystemExit: owned execution interrupted; never relaunch this identity",
      "resource_only": true,
      "status": "failed"
    },
    {
      "id": "import-target-02",
      "reason": "SystemExit: owned execution interrupted; never relaunch this identity",
      "resource_only": true,
      "status": "unavailable"
    }
  ],
  "missing_worker_outputs": [
    "cell-ledger.json",
    "resource-summary.json"
  ],
  "native_timeout": true,
  "peak_sampled_bytes": 402456576,
  "all_recorded_and_journal_thread_pids_now_absent": [
    1756801,
    1756805,
    1756967,
    1757654,
    1758323,
    1758327,
    1759689,
    1760203,
    1760206,
    2363054,
    2364209
  ],
  "current_unit": {
    "Result": "timeout",
    "ExecMainStatus": "125",
    "ControlGroup": "",
    "ActiveState": "failed",
    "SubState": "failed"
  },
  "numerical_results_not_interpreted": true,
  "no_extraction_or_replay": true
}
