FFFF
======================================================================
FAIL: test_resealed_purpose_and_ordered_pair_refuse (__main__.Resealed.test_resealed_purpose_and_ordered_pair_refuse) (change='purpose')
----------------------------------------------------------------------
Traceback (most recent call last):
  File "/home/malecada/master_thesis/TradingAgents-audit-fixes/research/onchain-paper-replication-2026-09-24/full_sources/original-import-native-refusal-candidate04-2026-10-03/test_resealed04.py", line 22, in test_resealed_purpose_and_ordered_pair_refuse
    with self.assertRaises(ValueError):caller.terminal(root=root,variant='wrong-ack')
         ~~~~~~~~~~~~~~~~~^^^^^^^^^^^^
AssertionError: ValueError not raised

======================================================================
FAIL: test_resealed_purpose_and_ordered_pair_refuse (__main__.Resealed.test_resealed_purpose_and_ordered_pair_refuse) (change='pair')
----------------------------------------------------------------------
Traceback (most recent call last):
  File "/home/malecada/master_thesis/TradingAgents-audit-fixes/research/onchain-paper-replication-2026-09-24/full_sources/original-import-native-refusal-candidate04-2026-10-03/test_resealed04.py", line 22, in test_resealed_purpose_and_ordered_pair_refuse
    with self.assertRaises(ValueError):caller.terminal(root=root,variant='wrong-ack')
         ~~~~~~~~~~~~~~~~~^^^^^^^^^^^^
AssertionError: ValueError not raised

======================================================================
FAIL: test_resealed_purpose_and_ordered_pair_refuse (__main__.Resealed.test_resealed_purpose_and_ordered_pair_refuse) (change='both')
----------------------------------------------------------------------
Traceback (most recent call last):
  File "/home/malecada/master_thesis/TradingAgents-audit-fixes/research/onchain-paper-replication-2026-09-24/full_sources/original-import-native-refusal-candidate04-2026-10-03/test_resealed04.py", line 22, in test_resealed_purpose_and_ordered_pair_refuse
    with self.assertRaises(ValueError):caller.terminal(root=root,variant='wrong-ack')
         ~~~~~~~~~~~~~~~~~^^^^^^^^^^^^
AssertionError: ValueError not raised

======================================================================
FAIL: test_resealed_purpose_and_ordered_pair_refuse (__main__.Resealed.test_resealed_purpose_and_ordered_pair_refuse) (change='swapped')
----------------------------------------------------------------------
Traceback (most recent call last):
  File "/home/malecada/master_thesis/TradingAgents-audit-fixes/research/onchain-paper-replication-2026-09-24/full_sources/original-import-native-refusal-candidate04-2026-10-03/test_resealed04.py", line 22, in test_resealed_purpose_and_ordered_pair_refuse
    with self.assertRaises(ValueError):caller.terminal(root=root,variant='wrong-ack')
         ~~~~~~~~~~~~~~~~~^^^^^^^^^^^^
AssertionError: ValueError not raised

----------------------------------------------------------------------
Ran 1 test in 1.429s

FAILED (failures=4)
