Exit code: 0
No numerical/package imports, claims, Owners, native guards or matching executions.
test_coherent_other_center_or_motif_refuses (test_resealed04.Resealed.test_coherent_other_center_or_motif_refuses) ... ok
test_resealed_purpose_and_ordered_pair_refuse (test_resealed04.Resealed.test_resealed_purpose_and_ordered_pair_refuse) ... ok
test_all_four_actual_parser_format_controls (test_formulas04.Formulas.test_all_four_actual_parser_format_controls) ... ok
test_guarded_seam_has_no_module_import_or_executable_entry (test_formulas04.Formulas.test_guarded_seam_has_no_module_import_or_executable_entry) ... ok
test_neighborhood_order_direction_and_hop_capacity (test_formulas04.Formulas.test_neighborhood_order_direction_and_hop_capacity) ... ok
test_selected_source_pair_encodings_are_exact (test_formulas04.Formulas.test_selected_source_pair_encodings_are_exact) ... ok
test_wrong_source_and_registered_array_refuse (test_formulas04.Formulas.test_wrong_source_and_registered_array_refuse) ... ok
test_all_semantic_numeric_fields_and_schema_are_authenticated (test_evidence04.Evidence.test_all_semantic_numeric_fields_and_schema_are_authenticated) ... ok
test_empty_stage_and_wrong_phase_counts_refuse (test_evidence04.Evidence.test_empty_stage_and_wrong_phase_counts_refuse) ... ok
test_missing_or_truncated_required_stage_members_refuse (test_evidence04.Evidence.test_missing_or_truncated_required_stage_members_refuse) ... ok
test_original_node_order_and_stage_scope_refuse (test_evidence04.Evidence.test_original_node_order_and_stage_scope_refuse) ... ok
test_original_sample_body_cannot_rebind_import (test_evidence04.Evidence.test_original_sample_body_cannot_rebind_import) ... ok
test_positive_non_numeric_boundaries (test_evidence04.Evidence.test_positive_non_numeric_boundaries) ... ok
test_semantic_extent_type_missing_fields_and_order_refuse (test_evidence04.Evidence.test_semantic_extent_type_missing_fields_and_order_refuse) ... ok
test_valid_qualified_stage_counts (test_evidence04.Evidence.test_valid_qualified_stage_counts) ... ok

----------------------------------------------------------------------
Ran 15 tests in 17.480s

OK
