{
  "parent_manifest_sha256": "1cea5128a71024818328326a4742942d3a62259086f6a58b848888b7908110d3",
  "parent_sha256": "424e77b8ef2e1b199232b9efcbacbb5dba6ce8c825baf74b89407b449b7b68a5",
  "nine_manifest_members_verified": true,
  "exact_three_literal_byte_delta": true,
  "whole_AST_changes": [
    [
      "compact-cold-inputs-20261003-01",
      "compact-cold-comparison-20261003-01"
    ],
    [
      "materialize",
      "compare"
    ],
    [
      "this exact parent selects only materialization",
      "this exact parent selects only comparison"
    ]
  ],
  "selection_matrix_cases": 16,
  "only_comparison_selected": true,
  "collector_manifest_members_verified": 25,
  "outcome_helper_sha256": "c890e1f7b8cc56e07ca2d2346070a0e75163597327430c97592e6257613e8c37",
  "existing_archive_bytes": 2563986,
  "metadata_member_count": 1023,
  "no_recovery_execution_or_network_or_numerics": true
}
