Reviewed offline profile: 265 modules; legacy/unreviewed modules excluded.
Isolated standard runtime: 186 modules.
........................................................................ [  2%]
.................................................... [  4%]
........................................................................ [  7%]
........................................................................ [  9%]
........................................................................ [ 12%]
........................................................................ [ 14%]
........................................................................ [ 17%]
........................................................................ [ 20%]
........................................................................ [ 22%]
........................................................................ [ 25%]
........................................................................ [ 27%]
........................................................................ [ 30%]
........................................................................ [ 32%]
........................................................................ [ 35%]
........................................................................ [ 38%]
........................................................................ [ 40%]
........................................................................ [ 43%]
........................................................................ [ 45%]
........................................................................ [ 48%]
........................................................................ [ 51%]
........................................................................ [ 53%]
........................................................................ [ 56%]
........................................................................ [ 58%]
........................................................................ [ 61%]
........................................................................ [ 64%]
........................................................................ [ 66%]
........................................................................ [ 69%]
........................................................ [ 71%]
........................................................................ [ 73%]
........................................................................ [ 76%]
........................................................................ [ 79%]
.............................................................. [ 81%]
........................................................................ [ 83%]
........................................................................ [ 86%]
........................................................................ [ 89%]
............................................................. [ 91%]
........................................................... [ 93%]
........................................................................ [ 96%]
............................................. [ 97%]
.................................................................        [100%]
- reviewed profile: 75 encountered files withheld; this is not the full legacy suite -
2776 passed, 97 subtests passed in 1037.09s (0:17:17)
Isolated neural runtime: 79 modules.
...........s............................................................ [  8%]
........................................................................ [ 16%]
........................................................................ [ 24%]
........................................................................ [ 32%]
........................................................................ [ 41%]
.s.............................................................. [ 48%]
.................................................................... [ 56%]
........................................................................ [ 64%]
........................................................................ [ 72%]
........................................................................ [ 80%]
........................................................................ [ 88%]
........................................................................ [ 97%]
..........................                                               [100%]
- reviewed profile: 26 encountered files withheld; this is not the full legacy suite -
876 passed, 2 skipped, 12 subtests passed in 770.49s (0:12:50)
