test_inventory03.py exit 0
test_2311_rows_and_maximum_entries_all_retained (__main__.Tests.test_2311_rows_and_maximum_entries_all_retained) ... ok
test_escaped_row_refuses_before_any_publication (__main__.Tests.test_escaped_row_refuses_before_any_publication) ... ok
test_exact_serializer_not_compact_estimate (__main__.Tests.test_exact_serializer_not_compact_estimate) ... ok
test_near_four_mib_rows_require_second_index_level (__main__.Tests.test_near_four_mib_rows_require_second_index_level) ... ok

----------------------------------------------------------------------
Ran 4 tests in 1.861s

OK
test_reader03.py exit 0
test_actual_reader_full_original_members_and_tail (__main__.Tests.test_actual_reader_full_original_members_and_tail) ... ok
test_changed_body_unknown_member_and_root_ref_refused (__main__.Tests.test_changed_body_unknown_member_and_root_ref_refused) ... ok
test_coherently_rebuilt_missing_original_member_refused (__main__.Tests.test_coherently_rebuilt_missing_original_member_refused) ... ok
test_entry_headroom_refuses_before_publication (__main__.Tests.test_entry_headroom_refuses_before_publication) ... ok
test_unsupported_escaped_row_publishes_nothing (__main__.Tests.test_unsupported_escaped_row_publishes_nothing) ... ok

----------------------------------------------------------------------
Ran 5 tests in 1.730s

OK
test_predecessor_bounds03.py exit 0
test_actual_old_index_exceeds8k_new_retains_all_members (__main__.Tests.test_actual_old_index_exceeds8k_new_retains_all_members) ... ok

----------------------------------------------------------------------
Ran 1 test in 0.116s

OK
test_integration03.py exit 0
test_actual_posttail_joins_inventory_and_terminal_raw_hash (__main__.Tests.test_actual_posttail_joins_inventory_and_terminal_raw_hash) ... ok
test_worker_oracle_and_preclaim_unchanged_native_bounds_retained (__main__.Tests.test_worker_oracle_and_preclaim_unchanged_native_bounds_retained) ... ok

----------------------------------------------------------------------
Ran 2 tests in 0.008s

OK
test_tail_genuine03.py exit 0
test_failed_marker_does_not_mask_first_fatal (__main__.Tests.test_failed_marker_does_not_mask_first_fatal) ... ok
test_first_fatal_preserved_in_marker_and_raise_selection (__main__.Tests.test_first_fatal_preserved_in_marker_and_raise_selection) ... ok
test_marker_cleanup_failure_replaces_ordinary (__main__.Tests.test_marker_cleanup_failure_replaces_ordinary) ... ok
test_ordinary_restore_marker_after_all_attempts (__main__.Tests.test_ordinary_restore_marker_after_all_attempts) ... ok
test_posttail_failure_one_marker (__main__.Tests.test_posttail_failure_one_marker) ... ok
test_restore_fatal_supersedes_ordinary_posttail (__main__.Tests.test_restore_fatal_supersedes_ordinary_posttail) ... ok
test_success_retains_original_receipt_and_no_failure_marker (__main__.Tests.test_success_retains_original_receipt_and_no_failure_marker) ... ok

----------------------------------------------------------------------
Ran 7 tests in 0.042s

OK
test_marker_reader04.py exit 0
test_original_parser_refuses_marker_before_accepting_old_tail (__main__.Tests.test_original_parser_refuses_marker_before_accepting_old_tail) ... ok

----------------------------------------------------------------------
Ran 1 test in 0.001s

OK
test_adapter01.py exit 0
......
----------------------------------------------------------------------
Ran 6 tests in 0.100s

OK
test_worker01.py exit 0
.
----------------------------------------------------------------------
Ran 1 test in 0.007s

OK
27 source/stdlib checks pass; no actual refusal cases or numeric execution.
