{
  "decision": "ACCEPTED_ACTUAL_NEW_FULL950_LOCAL_CAPTURE_ONLY",
  "request_sha256": "660a715bc4da9bfd93e4076cee4d82730301024b9fa95668c8182a48d9ac2061",
  "capture_sha256": "122706bfcd5cf8eaaecc31b7230a0553d804606fad4db4d86a74f136dbe27408",
  "actual_terminal_exit": 0,
  "actual_elapsed_seconds": 1.7176114450121531,
  "capture": {
    "capsule": {
      "manifest_sha256": "0ed39e3bb1f374f5eb3df1ff2053e0533804cc18df152dc8179b26598d94169e",
      "archive_sha256": "bcbc44160e09beba8b50e28188393cce6a3e9f90af9062fd90e4026f2ce74dbd",
      "compressed_bytes": 2894600,
      "members": 925,
      "regular_bodies": 663,
      "logical_bytes": 6782177,
      "root_mode": 509,
      "inflated_bytes": 7464960,
      "headers": 950,
      "pax_headers": 24
    },
    "external": {
      "manifest_sha256": "1b96c4ab4cddf2c89e711b130aa46be71e2dc27604f68353162652331997e2a8",
      "archive_sha256": "788ec697816f6dbb802af6546dcc5a095ab883167111518def9b7c6089e484b4",
      "compressed_bytes": 143332,
      "members": 25,
      "regular_bodies": 23,
      "logical_bytes": 514939,
      "root_mode": 448,
      "inflated_bytes": 542720,
      "headers": 26,
      "pax_headers": 0
    }
  },
  "new_parent_regular_bodies": 13,
  "old_parent_members_preserved": 12,
  "checks": 15968,
  "final_request_sha256": "bc482b1196e691d8a0a06e3c866a11877b8cf8556ef407e5d3da72743412e4d4",
  "final_release_sha256": "eeac08eef932caccea1346149ec8a7f7473de03e774e0285634a74ae71b8774f",
  "ROOT_LAUNCH_HOLD": "actualexternalfull950scopefreshrecovery+independentunion/request/nativeeligibility stillrequired",
  "restoration": false,
  "external_recovery": false,
  "native_or_research_authority": false
}
