{
  "schema_version": 1,
  "decision": "ACCEPTED_FINAL_UNION_RECOVERY_ADAPTER_SOURCE_ONLY_PENDING_ACTUAL_REQUEST_AND_RELEASE",
  "checks": 133,
  "helper_sha256": "2bda6b41ef21c1ed8e1e38a10d5cc3f982ae8d30beb5ae4425fe2b701ee3cc02",
  "candidate_manifest_sha256": "4cdd415f9f318c5931da073709383825e8c7e9edcf5b6d601253d2fe2f8f86be",
  "unchanged_R4_primitive_bodies": true,
  "actual_remote_or_full_union_restore": false,
  "actual_request_or_release": null,
  "synthetic_schema_projection_is_actual_capture": false,
  "refusals": [
    {
      "label": "genuine null actual request",
      "type": "ValueError",
      "message": "unreleased union_auth"
    },
    {
      "label": "request schema_version",
      "type": "ValueError",
      "message": "exact final union request"
    },
    {
      "label": "request extra",
      "type": "ValueError",
      "message": "exact final union request"
    },
    {
      "label": "wrong exact denominator expected_members",
      "type": "ValueError",
      "message": "exact complete union denominator"
    },
    {
      "label": "wrong exact denominator expected_files",
      "type": "ValueError",
      "message": "exact complete union denominator"
    },
    {
      "label": "wrong exact denominator expected_logical_bytes",
      "type": "ValueError",
      "message": "exact complete union denominator"
    },
    {
      "label": "oneuse output reserve",
      "type": "FileExistsError",
      "message": "[Errno 17] File exists: 'flat'"
    },
    {
      "label": "oneuse flat body namespace",
      "type": "ValueError",
      "message": "foreign/oversized flat namespace"
    },
    {
      "label": "missing_tree",
      "type": "ValueError",
      "message": "complete eleven originals"
    },
    {
      "label": "duplicate_tree",
      "type": "ValueError",
      "message": "complete eleven originals"
    },
    {
      "label": "source_commit",
      "type": "ValueError",
      "message": "separate original Source recovery pins"
    },
    {
      "label": "links_followed",
      "type": "ValueError",
      "message": "byte-only mapping scope"
    },
    {
      "label": "boolean_mode",
      "type": "ValueError",
      "message": "literal original mode"
    },
    {
      "label": "missing_parent",
      "type": "ValueError",
      "message": "original parent membership"
    },
    {
      "label": "invented_actual_field",
      "type": "ValueError",
      "message": "original trees schema"
    },
    {
      "label": "bad_archive_pin",
      "type": "ValueError",
      "message": "actual archive/mapping joins"
    },
    {
      "label": "bad_mapping_pin",
      "type": "ValueError",
      "message": "actual archive/mapping joins"
    },
    {
      "label": "wrong_count",
      "type": "ValueError",
      "message": "union auth denominator original_lexical_links"
    },
    {
      "label": "native_true",
      "type": "ValueError",
      "message": "actual capture qualification"
    },
    {
      "label": "low_floor",
      "type": "ValueError",
      "message": "actual capture qualification"
    }
  ],
  "numerical_or_native_authority": false,
  "qualification": "Copied Root capture01 is historical schema evidence only; late-extra successor acceptance is independent and not inferred. Exact future pins/current original membership must be independently reviewed."
}
