FF                                                                       [100%]
=================================== FAILURES ===================================
_____ test_per_pair_checkpoint_budget_is_checked_before_namespace_creation _____

tmp_path = PosixPath('/tmp/pytest-of-malecada/pytest-33/test_per_pair_checkpoint_budge0')
monkeypatch = <_pytest.monkeypatch.MonkeyPatch object at 0x7eaacbc37360>

    def test_per_pair_checkpoint_budget_is_checked_before_namespace_creation(tmp_path, monkeypatch):
        monkeypatch.setitem(POLICY, 'total_checkpoint_bytes', 600000)
>       with pytest.raises(ValueError, match='per-pair'):
             ^^^^^^^^^^^^^^^^^^^^^^^^^^^^^^^^^^^^^^^^^^^
E       Failed: DID NOT RAISE ValueError

tests/research/onchain_replication/test_compact_matcher.py:106: Failed
____ test_global_checkpoint_budget_is_reserved_before_numerical_allocation _____

tmp_path = PosixPath('/tmp/pytest-of-malecada/pytest-33/test_global_checkpoint_budget_0')
monkeypatch = <_pytest.monkeypatch.MonkeyPatch object at 0x7eaacbc37230>

    def test_global_checkpoint_budget_is_reserved_before_numerical_allocation(tmp_path, monkeypatch):
        schedule = SCHEDULE | {'max_total_checkpoint_bytes': 1}
        module, matcher, log, a, b, c, purpose = fixture(tmp_path, schedule)
        monkeypatch.setattr(pair.engine, 'create', lambda *a, **k: pytest.fail('uncheckpointable allocation'))
        with pytest.raises(ValueError, match='checkpoint'):
>           matcher(purpose, a, b)

tests/research/onchain_replication/test_compact_matcher.py:116: 
_ _ _ _ _ _ _ _ _ _ _ _ _ _ _ _ _ _ _ _ _ _ _ _ _ _ _ _ _ _ _ _ _ _ _ _ _ _ _ _ 
tradingagents/research/onchain_replication/compact_matcher.py:209: in __call__
    state = engine.create(a, b, self.config, **{k: self.policy[k] for k in pair.ENGINE_FIELDS})
            ^^^^^^^^^^^^^^^^^^^^^^^^^^^^^^^^^^^^^^^^^^^^^^^^^^^^^^^^^^^^^^^^^^^^^^^^^^^^^^^^^^^
_ _ _ _ _ _ _ _ _ _ _ _ _ _ _ _ _ _ _ _ _ _ _ _ _ _ _ _ _ _ _ _ _ _ _ _ _ _ _ _ 

a = (GraphSnapshot(asset='ETH', start_utc='2024-01-01T00:00:00Z', end_utc='2024-01-08T00:00:00Z', available_at='2024-01-09..., edge_aggregates=None), {'alpha': 1.0, 'amendment': 'matching-precision-v2.md', 'beta0': 1.0, 'beta_final': 1.0, ...})
k = {'max_state_bytes': 100000, 'hardening_chunk_entries': 2, 'normalization_chunk_entries': 4, 'hardening_buffer_bytes': 4096}

>   monkeypatch.setattr(pair.engine, 'create', lambda *a, **k: pytest.fail('uncheckpointable allocation'))
                                                               ^^^^^^^^^^^^^^^^^^^^^^^^^^^^^^^^^^^^^^^^^^
E   Failed: uncheckpointable allocation

tests/research/onchain_replication/test_compact_matcher.py:114: Failed
- reviewed profile: 26 encountered files withheld; this is not the full legacy suite -
=========================== short test summary info ============================
FAILED tests/research/onchain_replication/test_compact_matcher.py::test_per_pair_checkpoint_budget_is_checked_before_namespace_creation
FAILED tests/research/onchain_replication/test_compact_matcher.py::test_global_checkpoint_budget_is_reserved_before_numerical_allocation
2 failed, 5 deselected in 0.37s
