F                                                                        [100%]
=================================== FAILURES ===================================
____________ test_late_begin_mutation_refuses_numerical_allocation _____________

tmp_path = PosixPath('/tmp/pytest-of-malecada/pytest-36/test_late_begin_mutation_refus0')
monkeypatch = <_pytest.monkeypatch.MonkeyPatch object at 0x70899872f360>

    def test_late_begin_mutation_refuses_numerical_allocation(tmp_path, monkeypatch):
        module, matcher, log, a, b, c, purpose = fixture(tmp_path)
        def lease():
            if log.events == 1:
                path = tmp_path / 'log/events-000000000000.bin'
                path.write_bytes(b'x' * path.stat().st_size)
        matcher.lease = lease
        monkeypatch.setattr(pair.engine, 'create', lambda *a, **k: pytest.fail('allocated with corrupt begin'))
>       with pytest.raises(ValueError): matcher(purpose, a, b)
                                        ^^^^^^^^^^^^^^^^^^^^^^

tests/research/onchain_replication/test_compact_matcher.py:167: 
_ _ _ _ _ _ _ _ _ _ _ _ _ _ _ _ _ _ _ _ _ _ _ _ _ _ _ _ _ _ _ _ _ _ _ _ _ _ _ _ 
tradingagents/research/onchain_replication/compact_matcher.py:216: in __call__
    state = engine.create(a, b, self.config, **{k: self.policy[k] for k in pair.ENGINE_FIELDS})
            ^^^^^^^^^^^^^^^^^^^^^^^^^^^^^^^^^^^^^^^^^^^^^^^^^^^^^^^^^^^^^^^^^^^^^^^^^^^^^^^^^^^
_ _ _ _ _ _ _ _ _ _ _ _ _ _ _ _ _ _ _ _ _ _ _ _ _ _ _ _ _ _ _ _ _ _ _ _ _ _ _ _ 

a = (GraphSnapshot(asset='ETH', start_utc='2024-01-01T00:00:00Z', end_utc='2024-01-08T00:00:00Z', available_at='2024-01-09..., edge_aggregates=None), {'alpha': 1.0, 'amendment': 'matching-precision-v2.md', 'beta0': 1.0, 'beta_final': 1.0, ...})
k = {'normalization_chunk_entries': 4, 'hardening_buffer_bytes': 4096, 'hardening_chunk_entries': 2, 'max_state_bytes': 100000}

>   monkeypatch.setattr(pair.engine, 'create', lambda *a, **k: pytest.fail('allocated with corrupt begin'))
                                                               ^^^^^^^^^^^^^^^^^^^^^^^^^^^^^^^^^^^^^^^^^^^
E   Failed: allocated with corrupt begin

tests/research/onchain_replication/test_compact_matcher.py:166: Failed
- reviewed profile: 26 encountered files withheld; this is not the full legacy suite -
=========================== short test summary info ============================
FAILED tests/research/onchain_replication/test_compact_matcher.py::test_late_begin_mutation_refuses_numerical_allocation
1 failed, 9 deselected in 0.34s
