{
  "decision": "WITHHELD_HFS1_HFS2",
  "manifest_bodies": 22,
  "original_helpers_full_prefix_and_definition_AST_unchanged": true,
  "changed_targets": [
    "fixture_tools/capsule_builder01.py",
    "fixture_tools/generate_inputs01.py",
    "proof_tools/build_release_draft01.py"
  ],
  "prospective_199_source_148_package_bytes": 3347707,
  "actual_existing_source_199_package_148_bytes": 3323180,
  "actual_existing_Git_tracked": 204,
  "actual_source": "76a4bd766722e0f5177412f6945117d9c2b5fc45",
  "actual_anchor": "b8c6c280fb229ffaa5195c95baf3f57485e972b0",
  "missing_roles": [
    "runtime",
    "software_environment",
    "native_environment",
    "native_policy",
    "original_import_index",
    "original_evidence",
    "matching",
    "target_catalog",
    "case_contract",
    "registration",
    "budget_extension",
    "budget_review",
    "charter"
  ],
  "runtime_readback_performed": false,
  "no_legacy_graphs_inputs_registration_or_numerical_or_authority_execution": true
}
