{
  "schema_version": 1,
  "decision": "WITHHELD_CAPTURE_SOURCE",
  "finding": "FC1: actual final review scope has ten members including its manifest, source requires nine",
  "checks": 30,
  "source_sha256": "a90da3397a1a2055689c98ef667f8f477da300424548306f2de5205ee4bd6820",
  "actual_composition_accepted": true,
  "source_members": 878,
  "parent_members": 23,
  "review_members": 10,
  "contract_sha256": "6884fa8027cf49b519f5c635828244d4685ce0f989691593e816792e2586704a",
  "witness": {
    "exception": "ValueError",
    "message": "exact final23/9 scope",
    "line": 33,
    "actual_review_members": 10,
    "declared_expected_review_members": 9,
    "source_sha256": "a90da3397a1a2055689c98ef667f8f477da300424548306f2de5205ee4bd6820"
  },
  "actual_capture_executed": false,
  "native_authority": false,
  "source_request_write_before_refusal": true,
  "required_remedy": "Preserve source04; a separately reviewed successor must use complete ten-member review scope without dropping MANIFEST01.json."
}
