test_acquired_directory_birth_substitution_explicit_contract (__main__.Checks.test_acquired_directory_birth_substitution_explicit_contract) ... ok
test_all_current_membership_refusal (__main__.Checks.test_all_current_membership_refusal) ... ok
test_changed_object_before_population_refused (__main__.Checks.test_changed_object_before_population_refused) ... ok
test_changed_recovered_body_refused (__main__.Checks.test_changed_recovered_body_refused) ... ok
test_fd_firstfatal_cleanup_independent (__main__.Checks.test_fd_firstfatal_cleanup_independent) ... ok
test_fd_wrapper_exact_inverse (__main__.Checks.test_fd_wrapper_exact_inverse) ... ok
test_fresh_empty_private_output (__main__.Checks.test_fresh_empty_private_output) ... ok
test_git_hash_mode_body_inverse_controls (__main__.Checks.test_git_hash_mode_body_inverse_controls) ... ok
test_green_loose_objects_all_bodies_modes_missing_parent (__main__.Checks.test_green_loose_objects_all_bodies_modes_missing_parent) ... ok
test_green_pack_pair_only (__main__.Checks.test_green_pack_pair_only) ... ok
test_namespace_modes_never_changed (__main__.Checks.test_namespace_modes_never_changed) ... ok
test_null_public_spec_refuses (__main__.Checks.test_null_public_spec_refuses) ... ok
test_per_operation_and_total_bounds (__main__.Checks.test_per_operation_and_total_bounds) ... ok
test_preexisting_object_file_not_overwritten (__main__.Checks.test_preexisting_object_file_not_overwritten) ... ok
test_red_archival_without_git_namespace (__main__.Checks.test_red_archival_without_git_namespace) ... ok
test_unselected_git_command_refused (__main__.Checks.test_unselected_git_command_refused) ... ok
test_unselected_object_metadata_not_installed (__main__.Checks.test_unselected_object_metadata_not_installed) ... ok
test_wrong_body_map_even_count_preserved (__main__.Checks.test_wrong_body_map_even_count_preserved) ... ok
test_wrong_chain_pins_before_store_population (__main__.Checks.test_wrong_chain_pins_before_store_population) ... ok

----------------------------------------------------------------------
Ran 19 tests in 1.337s

OK
