FFFFFFF....FFFFF                                                         [100%]
=================================== FAILURES ===================================
________________ test_review_wrapper_foreign_member_is_rejected ________________

fixture = (GraphSnapshot(asset='ETH', start_utc='2024-01-01T00:00:00Z', end_utc='2024-01-08T00:00:00Z', available_at='2024-01-09...c6b686200>, <function fixture.<locals>.publish at 0x7fac6b686340>, <function fixture.<locals>.store at 0x7fac6b686160>)

    def test_review_wrapper_foreign_member_is_rejected(fixture):
        a,b,c,state,publish,create=fixture;store=create()
        def foreign(expected):
            ref=publish(expected)
            (store.root/'generation-00000000000000000000'/'foreign').write_bytes(b'unreserved')
            return ref
>       with pytest.raises(ValueError):store.checkpoint(state(),a,b,c,publish_progress=foreign)
             ^^^^^^^^^^^^^^^^^^^^^^^^^
E       Failed: DID NOT RAISE ValueError

tests/research/onchain_replication/test_restart_retention.py:343: Failed
_____ test_review_final_lease_revocation_prevents_ack[checkpoint-poisoned] _____

fixture = (GraphSnapshot(asset='ETH', start_utc='2024-01-01T00:00:00Z', end_utc='2024-01-08T00:00:00Z', available_at='2024-01-09...c6b684a40>, <function fixture.<locals>.publish at 0x7fac6b685120>, <function fixture.<locals>.store at 0x7fac6b684720>)
flag = 'poisoned', operation = 'checkpoint'

    @pytest.mark.parametrize('flag',['poisoned','closed'])
    @pytest.mark.parametrize('operation',['checkpoint','finish'])
    def test_review_final_lease_revocation_prevents_ack(fixture,flag,operation):
        a,b,c,state,publish,create=fixture;store=create();s=state();calls=[]
        if operation=='finish':
            store.checkpoint(s,a,b,c,publish_progress=publish)
            result=finish_engine(s,a,b,c);expected=completed(store,result);ref=publish(expected)
        def revoke():
            calls.append(1)
            if (operation=='checkpoint' and len(calls)==4) or (operation=='finish' and store.current is None):
                setattr(store,flag,True)
        store.lease=revoke
>       with pytest.raises(ValueError):
             ^^^^^^^^^^^^^^^^^^^^^^^^^
E       Failed: DID NOT RAISE ValueError

tests/research/onchain_replication/test_restart_retention.py:359: Failed
______ test_review_final_lease_revocation_prevents_ack[checkpoint-closed] ______

fixture = (GraphSnapshot(asset='ETH', start_utc='2024-01-01T00:00:00Z', end_utc='2024-01-08T00:00:00Z', available_at='2024-01-09...c6b686e80>, <function fixture.<locals>.publish at 0x7fac6b49be20>, <function fixture.<locals>.store at 0x7fac6b49bec0>)
flag = 'closed', operation = 'checkpoint'

    @pytest.mark.parametrize('flag',['poisoned','closed'])
    @pytest.mark.parametrize('operation',['checkpoint','finish'])
    def test_review_final_lease_revocation_prevents_ack(fixture,flag,operation):
        a,b,c,state,publish,create=fixture;store=create();s=state();calls=[]
        if operation=='finish':
            store.checkpoint(s,a,b,c,publish_progress=publish)
            result=finish_engine(s,a,b,c);expected=completed(store,result);ref=publish(expected)
        def revoke():
            calls.append(1)
            if (operation=='checkpoint' and len(calls)==4) or (operation=='finish' and store.current is None):
                setattr(store,flag,True)
        store.lease=revoke
>       with pytest.raises(ValueError):
             ^^^^^^^^^^^^^^^^^^^^^^^^^
E       Failed: DID NOT RAISE ValueError

tests/research/onchain_replication/test_restart_retention.py:359: Failed
_______ test_review_final_lease_revocation_prevents_ack[finish-poisoned] _______

fixture = (GraphSnapshot(asset='ETH', start_utc='2024-01-01T00:00:00Z', end_utc='2024-01-08T00:00:00Z', available_at='2024-01-09...c6b57d1c0>, <function fixture.<locals>.publish at 0x7fac6b57e0c0>, <function fixture.<locals>.store at 0x7fac6b57c7c0>)
flag = 'poisoned', operation = 'finish'

    @pytest.mark.parametrize('flag',['poisoned','closed'])
    @pytest.mark.parametrize('operation',['checkpoint','finish'])
    def test_review_final_lease_revocation_prevents_ack(fixture,flag,operation):
        a,b,c,state,publish,create=fixture;store=create();s=state();calls=[]
        if operation=='finish':
            store.checkpoint(s,a,b,c,publish_progress=publish)
            result=finish_engine(s,a,b,c);expected=completed(store,result);ref=publish(expected)
        def revoke():
            calls.append(1)
            if (operation=='checkpoint' and len(calls)==4) or (operation=='finish' and store.current is None):
                setattr(store,flag,True)
        store.lease=revoke
>       with pytest.raises(ValueError):
             ^^^^^^^^^^^^^^^^^^^^^^^^^
E       Failed: DID NOT RAISE ValueError

tests/research/onchain_replication/test_restart_retention.py:359: Failed
________ test_review_final_lease_revocation_prevents_ack[finish-closed] ________

fixture = (GraphSnapshot(asset='ETH', start_utc='2024-01-01T00:00:00Z', end_utc='2024-01-08T00:00:00Z', available_at='2024-01-09...c6b57f240>, <function fixture.<locals>.publish at 0x7fac6b57f420>, <function fixture.<locals>.store at 0x7fac6b57f1a0>)
flag = 'closed', operation = 'finish'

    @pytest.mark.parametrize('flag',['poisoned','closed'])
    @pytest.mark.parametrize('operation',['checkpoint','finish'])
    def test_review_final_lease_revocation_prevents_ack(fixture,flag,operation):
        a,b,c,state,publish,create=fixture;store=create();s=state();calls=[]
        if operation=='finish':
            store.checkpoint(s,a,b,c,publish_progress=publish)
            result=finish_engine(s,a,b,c);expected=completed(store,result);ref=publish(expected)
        def revoke():
            calls.append(1)
            if (operation=='checkpoint' and len(calls)==4) or (operation=='finish' and store.current is None):
                setattr(store,flag,True)
        store.lease=revoke
>       with pytest.raises(ValueError):
             ^^^^^^^^^^^^^^^^^^^^^^^^^
E       Failed: DID NOT RAISE ValueError

tests/research/onchain_replication/test_restart_retention.py:359: Failed
________ test_review_replaced_runtime_authority_cannot_allocate[limits] ________

fixture = (GraphSnapshot(asset='ETH', start_utc='2024-01-01T00:00:00Z', end_utc='2024-01-08T00:00:00Z', available_at='2024-01-09...c6b5745e0>, <function fixture.<locals>.publish at 0x7fac6b574180>, <function fixture.<locals>.store at 0x7fac6b574680>)
change = 'limits'
tmp_path = PosixPath('/tmp/pytest-of-malecada/pytest-165/test_review_replaced_runtime_a0')

    @pytest.mark.parametrize('change',['limits','spent','pair','policy','proofs','expected','root'])
    def test_review_replaced_runtime_authority_cannot_allocate(fixture,change,tmp_path):
        a,b,c,state,publish,create=fixture;store=create(limits=LIMITS|{'max_generations':1});s=state()
        store.checkpoint(s,a,b,c,publish_progress=publish)
        original_root=store.root;original_spent=dict(store.spent)
        foreign=tmp_path/'borrowed';foreign.mkdir()
        def altered():
            if change=='limits':store.limits={**thaw(store.limits),'max_generations':2}
            elif change=='spent':store.spent={**store.spent,'generations':0,'cumulative_bytes':0}
            elif change=='pair':store.pair={**thaw(store.pair),'purpose_sha256':'e'*64}
            elif change=='policy':store.policy={**thaw(store.policy),'max_checkpoint_bytes':524288}
            elif change=='proofs':store.proofs=[]
            elif change=='expected':store.expected={}
            else:store.root=foreign;store.inode=m._pin(foreign)
        store.lease=altered
>       with pytest.raises(ValueError):store.checkpoint(s,a,b,c,publish_progress=publish)
             ^^^^^^^^^^^^^^^^^^^^^^^^^
E       Failed: DID NOT RAISE ValueError

tests/research/onchain_replication/test_restart_retention.py:380: Failed
________ test_review_replaced_runtime_authority_cannot_allocate[spent] _________

fixture = (GraphSnapshot(asset='ETH', start_utc='2024-01-01T00:00:00Z', end_utc='2024-01-08T00:00:00Z', available_at='2024-01-09...c6b57e200>, <function fixture.<locals>.publish at 0x7fac6b57ef20>, <function fixture.<locals>.store at 0x7fac6b57dc60>)
change = 'spent'
tmp_path = PosixPath('/tmp/pytest-of-malecada/pytest-165/test_review_replaced_runtime_a1')

    @pytest.mark.parametrize('change',['limits','spent','pair','policy','proofs','expected','root'])
    def test_review_replaced_runtime_authority_cannot_allocate(fixture,change,tmp_path):
        a,b,c,state,publish,create=fixture;store=create(limits=LIMITS|{'max_generations':1});s=state()
        store.checkpoint(s,a,b,c,publish_progress=publish)
        original_root=store.root;original_spent=dict(store.spent)
        foreign=tmp_path/'borrowed';foreign.mkdir()
        def altered():
            if change=='limits':store.limits={**thaw(store.limits),'max_generations':2}
            elif change=='spent':store.spent={**store.spent,'generations':0,'cumulative_bytes':0}
            elif change=='pair':store.pair={**thaw(store.pair),'purpose_sha256':'e'*64}
            elif change=='policy':store.policy={**thaw(store.policy),'max_checkpoint_bytes':524288}
            elif change=='proofs':store.proofs=[]
            elif change=='expected':store.expected={}
            else:store.root=foreign;store.inode=m._pin(foreign)
        store.lease=altered
>       with pytest.raises(ValueError):store.checkpoint(s,a,b,c,publish_progress=publish)
             ^^^^^^^^^^^^^^^^^^^^^^^^^
E       Failed: DID NOT RAISE ValueError

tests/research/onchain_replication/test_restart_retention.py:380: Failed
_________ test_review_replaced_runtime_authority_cannot_allocate[root] _________

fixture = (GraphSnapshot(asset='ETH', start_utc='2024-01-01T00:00:00Z', end_utc='2024-01-08T00:00:00Z', available_at='2024-01-09...c6b3e8a40>, <function fixture.<locals>.publish at 0x7fac6b3e8040>, <function fixture.<locals>.store at 0x7fac6b3e8680>)
change = 'root'
tmp_path = PosixPath('/tmp/pytest-of-malecada/pytest-165/test_review_replaced_runtime_a6')

    @pytest.mark.parametrize('change',['limits','spent','pair','policy','proofs','expected','root'])
    def test_review_replaced_runtime_authority_cannot_allocate(fixture,change,tmp_path):
        a,b,c,state,publish,create=fixture;store=create(limits=LIMITS|{'max_generations':1});s=state()
        store.checkpoint(s,a,b,c,publish_progress=publish)
        original_root=store.root;original_spent=dict(store.spent)
        foreign=tmp_path/'borrowed';foreign.mkdir()
        def altered():
            if change=='limits':store.limits={**thaw(store.limits),'max_generations':2}
            elif change=='spent':store.spent={**store.spent,'generations':0,'cumulative_bytes':0}
            elif change=='pair':store.pair={**thaw(store.pair),'purpose_sha256':'e'*64}
            elif change=='policy':store.policy={**thaw(store.policy),'max_checkpoint_bytes':524288}
            elif change=='proofs':store.proofs=[]
            elif change=='expected':store.expected={}
            else:store.root=foreign;store.inode=m._pin(foreign)
        store.lease=altered
        with pytest.raises(ValueError):store.checkpoint(s,a,b,c,publish_progress=publish)
        assert not (original_root/'generation-00000000000000000001').exists()
>       assert not list(foreign.iterdir()) and store.poisoned
E       AssertionError: assert (not [PosixPath('/tmp/pytest-of-malecada/pytest-165/test_review_replaced_runtime_a6/borrowed/failure.json')])
E        +  where [PosixPath('/tmp/pytest-of-malecada/pytest-165/test_review_replaced_runtime_a6/borrowed/failure.json')] = list(<map object at 0x7fac6b4cf730>)
E        +    where <map object at 0x7fac6b4cf730> = iterdir()
E        +      where iterdir = PosixPath('/tmp/pytest-of-malecada/pytest-165/test_review_replaced_runtime_a6/borrowed').iterdir

tests/research/onchain_replication/test_restart_retention.py:382: AssertionError
_____________ test_review_constructor_callback_cannot_rebind_claim _____________

fixture = (GraphSnapshot(asset='ETH', start_utc='2024-01-01T00:00:00Z', end_utc='2024-01-08T00:00:00Z', available_at='2024-01-09...c6b686200>, <function fixture.<locals>.publish at 0x7fac6b686660>, <function fixture.<locals>.store at 0x7fac6b686340>)
tmp_path = PosixPath('/tmp/pytest-of-malecada/pytest-165/test_review_constructor_callba0')

    def test_review_constructor_callback_cannot_rebind_claim(fixture,tmp_path):
        a,b,c,state,publish,create=fixture;limits=dict(LIMITS);bindings=dict(BINDINGS)
        pair=dict(ordinal=0,purpose_sha256='a'*64,numeric_identity=engine.ann.identity(a,b,c))
        original_limits=dict(limits);original_bindings=dict(bindings);original_pair=json.loads(body(pair))
        def alter():limits['max_generations']=100;bindings['source']='e'*64;pair['ordinal']=99
        store=m.Store(tmp_path/'constructor',bindings=bindings,pair=pair,policy=POLICY,limits=limits,replay_first=True,lease=alter)
>       assert thaw(store.claim)['limits']==original_limits and thaw(store.limits)==original_limits
E       AssertionError: assert ({'max_generat... 4194304, ...} == {'max_generat... 4194304, ...}
E         
E         Omitting 5 identical items, use -vv to show
E         Differing items:
E         {'max_generations': 100} != {'max_generations': 8}
E         Use -v to get more diff)

tests/research/onchain_replication/test_restart_retention.py:391: AssertionError
___ test_review_original_external_event_rechecked_after_late_lease[progress] ___

fixture = (GraphSnapshot(asset='ETH', start_utc='2024-01-01T00:00:00Z', end_utc='2024-01-08T00:00:00Z', available_at='2024-01-09...c6b462980>, <function fixture.<locals>.publish at 0x7fac6b4623e0>, <function fixture.<locals>.store at 0x7fac6b462c00>)
kind = 'progress'

    @pytest.mark.parametrize('kind',['progress','completion_before_retire','completion_final'])
    def test_review_original_external_event_rechecked_after_late_lease(fixture,kind):
        a,b,c,state,publish,create=fixture;s=state();store=create();holder={};calls=[]
        def event(expected):holder['ref']=publish(expected);return holder['ref']
        if kind!='progress':
            store.checkpoint(s,a,b,c,publish_progress=publish);result=finish_engine(s,a,b,c)
            expected=completed(store,result);holder['ref']=publish(expected)
        def tamper():
            calls.append(1)
            armed=(kind=='progress' and 'ref' in holder) or (kind=='completion_before_retire' and any(store.root.glob('retire-*-intent.json'))) or (kind=='completion_final' and store.current is None)
            if armed:holder['ref'].path.write_bytes(b'{}\n')
        store.lease=tamper
>       with pytest.raises(ValueError):
             ^^^^^^^^^^^^^^^^^^^^^^^^^
E       Failed: DID NOT RAISE ValueError

tests/research/onchain_replication/test_restart_retention.py:407: Failed
_ test_review_original_external_event_rechecked_after_late_lease[completion_before_retire] _

fixture = (GraphSnapshot(asset='ETH', start_utc='2024-01-01T00:00:00Z', end_utc='2024-01-08T00:00:00Z', available_at='2024-01-09...c6b460720>, <function fixture.<locals>.publish at 0x7fac6b4600e0>, <function fixture.<locals>.store at 0x7fac6b4609a0>)
kind = 'completion_before_retire'

    @pytest.mark.parametrize('kind',['progress','completion_before_retire','completion_final'])
    def test_review_original_external_event_rechecked_after_late_lease(fixture,kind):
        a,b,c,state,publish,create=fixture;s=state();store=create();holder={};calls=[]
        def event(expected):holder['ref']=publish(expected);return holder['ref']
        if kind!='progress':
            store.checkpoint(s,a,b,c,publish_progress=publish);result=finish_engine(s,a,b,c)
            expected=completed(store,result);holder['ref']=publish(expected)
        def tamper():
            calls.append(1)
            armed=(kind=='progress' and 'ref' in holder) or (kind=='completion_before_retire' and any(store.root.glob('retire-*-intent.json'))) or (kind=='completion_final' and store.current is None)
            if armed:holder['ref'].path.write_bytes(b'{}\n')
        store.lease=tamper
>       with pytest.raises(ValueError):
             ^^^^^^^^^^^^^^^^^^^^^^^^^
E       Failed: DID NOT RAISE ValueError

tests/research/onchain_replication/test_restart_retention.py:407: Failed
_ test_review_original_external_event_rechecked_after_late_lease[completion_final] _

fixture = (GraphSnapshot(asset='ETH', start_utc='2024-01-01T00:00:00Z', end_utc='2024-01-08T00:00:00Z', available_at='2024-01-09...c6b49bec0>, <function fixture.<locals>.publish at 0x7fac6b54f380>, <function fixture.<locals>.store at 0x7fac6b54ef20>)
kind = 'completion_final'

    @pytest.mark.parametrize('kind',['progress','completion_before_retire','completion_final'])
    def test_review_original_external_event_rechecked_after_late_lease(fixture,kind):
        a,b,c,state,publish,create=fixture;s=state();store=create();holder={};calls=[]
        def event(expected):holder['ref']=publish(expected);return holder['ref']
        if kind!='progress':
            store.checkpoint(s,a,b,c,publish_progress=publish);result=finish_engine(s,a,b,c)
            expected=completed(store,result);holder['ref']=publish(expected)
        def tamper():
            calls.append(1)
            armed=(kind=='progress' and 'ref' in holder) or (kind=='completion_before_retire' and any(store.root.glob('retire-*-intent.json'))) or (kind=='completion_final' and store.current is None)
            if armed:holder['ref'].path.write_bytes(b'{}\n')
        store.lease=tamper
>       with pytest.raises(ValueError):
             ^^^^^^^^^^^^^^^^^^^^^^^^^
E       Failed: DID NOT RAISE ValueError

tests/research/onchain_replication/test_restart_retention.py:407: Failed
- reviewed profile: 26 encountered files withheld; this is not the full legacy suite -
=========================== short test summary info ============================
FAILED tests/research/onchain_replication/test_restart_retention.py::test_review_wrapper_foreign_member_is_rejected
FAILED tests/research/onchain_replication/test_restart_retention.py::test_review_final_lease_revocation_prevents_ack[checkpoint-poisoned]
FAILED tests/research/onchain_replication/test_restart_retention.py::test_review_final_lease_revocation_prevents_ack[checkpoint-closed]
FAILED tests/research/onchain_replication/test_restart_retention.py::test_review_final_lease_revocation_prevents_ack[finish-poisoned]
FAILED tests/research/onchain_replication/test_restart_retention.py::test_review_final_lease_revocation_prevents_ack[finish-closed]
FAILED tests/research/onchain_replication/test_restart_retention.py::test_review_replaced_runtime_authority_cannot_allocate[limits]
FAILED tests/research/onchain_replication/test_restart_retention.py::test_review_replaced_runtime_authority_cannot_allocate[spent]
FAILED tests/research/onchain_replication/test_restart_retention.py::test_review_replaced_runtime_authority_cannot_allocate[root]
FAILED tests/research/onchain_replication/test_restart_retention.py::test_review_constructor_callback_cannot_rebind_claim
FAILED tests/research/onchain_replication/test_restart_retention.py::test_review_original_external_event_rechecked_after_late_lease[progress]
FAILED tests/research/onchain_replication/test_restart_retention.py::test_review_original_external_event_rechecked_after_late_lease[completion_before_retire]
FAILED tests/research/onchain_replication/test_restart_retention.py::test_review_original_external_event_rechecked_after_late_lease[completion_final]
12 failed, 4 passed, 44 deselected in 25.27s
