FFFFFFFFFF                                                               [100%]
=================================== FAILURES ===================================
_____ test_complete_history_keeps_order_iterations_and_checkpoint_binding ______

tmp_path = PosixPath('/tmp/pytest-of-malecada/pytest-28/test_complete_history_keeps_or0')

    def test_complete_history_keeps_order_iterations_and_checkpoint_binding(tmp_path):
>       log = writer(tmp_path)
              ^^^^^^^^^^^^^^^^

tests/research/onchain_replication/test_compact_pair_log.py:27: 
_ _ _ _ _ _ _ _ _ _ _ _ _ _ _ _ _ _ _ _ _ _ _ _ _ _ _ _ _ _ _ _ _ _ _ _ _ _ _ _ 
tests/research/onchain_replication/test_compact_pair_log.py:17: in writer
    return api().PairLog(tmp_path / 'log', owner=OWNER, scope=SCOPE,
           ^^^^^
_ _ _ _ _ _ _ _ _ _ _ _ _ _ _ _ _ _ _ _ _ _ _ _ _ _ _ _ _ _ _ _ _ _ _ _ _ _ _ _ 

    def api():
>       from tradingagents.research.onchain_replication import compact_pair_log
E       ImportError: cannot import name 'compact_pair_log' from 'tradingagents.research.onchain_replication' (/home/malecada/master_thesis/TradingAgents-audit-fixes/tradingagents/research/onchain_replication/__init__.py)

tests/research/onchain_replication/test_compact_pair_log.py:12: ImportError
______ test_pending_pair_blocks_new_pair_and_success_and_survives_failure ______

tmp_path = PosixPath('/tmp/pytest-of-malecada/pytest-28/test_pending_pair_blocks_new_p0')

    def test_pending_pair_blocks_new_pair_and_success_and_survives_failure(tmp_path):
>       log = writer(tmp_path); log.begin('b' * 64, 'c' * 64)
              ^^^^^^^^^^^^^^^^

tests/research/onchain_replication/test_compact_pair_log.py:42: 
_ _ _ _ _ _ _ _ _ _ _ _ _ _ _ _ _ _ _ _ _ _ _ _ _ _ _ _ _ _ _ _ _ _ _ _ _ _ _ _ 
tests/research/onchain_replication/test_compact_pair_log.py:17: in writer
    return api().PairLog(tmp_path / 'log', owner=OWNER, scope=SCOPE,
           ^^^^^
_ _ _ _ _ _ _ _ _ _ _ _ _ _ _ _ _ _ _ _ _ _ _ _ _ _ _ _ _ _ _ _ _ _ _ _ _ _ _ _ 

    def api():
>       from tradingagents.research.onchain_replication import compact_pair_log
E       ImportError: cannot import name 'compact_pair_log' from 'tradingagents.research.onchain_replication' (/home/malecada/master_thesis/TradingAgents-audit-fixes/tradingagents/research/onchain_replication/__init__.py)

tests/research/onchain_replication/test_compact_pair_log.py:12: ImportError
_____________ test_invalid_result_cannot_consume_pending_identity ______________

tmp_path = PosixPath('/tmp/pytest-of-malecada/pytest-28/test_invalid_result_cannot_con0')

    def test_invalid_result_cannot_consume_pending_identity(tmp_path):
>       log = writer(tmp_path); log.begin('b' * 64, 'c' * 64)
              ^^^^^^^^^^^^^^^^

tests/research/onchain_replication/test_compact_pair_log.py:52: 
_ _ _ _ _ _ _ _ _ _ _ _ _ _ _ _ _ _ _ _ _ _ _ _ _ _ _ _ _ _ _ _ _ _ _ _ _ _ _ _ 
tests/research/onchain_replication/test_compact_pair_log.py:17: in writer
    return api().PairLog(tmp_path / 'log', owner=OWNER, scope=SCOPE,
           ^^^^^
_ _ _ _ _ _ _ _ _ _ _ _ _ _ _ _ _ _ _ _ _ _ _ _ _ _ _ _ _ _ _ _ _ _ _ _ _ _ _ _ 

    def api():
>       from tradingagents.research.onchain_replication import compact_pair_log
E       ImportError: cannot import name 'compact_pair_log' from 'tradingagents.research.onchain_replication' (/home/malecada/master_thesis/TradingAgents-audit-fixes/tradingagents/research/onchain_replication/__init__.py)

tests/research/onchain_replication/test_compact_pair_log.py:12: ImportError
__________ test_short_write_is_not_acknowledged_and_is_never_retried ___________

tmp_path = PosixPath('/tmp/pytest-of-malecada/pytest-28/test_short_write_is_not_acknow0')
monkeypatch = <_pytest.monkeypatch.MonkeyPatch object at 0x7353f7f8a3f0>

    def test_short_write_is_not_acknowledged_and_is_never_retried(tmp_path, monkeypatch):
>       module = api(); log = writer(tmp_path); original = os.write; calls = 0
                 ^^^^^

tests/research/onchain_replication/test_compact_pair_log.py:62: 
_ _ _ _ _ _ _ _ _ _ _ _ _ _ _ _ _ _ _ _ _ _ _ _ _ _ _ _ _ _ _ _ _ _ _ _ _ _ _ _ 

    def api():
>       from tradingagents.research.onchain_replication import compact_pair_log
E       ImportError: cannot import name 'compact_pair_log' from 'tradingagents.research.onchain_replication' (/home/malecada/master_thesis/TradingAgents-audit-fixes/tradingagents/research/onchain_replication/__init__.py)

tests/research/onchain_replication/test_compact_pair_log.py:12: ImportError
______ test_lease_loss_after_sync_preserves_bytes_without_acknowledgement ______

tmp_path = PosixPath('/tmp/pytest-of-malecada/pytest-28/test_lease_loss_after_sync_pre0')
monkeypatch = <_pytest.monkeypatch.MonkeyPatch object at 0x7353f7f8a780>

    def test_lease_loss_after_sync_preserves_bytes_without_acknowledgement(tmp_path, monkeypatch):
>       module = api(); alive = True
                 ^^^^^

tests/research/onchain_replication/test_compact_pair_log.py:77: 
_ _ _ _ _ _ _ _ _ _ _ _ _ _ _ _ _ _ _ _ _ _ _ _ _ _ _ _ _ _ _ _ _ _ _ _ _ _ _ _ 

    def api():
>       from tradingagents.research.onchain_replication import compact_pair_log
E       ImportError: cannot import name 'compact_pair_log' from 'tradingagents.research.onchain_replication' (/home/malecada/master_thesis/TradingAgents-audit-fixes/tradingagents/research/onchain_replication/__init__.py)

tests/research/onchain_replication/test_compact_pair_log.py:12: ImportError
_______ test_corruption_or_late_mutation_prevents_verification[payload] ________

tmp_path = PosixPath('/tmp/pytest-of-malecada/pytest-28/test_corruption_or_late_mutati0')
kind = 'payload'

    @pytest.mark.parametrize('kind', ['payload', 'extra', 'symlink', 'late'])
    def test_corruption_or_late_mutation_prevents_verification(tmp_path, kind):
>       log = writer(tmp_path); log.begin('b' * 64, 'c' * 64)
              ^^^^^^^^^^^^^^^^

tests/research/onchain_replication/test_compact_pair_log.py:93: 
_ _ _ _ _ _ _ _ _ _ _ _ _ _ _ _ _ _ _ _ _ _ _ _ _ _ _ _ _ _ _ _ _ _ _ _ _ _ _ _ 
tests/research/onchain_replication/test_compact_pair_log.py:17: in writer
    return api().PairLog(tmp_path / 'log', owner=OWNER, scope=SCOPE,
           ^^^^^
_ _ _ _ _ _ _ _ _ _ _ _ _ _ _ _ _ _ _ _ _ _ _ _ _ _ _ _ _ _ _ _ _ _ _ _ _ _ _ _ 

    def api():
>       from tradingagents.research.onchain_replication import compact_pair_log
E       ImportError: cannot import name 'compact_pair_log' from 'tradingagents.research.onchain_replication' (/home/malecada/master_thesis/TradingAgents-audit-fixes/tradingagents/research/onchain_replication/__init__.py)

tests/research/onchain_replication/test_compact_pair_log.py:12: ImportError
________ test_corruption_or_late_mutation_prevents_verification[extra] _________

tmp_path = PosixPath('/tmp/pytest-of-malecada/pytest-28/test_corruption_or_late_mutati1')
kind = 'extra'

    @pytest.mark.parametrize('kind', ['payload', 'extra', 'symlink', 'late'])
    def test_corruption_or_late_mutation_prevents_verification(tmp_path, kind):
>       log = writer(tmp_path); log.begin('b' * 64, 'c' * 64)
              ^^^^^^^^^^^^^^^^

tests/research/onchain_replication/test_compact_pair_log.py:93: 
_ _ _ _ _ _ _ _ _ _ _ _ _ _ _ _ _ _ _ _ _ _ _ _ _ _ _ _ _ _ _ _ _ _ _ _ _ _ _ _ 
tests/research/onchain_replication/test_compact_pair_log.py:17: in writer
    return api().PairLog(tmp_path / 'log', owner=OWNER, scope=SCOPE,
           ^^^^^
_ _ _ _ _ _ _ _ _ _ _ _ _ _ _ _ _ _ _ _ _ _ _ _ _ _ _ _ _ _ _ _ _ _ _ _ _ _ _ _ 

    def api():
>       from tradingagents.research.onchain_replication import compact_pair_log
E       ImportError: cannot import name 'compact_pair_log' from 'tradingagents.research.onchain_replication' (/home/malecada/master_thesis/TradingAgents-audit-fixes/tradingagents/research/onchain_replication/__init__.py)

tests/research/onchain_replication/test_compact_pair_log.py:12: ImportError
_______ test_corruption_or_late_mutation_prevents_verification[symlink] ________

tmp_path = PosixPath('/tmp/pytest-of-malecada/pytest-28/test_corruption_or_late_mutati2')
kind = 'symlink'

    @pytest.mark.parametrize('kind', ['payload', 'extra', 'symlink', 'late'])
    def test_corruption_or_late_mutation_prevents_verification(tmp_path, kind):
>       log = writer(tmp_path); log.begin('b' * 64, 'c' * 64)
              ^^^^^^^^^^^^^^^^

tests/research/onchain_replication/test_compact_pair_log.py:93: 
_ _ _ _ _ _ _ _ _ _ _ _ _ _ _ _ _ _ _ _ _ _ _ _ _ _ _ _ _ _ _ _ _ _ _ _ _ _ _ _ 
tests/research/onchain_replication/test_compact_pair_log.py:17: in writer
    return api().PairLog(tmp_path / 'log', owner=OWNER, scope=SCOPE,
           ^^^^^
_ _ _ _ _ _ _ _ _ _ _ _ _ _ _ _ _ _ _ _ _ _ _ _ _ _ _ _ _ _ _ _ _ _ _ _ _ _ _ _ 

    def api():
>       from tradingagents.research.onchain_replication import compact_pair_log
E       ImportError: cannot import name 'compact_pair_log' from 'tradingagents.research.onchain_replication' (/home/malecada/master_thesis/TradingAgents-audit-fixes/tradingagents/research/onchain_replication/__init__.py)

tests/research/onchain_replication/test_compact_pair_log.py:12: ImportError
_________ test_corruption_or_late_mutation_prevents_verification[late] _________

tmp_path = PosixPath('/tmp/pytest-of-malecada/pytest-28/test_corruption_or_late_mutati3')
kind = 'late'

    @pytest.mark.parametrize('kind', ['payload', 'extra', 'symlink', 'late'])
    def test_corruption_or_late_mutation_prevents_verification(tmp_path, kind):
>       log = writer(tmp_path); log.begin('b' * 64, 'c' * 64)
              ^^^^^^^^^^^^^^^^

tests/research/onchain_replication/test_compact_pair_log.py:93: 
_ _ _ _ _ _ _ _ _ _ _ _ _ _ _ _ _ _ _ _ _ _ _ _ _ _ _ _ _ _ _ _ _ _ _ _ _ _ _ _ 
tests/research/onchain_replication/test_compact_pair_log.py:17: in writer
    return api().PairLog(tmp_path / 'log', owner=OWNER, scope=SCOPE,
           ^^^^^
_ _ _ _ _ _ _ _ _ _ _ _ _ _ _ _ _ _ _ _ _ _ _ _ _ _ _ _ _ _ _ _ _ _ _ _ _ _ _ _ 

    def api():
>       from tradingagents.research.onchain_replication import compact_pair_log
E       ImportError: cannot import name 'compact_pair_log' from 'tradingagents.research.onchain_replication' (/home/malecada/master_thesis/TradingAgents-audit-fixes/tradingagents/research/onchain_replication/__init__.py)

tests/research/onchain_replication/test_compact_pair_log.py:12: ImportError
______________ test_event_and_pair_caps_refuse_before_allocation _______________

tmp_path = PosixPath('/tmp/pytest-of-malecada/pytest-28/test_event_and_pair_caps_refus0')

    def test_event_and_pair_caps_refuse_before_allocation(tmp_path):
>       module = api()
                 ^^^^^

tests/research/onchain_replication/test_compact_pair_log.py:109: 
_ _ _ _ _ _ _ _ _ _ _ _ _ _ _ _ _ _ _ _ _ _ _ _ _ _ _ _ _ _ _ _ _ _ _ _ _ _ _ _ 

    def api():
>       from tradingagents.research.onchain_replication import compact_pair_log
E       ImportError: cannot import name 'compact_pair_log' from 'tradingagents.research.onchain_replication' (/home/malecada/master_thesis/TradingAgents-audit-fixes/tradingagents/research/onchain_replication/__init__.py)

tests/research/onchain_replication/test_compact_pair_log.py:12: ImportError
- reviewed profile: 26 encountered files withheld; this is not the full legacy suite -
=========================== short test summary info ============================
FAILED tests/research/onchain_replication/test_compact_pair_log.py::test_complete_history_keeps_order_iterations_and_checkpoint_binding
FAILED tests/research/onchain_replication/test_compact_pair_log.py::test_pending_pair_blocks_new_pair_and_success_and_survives_failure
FAILED tests/research/onchain_replication/test_compact_pair_log.py::test_invalid_result_cannot_consume_pending_identity
FAILED tests/research/onchain_replication/test_compact_pair_log.py::test_short_write_is_not_acknowledged_and_is_never_retried
FAILED tests/research/onchain_replication/test_compact_pair_log.py::test_lease_loss_after_sync_preserves_bytes_without_acknowledgement
FAILED tests/research/onchain_replication/test_compact_pair_log.py::test_corruption_or_late_mutation_prevents_verification[payload]
FAILED tests/research/onchain_replication/test_compact_pair_log.py::test_corruption_or_late_mutation_prevents_verification[extra]
FAILED tests/research/onchain_replication/test_compact_pair_log.py::test_corruption_or_late_mutation_prevents_verification[symlink]
FAILED tests/research/onchain_replication/test_compact_pair_log.py::test_corruption_or_late_mutation_prevents_verification[late]
FAILED tests/research/onchain_replication/test_compact_pair_log.py::test_event_and_pair_caps_refuse_before_allocation
10 failed in 0.24s
