[
  {
    "source": "actual-original",
    "selected_type": "SystemExit",
    "original_fatal_selected": false,
    "original_fatal_retained_in_context": true,
    "hooks": [
      "cause-property"
    ],
    "actual_root_descriptor_closed_once": true,
    "traceback": [
      {
        "source": "/home/malecada/master_thesis/TradingAgents-audit-fixes/research/onchain-paper-replication-2026-09-24/full_sources/financial-wrapper-storage-watch-concurrent-publication-review02-2026-10-04/diagnostic_boundary01.py",
        "function": "<module>",
        "line": 16
      },
      {
        "source": "/home/malecada/master_thesis/TradingAgents-audit-fixes/research/onchain-paper-replication-2026-09-24/full_sources/financial-wrapper-storage-watch-concurrent-publication-correction01-2026-10-04/original_workflow_storage.py",
        "function": "check",
        "line": 76
      },
      {
        "source": "/home/malecada/master_thesis/TradingAgents-audit-fixes/research/onchain-paper-replication-2026-09-24/full_sources/financial-wrapper-storage-watch-concurrent-publication-correction01-2026-10-04/original_workflow_storage.py",
        "function": "_check",
        "line": 97
      },
      {
        "source": "/home/malecada/master_thesis/TradingAgents-audit-fixes/research/onchain-paper-replication-2026-09-24/full_sources/financial-wrapper-storage-watch-concurrent-publication-review02-2026-10-04/diagnostic_boundary01.py",
        "function": "__cause__",
        "line": 9
      }
    ]
  },
  {
    "source": "withheld01",
    "selected_type": "SystemExit",
    "original_fatal_selected": false,
    "original_fatal_retained_in_context": true,
    "hooks": [
      "cause-property"
    ],
    "actual_root_descriptor_closed_once": true,
    "traceback": [
      {
        "source": "/home/malecada/master_thesis/TradingAgents-audit-fixes/research/onchain-paper-replication-2026-09-24/full_sources/financial-wrapper-storage-watch-concurrent-publication-review02-2026-10-04/diagnostic_boundary01.py",
        "function": "<module>",
        "line": 16
      },
      {
        "source": "/home/malecada/master_thesis/TradingAgents-audit-fixes/research/onchain-paper-replication-2026-09-24/full_sources/financial-wrapper-storage-watch-concurrent-publication-correction01-2026-10-04/workflow_storage.py",
        "function": "check",
        "line": 96
      },
      {
        "source": "/home/malecada/master_thesis/TradingAgents-audit-fixes/research/onchain-paper-replication-2026-09-24/full_sources/financial-wrapper-storage-watch-concurrent-publication-correction01-2026-10-04/workflow_storage.py",
        "function": "_check",
        "line": 121
      },
      {
        "source": "/home/malecada/master_thesis/TradingAgents-audit-fixes/research/onchain-paper-replication-2026-09-24/full_sources/financial-wrapper-storage-watch-concurrent-publication-review02-2026-10-04/diagnostic_boundary01.py",
        "function": "__cause__",
        "line": 9
      }
    ]
  },
  {
    "source": "successor02",
    "selected_type": "SystemExit",
    "original_fatal_selected": false,
    "original_fatal_retained_in_context": true,
    "hooks": [
      "cause-property"
    ],
    "actual_root_descriptor_closed_once": true,
    "traceback": [
      {
        "source": "/home/malecada/master_thesis/TradingAgents-audit-fixes/research/onchain-paper-replication-2026-09-24/full_sources/financial-wrapper-storage-watch-concurrent-publication-review02-2026-10-04/diagnostic_boundary01.py",
        "function": "<module>",
        "line": 16
      },
      {
        "source": "/home/malecada/master_thesis/TradingAgents-audit-fixes/research/onchain-paper-replication-2026-09-24/full_sources/financial-wrapper-storage-watch-concurrent-publication-correction02-2026-10-04/workflow_storage.py",
        "function": "check",
        "line": 106
      },
      {
        "source": "/home/malecada/master_thesis/TradingAgents-audit-fixes/research/onchain-paper-replication-2026-09-24/full_sources/financial-wrapper-storage-watch-concurrent-publication-correction02-2026-10-04/workflow_storage.py",
        "function": "_check",
        "line": 131
      },
      {
        "source": "/home/malecada/master_thesis/TradingAgents-audit-fixes/research/onchain-paper-replication-2026-09-24/full_sources/financial-wrapper-storage-watch-concurrent-publication-review02-2026-10-04/diagnostic_boundary01.py",
        "function": "__cause__",
        "line": 9
      }
    ]
  }
]
