FFFF                                                                     [100%]
=================================== FAILURES ===================================
_ test_current_registered_owner_publishes_reads_and_closes_without_representation_claim _

ready = (<tradingagents.research.onchain_replication.compact_owner.Owner object at 0x7b180819b380>, <tradingagents.research.on...plication.test_matching_owner.OwnershipTests testMethod=test_actual_claim_owner_and_old_numerical_anchor_are_distinct>)

    def test_current_registered_owner_publishes_reads_and_closes_without_representation_claim(ready):
>       from tradingagents.research.onchain_replication import compact_mcm_publication as api
E       ImportError: cannot import name 'compact_mcm_publication' from 'tradingagents.research.onchain_replication' (/home/malecada/master_thesis/TradingAgents-audit-fixes/tradingagents/research/onchain_replication/__init__.py)

tests/research/onchain_replication/test_compact_mcm_publication.py:42: ImportError
___ test_unselected_or_underreserved_output_refused_before_namespace[route] ____

ready = (<tradingagents.research.onchain_replication.compact_owner.Owner object at 0x7b18081bee90>, <tradingagents.research.on...plication.test_matching_owner.OwnershipTests testMethod=test_actual_claim_owner_and_old_numerical_anchor_are_distinct>)

    @pytest.mark.parametrize('ready', ['route', 'budget'], indirect=True)
    def test_unselected_or_underreserved_output_refused_before_namespace(ready):
>       from tradingagents.research.onchain_replication import compact_mcm_publication as api
E       ImportError: cannot import name 'compact_mcm_publication' from 'tradingagents.research.onchain_replication' (/home/malecada/master_thesis/TradingAgents-audit-fixes/tradingagents/research/onchain_replication/__init__.py)

tests/research/onchain_replication/test_compact_mcm_publication.py:58: ImportError
___ test_unselected_or_underreserved_output_refused_before_namespace[budget] ___

ready = (<tradingagents.research.onchain_replication.compact_owner.Owner object at 0x7b18070507d0>, <tradingagents.research.on...plication.test_matching_owner.OwnershipTests testMethod=test_actual_claim_owner_and_old_numerical_anchor_are_distinct>)

    @pytest.mark.parametrize('ready', ['route', 'budget'], indirect=True)
    def test_unselected_or_underreserved_output_refused_before_namespace(ready):
>       from tradingagents.research.onchain_replication import compact_mcm_publication as api
E       ImportError: cannot import name 'compact_mcm_publication' from 'tradingagents.research.onchain_replication' (/home/malecada/master_thesis/TradingAgents-audit-fixes/tradingagents/research/onchain_replication/__init__.py)

tests/research/onchain_replication/test_compact_mcm_publication.py:58: ImportError
__________ test_foreign_stage_scope_and_terminal_claim_cannot_publish __________

ready = (<tradingagents.research.onchain_replication.compact_owner.Owner object at 0x7b1807291810>, <tradingagents.research.on...plication.test_matching_owner.OwnershipTests testMethod=test_actual_claim_owner_and_old_numerical_anchor_are_distinct>)

    def test_foreign_stage_scope_and_terminal_claim_cannot_publish(ready):
>       from tradingagents.research.onchain_replication import compact_mcm_publication as api
E       ImportError: cannot import name 'compact_mcm_publication' from 'tradingagents.research.onchain_replication' (/home/malecada/master_thesis/TradingAgents-audit-fixes/tradingagents/research/onchain_replication/__init__.py)

tests/research/onchain_replication/test_compact_mcm_publication.py:65: ImportError
- reviewed profile: 26 encountered files withheld; this is not the full legacy suite -
=========================== short test summary info ============================
FAILED tests/research/onchain_replication/test_compact_mcm_publication.py::test_current_registered_owner_publishes_reads_and_closes_without_representation_claim
FAILED tests/research/onchain_replication/test_compact_mcm_publication.py::test_unselected_or_underreserved_output_refused_before_namespace[route]
FAILED tests/research/onchain_replication/test_compact_mcm_publication.py::test_unselected_or_underreserved_output_refused_before_namespace[budget]
FAILED tests/research/onchain_replication/test_compact_mcm_publication.py::test_foreign_stage_scope_and_terminal_claim_cannot_publish
4 failed in 60.58s (0:01:00)
