{
  "schema_version": 1,
  "decision": "ACCEPTED_ACTUAL_INTERMEDIATE_SOURCE_PARENT_CAPTURE_AND_TRANSPORT_SOURCE_ONLY",
  "checks": 15252,
  "source": "d4e56ba9ed968e9c24b2813656c2ca65a3dbd7a0",
  "request_sha256": "17d92c05d58c3e4308097a945b3de3180e33629f92df1bfb83abcbaa6f67390f",
  "capture_sha256": "3401a6d84e8e00439e921eaafa690e155f16022d742d9f77045742db15d42660",
  "actual_terminal_sha256": "6904180ffcc99be26e88b7802c34c7641aa2af6b7d6960387796836b54d73cfe",
  "archives": {
    "source": {
      "archive": {
        "bytes": 2703524,
        "manifest_sha256": "ebe3ade50a6bd106105001a615144a2e4ef1d649755989bc63937063ed9c258c",
        "sha256": "4a483c2d9d1ed1c5f652e73bb818ca8bd11dbe79fa7acaae34b11248655a4e76"
      },
      "members": 878,
      "regular_bodies": 631,
      "logical_bytes": 6321921,
      "root_mode": 448,
      "framing": {
        "inflated_bytes": 6993920,
        "headers": 929,
        "pax_headers": 50
      }
    },
    "parent": {
      "archive": {
        "bytes": 75115,
        "manifest_sha256": "7f608e9877086f961f4f8a998ba5faa50d42b8fd65808e2cf3ba2756eb28b77e",
        "sha256": "d620cea8113f365fb1c9a458f245031b1f04c063c861f0b08a9f1ba71f1e2c7f"
      },
      "members": 15,
      "regular_bodies": 14,
      "logical_bytes": 293515,
      "root_mode": 448,
      "framing": {
        "inflated_bytes": 307200,
        "headers": 16,
        "pax_headers": 0
      }
    }
  },
  "tracked": 290,
  "source_pins": 289,
  "implementation": 194,
  "package": 149,
  "transport_candidate_sha256": "2d05df683ec6f12ce2e76be95cd5af0d602e40321939182a7b1fd283a9268e5f",
  "transport_full_byte_AST_inverse": true,
  "actual_external_or_flat_recovery": false,
  "final_release_recovered": false,
  "runtime_store_native_authority": false
}
