{
  "observed_utc": "2026-10-04T08:40:50.005024+00:00",
  "decision": "READ_ONLY_CANDIDATE_CENSUS_NOT_ROOT_SELECTION",
  "limits": {
    "paths": 506,
    "selected_bytes": 67108864,
    "file_bytes": 4194304,
    "floor_bytes": 10737418240,
    "git_calls": 1024
  },
  "variants": {
    "current_core": {
      "paths": 117,
      "bytes": 22672976,
      "max_body": 4190463,
      "remaining_paths_to506": 389,
      "remaining_bytes_to64MiB": 44435888,
      "estimated_transport_git_calls_11_plus_2N": 245,
      "fits_current_caps": true,
      "roles": [
        "actual_final11_shards",
        "actual_final_capture_top",
        "actual_source339_capture",
        "complete_actual_admission_review",
        "old_failed_exact8_outside_union",
        "original_actual_admission_receipts",
        "prospective_transport_source",
        "required_direct_original_readback",
        "required_transport_source325_supplement",
        "source339_actual_flat_metadata",
        "source339_actual_flat_release",
        "source339_actual_flat_review",
        "source339_actual_flat_top",
        "source339_actual_remote_review",
        "source339_actual_remote_top",
        "source339_root_flat_receipts"
      ]
    },
    "core_plus_complete_exporter_preparation": {
      "paths": 240,
      "bytes": 47089711,
      "max_body": 4190463,
      "remaining_paths_to506": 266,
      "remaining_bytes_to64MiB": 20019153,
      "estimated_transport_git_calls_11_plus_2N": 491,
      "fits_current_caps": true,
      "roles": [
        "actual_final11_shards",
        "actual_final_capture_top",
        "actual_source339_capture",
        "complete_actual_admission_review",
        "complete_witness_exporter_preparation02",
        "old_failed_exact8_outside_union",
        "original_actual_admission_receipts",
        "prospective_transport_source",
        "required_direct_original_readback",
        "required_transport_source325_supplement",
        "source339_actual_flat_metadata",
        "source339_actual_flat_release",
        "source339_actual_flat_review",
        "source339_actual_flat_top",
        "source339_actual_remote_review",
        "source339_actual_remote_top",
        "source339_root_flat_receipts"
      ]
    },
    "core_plus_both_complete_exporter_trees": {
      "paths": 433,
      "bytes": 64560040,
      "max_body": 4190463,
      "remaining_paths_to506": 73,
      "remaining_bytes_to64MiB": 2548824,
      "estimated_transport_git_calls_11_plus_2N": 877,
      "fits_current_caps": true,
      "roles": [
        "actual_final11_shards",
        "actual_final_capture_top",
        "actual_source339_capture",
        "complete_actual_admission_review",
        "complete_witness_exporter_preparation02",
        "current_witness_exporter_independent_review02",
        "old_failed_exact8_outside_union",
        "original_actual_admission_receipts",
        "prospective_transport_source",
        "required_direct_original_readback",
        "required_transport_source325_supplement",
        "source339_actual_flat_metadata",
        "source339_actual_flat_release",
        "source339_actual_flat_review",
        "source339_actual_flat_top",
        "source339_actual_remote_review",
        "source339_actual_remote_top",
        "source339_root_flat_receipts"
      ]
    },
    "all_current_raw_source_and_future_witness_trees": {
      "paths": 2734,
      "bytes": 123998097,
      "max_body": 4190463,
      "remaining_paths_to506": -2228,
      "remaining_bytes_to64MiB": -56889233,
      "estimated_transport_git_calls_11_plus_2N": 5479,
      "fits_current_caps": false,
      "roles": [
        "actual_final11_shards",
        "actual_final_capture_top",
        "actual_source339_capture",
        "complete_actual_admission_review",
        "complete_witness_exporter_preparation02",
        "current_witness_exporter_independent_review02",
        "future_witness_source_actual-capture-review",
        "future_witness_source_capture-preparation",
        "future_witness_source_capture-review",
        "future_witness_source_recovery-preparation",
        "future_witness_source_recovery-review",
        "old_failed_exact8_outside_union",
        "original_actual_admission_receipts",
        "prospective_transport_source",
        "required_direct_original_readback",
        "required_transport_source325_supplement",
        "source339_actual_flat_metadata",
        "source339_actual_flat_release",
        "source339_actual_flat_review",
        "source339_actual_flat_top",
        "source339_actual_remote_review",
        "source339_actual_remote_top",
        "source339_root_flat_receipts"
      ]
    }
  },
  "all_observed_regular_paths": 2734,
  "all_over4MiB": [],
  "exporter_review_final_seal": null,
  "future_witness_capture": null,
  "future_actual_witness_review": null,
  "future_selection_commit": null,
  "future_remote_receipt": null,
  "raw_paths_are_not_archival_authority": true,
  "reuse_needs_explicit_full_path_mode_mapping_and_actual_recovery": true
}
