Reviewed offline profile: 176 modules; legacy/unreviewed modules excluded.
........................................................................ [  2%]
.................................................... [  4%]
........................................................................ [  7%]
........................................................................ [ 10%]
........................................................................ [ 13%]
........................................................................ [ 15%]
........................................................................ [ 18%]
........................................................................ [ 21%]
........................................................................ [ 24%]
........................................................................ [ 27%]
........................................................................ [ 29%]
........................................................................ [ 32%]
........................................................................ [ 35%]
........................................................................ [ 38%]
........................................................................ [ 41%]
........................................................................ [ 43%]
........................................................................ [ 46%]
........................................................................ [ 49%]
........................................................................ [ 52%]
........................................................................ [ 54%]
........................................................................ [ 57%]
........................................................................ [ 60%]
........................................................................ [ 63%]
........................................................................ [ 66%]
................................................................................................................................ [ 71%]
........................................................................ [ 73%]
........................................................................ [ 76%]
........................................................................ [ 79%]
.............................................................. [ 81%]
........................................................................ [ 84%]
........................................................................ [ 87%]
........................................................................ [ 90%]
................................................ [ 92%]
........................................................................ [ 94%]
................................................. [ 96%]
.................................................................... [ 99%]
.................                                                        [100%]
- reviewed profile: 75 encountered files withheld; this is not the full legacy suite -
2584 passed, 97 subtests passed in 1111.43s (0:18:31)
