  | ExceptionGroup: body/cleanup failures (2 sub-exceptions)
  +-+---------------- 1 ----------------
    | Traceback (most recent call last):
    |   File "/home/malecada/master_thesis/onchain-financial-isolation/genuine-financial-wrapper-complete100-compatibility-root-launch-20261004-01/parent01.py", line 44, in stream_hash
    |     require(time.monotonic()<deadline,'read deadline');b=os.read(fd,min(65536,limit-n+1))
    |                                                          ~~~~~~~^^^^^^^^^^^^^^^^^^^^^^^^^
    |   File "/home/malecada/master_thesis/TradingAgents-audit-fixes/research/onchain-paper-replication-2026-09-24/full_sources/financial-wrapper-compatibility-parent-source-review01-2026-10-04/check01.py", line 64, in rd
    |     def rd(fd,n):fds.append(fd);raise primary
    |                                 ^^^^^^^^^^^^^
    | ValueError: read
    +---------------- 2 ----------------
    | Traceback (most recent call last):
    |   File "/home/malecada/master_thesis/onchain-financial-isolation/genuine-financial-wrapper-complete100-compatibility-root-launch-20261004-01/owned_io.py", line 34, in _cleanup
    |     try:close()
    |         ~~~~~^^
    |   File "/home/malecada/master_thesis/onchain-financial-isolation/genuine-financial-wrapper-complete100-compatibility-root-launch-20261004-01/parent01.py", line 48, in <lambda>
    |     finally:R._cleanup(() if fd is None else (lambda:os.close(fd),))
    |                                                      ~~~~~~~~^^^^
    |   File "/home/malecada/master_thesis/TradingAgents-audit-fixes/research/onchain-paper-replication-2026-09-24/full_sources/financial-wrapper-compatibility-parent-source-review01-2026-10-04/check01.py", line 65, in cl
    |     def cl(fd):os.close(fd);raise secondary
    |                             ^^^^^^^^^^^^^^^
    | ValueError: close
    +------------------------------------

The above exception was the direct cause of the following exception:

Traceback (most recent call last):
  File "/home/malecada/master_thesis/TradingAgents-audit-fixes/research/onchain-paper-replication-2026-09-24/full_sources/financial-wrapper-compatibility-parent-source-review01-2026-10-04/check01.py", line 68, in <module>
    try:M.stream_hash(p,64)
        ~~~~~~~~~~~~~^^^^^^
  File "/home/malecada/master_thesis/onchain-financial-isolation/genuine-financial-wrapper-complete100-compatibility-root-launch-20261004-01/parent01.py", line 48, in stream_hash
    finally:R._cleanup(() if fd is None else (lambda:os.close(fd),))
            ~~~~~~~~~~^^^^^^^^^^^^^^^^^^^^^^^^^^^^^^^^^^^^^^^^^^^^^^
  File "/home/malecada/master_thesis/onchain-financial-isolation/genuine-financial-wrapper-complete100-compatibility-root-launch-20261004-01/owned_io.py", line 52, in _cleanup
    raise failure
owned_io.CleanupFailure: score storage cleanup unresolved; worker must stop

During handling of the above exception, another exception occurred:

Traceback (most recent call last):
  File "/home/malecada/master_thesis/TradingAgents-audit-fixes/research/onchain-paper-replication-2026-09-24/full_sources/financial-wrapper-compatibility-parent-source-review01-2026-10-04/check01.py", line 71, in <module>
    ok(err is expected if expected else isinstance(err,M.R.IO.CleanupFailure),'original real cleanup firstfatal')
                                                       ^^^^^^
AttributeError: module 'recovery04' has no attribute 'IO'. Did you mean: 'io'?
