test_below_existing_hard_minimum_refuses (__main__.Readiness.test_below_existing_hard_minimum_refuses) ... ERROR
test_host_reserve_window_and_policy_cannot_change (__main__.Readiness.test_host_reserve_window_and_policy_cannot_change) ... ok
test_native_startup_minimum_passes_complete_window (__main__.Readiness.test_native_startup_minimum_passes_complete_window) ... ERROR

======================================================================
ERROR: test_below_existing_hard_minimum_refuses (__main__.Readiness.test_below_existing_hard_minimum_refuses)
----------------------------------------------------------------------
Traceback (most recent call last):
  File "/home/malecada/master_thesis/TradingAgents-audit-fixes/research/onchain-paper-replication-2026-09-24/full_sources/neural-streamed-resource-release-2026-10-02/test_readiness04.py", line 30, in test_below_existing_hard_minimum_refuses
    report,_=self.observe(7247757311)
             ~~~~~~~~~~~~^^^^^^^^^^^^
  File "/home/malecada/master_thesis/TradingAgents-audit-fixes/research/onchain-paper-replication-2026-09-24/full_sources/neural-streamed-resource-release-2026-10-02/test_readiness04.py", line 19, in observe
    return module.observe(policy,mem_available=lambda:available,clock=lambda:now[0],sleep=advance),now[0]
           ~~~~~~~~~~~~~~^^^^^^^^^^^^^^^^^^^^^^^^^^^^^^^^^^^^^^^^^^^^^^^^^^^^^^^^^^^^^^^^^^^^^^^^^
  File "/home/malecada/master_thesis/TradingAgents-audit-fixes/research/onchain-paper-replication-2026-09-24/full_sources/neural-streamed-resource-release-2026-10-02/readiness.original03.py", line 58, in observe
    validate(policy)
    ~~~~~~~~^^^^^^^^
  File "/home/malecada/master_thesis/TradingAgents-audit-fixes/research/onchain-paper-replication-2026-09-24/full_sources/neural-streamed-resource-release-2026-10-02/readiness.original03.py", line 32, in validate
    raise ValueError('scheduling policy differs from the frozen successor')
ValueError: scheduling policy differs from the frozen successor

======================================================================
ERROR: test_native_startup_minimum_passes_complete_window (__main__.Readiness.test_native_startup_minimum_passes_complete_window)
----------------------------------------------------------------------
Traceback (most recent call last):
  File "/home/malecada/master_thesis/TradingAgents-audit-fixes/research/onchain-paper-replication-2026-09-24/full_sources/neural-streamed-resource-release-2026-10-02/test_readiness04.py", line 22, in test_native_startup_minimum_passes_complete_window
    report,now=self.observe(7247757312)
               ~~~~~~~~~~~~^^^^^^^^^^^^
  File "/home/malecada/master_thesis/TradingAgents-audit-fixes/research/onchain-paper-replication-2026-09-24/full_sources/neural-streamed-resource-release-2026-10-02/test_readiness04.py", line 19, in observe
    return module.observe(policy,mem_available=lambda:available,clock=lambda:now[0],sleep=advance),now[0]
           ~~~~~~~~~~~~~~^^^^^^^^^^^^^^^^^^^^^^^^^^^^^^^^^^^^^^^^^^^^^^^^^^^^^^^^^^^^^^^^^^^^^^^^^
  File "/home/malecada/master_thesis/TradingAgents-audit-fixes/research/onchain-paper-replication-2026-09-24/full_sources/neural-streamed-resource-release-2026-10-02/readiness.original03.py", line 58, in observe
    validate(policy)
    ~~~~~~~~^^^^^^^^
  File "/home/malecada/master_thesis/TradingAgents-audit-fixes/research/onchain-paper-replication-2026-09-24/full_sources/neural-streamed-resource-release-2026-10-02/readiness.original03.py", line 32, in validate
    raise ValueError('scheduling policy differs from the frozen successor')
ValueError: scheduling policy differs from the frozen successor

----------------------------------------------------------------------
Ran 3 tests in 0.002s

FAILED (errors=2)
