........FF.
======================================================================
FAIL: test_reservation_cannot_claim_an_existing_artifact_path (__main__.Tests.test_reservation_cannot_claim_an_existing_artifact_path)
----------------------------------------------------------------------
Traceback (most recent call last):
  File "/home/malecada/master_thesis/TradingAgents-audit-fixes/research/onchain-paper-replication-2026-09-24/full_sources/pair-journal-2026-09-30/test_journal.py", line 142, in test_reservation_cannot_claim_an_existing_artifact_path
    with self.assertRaisesRegex(ValueError, 'existing'):
         ~~~~~~~~~~~~~~~~~~~~~~^^^^^^^^^^^^^^^^^^^^^^^^
AssertionError: ValueError not raised

======================================================================
FAIL: test_reservation_keeps_room_for_publication_before_numerical_work (__main__.Tests.test_reservation_keeps_room_for_publication_before_numerical_work)
----------------------------------------------------------------------
Traceback (most recent call last):
  File "/home/malecada/master_thesis/TradingAgents-audit-fixes/research/onchain-paper-replication-2026-09-24/full_sources/pair-journal-2026-09-30/test_journal.py", line 134, in test_reservation_keeps_room_for_publication_before_numerical_work
    with self.assertRaisesRegex(ValueError, 'quota'):
         ~~~~~~~~~~~~~~~~~~~~~~^^^^^^^^^^^^^^^^^^^^^
AssertionError: ValueError not raised

----------------------------------------------------------------------
Ran 11 tests in 0.097s

FAILED (failures=2)
