EEE.EEEEEEEEE
======================================================================
ERROR: test_actual_pair_multiple_checkpoints_and_child_resume (__main__.Tests.test_actual_pair_multiple_checkpoints_and_child_resume)
----------------------------------------------------------------------
Traceback (most recent call last):
  File "/home/malecada/master_thesis/TradingAgents-audit-fixes/research/onchain-paper-replication-2026-09-24/full_sources/pair-journal-2026-09-30/test_journal.py", line 159, in test_actual_pair_multiple_checkpoints_and_child_resume
    j=self.create();target=j.target(self.purpose)
                           ^^^^^^^^
AttributeError: 'Journal' object has no attribute 'target'

======================================================================
ERROR: test_ancestor_reservations_and_owner_overhead_are_not_reset (__main__.Tests.test_ancestor_reservations_and_owner_overhead_are_not_reset)
----------------------------------------------------------------------
Traceback (most recent call last):
  File "/home/malecada/master_thesis/TradingAgents-audit-fixes/research/onchain-paper-replication-2026-09-24/full_sources/pair-journal-2026-09-30/test_journal.py", line 62, in test_ancestor_reservations_and_owner_overhead_are_not_reset
    j = self.create();r = self.compatible_reserve(j);j.publish(self.artifact(r));parent = j.seal('failed')
                          ~~~~~~~~~~~~~~~~~~~~~~~^^^
  File "/home/malecada/master_thesis/TradingAgents-audit-fixes/research/onchain-paper-replication-2026-09-24/full_sources/pair-journal-2026-09-30/test_journal.py", line 48, in compatible_reserve
    return self.reserve(journal, purpose)
           ~~~~~~~~~~~~^^^^^^^^^^^^^^^^^^
  File "/home/malecada/master_thesis/TradingAgents-audit-fixes/research/onchain-paper-replication-2026-09-24/full_sources/pair-journal-2026-09-30/test_journal.py", line 38, in reserve
    return journal.reserve(purpose, journal.target(purpose)['path'], self.ident, 1024)
                                    ^^^^^^^^^^^^^^
AttributeError: 'Journal' object has no attribute 'target'

======================================================================
ERROR: test_complete_orphan_requires_reconciliation_not_rerun (__main__.Tests.test_complete_orphan_requires_reconciliation_not_rerun)
----------------------------------------------------------------------
Traceback (most recent call last):
  File "/home/malecada/master_thesis/TradingAgents-audit-fixes/research/onchain-paper-replication-2026-09-24/full_sources/pair-journal-2026-09-30/test_journal.py", line 77, in test_complete_orphan_requires_reconciliation_not_rerun
    j = self.create();r = self.compatible_reserve(j);ref = self.artifact(r)
                          ~~~~~~~~~~~~~~~~~~~~~~~^^^
  File "/home/malecada/master_thesis/TradingAgents-audit-fixes/research/onchain-paper-replication-2026-09-24/full_sources/pair-journal-2026-09-30/test_journal.py", line 48, in compatible_reserve
    return self.reserve(journal, purpose)
           ~~~~~~~~~~~~^^^^^^^^^^^^^^^^^^
  File "/home/malecada/master_thesis/TradingAgents-audit-fixes/research/onchain-paper-replication-2026-09-24/full_sources/pair-journal-2026-09-30/test_journal.py", line 38, in reserve
    return journal.reserve(purpose, journal.target(purpose)['path'], self.ident, 1024)
                                    ^^^^^^^^^^^^^^
AttributeError: 'Journal' object has no attribute 'target'

======================================================================
ERROR: test_completed_pair_is_reused_from_exact_failed_ancestry (__main__.Tests.test_completed_pair_is_reused_from_exact_failed_ancestry)
----------------------------------------------------------------------
Traceback (most recent call last):
  File "/home/malecada/master_thesis/TradingAgents-audit-fixes/research/onchain-paper-replication-2026-09-24/full_sources/pair-journal-2026-09-30/test_journal.py", line 51, in test_completed_pair_is_reused_from_exact_failed_ancestry
    j = self.create();r = self.compatible_reserve(j);ref = self.artifact(r);j.publish(ref)
                          ~~~~~~~~~~~~~~~~~~~~~~~^^^
  File "/home/malecada/master_thesis/TradingAgents-audit-fixes/research/onchain-paper-replication-2026-09-24/full_sources/pair-journal-2026-09-30/test_journal.py", line 48, in compatible_reserve
    return self.reserve(journal, purpose)
           ~~~~~~~~~~~~^^^^^^^^^^^^^^^^^^
  File "/home/malecada/master_thesis/TradingAgents-audit-fixes/research/onchain-paper-replication-2026-09-24/full_sources/pair-journal-2026-09-30/test_journal.py", line 38, in reserve
    return journal.reserve(purpose, journal.target(purpose)['path'], self.ident, 1024)
                                    ^^^^^^^^^^^^^^
AttributeError: 'Journal' object has no attribute 'target'

======================================================================
ERROR: test_foreign_owner_or_identity_manifest_refused (__main__.Tests.test_foreign_owner_or_identity_manifest_refused) (change={'owner': 'ffffffffffffffffffffffffffffffffffffffffffffffffffffffffffffffff'})
----------------------------------------------------------------------
Traceback (most recent call last):
  File "/home/malecada/master_thesis/TradingAgents-audit-fixes/research/onchain-paper-replication-2026-09-24/full_sources/pair-journal-2026-09-30/test_journal.py", line 105, in test_foreign_owner_or_identity_manifest_refused
    j = self.create('x'+str(len(list(self.root.iterdir()))));r = self.compatible_reserve(j)
                                                                 ~~~~~~~~~~~~~~~~~~~~~~~^^^
  File "/home/malecada/master_thesis/TradingAgents-audit-fixes/research/onchain-paper-replication-2026-09-24/full_sources/pair-journal-2026-09-30/test_journal.py", line 48, in compatible_reserve
    return self.reserve(journal, purpose)
           ~~~~~~~~~~~~^^^^^^^^^^^^^^^^^^
  File "/home/malecada/master_thesis/TradingAgents-audit-fixes/research/onchain-paper-replication-2026-09-24/full_sources/pair-journal-2026-09-30/test_journal.py", line 38, in reserve
    return journal.reserve(purpose, journal.target(purpose)['path'], self.ident, 1024)
                                    ^^^^^^^^^^^^^^
AttributeError: 'Journal' object has no attribute 'target'

======================================================================
ERROR: test_foreign_owner_or_identity_manifest_refused (__main__.Tests.test_foreign_owner_or_identity_manifest_refused) (change={'identity': {'foreign': True}})
----------------------------------------------------------------------
Traceback (most recent call last):
  File "/home/malecada/master_thesis/TradingAgents-audit-fixes/research/onchain-paper-replication-2026-09-24/full_sources/pair-journal-2026-09-30/test_journal.py", line 105, in test_foreign_owner_or_identity_manifest_refused
    j = self.create('x'+str(len(list(self.root.iterdir()))));r = self.compatible_reserve(j)
                                                                 ~~~~~~~~~~~~~~~~~~~~~~~^^^
  File "/home/malecada/master_thesis/TradingAgents-audit-fixes/research/onchain-paper-replication-2026-09-24/full_sources/pair-journal-2026-09-30/test_journal.py", line 48, in compatible_reserve
    return self.reserve(journal, purpose)
           ~~~~~~~~~~~~^^^^^^^^^^^^^^^^^^
  File "/home/malecada/master_thesis/TradingAgents-audit-fixes/research/onchain-paper-replication-2026-09-24/full_sources/pair-journal-2026-09-30/test_journal.py", line 38, in reserve
    return journal.reserve(purpose, journal.target(purpose)['path'], self.ident, 1024)
                                    ^^^^^^^^^^^^^^
AttributeError: 'Journal' object has no attribute 'target'

======================================================================
ERROR: test_only_current_pending_reference_can_publish (__main__.Tests.test_only_current_pending_reference_can_publish)
----------------------------------------------------------------------
Traceback (most recent call last):
  File "/home/malecada/master_thesis/TradingAgents-audit-fixes/research/onchain-paper-replication-2026-09-24/full_sources/pair-journal-2026-09-30/test_journal.py", line 87, in test_only_current_pending_reference_can_publish
    j = self.create();r = self.compatible_reserve(j);ref = self.artifact(r)
                          ~~~~~~~~~~~~~~~~~~~~~~~^^^
  File "/home/malecada/master_thesis/TradingAgents-audit-fixes/research/onchain-paper-replication-2026-09-24/full_sources/pair-journal-2026-09-30/test_journal.py", line 48, in compatible_reserve
    return self.reserve(journal, purpose)
           ~~~~~~~~~~~~^^^^^^^^^^^^^^^^^^
  File "/home/malecada/master_thesis/TradingAgents-audit-fixes/research/onchain-paper-replication-2026-09-24/full_sources/pair-journal-2026-09-30/test_journal.py", line 38, in reserve
    return journal.reserve(purpose, journal.target(purpose)['path'], self.ident, 1024)
                                    ^^^^^^^^^^^^^^
AttributeError: 'Journal' object has no attribute 'target'

======================================================================
ERROR: test_parent_tampering_tail_omission_and_symlink_refused (__main__.Tests.test_parent_tampering_tail_omission_and_symlink_refused)
----------------------------------------------------------------------
Traceback (most recent call last):
  File "/home/malecada/master_thesis/TradingAgents-audit-fixes/research/onchain-paper-replication-2026-09-24/full_sources/pair-journal-2026-09-30/test_journal.py", line 110, in test_parent_tampering_tail_omission_and_symlink_refused
    j = self.create();r = self.compatible_reserve(j);j.publish(self.artifact(r));parent=j.seal('failed')
                          ~~~~~~~~~~~~~~~~~~~~~~~^^^
  File "/home/malecada/master_thesis/TradingAgents-audit-fixes/research/onchain-paper-replication-2026-09-24/full_sources/pair-journal-2026-09-30/test_journal.py", line 48, in compatible_reserve
    return self.reserve(journal, purpose)
           ~~~~~~~~~~~~^^^^^^^^^^^^^^^^^^
  File "/home/malecada/master_thesis/TradingAgents-audit-fixes/research/onchain-paper-replication-2026-09-24/full_sources/pair-journal-2026-09-30/test_journal.py", line 38, in reserve
    return journal.reserve(purpose, journal.target(purpose)['path'], self.ident, 1024)
                                    ^^^^^^^^^^^^^^
AttributeError: 'Journal' object has no attribute 'target'

======================================================================
ERROR: test_progress_predecessor_chain_retains_latest_direction (__main__.Tests.test_progress_predecessor_chain_retains_latest_direction)
----------------------------------------------------------------------
Traceback (most recent call last):
  File "/home/malecada/master_thesis/TradingAgents-audit-fixes/research/onchain-paper-replication-2026-09-24/full_sources/pair-journal-2026-09-30/test_journal.py", line 95, in test_progress_predecessor_chain_retains_latest_direction
    j = self.create();r = self.compatible_reserve(j);first = self.artifact(r, kind='progress');j.publish(first)
                          ~~~~~~~~~~~~~~~~~~~~~~~^^^
  File "/home/malecada/master_thesis/TradingAgents-audit-fixes/research/onchain-paper-replication-2026-09-24/full_sources/pair-journal-2026-09-30/test_journal.py", line 48, in compatible_reserve
    return self.reserve(journal, purpose)
           ~~~~~~~~~~~~^^^^^^^^^^^^^^^^^^
  File "/home/malecada/master_thesis/TradingAgents-audit-fixes/research/onchain-paper-replication-2026-09-24/full_sources/pair-journal-2026-09-30/test_journal.py", line 38, in reserve
    return journal.reserve(purpose, journal.target(purpose)['path'], self.ident, 1024)
                                    ^^^^^^^^^^^^^^
AttributeError: 'Journal' object has no attribute 'target'

======================================================================
ERROR: test_reservation_cannot_claim_an_existing_artifact_path (__main__.Tests.test_reservation_cannot_claim_an_existing_artifact_path)
----------------------------------------------------------------------
Traceback (most recent call last):
  File "/home/malecada/master_thesis/TradingAgents-audit-fixes/research/onchain-paper-replication-2026-09-24/full_sources/pair-journal-2026-09-30/test_journal.py", line 140, in test_reservation_cannot_claim_an_existing_artifact_path
    j = self.create();path=Path(j.target(self.purpose)['path'])
                                ^^^^^^^^
AttributeError: 'Journal' object has no attribute 'target'

======================================================================
ERROR: test_reservation_keeps_room_for_publication_before_numerical_work (__main__.Tests.test_reservation_keeps_room_for_publication_before_numerical_work)
----------------------------------------------------------------------
Traceback (most recent call last):
  File "/home/malecada/master_thesis/TradingAgents-audit-fixes/research/onchain-paper-replication-2026-09-24/full_sources/pair-journal-2026-09-30/test_journal.py", line 135, in test_reservation_keeps_room_for_publication_before_numerical_work
    self.compatible_reserve(j)
    ~~~~~~~~~~~~~~~~~~~~~~~^^^
  File "/home/malecada/master_thesis/TradingAgents-audit-fixes/research/onchain-paper-replication-2026-09-24/full_sources/pair-journal-2026-09-30/test_journal.py", line 48, in compatible_reserve
    return self.reserve(journal, purpose)
           ~~~~~~~~~~~~^^^^^^^^^^^^^^^^^^
  File "/home/malecada/master_thesis/TradingAgents-audit-fixes/research/onchain-paper-replication-2026-09-24/full_sources/pair-journal-2026-09-30/test_journal.py", line 38, in reserve
    return journal.reserve(purpose, journal.target(purpose)['path'], self.ident, 1024)
                                    ^^^^^^^^^^^^^^
AttributeError: 'Journal' object has no attribute 'target'

======================================================================
ERROR: test_unpublished_reservation_blocks_recovery_even_without_artifact (__main__.Tests.test_unpublished_reservation_blocks_recovery_even_without_artifact)
----------------------------------------------------------------------
Traceback (most recent call last):
  File "/home/malecada/master_thesis/TradingAgents-audit-fixes/research/onchain-paper-replication-2026-09-24/full_sources/pair-journal-2026-09-30/test_journal.py", line 71, in test_unpublished_reservation_blocks_recovery_even_without_artifact
    j = self.create();self.compatible_reserve(j);parent = j.seal('failed')
                      ~~~~~~~~~~~~~~~~~~~~~~~^^^
  File "/home/malecada/master_thesis/TradingAgents-audit-fixes/research/onchain-paper-replication-2026-09-24/full_sources/pair-journal-2026-09-30/test_journal.py", line 48, in compatible_reserve
    return self.reserve(journal, purpose)
           ~~~~~~~~~~~~^^^^^^^^^^^^^^^^^^
  File "/home/malecada/master_thesis/TradingAgents-audit-fixes/research/onchain-paper-replication-2026-09-24/full_sources/pair-journal-2026-09-30/test_journal.py", line 38, in reserve
    return journal.reserve(purpose, journal.target(purpose)['path'], self.ident, 1024)
                                    ^^^^^^^^^^^^^^
AttributeError: 'Journal' object has no attribute 'target'

----------------------------------------------------------------------
Ran 12 tests in 0.374s

FAILED (errors=12)
