FFFFFFFFF
======================================================================
FAIL: test_ancestor_reservations_and_owner_overhead_are_not_reset (__main__.Tests.test_ancestor_reservations_and_owner_overhead_are_not_reset)
----------------------------------------------------------------------
Traceback (most recent call last):
  File "/home/malecada/master_thesis/TradingAgents-audit-fixes/research/onchain-paper-replication-2026-09-24/full_sources/pair-journal-2026-09-30/test_journal.py", line 23, in setUp
    self.m = api()
             ~~~^^
  File "/home/malecada/master_thesis/TradingAgents-audit-fixes/research/onchain-paper-replication-2026-09-24/full_sources/pair-journal-2026-09-30/test_journal.py", line 14, in api
    assert (HERE/'journal.py').is_file(), 'durable pair journal implementation missing'
           ~~~~~~~~~~~~~~~~~~~~~~~~~~~^^
AssertionError: durable pair journal implementation missing

======================================================================
FAIL: test_complete_orphan_requires_reconciliation_not_rerun (__main__.Tests.test_complete_orphan_requires_reconciliation_not_rerun)
----------------------------------------------------------------------
Traceback (most recent call last):
  File "/home/malecada/master_thesis/TradingAgents-audit-fixes/research/onchain-paper-replication-2026-09-24/full_sources/pair-journal-2026-09-30/test_journal.py", line 23, in setUp
    self.m = api()
             ~~~^^
  File "/home/malecada/master_thesis/TradingAgents-audit-fixes/research/onchain-paper-replication-2026-09-24/full_sources/pair-journal-2026-09-30/test_journal.py", line 14, in api
    assert (HERE/'journal.py').is_file(), 'durable pair journal implementation missing'
           ~~~~~~~~~~~~~~~~~~~~~~~~~~~^^
AssertionError: durable pair journal implementation missing

======================================================================
FAIL: test_complete_parent_foreign_workflow_policy_and_duplicate_owner_refused (__main__.Tests.test_complete_parent_foreign_workflow_policy_and_duplicate_owner_refused)
----------------------------------------------------------------------
Traceback (most recent call last):
  File "/home/malecada/master_thesis/TradingAgents-audit-fixes/research/onchain-paper-replication-2026-09-24/full_sources/pair-journal-2026-09-30/test_journal.py", line 23, in setUp
    self.m = api()
             ~~~^^
  File "/home/malecada/master_thesis/TradingAgents-audit-fixes/research/onchain-paper-replication-2026-09-24/full_sources/pair-journal-2026-09-30/test_journal.py", line 14, in api
    assert (HERE/'journal.py').is_file(), 'durable pair journal implementation missing'
           ~~~~~~~~~~~~~~~~~~~~~~~~~~~^^
AssertionError: durable pair journal implementation missing

======================================================================
FAIL: test_completed_pair_is_reused_from_exact_failed_ancestry (__main__.Tests.test_completed_pair_is_reused_from_exact_failed_ancestry)
----------------------------------------------------------------------
Traceback (most recent call last):
  File "/home/malecada/master_thesis/TradingAgents-audit-fixes/research/onchain-paper-replication-2026-09-24/full_sources/pair-journal-2026-09-30/test_journal.py", line 23, in setUp
    self.m = api()
             ~~~^^
  File "/home/malecada/master_thesis/TradingAgents-audit-fixes/research/onchain-paper-replication-2026-09-24/full_sources/pair-journal-2026-09-30/test_journal.py", line 14, in api
    assert (HERE/'journal.py').is_file(), 'durable pair journal implementation missing'
           ~~~~~~~~~~~~~~~~~~~~~~~~~~~^^
AssertionError: durable pair journal implementation missing

======================================================================
FAIL: test_foreign_owner_or_identity_manifest_refused (__main__.Tests.test_foreign_owner_or_identity_manifest_refused)
----------------------------------------------------------------------
Traceback (most recent call last):
  File "/home/malecada/master_thesis/TradingAgents-audit-fixes/research/onchain-paper-replication-2026-09-24/full_sources/pair-journal-2026-09-30/test_journal.py", line 23, in setUp
    self.m = api()
             ~~~^^
  File "/home/malecada/master_thesis/TradingAgents-audit-fixes/research/onchain-paper-replication-2026-09-24/full_sources/pair-journal-2026-09-30/test_journal.py", line 14, in api
    assert (HERE/'journal.py').is_file(), 'durable pair journal implementation missing'
           ~~~~~~~~~~~~~~~~~~~~~~~~~~~^^
AssertionError: durable pair journal implementation missing

======================================================================
FAIL: test_only_current_pending_reference_can_publish (__main__.Tests.test_only_current_pending_reference_can_publish)
----------------------------------------------------------------------
Traceback (most recent call last):
  File "/home/malecada/master_thesis/TradingAgents-audit-fixes/research/onchain-paper-replication-2026-09-24/full_sources/pair-journal-2026-09-30/test_journal.py", line 23, in setUp
    self.m = api()
             ~~~^^
  File "/home/malecada/master_thesis/TradingAgents-audit-fixes/research/onchain-paper-replication-2026-09-24/full_sources/pair-journal-2026-09-30/test_journal.py", line 14, in api
    assert (HERE/'journal.py').is_file(), 'durable pair journal implementation missing'
           ~~~~~~~~~~~~~~~~~~~~~~~~~~~^^
AssertionError: durable pair journal implementation missing

======================================================================
FAIL: test_parent_tampering_tail_omission_and_symlink_refused (__main__.Tests.test_parent_tampering_tail_omission_and_symlink_refused)
----------------------------------------------------------------------
Traceback (most recent call last):
  File "/home/malecada/master_thesis/TradingAgents-audit-fixes/research/onchain-paper-replication-2026-09-24/full_sources/pair-journal-2026-09-30/test_journal.py", line 23, in setUp
    self.m = api()
             ~~~^^
  File "/home/malecada/master_thesis/TradingAgents-audit-fixes/research/onchain-paper-replication-2026-09-24/full_sources/pair-journal-2026-09-30/test_journal.py", line 14, in api
    assert (HERE/'journal.py').is_file(), 'durable pair journal implementation missing'
           ~~~~~~~~~~~~~~~~~~~~~~~~~~~^^
AssertionError: durable pair journal implementation missing

======================================================================
FAIL: test_progress_predecessor_chain_retains_latest_direction (__main__.Tests.test_progress_predecessor_chain_retains_latest_direction)
----------------------------------------------------------------------
Traceback (most recent call last):
  File "/home/malecada/master_thesis/TradingAgents-audit-fixes/research/onchain-paper-replication-2026-09-24/full_sources/pair-journal-2026-09-30/test_journal.py", line 23, in setUp
    self.m = api()
             ~~~^^
  File "/home/malecada/master_thesis/TradingAgents-audit-fixes/research/onchain-paper-replication-2026-09-24/full_sources/pair-journal-2026-09-30/test_journal.py", line 14, in api
    assert (HERE/'journal.py').is_file(), 'durable pair journal implementation missing'
           ~~~~~~~~~~~~~~~~~~~~~~~~~~~^^
AssertionError: durable pair journal implementation missing

======================================================================
FAIL: test_unpublished_reservation_blocks_recovery_even_without_artifact (__main__.Tests.test_unpublished_reservation_blocks_recovery_even_without_artifact)
----------------------------------------------------------------------
Traceback (most recent call last):
  File "/home/malecada/master_thesis/TradingAgents-audit-fixes/research/onchain-paper-replication-2026-09-24/full_sources/pair-journal-2026-09-30/test_journal.py", line 23, in setUp
    self.m = api()
             ~~~^^
  File "/home/malecada/master_thesis/TradingAgents-audit-fixes/research/onchain-paper-replication-2026-09-24/full_sources/pair-journal-2026-09-30/test_journal.py", line 14, in api
    assert (HERE/'journal.py').is_file(), 'durable pair journal implementation missing'
           ~~~~~~~~~~~~~~~~~~~~~~~~~~~^^
AssertionError: durable pair journal implementation missing

----------------------------------------------------------------------
Ran 9 tests in 0.002s

FAILED (failures=9)
