{
  "schema_version": 1,
  "decision": "ACCEPTED_ORIGINAL_FAILED_SCOPE_TRANSPORT_FLAT_SOURCE_ONLY",
  "checks": 66,
  "flat_source_sha256": "1b36e40c96045f35ea4a4e6926b9da6a594ab82c0346aa0ddb6c2bbb5aa5c02c",
  "transport_source_sha256": "188a60d2dace234a2090024109ca6cf7beb2b3355b1e759631eac8b4160dfb31",
  "transport_exact_three_string_inverse": [
    [
      "fresh-financial03.git",
      "fresh-financial04.git"
    ],
    [
      "fresh-actual-remote-financial-source290-final-parent-review-recovered",
      "fresh-actual-remote-financial-source290-failed-parent-outer-recovered"
    ],
    [
      "Complete closed current financial source290, final external Parent23 and independent final contract-review10 archives, exact manifests/request/capture/actual terminal and selected independent review bodies were actually fetched from external Git. Committed finite registration and source-release contents are preserved as bytes; no Run or native eligibility authority follows. Original permissions remain manifest metadata; fresh complete three-target flat recovery and independent acceptance remain separate. Shared installed runtime bodies, empirical stores, live Torch equality and numerical execution are outside this byte scope.",
      "Complete original financial source290, permanently reserved failed external Parent30 and original Rootouter8 byte archives, exact manifests/request/capture/actual terminals and selected independent review bodies were actually fetched from external Git. Original unexpected pre-dispatch exit1, NULL Parent self-exit, zero numerical claims and absence of native dispatch/checkpoints remain preserved. This is recovery of the original failed outer attempt; no budget refund, identity reuse, corrected source release or numerical authority follows. Fresh complete three-target flat recovery and independent acceptance remain separate; shared runtime bodies and empirical stores are excluded."
    ]
  ],
  "actual_capture_pins": {
    "CAPTURE01.json": "645387e5bede68f778ad4a94c5e3b30c4e9f64bd10aa4cfb1108508939a8b899",
    "REQUEST01.json": "fb1f603733d24a5ca7e0eff41242651620b7561de17afc07668e1db102dbeca9",
    "SOURCE_MANIFEST01.json": "ebe3ade50a6bd106105001a615144a2e4ef1d649755989bc63937063ed9c258c",
    "PARENT_MANIFEST01.json": "956da6e25ecd2cd61ce3eb28a15da1addd5e3db2079d5de094548f8269871eaa",
    "OUTER_MANIFEST01.json": "3dae5c56e601d16a0a0b8d753abf70f426b810c27d8a614df2332217849d988c",
    "complete-source01.tar.gz": "4a483c2d9d1ed1c5f652e73bb818ca8bd11dbe79fa7acaae34b11248655a4e76",
    "complete-parent01.tar.gz": "832bc3dcfd215223dda75540fe19b4fddc1d05d862f1a3d7ff174da0151306fb",
    "complete-outer01.tar.gz": "ad4b4ce1f41c99d470653a8049add40d57e7959915b83b9cb592e82f4d07c784"
  },
  "primitive_pins": {
    "recovery04.py": "b40e5f06a0fd57b689e44ae82afd73ca8fe6721c43400beefe992ec12b17c18a",
    "owned_io.py": "09d1fbcc03f2c9303db95f34ca6c07ddb47bfdb49b35452f4cb6829a5d667aeb",
    "bounded_git01.py": "db4a65a450bf9930abac04ab794539ebd952b07826d7314b4aea4e989dd9240f"
  },
  "targets": {
    "source": 878,
    "parent": 30,
    "outer": 8
  },
  "expected_actual_private_files": 670,
  "tiny_three_target_pipeline": true,
  "tiny_original_receipt_copies_authentic": true,
  "footer_refusal": "noncanonical/trailing archive framing",
  "partial_and_original_fatal_retained": true,
  "actual_failedscope_recovery": false,
  "actual_external_origin_verified": false,
  "independent_failedscope_acceptance": false,
  "original_identity_permanently_reserved": true,
  "further_numerical_release_halted": true,
  "native_authority": false
}
