test_bad_edge_pin_stops_and_retains_full_denominator (__main__.CallerTests.test_bad_edge_pin_stops_and_retains_full_denominator) ... FAIL
test_changed_edge_after_computation_is_not_published (__main__.CallerTests.test_changed_edge_after_computation_is_not_published) ... FAIL
test_complete_seven_and_exact_unique_weak_counts (__main__.CallerTests.test_complete_seven_and_exact_unique_weak_counts) ... FAIL
test_count_manifest_mismatch_refused (__main__.CallerTests.test_count_manifest_mismatch_refused) ... FAIL
test_only_seven_distinct_graphs_and_one_use_outputs (__main__.CallerTests.test_only_seven_distinct_graphs_and_one_use_outputs) ... FAIL

======================================================================
FAIL: test_bad_edge_pin_stops_and_retains_full_denominator (__main__.CallerTests.test_bad_edge_pin_stops_and_retains_full_denominator)
----------------------------------------------------------------------
Traceback (most recent call last):
  File "/home/malecada/master_thesis/TradingAgents-audit-fixes/research/onchain-paper-replication-2026-09-24/full_sources/real-data-pilot-seven-graph-census-caller01-2026-10-08/check01.py", line 11, in setUp
    self.assertTrue((H/'caller01.py').exists(),'seven-graph topology caller is not implemented')
    ~~~~~~~~~~~~~~~^^^^^^^^^^^^^^^^^^^^^^^^^^^^^^^^^^^^^^^^^^^^^^^^^^^^^^^^^^^^^^^^^^^^^^^^^^^^^
AssertionError: False is not true : seven-graph topology caller is not implemented

======================================================================
FAIL: test_changed_edge_after_computation_is_not_published (__main__.CallerTests.test_changed_edge_after_computation_is_not_published)
----------------------------------------------------------------------
Traceback (most recent call last):
  File "/home/malecada/master_thesis/TradingAgents-audit-fixes/research/onchain-paper-replication-2026-09-24/full_sources/real-data-pilot-seven-graph-census-caller01-2026-10-08/check01.py", line 11, in setUp
    self.assertTrue((H/'caller01.py').exists(),'seven-graph topology caller is not implemented')
    ~~~~~~~~~~~~~~~^^^^^^^^^^^^^^^^^^^^^^^^^^^^^^^^^^^^^^^^^^^^^^^^^^^^^^^^^^^^^^^^^^^^^^^^^^^^^
AssertionError: False is not true : seven-graph topology caller is not implemented

======================================================================
FAIL: test_complete_seven_and_exact_unique_weak_counts (__main__.CallerTests.test_complete_seven_and_exact_unique_weak_counts)
----------------------------------------------------------------------
Traceback (most recent call last):
  File "/home/malecada/master_thesis/TradingAgents-audit-fixes/research/onchain-paper-replication-2026-09-24/full_sources/real-data-pilot-seven-graph-census-caller01-2026-10-08/check01.py", line 11, in setUp
    self.assertTrue((H/'caller01.py').exists(),'seven-graph topology caller is not implemented')
    ~~~~~~~~~~~~~~~^^^^^^^^^^^^^^^^^^^^^^^^^^^^^^^^^^^^^^^^^^^^^^^^^^^^^^^^^^^^^^^^^^^^^^^^^^^^^
AssertionError: False is not true : seven-graph topology caller is not implemented

======================================================================
FAIL: test_count_manifest_mismatch_refused (__main__.CallerTests.test_count_manifest_mismatch_refused)
----------------------------------------------------------------------
Traceback (most recent call last):
  File "/home/malecada/master_thesis/TradingAgents-audit-fixes/research/onchain-paper-replication-2026-09-24/full_sources/real-data-pilot-seven-graph-census-caller01-2026-10-08/check01.py", line 11, in setUp
    self.assertTrue((H/'caller01.py').exists(),'seven-graph topology caller is not implemented')
    ~~~~~~~~~~~~~~~^^^^^^^^^^^^^^^^^^^^^^^^^^^^^^^^^^^^^^^^^^^^^^^^^^^^^^^^^^^^^^^^^^^^^^^^^^^^^
AssertionError: False is not true : seven-graph topology caller is not implemented

======================================================================
FAIL: test_only_seven_distinct_graphs_and_one_use_outputs (__main__.CallerTests.test_only_seven_distinct_graphs_and_one_use_outputs)
----------------------------------------------------------------------
Traceback (most recent call last):
  File "/home/malecada/master_thesis/TradingAgents-audit-fixes/research/onchain-paper-replication-2026-09-24/full_sources/real-data-pilot-seven-graph-census-caller01-2026-10-08/check01.py", line 11, in setUp
    self.assertTrue((H/'caller01.py').exists(),'seven-graph topology caller is not implemented')
    ~~~~~~~~~~~~~~~^^^^^^^^^^^^^^^^^^^^^^^^^^^^^^^^^^^^^^^^^^^^^^^^^^^^^^^^^^^^^^^^^^^^^^^^^^^^^
AssertionError: False is not true : seven-graph topology caller is not implemented

----------------------------------------------------------------------
Ran 5 tests in 0.002s

FAILED (failures=5)
