test_bad_edge_pin_stops_and_retains_full_denominator (__main__.CallerTests.test_bad_edge_pin_stops_and_retains_full_denominator) ... ERROR
test_changed_declaration_keeps_terminal_summary (__main__.CallerTests.test_changed_declaration_keeps_terminal_summary) ... ERROR
test_changed_edge_after_computation_is_not_published (__main__.CallerTests.test_changed_edge_after_computation_is_not_published) ... ok
test_complete_seven_and_exact_unique_weak_counts (__main__.CallerTests.test_complete_seven_and_exact_unique_weak_counts) ... ok
test_count_manifest_mismatch_refused (__main__.CallerTests.test_count_manifest_mismatch_refused) ... ok
test_only_seven_distinct_graphs_and_one_use_outputs (__main__.CallerTests.test_only_seven_distinct_graphs_and_one_use_outputs) ... ok

======================================================================
ERROR: test_bad_edge_pin_stops_and_retains_full_denominator (__main__.CallerTests.test_bad_edge_pin_stops_and_retains_full_denominator)
----------------------------------------------------------------------
Traceback (most recent call last):
  File "/home/malecada/master_thesis/TradingAgents-audit-fixes/research/onchain-paper-replication-2026-09-24/full_sources/real-data-pilot-seven-graph-census-caller01-2026-10-08/check01.py", line 38, in test_bad_edge_pin_stops_and_retains_full_denominator
    self.assertFalse(result['graphs'][2]['failure_rechecks']['edge_index']['matches_declared'])
                     ~~~~~~~~~~~~~~~~~~~^^^^^^^^^^^^^^^^^^^^
KeyError: 'failure_rechecks'

======================================================================
ERROR: test_changed_declaration_keeps_terminal_summary (__main__.CallerTests.test_changed_declaration_keeps_terminal_summary)
----------------------------------------------------------------------
Traceback (most recent call last):
  File "/home/malecada/master_thesis/TradingAgents-audit-fixes/research/onchain-paper-replication-2026-09-24/full_sources/real-data-pilot-seven-graph-census-caller01-2026-10-08/check01.py", line 64, in test_changed_declaration_keeps_terminal_summary
    result=self.run_call();self.assertEqual(result['status'],'failed');self.assertEqual(len(result['graphs']),7)
  File "/home/malecada/master_thesis/TradingAgents-audit-fixes/research/onchain-paper-replication-2026-09-24/full_sources/real-data-pilot-seven-graph-census-caller01-2026-10-08/check01.py", line 27, in run_call
    return self.c.run(R,p,digest(p),self.root/name)
           ~~~~~~~~~~^^^^^^^^^^^^^^^^^^^^^^^^^^^^^^
  File "/home/malecada/master_thesis/TradingAgents-audit-fixes/research/onchain-paper-replication-2026-09-24/full_sources/real-data-pilot-seven-graph-census-caller01-2026-10-08/caller01.py", line 152, in run
    result['input_list_after']=snapshot(path(root,settings['inputs']['path']),settings['inputs'])
                               ~~~~~~~~^^^^^^^^^^^^^^^^^^^^^^^^^^^^^^^^^^^^^^^^^^^^^^^^^^^^^^^^^^
  File "/home/malecada/master_thesis/TradingAgents-audit-fixes/research/onchain-paper-replication-2026-09-24/full_sources/real-data-pilot-seven-graph-census-caller01-2026-10-08/caller01.py", line 45, in snapshot
    require(after.st_size==expected['bytes'],'input byte length differs')
    ~~~~~~~^^^^^^^^^^^^^^^^^^^^^^^^^^^^^^^^^^^^^^^^^^^^^^^^^^^^^^^^^^^^^^
  File "/home/malecada/master_thesis/TradingAgents-audit-fixes/research/onchain-paper-replication-2026-09-24/full_sources/real-data-pilot-seven-graph-census-caller01-2026-10-08/caller01.py", line 24, in require
    if not ok:raise ValueError(why)
              ^^^^^^^^^^^^^^^^^^^^^
ValueError: input byte length differs

----------------------------------------------------------------------
Ran 6 tests in 0.202s

FAILED (errors=2)
