{
  "decision": "ACCEPTED_HISTORICAL_EXPECTED_INPUT_REUSE_SOURCE_CONTRACT_ONLY",
  "checks": 1668,
  "expectation_sha256": "1ff7418a2b7c77300aea731cea5bba78277d323241ac0ec59f41f43207c66d87",
  "actual_historical_claim_sha256": "d998a80d0178a4e46bf97ac863611ad3b1794d2b2e74e3048c4704f397f8b4ba",
  "historical_failed": true,
  "current_source": "44bf99d199acae5a043cf5b472a53e2fcf4caf1b",
  "current_basic_observations": {
    "python": "3.13.13",
    "cpu_count": 12,
    "lock_sha256": "f7a1829c0ae554fb00923eb07c3c5e5370c1eadb52698ea657446c64d6c83b9a",
    "packages": {
      "numpy": "2.3.0",
      "scipy": "1.17.1",
      "pyarrow": "23.0.1",
      "torch": "2.10.0",
      "scikit-learn": "1.7.2"
    }
  },
  "current_torch_cuda_driver_observed": false,
  "current_full_environment_equality": false,
  "worker_order_lines": {
    "guard": 340,
    "claim": 354,
    "comparison": 356,
    "financial_dispatch": 368
  },
  "runtime_record_pins": 251,
  "runtime_record_bytes": 5033917,
  "outside_guard_torch_probe_required_by_source": false,
  "comparison_occurs_after_claim": true,
  "mismatch_spends_identity": true,
  "financial_slots_unreserved": 18,
  "input_adopted_or_registration_approved": false
}
