{
  "schema_version": 1,
  "decision": "ACCEPTED_NARROW_REMOTE_FATAL_CORRECTION_SOURCE_ONLY",
  "checks": 188,
  "source_sha256": "0b397ccd0a014f60a414ce79d67dfd53c58a0fb61ca616a6576cc43da4bbf0aa",
  "original_source_sha256": "54b5b7028a1fb22fcffa9f24bf77314d042aa106a5f78a97f3021b13286a210f",
  "candidate_manifest_sha256": "c2cd422d4aeb9e1f4185cfdf482767be4c56405553773326fb4c9247abc9f2db",
  "full_byte_inverse": true,
  "unchanged_git_main_selection_AST": true,
  "actual_collision_witness": [
    {
      "source": "original",
      "primary": "MemoryError",
      "observed": "FileExistsError",
      "same_original": false
    },
    {
      "source": "corrected",
      "primary": "MemoryError",
      "observed": "MemoryError",
      "same_original": true
    },
    {
      "source": "original",
      "primary": "KeyboardInterrupt",
      "observed": "FileExistsError",
      "same_original": false
    },
    {
      "source": "corrected",
      "primary": "KeyboardInterrupt",
      "observed": "KeyboardInterrupt",
      "same_original": true
    },
    {
      "source": "original",
      "primary": "SystemExit",
      "observed": "FileExistsError",
      "same_original": false
    },
    {
      "source": "corrected",
      "primary": "SystemExit",
      "observed": "SystemExit",
      "same_original": true
    }
  ],
  "refusals": [
    {
      "case": "missing_required",
      "message": "current capture selection absent/changed"
    },
    {
      "case": "duplicate",
      "message": "selected safe unique path"
    },
    {
      "case": "boolean_extent",
      "message": "exact selected body pin"
    },
    {
      "case": "unsafe_path",
      "message": "selected safe unique path"
    },
    {
      "case": "uppercase_hash",
      "message": "exact selected body pin"
    },
    {
      "case": "extra_schema",
      "message": "exact selection schema"
    }
  ],
  "network_or_actual_recovery": false,
  "native_or_numerical_authority": false,
  "qualification": "Real exceptions and tiny actual owned FDs only. Allocation/OOM equivalence and runtime/capacity are not proved; unchanged Git kill/reap semantics reviewed as source, not a new actual process receipt."
}
