FFFFFF.F                                                                 [100%]
=================================== FAILURES ===================================
_____ test_narrow_prospective_hour_alignment_keeps_raw_daily_membership[0] _____

tmp_path = PosixPath('/tmp/pytest-of-malecada/pytest-168/test_narrow_prospective_hour_a0')
offset = 0

    @pytest.mark.parametrize('offset', [0, 9, 1000])
    def test_narrow_prospective_hour_alignment_keeps_raw_daily_membership(tmp_path, offset):
        path = tmp_path / 'capture'; shifted_snapshot(path, offset)
        before = (path/'events/AAA.parquet').read_bytes()
        daily, coverage = read_day(path)
        assert daily.iloc[0, 0] == pytest.approx(.003)  # following boundary excluded from the daily sum
>       alignment = coverage['symbols']['AAA']['alignment']
                    ^^^^^^^^^^^^^^^^^^^^^^^^^^^^^^^^^^^^^^^
E       KeyError: 'alignment'

tests/predlab/test_funding_snapshot.py:218: KeyError
_____ test_narrow_prospective_hour_alignment_keeps_raw_daily_membership[9] _____

tmp_path = PosixPath('/tmp/pytest-of-malecada/pytest-168/test_narrow_prospective_hour_a1')
offset = 9

    @pytest.mark.parametrize('offset', [0, 9, 1000])
    def test_narrow_prospective_hour_alignment_keeps_raw_daily_membership(tmp_path, offset):
        path = tmp_path / 'capture'; shifted_snapshot(path, offset)
        before = (path/'events/AAA.parquet').read_bytes()
        daily, coverage = read_day(path)
>       assert daily.iloc[0, 0] == pytest.approx(.003)  # following boundary excluded from the daily sum
        ^^^^^^^^^^^^^^^^^^^^^^^^^^^^^^^^^^^^^^^^^^^^^^
E       assert np.float64(nan) == 0.003 ± 3.0e-09
E         
E         comparison failed
E         Obtained: nan
E         Expected: 0.003 ± 3.0e-09

tests/predlab/test_funding_snapshot.py:217: AssertionError
___ test_narrow_prospective_hour_alignment_keeps_raw_daily_membership[1000] ____

tmp_path = PosixPath('/tmp/pytest-of-malecada/pytest-168/test_narrow_prospective_hour_a2')
offset = 1000

    @pytest.mark.parametrize('offset', [0, 9, 1000])
    def test_narrow_prospective_hour_alignment_keeps_raw_daily_membership(tmp_path, offset):
        path = tmp_path / 'capture'; shifted_snapshot(path, offset)
        before = (path/'events/AAA.parquet').read_bytes()
        daily, coverage = read_day(path)
>       assert daily.iloc[0, 0] == pytest.approx(.003)  # following boundary excluded from the daily sum
        ^^^^^^^^^^^^^^^^^^^^^^^^^^^^^^^^^^^^^^^^^^^^^^
E       assert np.float64(nan) == 0.003 ± 3.0e-09
E         
E         comparison failed
E         Obtained: nan
E         Expected: 0.003 ± 3.0e-09

tests/predlab/test_funding_snapshot.py:217: AssertionError
____ test_off_grid_or_pre_hour_events_are_never_rounded_into_coverage[1001] ____

tmp_path = PosixPath('/tmp/pytest-of-malecada/pytest-168/test_off_grid_or_pre_hour_even0')
offset = 1001

    @pytest.mark.parametrize('offset', [1001, -1])
    def test_off_grid_or_pre_hour_events_are_never_rounded_into_coverage(tmp_path, offset):
        path = tmp_path / 'capture'
        offsets = [0] * 25; offsets[15] = offset
        shifted_snapshot(path, offsets)
        daily, coverage = read_day(path)
        assert daily['AAA'].isna().all()
>       assert coverage['symbols']['AAA']['alignment']['off_grid_events'] == 1
               ^^^^^^^^^^^^^^^^^^^^^^^^^^^^^^^^^^^^^^^
E       KeyError: 'alignment'

tests/predlab/test_funding_snapshot.py:231: KeyError
_____ test_off_grid_or_pre_hour_events_are_never_rounded_into_coverage[-1] _____

tmp_path = PosixPath('/tmp/pytest-of-malecada/pytest-168/test_off_grid_or_pre_hour_even1')
offset = -1

    @pytest.mark.parametrize('offset', [1001, -1])
    def test_off_grid_or_pre_hour_events_are_never_rounded_into_coverage(tmp_path, offset):
        path = tmp_path / 'capture'
        offsets = [0] * 25; offsets[15] = offset
        shifted_snapshot(path, offsets)
        daily, coverage = read_day(path)
        assert daily['AAA'].isna().all()
>       assert coverage['symbols']['AAA']['alignment']['off_grid_events'] == 1
               ^^^^^^^^^^^^^^^^^^^^^^^^^^^^^^^^^^^^^^^
E       KeyError: 'alignment'

tests/predlab/test_funding_snapshot.py:231: KeyError
___ test_two_distinct_raw_times_in_one_hour_are_ambiguous_even_at_same_rate ____

tmp_path = PosixPath('/tmp/pytest-of-malecada/pytest-168/test_two_distinct_raw_times_in0')

    def test_two_distinct_raw_times_in_one_hour_are_ambiguous_even_at_same_rate(tmp_path):
        path = tmp_path / 'capture'; manifest = shifted_snapshot(path, 3)
        entry = manifest['instruments']['AAA']; file = path/entry['file']; frame = pd.read_parquet(file)
        extra = frame.iloc[[15]].copy(); extra.index = extra.index - pd.Timedelta(milliseconds=1)
        frame = pd.concat([frame, extra]).sort_index(); frame.to_parquet(file)
        entry.update(sha256=hashlib.sha256(file.read_bytes()).hexdigest(), row_count=len(frame))
        receipt = manifest['requests'][-1]; body_path=path/receipt['body_file']
        body_path.write_text(json.dumps([dict(symbol='AAA', fundingTime=ms(t), fundingRate='.001', markPrice='100') for t in frame.index]))
        receipt['body_sha256']=hashlib.sha256(body_path.read_bytes()).hexdigest(); rewrite_manifest(path,manifest)
        daily, coverage=read_day(path)
        assert daily['AAA'].isna().all()
>       assert coverage['symbols']['AAA']['alignment']['duplicate_grid_hours']==1
               ^^^^^^^^^^^^^^^^^^^^^^^^^^^^^^^^^^^^^^^
E       KeyError: 'alignment'

tests/predlab/test_funding_snapshot.py:245: KeyError
______ test_quote_required_for_prior_held_symbol_removed_from_new_targets ______

tmp_path = PosixPath('/tmp/pytest-of-malecada/pytest-168/test_quote_required_for_prior_0')

    def test_quote_required_for_prior_held_symbol_removed_from_new_targets(tmp_path):
        panels, marks, journals, path = prepare_inputs(tmp_path)
        prior = json.loads(journals[1].read_text())
        removed = next(iter(prior['weights']))
        panels['park'].loc['2026-09-02', removed] = float('nan')
        marks.pop(removed)
        before = [j.read_bytes() for j in journals]
>       assert run_pair(panels, marks, journals, path)[0].startswith('WAIT:')
E       AssertionError: assert False
E        +  where False = <built-in method startswith of str object at 0x7332210321e0>('WAIT:')
E        +    where <built-in method startswith of str object at 0x7332210321e0> = 'journal_v2.jsonl 2026-09-02: 78 legs, incomplete, vt10_scale None'.startswith

tests/predlab/test_funding_paper_admission.py:107: AssertionError
=========================== short test summary info ============================
FAILED tests/predlab/test_funding_snapshot.py::test_narrow_prospective_hour_alignment_keeps_raw_daily_membership[0]
FAILED tests/predlab/test_funding_snapshot.py::test_narrow_prospective_hour_alignment_keeps_raw_daily_membership[9]
FAILED tests/predlab/test_funding_snapshot.py::test_narrow_prospective_hour_alignment_keeps_raw_daily_membership[1000]
FAILED tests/predlab/test_funding_snapshot.py::test_off_grid_or_pre_hour_events_are_never_rounded_into_coverage[1001]
FAILED tests/predlab/test_funding_snapshot.py::test_off_grid_or_pre_hour_events_are_never_rounded_into_coverage[-1]
FAILED tests/predlab/test_funding_snapshot.py::test_two_distinct_raw_times_in_one_hour_are_ambiguous_even_at_same_rate
FAILED tests/predlab/test_funding_paper_admission.py::test_quote_required_for_prior_held_symbol_removed_from_new_targets
7 failed, 1 passed, 45 deselected in 2.82s
