{
  "schema_version": 1,
  "decision": "ACCEPTED_ACTUAL_FINAL_SOURCE_PARENT_REVIEW_EXTERNAL_RECOVERY_PENDING_FLAT",
  "checks": 4575,
  "receipt_sha256": "560e3a32c539854f90a5e66b92d042976fe39d3bdc0bbaea292bc0505c8cde86",
  "parent_terminal_sha256": "2946dd8e0166314543592bca1e2f8528bbef7a28fba966d3281ecd73af64997f",
  "intent_sha256": "a7e18aa744c937651efac8e1edd477210ca09f3a0329112bc35f7cac0cc53d3a",
  "selection_sha256": "932033a5e2ebd0e09b3cfd72b10cc12643b8f8366f18d12bba07736253876e4d",
  "recovered_commit": "81022cc2f30c4aa2bf58a076eb6cff8d03c30b69",
  "selected_count": 248,
  "logical_bytes": 7767259,
  "operations": 507,
  "actual_recorded_elapsed_seconds": 8.588664303999394,
  "archives": {
    "parent": {
      "bytes": 187075,
      "manifest_sha256": "950037968a4276b55023af89a4f6a999c3dac5efafd8b8b6898b9244688671cb",
      "sha256": "839c8ae42993f85604879de67f31ac6c22958ced457e74d1e26a7355b0e41aab"
    },
    "review": {
      "bytes": 27103,
      "manifest_sha256": "22c51796c5327e7f68722c4069bb7451217f3e1d79b7ef72817f7a74f34dc1cf",
      "sha256": "4d33b80083de2514dff756e81bb7ece83f3633864526ed267771660425b97ea3"
    },
    "source": {
      "bytes": 2703524,
      "manifest_sha256": "ebe3ade50a6bd106105001a615144a2e4ef1d649755989bc63937063ed9c258c",
      "sha256": "4a483c2d9d1ed1c5f652e73bb818ca8bd11dbe79fa7acaae34b11248655a4e76"
    }
  },
  "captured_financial_source": "d4e56ba9ed968e9c24b2813656c2ca65a3dbd7a0",
  "tracked": 290,
  "source_pins": 289,
  "source_members": 878,
  "parent_members": 23,
  "review_members": 10,
  "disk_free_bytes": 18528505856,
  "actual_flat_recovery": false,
  "final_release_or_original_posix_recovery": false,
  "runtime_registration_native_authority": false,
  "qualification": "Root original operations/parentterminal digest records authenticated offline against real freshGit and saved/original bodies. Initial/final remoteHEAD text hash joined; no network rerun or separately retained per-operation rawstdout asserted."
}
