{
  "schema_version": 1,
  "decision": "COMPLETE_FINAL_BYTE_UNION_ACCEPTED",
  "checks": 16730,
  "source": "d4e56ba9ed968e9c24b2813656c2ca65a3dbd7a0",
  "flat_receipt_sha256": "d41141a520ad425bbaab78e0c75cb4ffd625da56b5426ad5fdfd98e5ce912baf",
  "remote_receipt_sha256": "560e3a32c539854f90a5e66b92d042976fe39d3bdc0bbaea292bc0505c8cde86",
  "selection_sha256": "932033a5e2ebd0e09b3cfd72b10cc12643b8f8366f18d12bba07736253876e4d",
  "actual_terminal_sha256": "2b2e11d92ccef54b375df274363a590c22f9fefedc0135ac8e18e95bf5939b77",
  "prior_remote_review_manifest_sha256": "df484c3f95163495c9cbd015c2676e520d835d2805f1c49df3985c2f0df75dcd",
  "capture_sha256": "8ac4415b12753cf985688359efe7210122321ce21130c4bc472df65f04da4823",
  "final_request_sha256": "dc80a4dff93fbf3261bdf151076c1420630ed38926ab7094d60eb1902bde25bc",
  "final_contract_sha256": "6884fa8027cf49b519f5c635828244d4685ce0f989691593e816792e2586704a",
  "final_review_machine_sha256": "7d18390bc44df519fcf43e88c1fb20e016994378fbc34b7d96d6e73690f8cd60",
  "targets": {
    "source": {
      "members": 878,
      "regular_bodies": 631,
      "actual_flat_files": 632,
      "archive": {
        "bytes": 2703524,
        "manifest_sha256": "ebe3ade50a6bd106105001a615144a2e4ef1d649755989bc63937063ed9c258c",
        "sha256": "4a483c2d9d1ed1c5f652e73bb818ca8bd11dbe79fa7acaae34b11248655a4e76"
      },
      "metadata_sha256": "a730ad3a9593f0ce4e418bfe5cef92d3f84a7fbced3cd85e9a6f20efb64f448c",
      "framing": {
        "inflated_bytes": 6993920,
        "headers": 929,
        "pax_headers": 50
      }
    },
    "parent": {
      "members": 23,
      "regular_bodies": 22,
      "actual_flat_files": 23,
      "archive": {
        "bytes": 187075,
        "manifest_sha256": "950037968a4276b55023af89a4f6a999c3dac5efafd8b8b6898b9244688671cb",
        "sha256": "839c8ae42993f85604879de67f31ac6c22958ced457e74d1e26a7355b0e41aab"
      },
      "metadata_sha256": "6afaf5c1bc6bcde7e3831ca66178e3dcd269d4033aeb295bd7a0af1fcdbb6065",
      "framing": {
        "inflated_bytes": 829440,
        "headers": 24,
        "pax_headers": 0
      }
    },
    "review": {
      "members": 10,
      "regular_bodies": 10,
      "actual_flat_files": 11,
      "archive": {
        "bytes": 27103,
        "manifest_sha256": "22c51796c5327e7f68722c4069bb7451217f3e1d79b7ef72817f7a74f34dc1cf",
        "sha256": "4d33b80083de2514dff756e81bb7ece83f3633864526ed267771660425b97ea3"
      },
      "metadata_sha256": "be7114bbad2a305407e9c73a5e3c09a92919e2edc6ba16047d9541515daa1161",
      "framing": {
        "inflated_bytes": 143360,
        "headers": 11,
        "pax_headers": 0
      }
    }
  },
  "actual_flat_files": 666,
  "tracked": 290,
  "source_pins": 289,
  "implementation": 194,
  "package": 149,
  "input_binding_joins": 80,
  "runtime_records_metadata_only": 251,
  "actual_elapsed_seconds": 10.03813618698041,
  "original_intent_pid": 157446,
  "original_intent_pid_absent": true,
  "claim_count_observed": 0,
  "final_release_bytes_recovered": true,
  "current_Torch_API_equality": null,
  "fresh_native_preflight_performed": false,
  "original_posix_or_git_database_instantiated": false,
  "runtime_store_native_authority": false
}
