.......E...
======================================================================
ERROR: test_mutation_revoke_no_refund (__main__.Tests.test_mutation_revoke_no_refund)
----------------------------------------------------------------------
Traceback (most recent call last):
  File "/home/malecada/master_thesis/TradingAgents-audit-fixes/research/onchain-paper-replication-2026-09-24/full_sources/batch-output-transport-context-preparation01-2026-10-03/non_tail_context.py", line 138, in open_context
    c=Context(content,limits);yield c;c.check()
                              ^^^^^^^
  File "/home/malecada/master_thesis/TradingAgents-audit-fixes/research/onchain-paper-replication-2026-09-24/full_sources/batch-output-transport-context-preparation01-2026-10-03/test_context01.py", line 38, in test_mutation_revoke_no_refund
    try:c.read_original(name,128,128)
        ~~~~~~~~~~~~~~~^^^^^^^^^^^^^^
  File "/home/malecada/master_thesis/TradingAgents-audit-fixes/research/onchain-paper-replication-2026-09-24/full_sources/batch-output-transport-context-preparation01-2026-10-03/non_tail_context.py", line 109, in read_original
    self.check();reader.member_name(name);index,position=self._position
    ~~~~~~~~~~^^
  File "/home/malecada/master_thesis/TradingAgents-audit-fixes/research/onchain-paper-replication-2026-09-24/full_sources/batch-output-transport-context-preparation01-2026-10-03/non_tail_context.py", line 98, in check
    require(not self.revoked,'local content context revoked');self._budget.check();self._reader.check()
                                                                                   ~~~~~~~~~~~~~~~~~~^^
  File "/home/malecada/master_thesis/TradingAgents-audit-fixes/research/onchain-paper-replication-2026-09-24/full_sources/batch-output-exact-member-reader-candidate02-2026-10-03/exact_members02.py", line 124, in check
    record,_=self._read(name,prior[2],expected=prior[1],extent=prior[2],npy=prior[3]);require(record==prior,'original member identity changed')
             ~~~~~~~~~~^^^^^^^^^^^^^^^^^^^^^^^^^^^^^^^^^^^^^^^^^^^^^^^^^^^^^^^^^^^^^^
  File "/home/malecada/master_thesis/TradingAgents-audit-fixes/research/onchain-paper-replication-2026-09-24/full_sources/batch-output-exact-member-reader-candidate02-2026-10-03/exact_members02.py", line 81, in _read
    actual=digest.hexdigest();require(expected is None or actual==expected,'original member SHA differs')
                              ~~~~~~~^^^^^^^^^^^^^^^^^^^^^^^^^^^^^^^^^^^^^^^^^^^^^^^^^^^^^^^^^^^^^^^^^^^^
  File "/home/malecada/master_thesis/TradingAgents-audit-fixes/research/onchain-paper-replication-2026-09-24/full_sources/batch-output-exact-member-reader-candidate02-2026-10-03/exact_members02.py", line 16, in require
    if not v:raise ValueError(m)
             ^^^^^^^^^^^^^^^^^^^
ValueError: original member SHA differs

During handling of the above exception, another exception occurred:

Traceback (most recent call last):
  File "/home/malecada/master_thesis/TradingAgents-audit-fixes/research/onchain-paper-replication-2026-09-24/full_sources/batch-output-transport-context-preparation01-2026-10-03/test_context01.py", line 36, in test_mutation_revoke_no_refund
    with m.open_context(root,kind='score-batches',document_sha256=ref,limits=limits()) as c:
         ~~~~~~~~~~~~~~^^^^^^^^^^^^^^^^^^^^^^^^^^^^^^^^^^^^^^^^^^^^^^^^^^^^^^^^^^^^^^^
  File "/home/malecada/.local/share/uv/python/cpython-3.13.13-linux-x86_64-gnu/lib/python3.13/contextlib.py", line 162, in __exit__
    self.gen.throw(value)
    ~~~~~~~~~~~~~~^^^^^^^
  File "/home/malecada/master_thesis/TradingAgents-audit-fixes/research/onchain-paper-replication-2026-09-24/full_sources/batch-output-transport-context-preparation01-2026-10-03/non_tail_context.py", line 142, in open_context
    finish(actions,primary)
    ~~~~~~^^^^^^^^^^^^^^^^^
  File "/home/malecada/master_thesis/TradingAgents-audit-fixes/research/onchain-paper-replication-2026-09-24/full_sources/batch-output-transport-context-preparation01-2026-10-03/non_tail_context.py", line 39, in finish
    if selected is not None:raise selected
                            ^^^^^^^^^^^^^^
non_tail_context.CleanupFailure: local cleanup uncertain

----------------------------------------------------------------------
Ran 11 tests in 0.073s

FAILED (errors=1)
