F                                                                        [100%]
=================================== FAILURES ===================================
___________ test_executable_inputs_survive_result_parquet_roundtrip ____________

tmp_path = PosixPath('/tmp/pytest-of-malecada/pytest-43/test_executable_inputs_survive0')

    def test_executable_inputs_survive_result_parquet_roundtrip(tmp_path):
        from tradingagents.accounting import run_target_book,scaled_overlay
        ix=pd.date_range('2024-01-01',periods=3,tz='UTC')
        base=run_target_book(pd.DataFrame({'A':.5},index=ix),
            pd.DataFrame({'A':[.1,0.,-.1]},index=ix),fee_rate=.01)
        path=tmp_path/'synthetic.parquet'
>       base.to_parquet(path)

tests/test_accounting_audit.py:337: 
_ _ _ _ _ _ _ _ _ _ _ _ _ _ _ _ _ _ _ _ _ _ _ _ _ _ _ _ _ _ _ _ _ _ _ _ _ _ _ _ 
../TradingAgents-predlab/.venv/lib/python3.13/site-packages/pandas/util/_decorators.py:333: in wrapper
    return func(*args, **kwargs)
           ^^^^^^^^^^^^^^^^^^^^^
../TradingAgents-predlab/.venv/lib/python3.13/site-packages/pandas/core/frame.py:3124: in to_parquet
    return to_parquet(
../TradingAgents-predlab/.venv/lib/python3.13/site-packages/pandas/io/parquet.py:482: in to_parquet
    impl.write(
../TradingAgents-predlab/.venv/lib/python3.13/site-packages/pandas/io/parquet.py:194: in write
    df_metadata = {"PANDAS_ATTRS": json.dumps(df.attrs)}
                                   ^^^^^^^^^^^^^^^^^^^^
../../.local/share/uv/python/cpython-3.13.13-linux-x86_64-gnu/lib/python3.13/json/__init__.py:235: in dumps
    return _default_encoder.encode(obj)
           ^^^^^^^^^^^^^^^^^^^^^^^^^^^^
../../.local/share/uv/python/cpython-3.13.13-linux-x86_64-gnu/lib/python3.13/json/encoder.py:202: in encode
    chunks = self.iterencode(o, _one_shot=True)
             ^^^^^^^^^^^^^^^^^^^^^^^^^^^^^^^^^^
../../.local/share/uv/python/cpython-3.13.13-linux-x86_64-gnu/lib/python3.13/json/encoder.py:263: in iterencode
    return _iterencode(o, 0)
           ^^^^^^^^^^^^^^^^^
_ _ _ _ _ _ _ _ _ _ _ _ _ _ _ _ _ _ _ _ _ _ _ _ _ _ _ _ _ _ _ _ _ _ _ _ _ _ _ _ 

self = <json.encoder.JSONEncoder object at 0x714866543e00>
o = BookInputs(weights=                             A
2024-01-01 00:00:00+00:00  0.5
2024-01-02 00:00:00+00:00  0.5
2024-0...-01-02 00:00:00+00:00  0.5
2024-01-03 00:00:00+00:00  0.5, fee_rate=0.01, capital_charge=0.0, daily_capital_charge=0.0)

    def default(self, o):
        """Implement this method in a subclass such that it returns
        a serializable object for ``o``, or calls the base implementation
        (to raise a ``TypeError``).
    
        For example, to support arbitrary iterators, you could
        implement default like this::
    
            def default(self, o):
                try:
                    iterable = iter(o)
                except TypeError:
                    pass
                else:
                    return list(iterable)
                # Let the base class default method raise the TypeError
                return super().default(o)
    
        """
>       raise TypeError(f'Object of type {o.__class__.__name__} '
                        f'is not JSON serializable')
E       TypeError: Object of type BookInputs is not JSON serializable

../../.local/share/uv/python/cpython-3.13.13-linux-x86_64-gnu/lib/python3.13/json/encoder.py:182: TypeError
=============================== warnings summary ===============================
tests/test_accounting_audit.py::test_executable_inputs_survive_result_parquet_roundtrip
  /home/malecada/master_thesis/TradingAgents-predlab/.venv/lib/python3.13/site-packages/pandas/io/parquet.py:482: UserWarning: Could not serialize pd.DataFrame.attrs: Object of type BookInputs is not JSON serializable, defaulting to empty attributes.
    impl.write(

-- Docs: https://docs.pytest.org/en/stable/how-to/capture-warnings.html
=========================== short test summary info ============================
FAILED tests/test_accounting_audit.py::test_executable_inputs_survive_result_parquet_roundtrip
1 failed, 42 deselected, 1 warning in 1.86s
