{
  "status": "completed",
  "strategies": {
    "S2": {
      "harq": {
        "original": {
          "sr_net": 0.20371971356354232,
          "maxdd": 0.42451648625402316,
          "tracking_err": 0.04249449537627945,
          "avg_pos": 0.3456806835876604
        },
        "corrected": {
          "sr_net": 0.4909495396613525,
          "maxdd": 0.35579439485585074,
          "tracking_err": 0.04245066910187004,
          "avg_pos": 0.3456806835876604
        },
        "n_days": 1551,
        "first": "2021-01-01 00:00:00+00:00",
        "last": "2025-03-31 00:00:00+00:00"
      },
      "har_levels": {
        "original": {
          "sr_net": 0.3422577608536525,
          "maxdd": 0.3598844508495884,
          "tracking_err": 0.054127668744281716,
          "avg_pos": 0.3008087949933947
        },
        "corrected": {
          "sr_net": 0.6400319975180243,
          "maxdd": 0.31000510961062167,
          "tracking_err": 0.05397202325946252,
          "avg_pos": 0.3008087949933947
        },
        "n_days": 1551,
        "first": "2021-01-01 00:00:00+00:00",
        "last": "2025-03-31 00:00:00+00:00"
      },
      "naive20": {
        "original": {
          "sr_net": 0.45047166927119536,
          "maxdd": 0.43833376683223,
          "tracking_err": 0.057615386307152704,
          "avg_pos": 0.36926072682685346
        },
        "corrected": {
          "sr_net": 0.7347629905350334,
          "maxdd": 0.39623331317213994,
          "tracking_err": 0.056984336857641094,
          "avg_pos": 0.36926072682685346
        },
        "n_days": 1551,
        "first": "2021-01-01 00:00:00+00:00",
        "last": "2025-03-31 00:00:00+00:00"
      }
    },
    "S3": {
      "s3_t0.5_h1": {
        "original": {
          "sr_net": -2.139065758399077,
          "maxdd": 0.9949827387816792,
          "time_in_mkt": 0.6243380554286175
        },
        "corrected": {
          "sr_net": -1.8877368461901423,
          "maxdd": 0.9914071719194805,
          "time_in_mkt": 0.6243380554286175
        },
        "n_hours": 37201,
        "sr_floor_pass": false,
        "eligible_to_graduate": false,
        "reason": "Original registration: exploratory forecast claim failed; cannot graduate past development this cycle."
      },
      "s3_t0.5_h24": {
        "original": {
          "sr_net": -0.08042308245430832,
          "maxdd": 0.8124451717929622,
          "time_in_mkt": 0.7720760194618425
        },
        "corrected": {
          "sr_net": 0.20555927598913704,
          "maxdd": 0.7275413453049113,
          "time_in_mkt": 0.7720760194618425
        },
        "n_hours": 37201,
        "sr_floor_pass": false,
        "eligible_to_graduate": false,
        "reason": "Original registration: exploratory forecast claim failed; cannot graduate past development this cycle."
      },
      "s3_t0.52_h1": {
        "original": {
          "sr_net": -2.692556753894445,
          "maxdd": 0.9952149183353214,
          "time_in_mkt": 0.399612913631354
        },
        "corrected": {
          "sr_net": -2.4833775810837984,
          "maxdd": 0.9929734895911967,
          "time_in_mkt": 0.399612913631354
        },
        "n_hours": 37201,
        "sr_floor_pass": false,
        "eligible_to_graduate": false,
        "reason": "Original registration: exploratory forecast claim failed; cannot graduate past development this cycle."
      },
      "s3_t0.52_h24": {
        "original": {
          "sr_net": -0.16025907798801417,
          "maxdd": 0.7537036690930433,
          "time_in_mkt": 0.28526114889384696
        },
        "corrected": {
          "sr_net": 0.03587844057342808,
          "maxdd": 0.6913927320911113,
          "time_in_mkt": 0.28526114889384696
        },
        "n_hours": 37201,
        "sr_floor_pass": false,
        "eligible_to_graduate": false,
        "reason": "Original registration: exploratory forecast claim failed; cannot graduate past development this cycle."
      }
    },
    "S2_criteria": {
      "original_rule": "HARQ TE reduction >=15% versus BOTH baselines, bootstrap p<.05, SR and MaxDD not worse",
      "comparisons": {
        "har_levels": {
          "n_paired_volatility_windows": 1532,
          "te_reduction_pct": 21.34690060108601,
          "p_harq_better": 0.0,
          "checks": {
            "te_reduction_ge15pct": true,
            "bootstrap_p_lt05": true,
            "sr_not_worse": false,
            "maxdd_not_worse": false
          },
          "all_pass": false
        },
        "naive20": {
          "n_paired_volatility_windows": 1532,
          "te_reduction_pct": 25.504671208299268,
          "p_harq_better": 0.0,
          "checks": {
            "te_reduction_ge15pct": true,
            "bootstrap_p_lt05": true,
            "sr_not_worse": false,
            "maxdd_not_worse": true
          },
          "all_pass": false
        }
      },
      "passes_specific_gate": false,
      "validation_status": "No strategy validation; development-only accounting correction."
    },
    "scope": "All 7 original cells. No S1 rerun, no parameter selection, no holdout. DSR across 13 legacy cells is not recomputed from invalidated S1 evidence; no candidate promotion."
  },
  "enet": [
    {
      "cell": "BTCUSDT|1h|T1_ret",
      "model": "enet",
      "baseline": "rw_zero",
      "status": "diagnostic_complete",
      "loss": "se",
      "n_saved": 37201,
      "n_scoreable": 37201,
      "n_reconstructed_unavailable": 10395,
      "n_fallback": 10395,
      "raw_valid_coverage": 0.7205720276336658,
      "n_original_finite_loss": 37201,
      "original_loss_mean": 4.540349619614e-05,
      "corrected_loss_mean": 4.540349619614e-05,
      "baseline_loss_mean": 4.523779692573201e-05,
      "n_saved_sentinel_without_reconstructed_failure": 0,
      "interpretation": "Diagnostic replacement with the declared baseline; valid boundary/zero forecasts are preserved. No refit, selection, significance verdict or strategy validation."
    },
    {
      "cell": "BTCUSDT|1h|T2_dir",
      "model": "enet",
      "baseline": "base_rate",
      "status": "diagnostic_complete",
      "loss": "brier",
      "n_saved": 37201,
      "n_scoreable": 37201,
      "n_reconstructed_unavailable": 10395,
      "n_fallback": 10395,
      "raw_valid_coverage": 0.7205720276336658,
      "n_original_finite_loss": 37201,
      "original_loss_mean": 0.31507761755310876,
      "corrected_loss_mean": 0.24958450203208346,
      "baseline_loss_mean": 0.24999126522396567,
      "n_saved_sentinel_without_reconstructed_failure": 1,
      "interpretation": "Diagnostic replacement with the declared baseline; valid boundary/zero forecasts are preserved. No refit, selection, significance verdict or strategy validation."
    },
    {
      "cell": "BTCUSDT|1h|T3_rv",
      "model": "enet",
      "baseline": "har_levels",
      "status": "diagnostic_complete",
      "loss": "qlike",
      "n_saved": 37201,
      "n_scoreable": 37200,
      "n_reconstructed_unavailable": 10395,
      "n_fallback": 11328,
      "raw_valid_coverage": 0.6954838709677419,
      "n_original_finite_loss": 25872,
      "original_loss_mean": 0.929794083835031,
      "corrected_loss_mean": 0.82253716558754,
      "baseline_loss_mean": 0.6066913093049647,
      "n_saved_sentinel_without_reconstructed_failure": 0,
      "interpretation": "Diagnostic replacement with the declared baseline; valid boundary/zero forecasts are preserved. No refit, selection, significance verdict or strategy validation."
    },
    {
      "cell": "BTCUSDT|1h|T4_vol",
      "model": "enet",
      "baseline": "seasonal_naive_m24",
      "status": "diagnostic_complete",
      "loss": "mase",
      "n_saved": 37200,
      "n_scoreable": 37200,
      "n_reconstructed_unavailable": 949,
      "n_fallback": 949,
      "raw_valid_coverage": 0.974489247311828,
      "n_original_finite_loss": 37200,
      "original_loss_mean": 1.4926557960583473,
      "corrected_loss_mean": 0.669186787777034,
      "baseline_loss_mean": 1.093871094763916,
      "n_saved_sentinel_without_reconstructed_failure": 0,
      "interpretation": "Diagnostic replacement with the declared baseline; valid boundary/zero forecasts are preserved. No refit, selection, significance verdict or strategy validation."
    },
    {
      "cell": "BTCUSDT|24h|T1_ret",
      "model": "enet",
      "baseline": "rw_zero",
      "status": "diagnostic_complete",
      "loss": "se",
      "n_saved": 1551,
      "n_scoreable": 1551,
      "n_reconstructed_unavailable": 425,
      "n_fallback": 425,
      "raw_valid_coverage": 0.7259832366215345,
      "n_original_finite_loss": 1551,
      "original_loss_mean": 0.0010774643738968193,
      "corrected_loss_mean": 0.0010774643738968193,
      "baseline_loss_mean": 0.0010384735103098255,
      "n_saved_sentinel_without_reconstructed_failure": 0,
      "interpretation": "Diagnostic replacement with the declared baseline; valid boundary/zero forecasts are preserved. No refit, selection, significance verdict or strategy validation."
    },
    {
      "cell": "BTCUSDT|24h|T2_dir",
      "model": "enet",
      "baseline": "base_rate",
      "status": "diagnostic_complete",
      "loss": "brier",
      "n_saved": 1551,
      "n_scoreable": 1551,
      "n_reconstructed_unavailable": 425,
      "n_fallback": 425,
      "raw_valid_coverage": 0.7259832366215345,
      "n_original_finite_loss": 1551,
      "original_loss_mean": 0.3124677307527943,
      "corrected_loss_mean": 0.25660964726419155,
      "baseline_loss_mean": 0.25139455133714755,
      "n_saved_sentinel_without_reconstructed_failure": 1,
      "interpretation": "Diagnostic replacement with the declared baseline; valid boundary/zero forecasts are preserved. No refit, selection, significance verdict or strategy validation."
    },
    {
      "cell": "BTCUSDT|24h|T3_rv",
      "model": "enet",
      "baseline": "har_levels",
      "status": "diagnostic_complete",
      "loss": "qlike",
      "n_saved": 1551,
      "n_scoreable": 1551,
      "n_reconstructed_unavailable": 425,
      "n_fallback": 448,
      "raw_valid_coverage": 0.7111540941328175,
      "n_original_finite_loss": 1103,
      "original_loss_mean": 0.7996074913323802,
      "corrected_loss_mean": 0.6733043794869604,
      "baseline_loss_mean": 0.39795122908700614,
      "n_saved_sentinel_without_reconstructed_failure": 0,
      "interpretation": "Diagnostic replacement with the declared baseline; valid boundary/zero forecasts are preserved. No refit, selection, significance verdict or strategy validation."
    },
    {
      "cell": "BTCUSDT|24h|T4_vol",
      "model": "enet",
      "baseline": "seasonal_naive_m7",
      "status": "diagnostic_complete",
      "loss": "mase",
      "n_saved": 1551,
      "n_scoreable": 1551,
      "n_reconstructed_unavailable": 93,
      "n_fallback": 93,
      "raw_valid_coverage": 0.9400386847195358,
      "n_original_finite_loss": 1551,
      "original_loss_mean": 4.166428468302866,
      "corrected_loss_mean": 0.7484930972876254,
      "baseline_loss_mean": 0.9035881708305118,
      "n_saved_sentinel_without_reconstructed_failure": 0,
      "interpretation": "Diagnostic replacement with the declared baseline; valid boundary/zero forecasts are preserved. No refit, selection, significance verdict or strategy validation."
    },
    {
      "cell": "ETHUSDT|1h|T1_ret",
      "model": "enet",
      "baseline": "rw_zero",
      "status": "diagnostic_complete",
      "loss": "se",
      "n_saved": 29185,
      "n_scoreable": 29185,
      "n_reconstructed_unavailable": 9470,
      "n_fallback": 9470,
      "raw_valid_coverage": 0.6755182456741476,
      "n_original_finite_loss": 29185,
      "original_loss_mean": 5.42510851493987e-05,
      "corrected_loss_mean": 5.42510851493987e-05,
      "baseline_loss_mean": 5.423663596887366e-05,
      "n_saved_sentinel_without_reconstructed_failure": 0,
      "interpretation": "Diagnostic replacement with the declared baseline; valid boundary/zero forecasts are preserved. No refit, selection, significance verdict or strategy validation."
    },
    {
      "cell": "ETHUSDT|1h|T2_dir",
      "model": "enet",
      "baseline": "base_rate",
      "status": "diagnostic_complete",
      "loss": "brier",
      "n_saved": 29185,
      "n_scoreable": 29185,
      "n_reconstructed_unavailable": 9470,
      "n_fallback": 9470,
      "raw_valid_coverage": 0.6755182456741476,
      "n_original_finite_loss": 29185,
      "original_loss_mean": 0.323875556656924,
      "corrected_loss_mean": 0.24942852771944815,
      "baseline_loss_mean": 0.2500564532566824,
      "n_saved_sentinel_without_reconstructed_failure": 5,
      "interpretation": "Diagnostic replacement with the declared baseline; valid boundary/zero forecasts are preserved. No refit, selection, significance verdict or strategy validation."
    },
    {
      "cell": "ETHUSDT|1h|T3_rv",
      "model": "enet",
      "baseline": "har_levels",
      "status": "diagnostic_complete",
      "loss": "qlike",
      "n_saved": 29185,
      "n_scoreable": 29184,
      "n_reconstructed_unavailable": 9470,
      "n_fallback": 9558,
      "raw_valid_coverage": 0.6724917763157895,
      "n_original_finite_loss": 19626,
      "original_loss_mean": 0.7115381767711072,
      "corrected_loss_mean": 0.6652794467249941,
      "baseline_loss_mean": 0.7415464936926256,
      "n_saved_sentinel_without_reconstructed_failure": 0,
      "interpretation": "Diagnostic replacement with the declared baseline; valid boundary/zero forecasts are preserved. No refit, selection, significance verdict or strategy validation."
    },
    {
      "cell": "ETHUSDT|1h|T4_vol",
      "model": "enet",
      "baseline": "seasonal_naive_m24",
      "status": "diagnostic_complete",
      "loss": "mase",
      "n_saved": 29184,
      "n_scoreable": 29184,
      "n_reconstructed_unavailable": 860,
      "n_fallback": 860,
      "raw_valid_coverage": 0.9705317982456141,
      "n_original_finite_loss": 29184,
      "original_loss_mean": 1.6647260431932616,
      "corrected_loss_mean": 0.7059445504319267,
      "baseline_loss_mean": 1.1231666923784003,
      "n_saved_sentinel_without_reconstructed_failure": 0,
      "interpretation": "Diagnostic replacement with the declared baseline; valid boundary/zero forecasts are preserved. No refit, selection, significance verdict or strategy validation."
    },
    {
      "cell": "ETHUSDT|24h|T1_ret",
      "model": "enet",
      "baseline": "rw_zero",
      "status": "diagnostic_complete",
      "loss": "se",
      "n_saved": 1217,
      "n_scoreable": 1217,
      "n_reconstructed_unavailable": 399,
      "n_fallback": 399,
      "raw_valid_coverage": 0.6721446179129006,
      "n_original_finite_loss": 1217,
      "original_loss_mean": 0.0013166932689251674,
      "corrected_loss_mean": 0.0013166932689251674,
      "baseline_loss_mean": 0.00130491773976297,
      "n_saved_sentinel_without_reconstructed_failure": 0,
      "interpretation": "Diagnostic replacement with the declared baseline; valid boundary/zero forecasts are preserved. No refit, selection, significance verdict or strategy validation."
    },
    {
      "cell": "ETHUSDT|24h|T2_dir",
      "model": "enet",
      "baseline": "base_rate",
      "status": "diagnostic_complete",
      "loss": "brier",
      "n_saved": 1217,
      "n_scoreable": 1217,
      "n_reconstructed_unavailable": 399,
      "n_fallback": 399,
      "raw_valid_coverage": 0.6721446179129006,
      "n_original_finite_loss": 1217,
      "original_loss_mean": 0.32716955022723965,
      "corrected_loss_mean": 0.2587097317817003,
      "baseline_loss_mean": 0.2514556176585474,
      "n_saved_sentinel_without_reconstructed_failure": 1,
      "interpretation": "Diagnostic replacement with the declared baseline; valid boundary/zero forecasts are preserved. No refit, selection, significance verdict or strategy validation."
    },
    {
      "cell": "ETHUSDT|24h|T3_rv",
      "model": "enet",
      "baseline": "har_levels",
      "status": "diagnostic_complete",
      "loss": "qlike",
      "n_saved": 1217,
      "n_scoreable": 1217,
      "n_reconstructed_unavailable": 399,
      "n_fallback": 403,
      "raw_valid_coverage": 0.6688578471651603,
      "n_original_finite_loss": 814,
      "original_loss_mean": 0.5052112750094372,
      "corrected_loss_mean": 0.4632303729859192,
      "baseline_loss_mean": 0.49205736153374996,
      "n_saved_sentinel_without_reconstructed_failure": 0,
      "interpretation": "Diagnostic replacement with the declared baseline; valid boundary/zero forecasts are preserved. No refit, selection, significance verdict or strategy validation."
    },
    {
      "cell": "ETHUSDT|24h|T4_vol",
      "model": "enet",
      "baseline": "seasonal_naive_m7",
      "status": "diagnostic_complete",
      "loss": "mase",
      "n_saved": 1217,
      "n_scoreable": 1217,
      "n_reconstructed_unavailable": 87,
      "n_fallback": 87,
      "raw_valid_coverage": 0.9285127362366475,
      "n_original_finite_loss": 1217,
      "original_loss_mean": 3.7397984645836337,
      "corrected_loss_mean": 0.5898157741379342,
      "baseline_loss_mean": 0.7597457585548971,
      "n_saved_sentinel_without_reconstructed_failure": 0,
      "interpretation": "Diagnostic replacement with the declared baseline; valid boundary/zero forecasts are preserved. No refit, selection, significance verdict or strategy validation."
    }
  ]
}
