{
  "decision": "EXACT_CURRENT_CANDIDATE_NOT_ROOT_SELECTION",
  "current_complete_rows": {
    "paths": 666,
    "bytes": 51526891,
    "largest_body": 4190463,
    "git_operations_11_plus2N": 1343,
    "fits_506_64MiB_4MiB": false
  },
  "original_CORE117_authenticated": true,
  "roles": {
    "actual_recovery-helper-witness_capture_top": {
      "paths": 21,
      "bytes": 2957871
    },
    "actual_recovery-helper-witness_complete_original_mapping": {
      "paths": 1,
      "bytes": 1303705
    },
    "actual_witness-tooling_capture_top": {
      "paths": 13,
      "bytes": 656492
    },
    "actual_witness-tooling_complete_original_mapping": {
      "paths": 1,
      "bytes": 145233
    },
    "actual_witness57_archive_manifest_pairs": {
      "paths": 114,
      "bytes": 20743637
    },
    "actual_witness57_capture_top": {
      "paths": 11,
      "bytes": 838860
    },
    "census_source": {
      "paths": 1,
      "bytes": 8019
    },
    "complete_actual_tooling_capture_review": {
      "paths": 16,
      "bytes": 172068
    },
    "complete_actual_witness57_review_and_original_PAX_refusal": {
      "paths": 25,
      "bytes": 68949
    },
    "complete_installed_final11_flat_caller": {
      "paths": 7,
      "bytes": 498551
    },
    "complete_installed_witness57_direct_flat_caller": {
      "paths": 8,
      "bytes": 901419
    },
    "complete_six_capture_exporter_own_review": {
      "paths": 199,
      "bytes": 264840
    },
    "complete_six_capture_exporter_own_source": {
      "paths": 131,
      "bytes": 156181
    },
    "literal_link_directory_and_original_mode_metadata": {
      "paths": 1,
      "bytes": 138090
    },
    "original_exact_CORE117": {
      "paths": 117,
      "bytes": 22672976
    }
  },
  "complete_typed_roots": 7,
  "literal_links": 45,
  "future_missing_roles": [
    {
      "role": "complete_actual_six_helper_capture_review",
      "root": "/home/malecada/master_thesis/TradingAgents-audit-fixes/research/onchain-paper-replication-2026-09-24/full_sources/financial-genuine-wrapper-claimedrun-actual-recovery-helper-witness-capture-review01-2026-10-04",
      "manifest_sha256": null,
      "not_closed": true
    }
  ],
  "transport_batches": 2,
  "mandatory_anchor_rows_repeated_per_batch": 6,
  "payloads_disjoint": true,
  "whole_packets_disjoint": false,
  "qualification": "No omitted body or link. Original transport requires six identical anchor rows in every batch; strictly disjoint full packets are incompatible with unchanged REQUIRED. Payloads alone are disjoint. No actual transfer/recovery/authority follows."
}
