{
  "status": "passed-source-and-metadata-only",
  "manifest_counts": [
    206,
    13,
    13
  ],
  "sources": 195,
  "package": 147,
  "logical_source_bytes": 3278877,
  "historical_git_joins": 112,
  "changed_target": "tradingagents/research/verify.py",
  "all_three_inverse_AST": true,
  "raw_inventory": "e8d8594d1c7aabe4076bf2b4bab7454cb0fad48ec8f46b754e06fc3f3ddb6773",
  "canonical_inventory": "3fc6a3afc3d50a9df1c24533c8343b8cd769a7d513a3bd8d0c27be298808bcc8",
  "mutations_refused": 6,
  "source_mapping": 195,
  "static_edges": 881,
  "declaration_modules": 52,
  "required_pins": [
    "research/onchain-paper-replication-2026-09-24/full_sources/dictionary-artifact-route-2026-10-01/route.py",
    "research/onchain-paper-replication-2026-09-24/full_sources/dictionary-publication-2026-10-01/driver.py",
    "research/onchain-paper-replication-2026-09-24/full_sources/dictionary-publication-2026-10-01/publication.py",
    "research/onchain-paper-replication-2026-09-24/full_sources/graph-feature-artifact-route-2026-10-01/route.py",
    "research/onchain-paper-replication-2026-09-24/full_sources/graph-feature-boundary-2026-10-01/boundary.py",
    "research/onchain-paper-replication-2026-09-24/full_sources/graph-feature-publication-2026-10-01/encoded_hashes.py",
    "research/onchain-paper-replication-2026-09-24/full_sources/graph-feature-publication-2026-10-01/publication.py",
    "research/onchain-paper-replication-2026-09-24/full_sources/graph-feature-route-2026-10-01/route.py",
    "research/onchain-paper-replication-2026-09-24/full_sources/mcm-array-kernel-2026-10-01/kernel.py",
    "research/onchain-paper-replication-2026-09-24/full_sources/mcm-artifact-route-2026-10-01/route.py",
    "research/onchain-paper-replication-2026-09-24/full_sources/mcm-publication-2026-10-01/driver.py",
    "research/onchain-paper-replication-2026-09-24/full_sources/mcm-publication-2026-10-01/publication.py",
    "research/onchain-paper-replication-2026-09-24/full_sources/pair-component-reader-2026-10-01/reader.py",
    "research/onchain-paper-replication-2026-09-24/full_sources/pair-consumer-route-2026-10-01/route.py",
    "research/onchain-paper-replication-2026-09-24/full_sources/pair-extent-2026-09-30/extent.py",
    "research/onchain-paper-replication-2026-09-24/full_sources/pair-serial-composition-2026-09-30/serial.py",
    "research/onchain-paper-replication-2026-09-24/full_sources/pair-workload-2026-09-30/workload.py",
    "research/onchain-paper-replication-2026-09-24/full_sources/representation-closure-route-2026-10-01/closure.py",
    "research/onchain-paper-replication-2026-09-24/full_sources/representation-denominator-2026-10-01/denominator.py",
    "research/onchain-paper-replication-2026-09-24/full_sources/representation-denominator-route-2026-10-01/route.py",
    "research/onchain-paper-replication-2026-09-24/full_sources/representation-seal-2026-10-01/publication.py",
    "research/onchain-paper-replication-2026-09-24/full_sources/representation-seal-2026-10-01/records.py",
    "research/onchain-paper-replication-2026-09-24/full_sources/sample-artifact-route-2026-10-01/route.py",
    "research/onchain-paper-replication-2026-09-24/full_sources/sampler-leased-core-2026-10-01/core.py",
    "research/onchain-paper-replication-2026-09-24/full_sources/sampler-proof-route-2026-10-01/producer.py",
    "research/onchain-paper-replication-2026-09-24/full_sources/sampler-proof-route-2026-10-01/route.py",
    "research/onchain-paper-replication-2026-09-24/full_sources/terminal-output-lifetime-2026-10-01/native_map.py",
    "research/onchain-paper-replication-2026-09-24/full_sources/terminal-output-lifetime-2026-10-01/outputs.py",
    "research/onchain-paper-replication-2026-09-24/full_sources/terminal-output-lifetime-2026-10-01/seal.py",
    "tradingagents/research/lifecycle.py",
    "tradingagents/research/onchain_replication/archive_owner_seal.py",
    "tradingagents/research/onchain_replication/array_neighborhoods.py",
    "tradingagents/research/onchain_replication/calendar.py",
    "tradingagents/research/onchain_replication/cold_files.py",
    "tradingagents/research/onchain_replication/compact_cold_features.py",
    "tradingagents/research/onchain_replication/compact_native_features.py",
    "tradingagents/research/onchain_replication/compact_native_producer.py",
    "tradingagents/research/onchain_replication/compact_stage.py",
    "tradingagents/research/onchain_replication/component_store.py",
    "tradingagents/research/onchain_replication/dataset.py",
    "tradingagents/research/onchain_replication/dictionary.py",
    "tradingagents/research/onchain_replication/feature_journal.py",
    "tradingagents/research/onchain_replication/feature_pipeline.py",
    "tradingagents/research/onchain_replication/feature_residency.py",
    "tradingagents/research/onchain_replication/neighborhood_policy.py",
    "tradingagents/research/onchain_replication/neighborhoods.py",
    "tradingagents/research/onchain_replication/serialization.py"
  ],
  "generic_loader_callers": [
    [
      "fixture_tools/outer_controller01.py",
      136,
      "tradingagents/research/onchain_replication/resources.py"
    ],
    [
      "fixture_tools/outer_controller01.py",
      137,
      "tradingagents/research/onchain_replication/workflow_storage.py"
    ],
    [
      "fixture_tools/outer_controller01.py",
      138,
      "fixture_tools/runtime_gate01.py"
    ],
    [
      "proof_tools/proof_outer01.py",
      126,
      "tradingagents/research/onchain_replication/resources.py"
    ],
    [
      "proof_tools/proof_outer01.py",
      127,
      "tradingagents/research/onchain_replication/workflow_storage.py"
    ],
    [
      "proof_tools/proof_outer01.py",
      128,
      "proof_tools/runtime_gate01.py"
    ],
    [
      "proof_tools/proof_release01.py",
      83,
      "proof_tools/runtime_gate01.py"
    ],
    [
      "proof_tools/proof_supervise01.py",
      13,
      "tradingagents/research/onchain_replication/resources.py"
    ],
    [
      "proof_tools/proof_supervise01.py",
      13,
      "tradingagents/research/onchain_replication/workflow_storage.py"
    ],
    [
      "research/onchain-paper-replication-2026-09-24/full_sources/dictionary-publication-2026-10-01/driver.py",
      15,
      "research/onchain-paper-replication-2026-09-24/full_sources/sampler-proof-route-2026-10-01/route.py"
    ],
    [
      "research/onchain-paper-replication-2026-09-24/full_sources/dictionary-publication-2026-10-01/driver.py",
      17,
      "research/onchain-paper-replication-2026-09-24/full_sources/pair-workload-2026-09-30/workload.py"
    ],
    [
      "research/onchain-paper-replication-2026-09-24/full_sources/graph-feature-route-2026-10-01/route.py",
      17,
      "research/onchain-paper-replication-2026-09-24/full_sources/mcm-artifact-route-2026-10-01/route.py"
    ],
    [
      "research/onchain-paper-replication-2026-09-24/full_sources/graph-feature-route-2026-10-01/route.py",
      18,
      "research/onchain-paper-replication-2026-09-24/full_sources/graph-feature-boundary-2026-10-01/boundary.py"
    ],
    [
      "research/onchain-paper-replication-2026-09-24/full_sources/pair-consumer-route-2026-10-01/route.py",
      14,
      "research/onchain-paper-replication-2026-09-24/full_sources/pair-owner-route-2026-09-30/ownership.py"
    ],
    [
      "research/onchain-paper-replication-2026-09-24/full_sources/pair-consumer-route-2026-10-01/route.py",
      15,
      "research/onchain-paper-replication-2026-09-24/full_sources/pair-serial-composition-2026-09-30/serial.py"
    ],
    [
      "research/onchain-paper-replication-2026-09-24/full_sources/pair-owner-route-2026-09-30/ownership.py",
      20,
      "research/onchain-paper-replication-2026-09-24/full_sources/pair-workload-route-2026-09-30/route.py"
    ],
    [
      "research/onchain-paper-replication-2026-09-24/full_sources/pair-owner-route-2026-09-30/ownership.py",
      21,
      "research/onchain-paper-replication-2026-09-24/full_sources/pair-owner-route-2026-09-30/journal.py"
    ],
    [
      "research/onchain-paper-replication-2026-09-24/full_sources/representation-denominator-route-2026-10-01/route.py",
      18,
      "research/onchain-paper-replication-2026-09-24/full_sources/graph-feature-artifact-route-2026-10-01/route.py"
    ],
    [
      "research/onchain-paper-replication-2026-09-24/full_sources/representation-denominator-route-2026-10-01/route.py",
      19,
      "research/onchain-paper-replication-2026-09-24/full_sources/representation-denominator-2026-10-01/denominator.py"
    ],
    [
      "research/onchain-paper-replication-2026-09-24/full_sources/sample-artifact-route-2026-10-01/route.py",
      18,
      "research/onchain-paper-replication-2026-09-24/full_sources/pair-consumer-route-2026-10-01/route.py"
    ],
    [
      "research/onchain-paper-replication-2026-09-24/full_sources/sample-artifact-route-2026-10-01/route.py",
      19,
      "research/onchain-paper-replication-2026-09-24/full_sources/pair-component-reader-2026-10-01/reader.py"
    ],
    [
      "research/onchain-paper-replication-2026-09-24/full_sources/sampler-proof-route-2026-10-01/producer.py",
      21,
      "research/onchain-paper-replication-2026-09-24/full_sources/sample-artifact-route-2026-10-01/route.py"
    ],
    [
      "research/onchain-paper-replication-2026-09-24/full_sources/sampler-proof-route-2026-10-01/producer.py",
      22,
      "research/onchain-paper-replication-2026-09-24/full_sources/sampler-leased-core-2026-10-01/core.py"
    ]
  ],
  "source_analyzer_sha256": "eaac81183aba7de33682eee4d2bac2f8c7c664fd0047a7b49f1a2affec4e8041",
  "genuine_authority_or_capsule_or_registration_created": false,
  "numerical_imports": false
}
