.F                                                                       [100%]
=================================== FAILURES ===================================
_______ test_selected_index_scratch_is_released_before_next_neighborhood _______

admitted = (<tradingagents.research.onchain_replication.compact_samples.Published object at 0x74fdec5cad50>, <tests.research.onch...plication.test_matching_owner.OwnershipTests testMethod=test_actual_claim_owner_and_old_numerical_anchor_are_distinct>)
monkeypatch = <_pytest.monkeypatch.MonkeyPatch object at 0x74ff53c37230>

    def test_selected_index_scratch_is_released_before_next_neighborhood(admitted, monkeypatch):
        published, t = admitted; m = api(); draws = published._draws; previous = []; opened = m.open_array_index
        def index(graph, policy):
            result = opened(graph, policy); selected = result.selected; neighborhood = result.neighborhood
            def choose(*args):
                value = selected(*args); previous.append(weakref.ref(value)); return value
            def extract(*args):
                assert all(ref() is None for ref in previous), 'prior selected scratch remains retained'
                return neighborhood(*args)
            result.selected = choose; result.neighborhood = extract
            return result
        monkeypatch.setattr(m, 'open_array_index', index)
>       m._audit(draws._training, published.samples, m._events(draws), thaw(draws._policy), lease=lambda: None)

tests/research/onchain_replication/test_compact_sample_proof.py:99: 
_ _ _ _ _ _ _ _ _ _ _ _ _ _ _ _ _ _ _ _ _ _ _ _ _ _ _ _ _ _ _ _ _ _ _ _ _ _ _ _ 
tradingagents/research/onchain_replication/compact_sample_proof.py:89: in _audit
    induced = index.neighborhood(center, config)
              ^^^^^^^^^^^^^^^^^^^^^^^^^^^^^^^^^^
_ _ _ _ _ _ _ _ _ _ _ _ _ _ _ _ _ _ _ _ _ _ _ _ _ _ _ _ _ _ _ _ _ _ _ _ _ _ _ _ 

args = (1, {'capacity_action': 'raise explicit capacity error, no truncation', 'hop_depth': 1, 'insufficient_samples': 'explicit unavailable if fewer than dictionary size', 'linkage': 'average pairwise distance', ...})

    def extract(*args):
>       assert all(ref() is None for ref in previous), 'prior selected scratch remains retained'
E       AssertionError: prior selected scratch remains retained
E       assert False
E        +  where False = all(<generator object test_selected_index_scratch_is_released_before_next_neighborhood.<locals>.index.<locals>.extract.<locals>.<genexpr> at 0x74fdec271ff0>)

tests/research/onchain_replication/test_compact_sample_proof.py:94: AssertionError
- reviewed profile: 26 encountered files withheld; this is not the full legacy suite -
=========================== short test summary info ============================
FAILED tests/research/onchain_replication/test_compact_sample_proof.py::test_selected_index_scratch_is_released_before_next_neighborhood
1 failed, 1 passed, 3 deselected in 60.05s (0:01:00)
