Traceback (most recent call last):
  File "/home/malecada/master_thesis/TradingAgents-audit-fixes/research/onchain-paper-replication-2026-09-24/full_sources/financial-wrapper-complete100-failed-root-remote02-2026-10-04/watch01.py", line 45, in census
    result=_sample(root)
  File "/home/malecada/master_thesis/TradingAgents-audit-fixes/research/onchain-paper-replication-2026-09-24/full_sources/financial-wrapper-complete100-failed-root-remote02-2026-10-04/watch01.py", line 36, in _sample
    if signature(p.lstat())!=s:raise ChangingTree('incomplete/changing census refused')
                               ^^^^^^^^^^^^^^^^^^^^^^^^^^^^^^^^^^^^^^^^^^^^^^^^^^^^^^^^
watch01.ChangingTree: incomplete/changing census refused

The above exception was the direct cause of the following exception:

Traceback (most recent call last):
  File "/home/malecada/master_thesis/TradingAgents-audit-fixes/research/onchain-paper-replication-2026-09-24/full_sources/financial-wrapper-complete100-failed-root-remote02-2026-10-04/recover01.py", line 265, in <module>
    entry()
    ~~~~~^^
  File "/home/malecada/master_thesis/TradingAgents-audit-fixes/research/onchain-paper-replication-2026-09-24/full_sources/financial-wrapper-complete100-failed-root-remote02-2026-10-04/recover01.py", line 261, in entry
    _raise_retained(primary, secondary)
    ~~~~~~~~~~~~~~~^^^^^^^^^^^^^^^^^^^^
  File "/home/malecada/master_thesis/TradingAgents-audit-fixes/research/onchain-paper-replication-2026-09-24/full_sources/financial-wrapper-complete100-failed-root-remote02-2026-10-04/recover01.py", line 55, in _raise_retained
    raise primary
  File "/home/malecada/master_thesis/TradingAgents-audit-fixes/research/onchain-paper-replication-2026-09-24/full_sources/financial-wrapper-complete100-failed-root-remote02-2026-10-04/recover01.py", line 252, in entry
    main()
    ~~~~^^
  File "/home/malecada/master_thesis/TradingAgents-audit-fixes/research/onchain-paper-replication-2026-09-24/full_sources/financial-wrapper-complete100-failed-root-remote02-2026-10-04/recover01.py", line 207, in main
    git(['fetch', '--depth=1', '--filter=blob:none', '--no-tags', 'origin', COMMIT], repo)
    ~~~^^^^^^^^^^^^^^^^^^^^^^^^^^^^^^^^^^^^^^^^^^^^^^^^^^^^^^^^^^^^^^^^^^^^^^^^^^^^^^^^^^^
  File "/home/malecada/master_thesis/TradingAgents-audit-fixes/research/onchain-paper-replication-2026-09-24/full_sources/financial-wrapper-complete100-failed-root-remote02-2026-10-04/recover01.py", line 166, in git
    raise first
  File "/home/malecada/master_thesis/TradingAgents-audit-fixes/research/onchain-paper-replication-2026-09-24/full_sources/financial-wrapper-complete100-failed-root-remote02-2026-10-04/recover01.py", line 118, in git
    watch()
    ~~~~~^^
  File "/home/malecada/master_thesis/TradingAgents-audit-fixes/research/onchain-paper-replication-2026-09-24/full_sources/financial-wrapper-complete100-failed-root-remote02-2026-10-04/recover01.py", line 30, in watch
    row = W.census(HERE)
  File "/home/malecada/master_thesis/TradingAgents-audit-fixes/research/onchain-paper-replication-2026-09-24/full_sources/financial-wrapper-complete100-failed-root-remote02-2026-10-04/watch01.py", line 52, in census
    raise ValueError('no complete census in three bounded attempts') from last
ValueError: no complete census in three bounded attempts
