FFF                                                                      [100%]
=================================== FAILURES ===================================
______ test_stream_close_uncertainty_is_fatal_and_primary_retained[False] ______

tmp_path = PosixPath('/tmp/pytest-of-malecada/pytest-115/test_stream_close_uncertainty_0')
monkeypatch = <_pytest.monkeypatch.MonkeyPatch object at 0x7c2bb4a4b360>
body_fails = False

    @pytest.mark.parametrize('body_fails',[False,True])
    def test_stream_close_uncertainty_is_fatal_and_primary_retained(tmp_path,monkeypatch,body_fails):
        (tmp_path/'value').write_bytes(b'value');root,fd=io._open(tmp_path)
        original=io.os.fdopen;closed=[];primary=ValueError('synthetic read failure')
        class Stream:
            def __init__(self,stream):self.stream=stream
            def fileno(self):return self.stream.fileno()
            def read(self,*args):
                if body_fails:raise primary
                return self.stream.read(*args)
            def close(self):
                self.stream.close();closed.append(1);raise OSError('synthetic stream close uncertainty')
            def __enter__(self):return self
            def __exit__(self,*args):self.close()
        monkeypatch.setattr(io.os,'fdopen',lambda *args,**kwargs:Stream(original(*args,**kwargs)))
        try:
>           with pytest.raises(io.CleanupFailure) as caught:io._read(fd,'value',20)
                                                            ^^^^^^^^^^^^^^^^^^^^^^^

tests/research/onchain_replication/test_scientific_read_cleanup.py:23: 
_ _ _ _ _ _ _ _ _ _ _ _ _ _ _ _ _ _ _ _ _ _ _ _ _ _ _ _ _ _ _ _ _ _ _ _ _ _ _ _ 
tradingagents/research/onchain_replication/score_batches.py:113: in _read
    with os.fdopen(child, 'rb') as stream:
         ^^^^^^^^^^^^^^^^^^^^^^
tests/research/onchain_replication/test_scientific_read_cleanup.py:20: in __exit__
    def __exit__(self,*args):self.close()
                             ^^^^^^^^^^^^
_ _ _ _ _ _ _ _ _ _ _ _ _ _ _ _ _ _ _ _ _ _ _ _ _ _ _ _ _ _ _ _ _ _ _ _ _ _ _ _ 

self = <tests.research.onchain_replication.test_scientific_read_cleanup.test_stream_close_uncertainty_is_fatal_and_primary_retained.<locals>.Stream object at 0x7c2bb21f81a0>

    def close(self):
>       self.stream.close();closed.append(1);raise OSError('synthetic stream close uncertainty')
                                             ^^^^^^^^^^^^^^^^^^^^^^^^^^^^^^^^^^^^^^^^^^^^^^^^^^^
E       OSError: synthetic stream close uncertainty

tests/research/onchain_replication/test_scientific_read_cleanup.py:18: OSError
______ test_stream_close_uncertainty_is_fatal_and_primary_retained[True] _______

self = <tests.research.onchain_replication.test_scientific_read_cleanup.test_stream_close_uncertainty_is_fatal_and_primary_retained.<locals>.Stream object at 0x7c2bb2537cb0>
args = (21,)

    def read(self,*args):
>       if body_fails:raise primary
                      ^^^^^^^^^^^^^
E       ValueError: synthetic read failure

tests/research/onchain_replication/test_scientific_read_cleanup.py:15: ValueError

During handling of the above exception, another exception occurred:

tmp_path = PosixPath('/tmp/pytest-of-malecada/pytest-115/test_stream_close_uncertainty_1')
monkeypatch = <_pytest.monkeypatch.MonkeyPatch object at 0x7c2bb4a4b100>
body_fails = True

    @pytest.mark.parametrize('body_fails',[False,True])
    def test_stream_close_uncertainty_is_fatal_and_primary_retained(tmp_path,monkeypatch,body_fails):
        (tmp_path/'value').write_bytes(b'value');root,fd=io._open(tmp_path)
        original=io.os.fdopen;closed=[];primary=ValueError('synthetic read failure')
        class Stream:
            def __init__(self,stream):self.stream=stream
            def fileno(self):return self.stream.fileno()
            def read(self,*args):
                if body_fails:raise primary
                return self.stream.read(*args)
            def close(self):
                self.stream.close();closed.append(1);raise OSError('synthetic stream close uncertainty')
            def __enter__(self):return self
            def __exit__(self,*args):self.close()
        monkeypatch.setattr(io.os,'fdopen',lambda *args,**kwargs:Stream(original(*args,**kwargs)))
        try:
>           with pytest.raises(io.CleanupFailure) as caught:io._read(fd,'value',20)
                                                            ^^^^^^^^^^^^^^^^^^^^^^^

tests/research/onchain_replication/test_scientific_read_cleanup.py:23: 
_ _ _ _ _ _ _ _ _ _ _ _ _ _ _ _ _ _ _ _ _ _ _ _ _ _ _ _ _ _ _ _ _ _ _ _ _ _ _ _ 
tradingagents/research/onchain_replication/score_batches.py:113: in _read
    with os.fdopen(child, 'rb') as stream:
         ^^^^^^^^^^^^^^^^^^^^^^
tests/research/onchain_replication/test_scientific_read_cleanup.py:20: in __exit__
    def __exit__(self,*args):self.close()
                             ^^^^^^^^^^^^
_ _ _ _ _ _ _ _ _ _ _ _ _ _ _ _ _ _ _ _ _ _ _ _ _ _ _ _ _ _ _ _ _ _ _ _ _ _ _ _ 

self = <tests.research.onchain_replication.test_scientific_read_cleanup.test_stream_close_uncertainty_is_fatal_and_primary_retained.<locals>.Stream object at 0x7c2bb2537cb0>

    def close(self):
>       self.stream.close();closed.append(1);raise OSError('synthetic stream close uncertainty')
                                             ^^^^^^^^^^^^^^^^^^^^^^^^^^^^^^^^^^^^^^^^^^^^^^^^^^^
E       OSError: synthetic stream close uncertainty

tests/research/onchain_replication/test_scientific_read_cleanup.py:18: OSError
______________ test_stream_construction_failure_releases_owned_fd ______________

tmp_path = PosixPath('/tmp/pytest-of-malecada/pytest-115/test_stream_construction_failu0')
monkeypatch = <_pytest.monkeypatch.MonkeyPatch object at 0x7c2bb4997530>

    def test_stream_construction_failure_releases_owned_fd(tmp_path,monkeypatch):
        (tmp_path/'value').write_bytes(b'value');root,fd=io._open(tmp_path);opened=[]
        original_open=io.os.open;original_close=io.os.close;closed=[]
        def track(*args,**kwargs):
            value=original_open(*args,**kwargs);opened.append(value);return value
        def close(value):closed.append(value);return original_close(value)
        def fail(*args,**kwargs):raise OSError('synthetic fdopen construction failure')
        monkeypatch.setattr(io.os,'open',track);monkeypatch.setattr(io.os,'close',close)
        monkeypatch.setattr(io.os,'fdopen',fail)
        try:
            with pytest.raises(OSError):io._read(fd,'value',20)
>           assert len(opened)==1 and closed==opened
E           assert (1 == 1 and [] == [13]
E            +  where 1 = len([13])
E             
E             Right contains one more item: 13
E             Use -v to get more diff)

tests/research/onchain_replication/test_scientific_read_cleanup.py:40: AssertionError
- reviewed profile: 26 encountered files withheld; this is not the full legacy suite -
=========================== short test summary info ============================
FAILED tests/research/onchain_replication/test_scientific_read_cleanup.py::test_stream_close_uncertainty_is_fatal_and_primary_retained[False]
FAILED tests/research/onchain_replication/test_scientific_read_cleanup.py::test_stream_close_uncertainty_is_fatal_and_primary_retained[True]
FAILED tests/research/onchain_replication/test_scientific_read_cleanup.py::test_stream_construction_failure_releases_owned_fd
3 failed in 0.18s
