test_changed_lease_after_first_checkpoint_refuses_more_draws (__main__.Tests.test_changed_lease_after_first_checkpoint_refuses_more_draws) ... FAIL
test_checkpoint_failure_stops_after_one_draw_and_closes_index (__main__.Tests.test_checkpoint_failure_stops_after_one_draw_and_closes_index) ... FAIL
test_exact_maintained_sampler_parity_and_chained_draw_evidence (__main__.Tests.test_exact_maintained_sampler_parity_and_chained_draw_evidence) ... FAIL
test_initial_lease_failure_precedes_weight_allocation (__main__.Tests.test_initial_lease_failure_precedes_weight_allocation) ... FAIL
test_policy_and_callbacks_are_mandatory (__main__.Tests.test_policy_and_callbacks_are_mandatory) ... FAIL
test_retained_cap_refuses_before_checkpoint_and_hub_is_not_truncated (__main__.Tests.test_retained_cap_refuses_before_checkpoint_and_hub_is_not_truncated) ... FAIL
test_weight_capacity_refuses_before_population_array_allocation (__main__.Tests.test_weight_capacity_refuses_before_population_array_allocation) ... FAIL

======================================================================
FAIL: test_changed_lease_after_first_checkpoint_refuses_more_draws (__main__.Tests.test_changed_lease_after_first_checkpoint_refuses_more_draws)
----------------------------------------------------------------------
Traceback (most recent call last):
  File "/home/malecada/master_thesis/TradingAgents-audit-fixes/research/onchain-paper-replication-2026-09-24/full_sources/sampler-leased-core-2026-10-01/test_core.py", line 70, in test_changed_lease_after_first_checkpoint_refuses_more_draws
    m=api();events=[]
  File "/home/malecada/master_thesis/TradingAgents-audit-fixes/research/onchain-paper-replication-2026-09-24/full_sources/sampler-leased-core-2026-10-01/test_core.py", line 15, in api
    assert (HERE/'core.py').is_file(),'leased sampler core missing'
           ~~~~~~~~~~~~~~~~~~~~~~~~^^
AssertionError: leased sampler core missing

======================================================================
FAIL: test_checkpoint_failure_stops_after_one_draw_and_closes_index (__main__.Tests.test_checkpoint_failure_stops_after_one_draw_and_closes_index)
----------------------------------------------------------------------
Traceback (most recent call last):
  File "/home/malecada/master_thesis/TradingAgents-audit-fixes/research/onchain-paper-replication-2026-09-24/full_sources/sampler-leased-core-2026-10-01/test_core.py", line 62, in test_checkpoint_failure_stops_after_one_draw_and_closes_index
    m=api();indices=[];events=[];original=m.open_array_index
  File "/home/malecada/master_thesis/TradingAgents-audit-fixes/research/onchain-paper-replication-2026-09-24/full_sources/sampler-leased-core-2026-10-01/test_core.py", line 15, in api
    assert (HERE/'core.py').is_file(),'leased sampler core missing'
           ~~~~~~~~~~~~~~~~~~~~~~~~^^
AssertionError: leased sampler core missing

======================================================================
FAIL: test_exact_maintained_sampler_parity_and_chained_draw_evidence (__main__.Tests.test_exact_maintained_sampler_parity_and_chained_draw_evidence)
----------------------------------------------------------------------
Traceback (most recent call last):
  File "/home/malecada/master_thesis/TradingAgents-audit-fixes/research/onchain-paper-replication-2026-09-24/full_sources/sampler-leased-core-2026-10-01/test_core.py", line 31, in test_exact_maintained_sampler_parity_and_chained_draw_evidence
    m=api()
  File "/home/malecada/master_thesis/TradingAgents-audit-fixes/research/onchain-paper-replication-2026-09-24/full_sources/sampler-leased-core-2026-10-01/test_core.py", line 15, in api
    assert (HERE/'core.py').is_file(),'leased sampler core missing'
           ~~~~~~~~~~~~~~~~~~~~~~~~^^
AssertionError: leased sampler core missing

======================================================================
FAIL: test_initial_lease_failure_precedes_weight_allocation (__main__.Tests.test_initial_lease_failure_precedes_weight_allocation)
----------------------------------------------------------------------
Traceback (most recent call last):
  File "/home/malecada/master_thesis/TradingAgents-audit-fixes/research/onchain-paper-replication-2026-09-24/full_sources/sampler-leased-core-2026-10-01/test_core.py", line 58, in test_initial_lease_failure_precedes_weight_allocation
    m=api()
  File "/home/malecada/master_thesis/TradingAgents-audit-fixes/research/onchain-paper-replication-2026-09-24/full_sources/sampler-leased-core-2026-10-01/test_core.py", line 15, in api
    assert (HERE/'core.py').is_file(),'leased sampler core missing'
           ~~~~~~~~~~~~~~~~~~~~~~~~^^
AssertionError: leased sampler core missing

======================================================================
FAIL: test_policy_and_callbacks_are_mandatory (__main__.Tests.test_policy_and_callbacks_are_mandatory)
----------------------------------------------------------------------
Traceback (most recent call last):
  File "/home/malecada/master_thesis/TradingAgents-audit-fixes/research/onchain-paper-replication-2026-09-24/full_sources/sampler-leased-core-2026-10-01/test_core.py", line 84, in test_policy_and_callbacks_are_mandatory
    m=api()
  File "/home/malecada/master_thesis/TradingAgents-audit-fixes/research/onchain-paper-replication-2026-09-24/full_sources/sampler-leased-core-2026-10-01/test_core.py", line 15, in api
    assert (HERE/'core.py').is_file(),'leased sampler core missing'
           ~~~~~~~~~~~~~~~~~~~~~~~~^^
AssertionError: leased sampler core missing

======================================================================
FAIL: test_retained_cap_refuses_before_checkpoint_and_hub_is_not_truncated (__main__.Tests.test_retained_cap_refuses_before_checkpoint_and_hub_is_not_truncated)
----------------------------------------------------------------------
Traceback (most recent call last):
  File "/home/malecada/master_thesis/TradingAgents-audit-fixes/research/onchain-paper-replication-2026-09-24/full_sources/sampler-leased-core-2026-10-01/test_core.py", line 77, in test_retained_cap_refuses_before_checkpoint_and_hub_is_not_truncated
    m=api()
  File "/home/malecada/master_thesis/TradingAgents-audit-fixes/research/onchain-paper-replication-2026-09-24/full_sources/sampler-leased-core-2026-10-01/test_core.py", line 15, in api
    assert (HERE/'core.py').is_file(),'leased sampler core missing'
           ~~~~~~~~~~~~~~~~~~~~~~~~^^
AssertionError: leased sampler core missing

======================================================================
FAIL: test_weight_capacity_refuses_before_population_array_allocation (__main__.Tests.test_weight_capacity_refuses_before_population_array_allocation)
----------------------------------------------------------------------
Traceback (most recent call last):
  File "/home/malecada/master_thesis/TradingAgents-audit-fixes/research/onchain-paper-replication-2026-09-24/full_sources/sampler-leased-core-2026-10-01/test_core.py", line 54, in test_weight_capacity_refuses_before_population_array_allocation
    m=api()
  File "/home/malecada/master_thesis/TradingAgents-audit-fixes/research/onchain-paper-replication-2026-09-24/full_sources/sampler-leased-core-2026-10-01/test_core.py", line 15, in api
    assert (HERE/'core.py').is_file(),'leased sampler core missing'
           ~~~~~~~~~~~~~~~~~~~~~~~~^^
AssertionError: leased sampler core missing

----------------------------------------------------------------------
Ran 7 tests in 0.002s

FAILED (failures=7)
