test_caps_and_missing_lease_refuse_before_index_or_output_allocation (__main__.Tests.test_caps_and_missing_lease_refuse_before_index_or_output_allocation) ... FAIL
test_every_cell_purpose_and_order_matches_existing_scalar_workload (__main__.Tests.test_every_cell_purpose_and_order_matches_existing_scalar_workload) ... FAIL
test_full_neighborhood_capacity_refuses_without_truncation_and_closes_index (__main__.Tests.test_full_neighborhood_capacity_refuses_without_truncation_and_closes_index) ... FAIL
test_invalid_score_or_purpose_never_returns_partial_output (__main__.Tests.test_invalid_score_or_purpose_never_returns_partial_output) ... FAIL
test_partial_row_failure_closes_and_zero_replay_has_no_missing_cells (__main__.Tests.test_partial_row_failure_closes_and_zero_replay_has_no_missing_cells) ... FAIL
test_post_pair_lease_failure_stops_before_next_pair_and_closes (__main__.Tests.test_post_pair_lease_failure_stops_before_next_pair_and_closes) ... FAIL
test_previous_local_is_released_before_next_neighborhood (__main__.Tests.test_previous_local_is_released_before_next_neighborhood) ... FAIL

======================================================================
FAIL: test_caps_and_missing_lease_refuse_before_index_or_output_allocation (__main__.Tests.test_caps_and_missing_lease_refuse_before_index_or_output_allocation)
----------------------------------------------------------------------
Traceback (most recent call last):
  File "/home/malecada/master_thesis/TradingAgents-audit-fixes/research/onchain-paper-replication-2026-09-24/full_sources/mcm-array-kernel-2026-10-01/test_kernel.py", line 22, in setUp
    self.m=api();self.f=base.Tests();self.f.setUp()
           ~~~^^
  File "/home/malecada/master_thesis/TradingAgents-audit-fixes/research/onchain-paper-replication-2026-09-24/full_sources/mcm-array-kernel-2026-10-01/test_kernel.py", line 17, in api
    assert (HERE/'kernel.py').is_file(),'bounded MCM kernel missing'
           ~~~~~~~~~~~~~~~~~~~~~~~~~~^^
AssertionError: bounded MCM kernel missing

======================================================================
FAIL: test_every_cell_purpose_and_order_matches_existing_scalar_workload (__main__.Tests.test_every_cell_purpose_and_order_matches_existing_scalar_workload)
----------------------------------------------------------------------
Traceback (most recent call last):
  File "/home/malecada/master_thesis/TradingAgents-audit-fixes/research/onchain-paper-replication-2026-09-24/full_sources/mcm-array-kernel-2026-10-01/test_kernel.py", line 22, in setUp
    self.m=api();self.f=base.Tests();self.f.setUp()
           ~~~^^
  File "/home/malecada/master_thesis/TradingAgents-audit-fixes/research/onchain-paper-replication-2026-09-24/full_sources/mcm-array-kernel-2026-10-01/test_kernel.py", line 17, in api
    assert (HERE/'kernel.py').is_file(),'bounded MCM kernel missing'
           ~~~~~~~~~~~~~~~~~~~~~~~~~~^^
AssertionError: bounded MCM kernel missing

======================================================================
FAIL: test_full_neighborhood_capacity_refuses_without_truncation_and_closes_index (__main__.Tests.test_full_neighborhood_capacity_refuses_without_truncation_and_closes_index)
----------------------------------------------------------------------
Traceback (most recent call last):
  File "/home/malecada/master_thesis/TradingAgents-audit-fixes/research/onchain-paper-replication-2026-09-24/full_sources/mcm-array-kernel-2026-10-01/test_kernel.py", line 22, in setUp
    self.m=api();self.f=base.Tests();self.f.setUp()
           ~~~^^
  File "/home/malecada/master_thesis/TradingAgents-audit-fixes/research/onchain-paper-replication-2026-09-24/full_sources/mcm-array-kernel-2026-10-01/test_kernel.py", line 17, in api
    assert (HERE/'kernel.py').is_file(),'bounded MCM kernel missing'
           ~~~~~~~~~~~~~~~~~~~~~~~~~~^^
AssertionError: bounded MCM kernel missing

======================================================================
FAIL: test_invalid_score_or_purpose_never_returns_partial_output (__main__.Tests.test_invalid_score_or_purpose_never_returns_partial_output)
----------------------------------------------------------------------
Traceback (most recent call last):
  File "/home/malecada/master_thesis/TradingAgents-audit-fixes/research/onchain-paper-replication-2026-09-24/full_sources/mcm-array-kernel-2026-10-01/test_kernel.py", line 22, in setUp
    self.m=api();self.f=base.Tests();self.f.setUp()
           ~~~^^
  File "/home/malecada/master_thesis/TradingAgents-audit-fixes/research/onchain-paper-replication-2026-09-24/full_sources/mcm-array-kernel-2026-10-01/test_kernel.py", line 17, in api
    assert (HERE/'kernel.py').is_file(),'bounded MCM kernel missing'
           ~~~~~~~~~~~~~~~~~~~~~~~~~~^^
AssertionError: bounded MCM kernel missing

======================================================================
FAIL: test_partial_row_failure_closes_and_zero_replay_has_no_missing_cells (__main__.Tests.test_partial_row_failure_closes_and_zero_replay_has_no_missing_cells)
----------------------------------------------------------------------
Traceback (most recent call last):
  File "/home/malecada/master_thesis/TradingAgents-audit-fixes/research/onchain-paper-replication-2026-09-24/full_sources/mcm-array-kernel-2026-10-01/test_kernel.py", line 22, in setUp
    self.m=api();self.f=base.Tests();self.f.setUp()
           ~~~^^
  File "/home/malecada/master_thesis/TradingAgents-audit-fixes/research/onchain-paper-replication-2026-09-24/full_sources/mcm-array-kernel-2026-10-01/test_kernel.py", line 17, in api
    assert (HERE/'kernel.py').is_file(),'bounded MCM kernel missing'
           ~~~~~~~~~~~~~~~~~~~~~~~~~~^^
AssertionError: bounded MCM kernel missing

======================================================================
FAIL: test_post_pair_lease_failure_stops_before_next_pair_and_closes (__main__.Tests.test_post_pair_lease_failure_stops_before_next_pair_and_closes)
----------------------------------------------------------------------
Traceback (most recent call last):
  File "/home/malecada/master_thesis/TradingAgents-audit-fixes/research/onchain-paper-replication-2026-09-24/full_sources/mcm-array-kernel-2026-10-01/test_kernel.py", line 22, in setUp
    self.m=api();self.f=base.Tests();self.f.setUp()
           ~~~^^
  File "/home/malecada/master_thesis/TradingAgents-audit-fixes/research/onchain-paper-replication-2026-09-24/full_sources/mcm-array-kernel-2026-10-01/test_kernel.py", line 17, in api
    assert (HERE/'kernel.py').is_file(),'bounded MCM kernel missing'
           ~~~~~~~~~~~~~~~~~~~~~~~~~~^^
AssertionError: bounded MCM kernel missing

======================================================================
FAIL: test_previous_local_is_released_before_next_neighborhood (__main__.Tests.test_previous_local_is_released_before_next_neighborhood)
----------------------------------------------------------------------
Traceback (most recent call last):
  File "/home/malecada/master_thesis/TradingAgents-audit-fixes/research/onchain-paper-replication-2026-09-24/full_sources/mcm-array-kernel-2026-10-01/test_kernel.py", line 22, in setUp
    self.m=api();self.f=base.Tests();self.f.setUp()
           ~~~^^
  File "/home/malecada/master_thesis/TradingAgents-audit-fixes/research/onchain-paper-replication-2026-09-24/full_sources/mcm-array-kernel-2026-10-01/test_kernel.py", line 17, in api
    assert (HERE/'kernel.py').is_file(),'bounded MCM kernel missing'
           ~~~~~~~~~~~~~~~~~~~~~~~~~~^^
AssertionError: bounded MCM kernel missing

----------------------------------------------------------------------
Ran 7 tests in 0.002s

FAILED (failures=7)
