test_absent_registration (__main__.Tests.test_absent_registration) ... FAIL
test_additional_collision (__main__.Tests.test_additional_collision) ... ok
test_bad_dataset (__main__.Tests.test_bad_dataset) ... FAIL
test_complete_positive (__main__.Tests.test_complete_positive) ... FAIL
test_component_original_collision (__main__.Tests.test_component_original_collision) ... FAIL
test_inverse_seams_only (__main__.Tests.test_inverse_seams_only) ... ok
test_missing_policy (__main__.Tests.test_missing_policy) ... FAIL
test_missing_provenance (__main__.Tests.test_missing_provenance) ... FAIL
test_output_header_collision (__main__.Tests.test_output_header_collision) ... FAIL
test_plan_selection_drift (__main__.Tests.test_plan_selection_drift) ... FAIL
test_resealed_changed_policy (__main__.Tests.test_resealed_changed_policy) ... FAIL
test_target_component_manifest_collision (__main__.Tests.test_target_component_manifest_collision) ... ok

======================================================================
FAIL: test_absent_registration (__main__.Tests.test_absent_registration)
----------------------------------------------------------------------
Traceback (most recent call last):
  File "/home/malecada/master_thesis/TradingAgents-audit-fixes/research/onchain-paper-replication-2026-09-24/full_sources/neural-cold-feature-handoff-held-consumer-fixture-successor-preparation02-2026-10-03/test_corrections02.py", line 73, in test_absent_registration
    with self.assertRaises(ValueError):draft(s,r,d)
         ~~~~~~~~~~~~~~~~~^^^^^^^^^^^^
AssertionError: ValueError not raised

======================================================================
FAIL: test_bad_dataset (__main__.Tests.test_bad_dataset)
----------------------------------------------------------------------
Traceback (most recent call last):
  File "/home/malecada/master_thesis/TradingAgents-audit-fixes/research/onchain-paper-replication-2026-09-24/full_sources/neural-cold-feature-handoff-held-consumer-fixture-successor-preparation02-2026-10-03/test_corrections02.py", line 64, in test_bad_dataset
    with self.assertRaises(ValueError):draft(s,r,d)
         ~~~~~~~~~~~~~~~~~^^^^^^^^^^^^
AssertionError: ValueError not raised

======================================================================
FAIL: test_complete_positive (__main__.Tests.test_complete_positive)
----------------------------------------------------------------------
Traceback (most recent call last):
  File "/home/malecada/master_thesis/TradingAgents-audit-fixes/research/onchain-paper-replication-2026-09-24/full_sources/neural-cold-feature-handoff-held-consumer-fixture-successor-preparation02-2026-10-03/test_corrections02.py", line 43, in test_complete_positive
    s,r,d=fixture();o,reads=draft(s,r,d);self.assertIn('held.json',reads);self.assertFalse(o['execution_admitted']);self.assertEqual(len(o['input_plan']['input_rows']),28)
                                         ~~~~~~~~~~~~~^^^^^^^^^^^^^^^^^^^
AssertionError: 'held.json' not found in ['env.json', 'native.json', 'original.json', 'evidence.json', 'targets.json', 'case.json', 'registration.json', 'job.json', 'plan.json', 'pair.json', 'control.json']

======================================================================
FAIL: test_component_original_collision (__main__.Tests.test_component_original_collision)
----------------------------------------------------------------------
Traceback (most recent call last):
  File "/home/malecada/master_thesis/TradingAgents-audit-fixes/research/onchain-paper-replication-2026-09-24/full_sources/neural-cold-feature-handoff-held-consumer-fixture-successor-preparation02-2026-10-03/test_corrections02.py", line 46, in test_component_original_collision
    with self.assertRaises(ValueError):G['held_input_plan'](r,s)
         ~~~~~~~~~~~~~~~~~^^^^^^^^^^^^
AssertionError: ValueError not raised

======================================================================
FAIL: test_missing_policy (__main__.Tests.test_missing_policy)
----------------------------------------------------------------------
Traceback (most recent call last):
  File "/home/malecada/master_thesis/TradingAgents-audit-fixes/research/onchain-paper-replication-2026-09-24/full_sources/neural-cold-feature-handoff-held-consumer-fixture-successor-preparation02-2026-10-03/test_corrections02.py", line 55, in test_missing_policy
    with self.assertRaises(ValueError):draft(s,r,d)
         ~~~~~~~~~~~~~~~~~^^^^^^^^^^^^
AssertionError: ValueError not raised

======================================================================
FAIL: test_missing_provenance (__main__.Tests.test_missing_provenance)
----------------------------------------------------------------------
Traceback (most recent call last):
  File "/home/malecada/master_thesis/TradingAgents-audit-fixes/research/onchain-paper-replication-2026-09-24/full_sources/neural-cold-feature-handoff-held-consumer-fixture-successor-preparation02-2026-10-03/test_corrections02.py", line 61, in test_missing_provenance
    with self.assertRaises(ValueError):draft(s,r,d)
         ~~~~~~~~~~~~~~~~~^^^^^^^^^^^^
AssertionError: ValueError not raised

======================================================================
FAIL: test_output_header_collision (__main__.Tests.test_output_header_collision)
----------------------------------------------------------------------
Traceback (most recent call last):
  File "/home/malecada/master_thesis/TradingAgents-audit-fixes/research/onchain-paper-replication-2026-09-24/full_sources/neural-cold-feature-handoff-held-consumer-fixture-successor-preparation02-2026-10-03/test_corrections02.py", line 70, in test_output_header_collision
    with self.assertRaises(ValueError):draft(s,r,d)
         ~~~~~~~~~~~~~~~~~^^^^^^^^^^^^
AssertionError: ValueError not raised

======================================================================
FAIL: test_plan_selection_drift (__main__.Tests.test_plan_selection_drift)
----------------------------------------------------------------------
Traceback (most recent call last):
  File "/home/malecada/master_thesis/TradingAgents-audit-fixes/research/onchain-paper-replication-2026-09-24/full_sources/neural-cold-feature-handoff-held-consumer-fixture-successor-preparation02-2026-10-03/test_corrections02.py", line 67, in test_plan_selection_drift
    with self.assertRaises(ValueError):draft(s,r,d)
         ~~~~~~~~~~~~~~~~~^^^^^^^^^^^^
AssertionError: ValueError not raised

======================================================================
FAIL: test_resealed_changed_policy (__main__.Tests.test_resealed_changed_policy)
----------------------------------------------------------------------
Traceback (most recent call last):
  File "/home/malecada/master_thesis/TradingAgents-audit-fixes/research/onchain-paper-replication-2026-09-24/full_sources/neural-cold-feature-handoff-held-consumer-fixture-successor-preparation02-2026-10-03/test_corrections02.py", line 58, in test_resealed_changed_policy
    with self.assertRaises(ValueError):draft(s,r,d)
         ~~~~~~~~~~~~~~~~~^^^^^^^^^^^^
AssertionError: ValueError not raised

----------------------------------------------------------------------
Ran 12 tests in 0.045s

FAILED (failures=9)
