{
  "bytes_read": 82754113,
  "checker_sha256": "d0d770b45def89e8e00e81fa1bbb35416034eaace5ecab0f15193fd43b7a32d8",
  "closure_sha256": "af61a1de642d029579230fb3980e87eefe8dc5e0e7ba6a965393f194e996c92c",
  "current_typed": 589,
  "excluded": [
    "POSIX reconstruction",
    "installed runtime package bodies",
    "unrelated stores",
    "full capacity",
    "final caller/gate/registration supplement"
  ],
  "failed_claims": [
    {
      "budget": 19,
      "claim_sha256": "2e3bbbbf786f784eadb18bc3cdfea68905610ae773bbbd748ea1b2666b9e61f1",
      "failed_sha256": "abdaef6f01bd02614782e442e2c102c38faa57e76061cba43b69960f3e389fa6",
      "identity": "financial-wrapper-classification-eager-complete100-20261003-01"
    },
    {
      "budget": 19,
      "claim_sha256": "d390980c956aab64d5521698cbb6123ccf01ece94a95277b97755f019adf692b",
      "failed_sha256": "4b2d7b0d162e80fe2074997baed35f2d6e6c86e5f660872fc2b8e97bb9622558",
      "identity": "financial-wrapper-classification-eager-interrupt1-claimedrun-20261004-01"
    },
    {
      "budget": 18,
      "claim_sha256": "4c543d71fad5255be61087eaa3619d9e88cbbdc12fa1398bd7fa7fe6fb75c128",
      "failed_sha256": "35158c0ecebfe4dc75203ba87d5372f2f85643c0b5f828a99e17aa28fe79c450",
      "identity": "financial-wrapper-classification-eager-interrupt1-recordfix-20261004-01"
    }
  ],
  "files_read": 1551,
  "highest_actual_allowance": 19,
  "historical_map_sha256": "ebb1727ccb55678aead9f0d5b5ee43ec81a46019c7fbb13c4b4f76144507bbca",
  "implementation": 195,
  "new_git_objects": 9,
  "numerical_authority": false,
  "old_git_objects": 385,
  "original_capsule_typed": 588,
  "package": 150,
  "policy_sha256": "ae8fbdc9d13e75fc453b70b5ee633c89fb4577e9b68a35b4147cf1bbd58c6887",
  "protected_typed": 585,
  "recovery_proof": null,
  "recovery_receipts": [
    {
      "path": "/home/malecada/master_thesis/TradingAgents-audit-fixes/research/onchain-paper-replication-2026-09-24/full_sources/financial-wrapper-complete100-baseline-actual-flat-review01-2026-10-04/MACHINE01.json",
      "sha256": "49e0ad65d23f34496963b09e82cb8744d0e56c6d5c1a598af48f7154bd0e9122"
    },
    {
      "path": "/home/malecada/master_thesis/TradingAgents-audit-fixes/research/onchain-paper-replication-2026-09-24/full_sources/financial-wrapper-complete100-baseline-actual-flat-review01-2026-10-04/REPORT01.md",
      "sha256": "7707da79a4d7f5f8bf5a57154ee49fa8451c2e288f8cbd0bde99ba8ce7071226"
    },
    {
      "path": "/home/malecada/master_thesis/TradingAgents-audit-fixes/research/onchain-paper-replication-2026-09-24/full_sources/financial-wrapper-complete100-baseline-actual-flat-review01-2026-10-04/MANIFEST01.json",
      "sha256": "b2b21990d72ade7371727fa35ed30d9087a2a608d04ce4428ee493ca8f2afc84"
    },
    {
      "path": "/home/malecada/master_thesis/TradingAgents-audit-fixes/research/onchain-paper-replication-2026-09-24/full_sources/financial-wrapper-complete100-failed-full-recovery-review03-2026-10-04/MACHINE01.json",
      "sha256": "171c1f7f37934d661b75d241500df637d8155515ac86965b40bcc6821ec6cb0b"
    },
    {
      "path": "/home/malecada/master_thesis/TradingAgents-audit-fixes/research/onchain-paper-replication-2026-09-24/full_sources/financial-wrapper-complete100-failed-full-recovery-review03-2026-10-04/REPORT01.md",
      "sha256": "71e61e7b894297776c8107087ed36e177bfa1511e87bc7f461e5cfcf8f0e3278"
    },
    {
      "path": "/home/malecada/master_thesis/TradingAgents-audit-fixes/research/onchain-paper-replication-2026-09-24/full_sources/financial-wrapper-complete100-failed-full-recovery-review03-2026-10-04/MANIFEST01.json",
      "sha256": "d24ff359f85f087ee2d36bd6010a4b04f43207ffae92603c31e5acd80f5b1726"
    },
    {
      "path": "/home/malecada/master_thesis/TradingAgents-audit-fixes/research/onchain-paper-replication-2026-09-24/full_sources/financial-wrapper-compatibility-concrete-policy-review01-2026-10-04/MACHINE01.json",
      "sha256": "27367565dc31fdbe190a80cfecca7f609ca9e2391c8335a3a85321669e794a6a"
    },
    {
      "path": "/home/malecada/master_thesis/TradingAgents-audit-fixes/research/onchain-paper-replication-2026-09-24/full_sources/financial-wrapper-compatibility-concrete-policy-review01-2026-10-04/REPORT01.md",
      "sha256": "03330ea8378429a7846a5826af75646aaac3b3daa581ea552bf404a651fa9835"
    },
    {
      "path": "/home/malecada/master_thesis/TradingAgents-audit-fixes/research/onchain-paper-replication-2026-09-24/full_sources/financial-wrapper-compatibility-concrete-policy-review01-2026-10-04/MANIFEST01.json",
      "sha256": "82b1066539316421d5d58ab43583ba2a5ac1fad065f5360cb12e1441b0832361"
    },
    {
      "path": "/home/malecada/master_thesis/TradingAgents-audit-fixes/research/onchain-paper-replication-2026-09-24/full_sources/financial-wrapper-complete100-failed-root-remote03-2026-10-04/FLAT_RECOVERY01.json",
      "sha256": "7f806b4a71a15128accc699f221441305bfbfa56eeff48179e9cd96d44ba6c17"
    },
    {
      "path": "/home/malecada/master_thesis/TradingAgents-audit-fixes/research/onchain-paper-replication-2026-09-24/full_sources/financial-wrapper-complete100-baseline-remote01-2026-10-04/FLAT_RECOVERY01.json",
      "sha256": "9cd4a45f050d4267ade7febf5da9e57da2afbefd0e3fd156106d4f8d9b4e4460"
    },
    {
      "path": "/home/malecada/master_thesis/TradingAgents-audit-fixes/research/onchain-paper-replication-2026-09-24/full_sources/financial-wrapper-compatibility-operational-delta-root-remote03-2026-10-04/REMOTE_RECOVERY01.json",
      "sha256": "64c74556c7060fc7d118b5b07354bb737e5c157446ffef8c27fe77ea6cef4d47"
    }
  ],
  "sampled_currentness": "finite namespace/descriptor/signature joins; no atomic or continuous immutability guarantee",
  "schema_version": 1,
  "selected_original_modes_preserved": true,
  "source": "7b056a574e3e7b3c7ba209a39ee6a615e649d60c",
  "status": "PREREQUISITES_VERIFIED_NOT_RECOVERY",
  "target_map_sha256": "2e281f7ca64a12be316424d8e93b0eab28ba0d121214e79ada7249c96930b040",
  "total_git_objects": 394,
  "tracked": 340
}
