test_actual_pair_score_matches_scalar_and_publication_is_durable (__main__.Tests.test_actual_pair_score_matches_scalar_and_publication_is_durable) ... FAIL
test_cleanup_failure_is_fatal_and_poisoned (__main__.Tests.test_cleanup_failure_is_fatal_and_poisoned) ... FAIL
test_completed_pair_reuse_forbids_every_solver_entry (__main__.Tests.test_completed_pair_reuse_forbids_every_solver_entry) ... FAIL
test_cumulative_quota_refuses_before_pair_allocation (__main__.Tests.test_cumulative_quota_refuses_before_pair_allocation) ... FAIL
test_partial_checkpoint_new_owner_resumes_and_preserves_parent (__main__.Tests.test_partial_checkpoint_new_owner_resumes_and_preserves_parent) ... FAIL
test_pending_publication_refuses_without_solver (__main__.Tests.test_pending_publication_refuses_without_solver) ... FAIL
test_publication_gap_stays_pending_and_is_not_rerun (__main__.Tests.test_publication_gap_stays_pending_and_is_not_rerun) ... FAIL
test_wrong_workload_or_orientation_refused_before_reservation (__main__.Tests.test_wrong_workload_or_orientation_refused_before_reservation) ... FAIL

======================================================================
FAIL: test_actual_pair_score_matches_scalar_and_publication_is_durable (__main__.Tests.test_actual_pair_score_matches_scalar_and_publication_is_durable)
----------------------------------------------------------------------
Traceback (most recent call last):
  File "/home/malecada/master_thesis/TradingAgents-audit-fixes/research/onchain-paper-replication-2026-09-24/full_sources/pair-serial-composition-2026-09-30/test_serial.py", line 21, in setUp
    self.assertTrue((HERE/'serial.py').exists(),'serial composition missing')
    ~~~~~~~~~~~~~~~^^^^^^^^^^^^^^^^^^^^^^^^^^^^^^^^^^^^^^^^^^^^^^^^^^^^^^^^^^
AssertionError: False is not true : serial composition missing

======================================================================
FAIL: test_cleanup_failure_is_fatal_and_poisoned (__main__.Tests.test_cleanup_failure_is_fatal_and_poisoned)
----------------------------------------------------------------------
Traceback (most recent call last):
  File "/home/malecada/master_thesis/TradingAgents-audit-fixes/research/onchain-paper-replication-2026-09-24/full_sources/pair-serial-composition-2026-09-30/test_serial.py", line 21, in setUp
    self.assertTrue((HERE/'serial.py').exists(),'serial composition missing')
    ~~~~~~~~~~~~~~~^^^^^^^^^^^^^^^^^^^^^^^^^^^^^^^^^^^^^^^^^^^^^^^^^^^^^^^^^^
AssertionError: False is not true : serial composition missing

======================================================================
FAIL: test_completed_pair_reuse_forbids_every_solver_entry (__main__.Tests.test_completed_pair_reuse_forbids_every_solver_entry)
----------------------------------------------------------------------
Traceback (most recent call last):
  File "/home/malecada/master_thesis/TradingAgents-audit-fixes/research/onchain-paper-replication-2026-09-24/full_sources/pair-serial-composition-2026-09-30/test_serial.py", line 21, in setUp
    self.assertTrue((HERE/'serial.py').exists(),'serial composition missing')
    ~~~~~~~~~~~~~~~^^^^^^^^^^^^^^^^^^^^^^^^^^^^^^^^^^^^^^^^^^^^^^^^^^^^^^^^^^
AssertionError: False is not true : serial composition missing

======================================================================
FAIL: test_cumulative_quota_refuses_before_pair_allocation (__main__.Tests.test_cumulative_quota_refuses_before_pair_allocation)
----------------------------------------------------------------------
Traceback (most recent call last):
  File "/home/malecada/master_thesis/TradingAgents-audit-fixes/research/onchain-paper-replication-2026-09-24/full_sources/pair-serial-composition-2026-09-30/test_serial.py", line 21, in setUp
    self.assertTrue((HERE/'serial.py').exists(),'serial composition missing')
    ~~~~~~~~~~~~~~~^^^^^^^^^^^^^^^^^^^^^^^^^^^^^^^^^^^^^^^^^^^^^^^^^^^^^^^^^^
AssertionError: False is not true : serial composition missing

======================================================================
FAIL: test_partial_checkpoint_new_owner_resumes_and_preserves_parent (__main__.Tests.test_partial_checkpoint_new_owner_resumes_and_preserves_parent)
----------------------------------------------------------------------
Traceback (most recent call last):
  File "/home/malecada/master_thesis/TradingAgents-audit-fixes/research/onchain-paper-replication-2026-09-24/full_sources/pair-serial-composition-2026-09-30/test_serial.py", line 21, in setUp
    self.assertTrue((HERE/'serial.py').exists(),'serial composition missing')
    ~~~~~~~~~~~~~~~^^^^^^^^^^^^^^^^^^^^^^^^^^^^^^^^^^^^^^^^^^^^^^^^^^^^^^^^^^
AssertionError: False is not true : serial composition missing

======================================================================
FAIL: test_pending_publication_refuses_without_solver (__main__.Tests.test_pending_publication_refuses_without_solver)
----------------------------------------------------------------------
Traceback (most recent call last):
  File "/home/malecada/master_thesis/TradingAgents-audit-fixes/research/onchain-paper-replication-2026-09-24/full_sources/pair-serial-composition-2026-09-30/test_serial.py", line 21, in setUp
    self.assertTrue((HERE/'serial.py').exists(),'serial composition missing')
    ~~~~~~~~~~~~~~~^^^^^^^^^^^^^^^^^^^^^^^^^^^^^^^^^^^^^^^^^^^^^^^^^^^^^^^^^^
AssertionError: False is not true : serial composition missing

======================================================================
FAIL: test_publication_gap_stays_pending_and_is_not_rerun (__main__.Tests.test_publication_gap_stays_pending_and_is_not_rerun)
----------------------------------------------------------------------
Traceback (most recent call last):
  File "/home/malecada/master_thesis/TradingAgents-audit-fixes/research/onchain-paper-replication-2026-09-24/full_sources/pair-serial-composition-2026-09-30/test_serial.py", line 21, in setUp
    self.assertTrue((HERE/'serial.py').exists(),'serial composition missing')
    ~~~~~~~~~~~~~~~^^^^^^^^^^^^^^^^^^^^^^^^^^^^^^^^^^^^^^^^^^^^^^^^^^^^^^^^^^
AssertionError: False is not true : serial composition missing

======================================================================
FAIL: test_wrong_workload_or_orientation_refused_before_reservation (__main__.Tests.test_wrong_workload_or_orientation_refused_before_reservation)
----------------------------------------------------------------------
Traceback (most recent call last):
  File "/home/malecada/master_thesis/TradingAgents-audit-fixes/research/onchain-paper-replication-2026-09-24/full_sources/pair-serial-composition-2026-09-30/test_serial.py", line 21, in setUp
    self.assertTrue((HERE/'serial.py').exists(),'serial composition missing')
    ~~~~~~~~~~~~~~~^^^^^^^^^^^^^^^^^^^^^^^^^^^^^^^^^^^^^^^^^^^^^^^^^^^^^^^^^^
AssertionError: False is not true : serial composition missing

----------------------------------------------------------------------
Ran 8 tests in 0.002s

FAILED (failures=8)
