test_bad_frames_missing_wrongtype_extent_hash_and_trailing (__main__.Tests.test_bad_frames_missing_wrongtype_extent_hash_and_trailing) ... FAIL
test_exact26_frames_order_hash_and_binary_newlines (__main__.Tests.test_exact26_frames_order_hash_and_binary_newlines) ... FAIL
test_request_batch_single_invocation_no_reuse (__main__.Tests.test_request_batch_single_invocation_no_reuse) ... FAIL

======================================================================
FAIL: test_bad_frames_missing_wrongtype_extent_hash_and_trailing (__main__.Tests.test_bad_frames_missing_wrongtype_extent_hash_and_trailing)
----------------------------------------------------------------------
Traceback (most recent call last):
  File "/home/malecada/master_thesis/TradingAgents-audit-fixes/research/onchain-paper-replication-2026-09-24/full_sources/original-import-git-object-batch-candidate01-2026-10-03/test_batch01.py", line 19, in test_bad_frames_missing_wrongtype_extent_hash_and_trailing
    fn=extract('_original_batch_rows',{'require':require,'hashlib':hashlib})
  File "/home/malecada/master_thesis/TradingAgents-audit-fixes/research/onchain-paper-replication-2026-09-24/full_sources/original-import-git-object-batch-candidate01-2026-10-03/test_batch01.py", line 9, in extract
    if fn is None:raise AssertionError('selected source missing '+name)
                  ^^^^^^^^^^^^^^^^^^^^^^^^^^^^^^^^^^^^^^^^^^^^^^^^^^^^^
AssertionError: selected source missing _original_batch_rows

======================================================================
FAIL: test_exact26_frames_order_hash_and_binary_newlines (__main__.Tests.test_exact26_frames_order_hash_and_binary_newlines)
----------------------------------------------------------------------
Traceback (most recent call last):
  File "/home/malecada/master_thesis/TradingAgents-audit-fixes/research/onchain-paper-replication-2026-09-24/full_sources/original-import-git-object-batch-candidate01-2026-10-03/test_batch01.py", line 15, in test_exact26_frames_order_hash_and_binary_newlines
    fn=extract('_original_batch_rows',{'require':require,'hashlib':hashlib});out=fn(wire,rows)
  File "/home/malecada/master_thesis/TradingAgents-audit-fixes/research/onchain-paper-replication-2026-09-24/full_sources/original-import-git-object-batch-candidate01-2026-10-03/test_batch01.py", line 9, in extract
    if fn is None:raise AssertionError('selected source missing '+name)
                  ^^^^^^^^^^^^^^^^^^^^^^^^^^^^^^^^^^^^^^^^^^^^^^^^^^^^^
AssertionError: selected source missing _original_batch_rows

======================================================================
FAIL: test_request_batch_single_invocation_no_reuse (__main__.Tests.test_request_batch_single_invocation_no_reuse)
----------------------------------------------------------------------
Traceback (most recent call last):
  File "/home/malecada/master_thesis/TradingAgents-audit-fixes/research/onchain-paper-replication-2026-09-24/full_sources/original-import-git-object-batch-candidate01-2026-10-03/test_batch01.py", line 26, in test_request_batch_single_invocation_no_reuse
    self.assertEqual(calls.count('_original_git_batch'),1);self.assertNotIn('subprocess.check_output',calls)
    ~~~~~~~~~~~~~~~~^^^^^^^^^^^^^^^^^^^^^^^^^^^^^^^^^^^^^^
AssertionError: 0 != 1

----------------------------------------------------------------------
Ran 3 tests in 0.038s

FAILED (failures=3)
