{
  "event_record_bytes": 168,
  "local_once_per_validate_canonical_index_proposal": {
    "canonical_calls": 544,
    "not_implemented": true,
    "not_wall_time_speedup": true
  },
  "per_successful_CompactMatcher_check": {
    "Binding_check": 8,
    "Target_lease": 2,
    "membership_graph_canonical_calls": 262144,
    "original_validate": 8,
    "representative_sample_comparisons": 131072
  },
  "per_successful_Target_lease": {
    "Binding_check": 4,
    "PreparedImport_check": 4,
    "membership_graph_canonical_calls": 131072,
    "original_role_body_reads_excluding_other_controls": 88,
    "original_validate": 4,
    "representative_sample_comparisons": 65536
  },
  "qualification": "Source call expansion and exact scalar-sentinel comprehension only; no genuine authority, numerical data, OS job, profiler or wall-time estimate.",
  "registered_schedule": {
    "calls_per_checkpoint": 10000,
    "max_checkpoints": 1,
    "max_total_checkpoint_bytes": 62914560,
    "max_total_checkpoints": 160,
    "operations_per_call": 1000000
  },
  "source_sha256": {
    "tradingagents/research/onchain_replication/compact_matcher.py": "6a7e6e0c1918db7a42edc8fe8737f2b77497c0e32583c184e338e286fa47ad70",
    "tradingagents/research/onchain_replication/compact_mcm.py": "6673fa484f37c0c3556c3d158035bb0c7f1db8f4a9f834ca50374c57c1e21b81",
    "tradingagents/research/onchain_replication/compact_owner.py": "c1f4f1b70ab5e955d5302cda5a1fd2dfc1c02a9df15589acabc7a36c80873171",
    "tradingagents/research/onchain_replication/compact_pair_log.py": "e7b38cbc4a0b13733e0018db897489acab5f7324368c7938addb20f8a9d2392d",
    "tradingagents/research/onchain_replication/environment.py": "8b3d09acbce94502f58f5d595c0018e45e9854b8f04241705c50fb21051b8a28",
    "tradingagents/research/onchain_replication/imported_mcm_identity.py": "8b062eaf6a9a4d7315591c3b1d96f3fd8de52fae873f4cf31769cf3224fcf5a1",
    "tradingagents/research/onchain_replication/matching_annealing.py": "602636b8311431bd2f7d4d28ed59627e9ac576341b0dbcc6f0d41225dc79b7d1",
    "tradingagents/research/onchain_replication/matching_checkpoint.py": "6ef36f12a8e601177c0dde507f99d80853df80ad46cfd7f0321e5c0d655ab9df",
    "tradingagents/research/onchain_replication/matching_owner.py": "22afd3f3a0c52221d43a2fa87d285db4874e08a21adf7c5ac336270e0ece0751",
    "tradingagents/research/onchain_replication/mcm_score_stream.py": "0cb6280571d465bcbd9b721492c5b6297666bbf14c5b5939cb36b4f9f72309fe",
    "tradingagents/research/onchain_replication/original_dictionary.py": "cbe571a3758695b2ff63a45031c90840a7358538f9a2c0bad31077db8439a6d9",
    "tradingagents/research/onchain_replication/original_import_preparation.py": "cfae656ca4684271e5f9bc36f4ec4f09ff0da77436a5133b5f2a743c80ffe9e5",
    "tradingagents/research/onchain_replication/original_import_stage.py": "7e1596c76e2af76eede19f5d9a6fd368c4f87eaf92156b4ac7be9def069d717a"
  },
  "synthetic_one_validate": {
    "canonical_calls": 32768,
    "representatives": 32,
    "sample_records": 512
  }
}
