Traceback (most recent call last):
  File "/home/malecada/master_thesis/TradingAgents-audit-fixes/research/onchain-paper-replication-2026-09-24/full_sources/real-data-pilot-final20-2026-10-08/prepare20_03.py", line 112, in <module>
    if __name__=='__main__':prepare()
                            ~~~~~~~^^
  File "/home/malecada/master_thesis/TradingAgents-audit-fixes/research/onchain-paper-replication-2026-09-24/full_sources/real-data-pilot-final20-2026-10-08/prepare20_03.py", line 82, in prepare
    refs[role]=ref(HERE/'templates02'/name)
               ~~~^^^^^^^^^^^^^^^^^^^^^^^^^
  File "/home/malecada/master_thesis/TradingAgents-audit-fixes/research/onchain-paper-replication-2026-09-24/full_sources/real-data-pilot-final20-2026-10-08/prepare20_03.py", line 28, in ref
    return dict(path=str(p.relative_to(ROOT)),sha256=digest(p),bytes=p.stat().st_size)
                                                     ~~~~~~^^^
  File "/home/malecada/master_thesis/TradingAgents-audit-fixes/research/onchain-paper-replication-2026-09-24/full_sources/real-data-pilot-final20-2026-10-08/prepare20_03.py", line 25, in digest
    return hashlib.sha256(p.read_bytes()).hexdigest()
                          ~~~~~~~~~~~~^^
  File "/home/malecada/.local/share/uv/python/cpython-3.13.13-linux-x86_64-gnu/lib/python3.13/pathlib/_abc.py", line 625, in read_bytes
    with self.open(mode='rb') as f:
         ~~~~~~~~~^^^^^^^^^^^
  File "/home/malecada/.local/share/uv/python/cpython-3.13.13-linux-x86_64-gnu/lib/python3.13/pathlib/_local.py", line 537, in open
    return io.open(self, mode, buffering, encoding, errors, newline)
           ~~~~~~~^^^^^^^^^^^^^^^^^^^^^^^^^^^^^^^^^^^^^^^^^^^^^^^^^^
FileNotFoundError: [Errno 2] No such file or directory: '/home/malecada/master_thesis/TradingAgents-audit-fixes/research/onchain-paper-replication-2026-09-24/full_sources/real-data-pilot-final20-2026-10-08/templates02/producer_plan.json'
