{
  "schema_version": 1,
  "decision": "COMPLETE_RECORDFIX_SOURCE_BYTE_UNION_ACCEPTED",
  "checks": 41343,
  "source": "649fb8a11089524aaef7843dffeeb90a3a55ca17",
  "flat_receipt_sha256": "801ad60a0af8098d09e38ce6aea8d1df6d840a1fefc4025f21aec9360d32fec5",
  "remote_receipt_sha256": "0eec2d133f35af75fa6b5c17b16d7f0de24ec1756d957361ea425fd7ddf0d083",
  "prior_remote_manifest_sha256": "7159276bf22db3ac866674315b4cda2e65f540ac2916b3925b9c8773a0c678c6",
  "actual_root_terminal_sha256": "6b4d57e97b4fe309e1a8a7939760208ad1a420c832a656b03155780bb4641b8e",
  "request_sha256": "81cd8a27b06d8fc956997ae34693c9f03bae5fa3a7090eb12d00dd0b6b03b71c",
  "flat_release_sha256": "758ca0ffcd94a329404150ef70bd8907f521b24c16d965081c830f3da96c8810",
  "source_archive_sha256": "8d49d60b509bc9c95cd04274127b12387b8070295499dad3d24db63b9a376efb",
  "source_manifest_sha256": "26c67e9c9b28dd4cd607ab3833fa14143d6e8e4c7c3617024275294940ffbc53",
  "flat_metadata_sha256": "0e8cfc5bba519e4c364446eb67f547276bcb5e79d0f1b14bf32ea168a67aaf83",
  "source_members": 986,
  "source_regular": 713,
  "private_flat_files": 714,
  "tracked": 325,
  "source_pins": 324,
  "implementation": 194,
  "package": 149,
  "inputs": 8,
  "numerical_budget": 18,
  "prior_attempts": 0,
  "numerical_claims": 0,
  "snapshots": [
    {
      "origin": "/home/malecada/master_thesis/TradingAgents-audit-fixes/research/onchain-paper-replication-2026-09-24/full_sources/financial-genuine-wrapper-recordfix-transport-flat-review01-2026-10-04",
      "typed_members_including_root": 1771,
      "regular_bodies": 1482,
      "archive_sha256": "2a1e449a69c3445573c2e991324e0d32244e6180e3285a4ab34f959a6d93aab4",
      "manifest_sha256": "734e2e8aa051dd51bc046927aee97547831ba945ad04bfb36756e324d678d8d2",
      "raw_headers": 1771,
      "pax_headers": 1,
      "literal_symlinks": 1,
      "canonical_recompression": true
    },
    {
      "origin": "/home/malecada/master_thesis/TradingAgents-audit-fixes/research/onchain-paper-replication-2026-09-24/full_sources/financial-genuine-wrapper-recordfix-capture-review01-2026-10-04",
      "typed_members_including_root": 38,
      "regular_bodies": 31,
      "archive_sha256": "32a190828815496ac88926201a047729bcf89e4b8dc041175ce82a60c19dcbed",
      "manifest_sha256": "1b83fb61c25409a28ab7782fc9d33a2fb193618c7df327c0a2086142246e5f74",
      "raw_headers": 38,
      "pax_headers": 1,
      "literal_symlinks": 1,
      "canonical_recompression": true
    }
  ],
  "original_capture44125_PID_history_available": false,
  "actual_recorded_elapsed_seconds": 1.6483686980209313,
  "scope_qualification_sha256": "e2b582748080f0af65fbec17db5f6b37060f8cfeca7b455220a25a32637d1a52",
  "new_Parent_final_verifier_runtime_store_POSIX_capacity_native_authority": false
}
