{
  "schema_version": 1,
  "decision": "ACCEPTED_EXACT_INTERMEDIATE_SOURCE_PARENT_LOCAL_SELECTION_PENDING_ACTUAL_REMOTE",
  "checks": 1788,
  "selection_sha256": "5b336b0f0642ec0b521d8dde5820889d395cadbda65fa826e6cc377a6f3fcfa0",
  "selected_commit": "8ac18965d66fec5e2569b71a82003fa3791005e6",
  "selected_count": 116,
  "selected_logical_bytes": 3924686,
  "expected_git_operations": 243,
  "effective_maximum_rows": 506,
  "source": "d4e56ba9ed968e9c24b2813656c2ca65a3dbd7a0",
  "capture_sha256": "3401a6d84e8e00439e921eaafa690e155f16022d742d9f77045742db15d42660",
  "archives": {
    "parent": {
      "bytes": 75115,
      "manifest_sha256": "7f608e9877086f961f4f8a998ba5faa50d42b8fd65808e2cf3ba2756eb28b77e",
      "sha256": "d620cea8113f365fb1c9a458f245031b1f04c063c861f0b08a9f1ba71f1e2c7f"
    },
    "source": {
      "bytes": 2703524,
      "manifest_sha256": "ebe3ade50a6bd106105001a615144a2e4ef1d649755989bc63937063ed9c258c",
      "sha256": "4a483c2d9d1ed1c5f652e73bb818ca8bd11dbe79fa7acaae34b11248655a4e76"
    }
  },
  "disk_free_bytes": 18707787776,
  "fresh_namespace_absent": true,
  "actual_remote_or_flat_recovery": false,
  "runtime_native_final_release_authority": false
}
