FFFFFFFFFFFF                                                             [100%]
=================================== FAILURES ===================================
_____ test_actual_completed_matching_becomes_exact_readonly_float32_matrix _____

tmp_path = PosixPath('/tmp/pytest-of-malecada/pytest-45/test_actual_completed_matching0')
monkeypatch = <_pytest.monkeypatch.MonkeyPatch object at 0x74a916437360>

    def test_actual_completed_matching_becomes_exact_readonly_float32_matrix(tmp_path, monkeypatch):
>       from tradingagents.research.onchain_replication import compact_mcm_output as api
E       ImportError: cannot import name 'compact_mcm_output' from 'tradingagents.research.onchain_replication' (/home/malecada/master_thesis/TradingAgents-audit-fixes/tradingagents/research/onchain_replication/__init__.py)

tests/research/onchain_replication/test_compact_mcm_output.py:24: ImportError
___ test_external_scope_and_capacity_refuse_before_output_creation[capacity] ___

tmp_path = PosixPath('/tmp/pytest-of-malecada/pytest-45/test_external_scope_and_capaci0')
monkeypatch = <_pytest.monkeypatch.MonkeyPatch object at 0x74a916437230>
mismatch = 'capacity'

    @pytest.mark.parametrize('mismatch', ['capacity', 'scope', 'stage_ref', 'dictionary_kind'])
    def test_external_scope_and_capacity_refuse_before_output_creation(tmp_path, monkeypatch, mismatch):
>       from tradingagents.research.onchain_replication import compact_mcm_output as api
E       ImportError: cannot import name 'compact_mcm_output' from 'tradingagents.research.onchain_replication' (/home/malecada/master_thesis/TradingAgents-audit-fixes/tradingagents/research/onchain_replication/__init__.py)

tests/research/onchain_replication/test_compact_mcm_output.py:39: ImportError
____ test_external_scope_and_capacity_refuse_before_output_creation[scope] _____

tmp_path = PosixPath('/tmp/pytest-of-malecada/pytest-45/test_external_scope_and_capaci1')
monkeypatch = <_pytest.monkeypatch.MonkeyPatch object at 0x74a8d579e570>
mismatch = 'scope'

    @pytest.mark.parametrize('mismatch', ['capacity', 'scope', 'stage_ref', 'dictionary_kind'])
    def test_external_scope_and_capacity_refuse_before_output_creation(tmp_path, monkeypatch, mismatch):
>       from tradingagents.research.onchain_replication import compact_mcm_output as api
E       ImportError: cannot import name 'compact_mcm_output' from 'tradingagents.research.onchain_replication' (/home/malecada/master_thesis/TradingAgents-audit-fixes/tradingagents/research/onchain_replication/__init__.py)

tests/research/onchain_replication/test_compact_mcm_output.py:39: ImportError
__ test_external_scope_and_capacity_refuse_before_output_creation[stage_ref] ___

tmp_path = PosixPath('/tmp/pytest-of-malecada/pytest-45/test_external_scope_and_capaci2')
monkeypatch = <_pytest.monkeypatch.MonkeyPatch object at 0x74a8d4d019d0>
mismatch = 'stage_ref'

    @pytest.mark.parametrize('mismatch', ['capacity', 'scope', 'stage_ref', 'dictionary_kind'])
    def test_external_scope_and_capacity_refuse_before_output_creation(tmp_path, monkeypatch, mismatch):
>       from tradingagents.research.onchain_replication import compact_mcm_output as api
E       ImportError: cannot import name 'compact_mcm_output' from 'tradingagents.research.onchain_replication' (/home/malecada/master_thesis/TradingAgents-audit-fixes/tradingagents/research/onchain_replication/__init__.py)

tests/research/onchain_replication/test_compact_mcm_output.py:39: ImportError
_ test_external_scope_and_capacity_refuse_before_output_creation[dictionary_kind] _

tmp_path = PosixPath('/tmp/pytest-of-malecada/pytest-45/test_external_scope_and_capaci3')
monkeypatch = <_pytest.monkeypatch.MonkeyPatch object at 0x74a8d4d02140>
mismatch = 'dictionary_kind'

    @pytest.mark.parametrize('mismatch', ['capacity', 'scope', 'stage_ref', 'dictionary_kind'])
    def test_external_scope_and_capacity_refuse_before_output_creation(tmp_path, monkeypatch, mismatch):
>       from tradingagents.research.onchain_replication import compact_mcm_output as api
E       ImportError: cannot import name 'compact_mcm_output' from 'tradingagents.research.onchain_replication' (/home/malecada/master_thesis/TradingAgents-audit-fixes/tradingagents/research/onchain_replication/__init__.py)

tests/research/onchain_replication/test_compact_mcm_output.py:39: ImportError
____ test_saved_reader_refuses_changed_output_or_matching_evidence[matrix] _____

tmp_path = PosixPath('/tmp/pytest-of-malecada/pytest-45/test_saved_reader_refuses_chan0')
monkeypatch = <_pytest.monkeypatch.MonkeyPatch object at 0x74a8d4d48550>
target = 'matrix'

    @pytest.mark.parametrize('target', ['matrix', 'stream', 'extra', 'redirect'])
    def test_saved_reader_refuses_changed_output_or_matching_evidence(tmp_path, monkeypatch, target):
>       from tradingagents.research.onchain_replication import compact_mcm_output as api
E       ImportError: cannot import name 'compact_mcm_output' from 'tradingagents.research.onchain_replication' (/home/malecada/master_thesis/TradingAgents-audit-fixes/tradingagents/research/onchain_replication/__init__.py)

tests/research/onchain_replication/test_compact_mcm_output.py:51: ImportError
____ test_saved_reader_refuses_changed_output_or_matching_evidence[stream] _____

tmp_path = PosixPath('/tmp/pytest-of-malecada/pytest-45/test_saved_reader_refuses_chan1')
monkeypatch = <_pytest.monkeypatch.MonkeyPatch object at 0x74a8d4d49a50>
target = 'stream'

    @pytest.mark.parametrize('target', ['matrix', 'stream', 'extra', 'redirect'])
    def test_saved_reader_refuses_changed_output_or_matching_evidence(tmp_path, monkeypatch, target):
>       from tradingagents.research.onchain_replication import compact_mcm_output as api
E       ImportError: cannot import name 'compact_mcm_output' from 'tradingagents.research.onchain_replication' (/home/malecada/master_thesis/TradingAgents-audit-fixes/tradingagents/research/onchain_replication/__init__.py)

tests/research/onchain_replication/test_compact_mcm_output.py:51: ImportError
_____ test_saved_reader_refuses_changed_output_or_matching_evidence[extra] _____

tmp_path = PosixPath('/tmp/pytest-of-malecada/pytest-45/test_saved_reader_refuses_chan2')
monkeypatch = <_pytest.monkeypatch.MonkeyPatch object at 0x74a8d4d64e60>
target = 'extra'

    @pytest.mark.parametrize('target', ['matrix', 'stream', 'extra', 'redirect'])
    def test_saved_reader_refuses_changed_output_or_matching_evidence(tmp_path, monkeypatch, target):
>       from tradingagents.research.onchain_replication import compact_mcm_output as api
E       ImportError: cannot import name 'compact_mcm_output' from 'tradingagents.research.onchain_replication' (/home/malecada/master_thesis/TradingAgents-audit-fixes/tradingagents/research/onchain_replication/__init__.py)

tests/research/onchain_replication/test_compact_mcm_output.py:51: ImportError
___ test_saved_reader_refuses_changed_output_or_matching_evidence[redirect] ____

tmp_path = PosixPath('/tmp/pytest-of-malecada/pytest-45/test_saved_reader_refuses_chan3')
monkeypatch = <_pytest.monkeypatch.MonkeyPatch object at 0x74a8d4d648c0>
target = 'redirect'

    @pytest.mark.parametrize('target', ['matrix', 'stream', 'extra', 'redirect'])
    def test_saved_reader_refuses_changed_output_or_matching_evidence(tmp_path, monkeypatch, target):
>       from tradingagents.research.onchain_replication import compact_mcm_output as api
E       ImportError: cannot import name 'compact_mcm_output' from 'tradingagents.research.onchain_replication' (/home/malecada/master_thesis/TradingAgents-audit-fixes/tradingagents/research/onchain_replication/__init__.py)

tests/research/onchain_replication/test_compact_mcm_output.py:51: ImportError
_______ test_interrupted_publication_retains_namespace_and_refuses_retry _______

tmp_path = PosixPath('/tmp/pytest-of-malecada/pytest-45/test_interrupted_publication_r0')
monkeypatch = <_pytest.monkeypatch.MonkeyPatch object at 0x74a8d4d244b0>

    def test_interrupted_publication_retains_namespace_and_refuses_retry(tmp_path, monkeypatch):
>       from tradingagents.research.onchain_replication import compact_mcm_output as api
E       ImportError: cannot import name 'compact_mcm_output' from 'tradingagents.research.onchain_replication' (/home/malecada/master_thesis/TradingAgents-audit-fixes/tradingagents/research/onchain_replication/__init__.py)

tests/research/onchain_replication/test_compact_mcm_output.py:67: ImportError
_______ test_late_publication_callback_cannot_acknowledge_corrupt_matrix _______

tmp_path = PosixPath('/tmp/pytest-of-malecada/pytest-45/test_late_publication_callback0')
monkeypatch = <_pytest.monkeypatch.MonkeyPatch object at 0x74a8d4d26eb0>

    def test_late_publication_callback_cannot_acknowledge_corrupt_matrix(tmp_path, monkeypatch):
>       from tradingagents.research.onchain_replication import compact_mcm_output as api
E       ImportError: cannot import name 'compact_mcm_output' from 'tradingagents.research.onchain_replication' (/home/malecada/master_thesis/TradingAgents-audit-fixes/tradingagents/research/onchain_replication/__init__.py)

tests/research/onchain_replication/test_compact_mcm_output.py:80: ImportError
____________ test_mapping_exit_rechecks_changes_during_consumption _____________

tmp_path = PosixPath('/tmp/pytest-of-malecada/pytest-45/test_mapping_exit_rechecks_cha0')
monkeypatch = <_pytest.monkeypatch.MonkeyPatch object at 0x74a913b7f380>

    def test_mapping_exit_rechecks_changes_during_consumption(tmp_path, monkeypatch):
>       from tradingagents.research.onchain_replication import compact_mcm_output as api
E       ImportError: cannot import name 'compact_mcm_output' from 'tradingagents.research.onchain_replication' (/home/malecada/master_thesis/TradingAgents-audit-fixes/tradingagents/research/onchain_replication/__init__.py)

tests/research/onchain_replication/test_compact_mcm_output.py:90: ImportError
- reviewed profile: 26 encountered files withheld; this is not the full legacy suite -
=========================== short test summary info ============================
FAILED tests/research/onchain_replication/test_compact_mcm_output.py::test_actual_completed_matching_becomes_exact_readonly_float32_matrix
FAILED tests/research/onchain_replication/test_compact_mcm_output.py::test_external_scope_and_capacity_refuse_before_output_creation[capacity]
FAILED tests/research/onchain_replication/test_compact_mcm_output.py::test_external_scope_and_capacity_refuse_before_output_creation[scope]
FAILED tests/research/onchain_replication/test_compact_mcm_output.py::test_external_scope_and_capacity_refuse_before_output_creation[stage_ref]
FAILED tests/research/onchain_replication/test_compact_mcm_output.py::test_external_scope_and_capacity_refuse_before_output_creation[dictionary_kind]
FAILED tests/research/onchain_replication/test_compact_mcm_output.py::test_saved_reader_refuses_changed_output_or_matching_evidence[matrix]
FAILED tests/research/onchain_replication/test_compact_mcm_output.py::test_saved_reader_refuses_changed_output_or_matching_evidence[stream]
FAILED tests/research/onchain_replication/test_compact_mcm_output.py::test_saved_reader_refuses_changed_output_or_matching_evidence[extra]
FAILED tests/research/onchain_replication/test_compact_mcm_output.py::test_saved_reader_refuses_changed_output_or_matching_evidence[redirect]
FAILED tests/research/onchain_replication/test_compact_mcm_output.py::test_interrupted_publication_retains_namespace_and_refuses_retry
FAILED tests/research/onchain_replication/test_compact_mcm_output.py::test_late_publication_callback_cannot_acknowledge_corrupt_matrix
FAILED tests/research/onchain_replication/test_compact_mcm_output.py::test_mapping_exit_rechecks_changes_during_consumption
12 failed in 0.59s
