{
  "schema_version": 1,
  "decision": "ACCEPTED_INSTALLED269_AND_PROSPECTIVE289_GATE_SUPPORT_ADOPTION_ONLY",
  "checks": 3176,
  "actual_current_source": "1a8c612d5d66858c725f9196e80b2140b9e6fc81",
  "prior_source": "868bfa6404a2c34d6e5b6e0932a2baf4b38eb370",
  "actual_tracked": 269,
  "unchanged_historical": 243,
  "new_input_bodies": 26,
  "implementation": 194,
  "package": 149,
  "auxiliary": 75,
  "prospective_source_pins": 289,
  "future_support_bodies": 20,
  "eventual_gate_excluded_from_own_source_pins": true,
  "gate_sha256": "6818dfdc48879fde8bf149bd1dae252885c6460a209e31af5a17a66012247691",
  "proposal_sha256": "db269dd8ffa7913a4724eee8d77dbe82c93b5497ed8002b32ba26a41c4e765f5",
  "initial_experiments": 10,
  "withheld_dependents": 8,
  "actual_descriptor_joins": 80,
  "actual_admit_start_or_grant_called": false,
  "current269_full_recovery": false,
  "launch_or_capacity_or_runtime_authority": false
}
