test_atomic_receipt_rejects_existing_target_without_overwrite (__main__.Atomic.test_atomic_receipt_rejects_existing_target_without_overwrite) ... FAIL
test_cleanup_parent_close_failure_also_closes_owned_child_once (__main__.Atomic.test_cleanup_parent_close_failure_also_closes_owned_child_once) ... FAIL

======================================================================
FAIL: test_atomic_receipt_rejects_existing_target_without_overwrite (__main__.Atomic.test_atomic_receipt_rejects_existing_target_without_overwrite)
----------------------------------------------------------------------
Traceback (most recent call last):
  File "/home/malecada/master_thesis/TradingAgents-audit-fixes/research/onchain-paper-replication-2026-09-24/full_sources/score-tail-archive-candidate-2026-10-02/test_atomic01.py", line 9, in test_atomic_receipt_rejects_existing_target_without_overwrite
    publish=self.method();root=P.parent/'fixture-atomic01';root.mkdir();fd=os.open(root,os.O_RDONLY|os.O_DIRECTORY)
  File "/home/malecada/master_thesis/TradingAgents-audit-fixes/research/onchain-paper-replication-2026-09-24/full_sources/score-tail-archive-candidate-2026-10-02/test_atomic01.py", line 7, in method
    self.assertTrue(hasattr(m,'publish_receipt'),'atomic exclusive receipt publication missing');return m.publish_receipt
    ~~~~~~~~~~~~~~~^^^^^^^^^^^^^^^^^^^^^^^^^^^^^^^^^^^^^^^^^^^^^^^^^^^^^^^^^^^^^^^^^^^^^^^^^^^^^
AssertionError: False is not true : atomic exclusive receipt publication missing

======================================================================
FAIL: test_cleanup_parent_close_failure_also_closes_owned_child_once (__main__.Atomic.test_cleanup_parent_close_failure_also_closes_owned_child_once)
----------------------------------------------------------------------
Traceback (most recent call last):
  File "/home/malecada/master_thesis/TradingAgents-audit-fixes/research/onchain-paper-replication-2026-09-24/full_sources/score-tail-archive-candidate-2026-10-02/test_atomic01.py", line 18, in test_cleanup_parent_close_failure_also_closes_owned_child_once
    self.method();root=P.parent/'fixture-close01';real=m.os.close;seen=[];fatal=KeyboardInterrupt('first close')
    ~~~~~~~~~~~^^
  File "/home/malecada/master_thesis/TradingAgents-audit-fixes/research/onchain-paper-replication-2026-09-24/full_sources/score-tail-archive-candidate-2026-10-02/test_atomic01.py", line 7, in method
    self.assertTrue(hasattr(m,'publish_receipt'),'atomic exclusive receipt publication missing');return m.publish_receipt
    ~~~~~~~~~~~~~~~^^^^^^^^^^^^^^^^^^^^^^^^^^^^^^^^^^^^^^^^^^^^^^^^^^^^^^^^^^^^^^^^^^^^^^^^^^^^^
AssertionError: False is not true : atomic exclusive receipt publication missing

----------------------------------------------------------------------
Ran 2 tests in 0.001s

FAILED (failures=2)
