test_counterexample_late_restore_leaves_passed_terminal (__main__.Checks.test_counterexample_late_restore_leaves_passed_terminal) ... ok
test_frozen_bodies_and_inventory (__main__.Checks.test_frozen_bodies_and_inventory) ... ERROR
test_hook_only_and_mathematical_mutation_parity (__main__.Checks.test_hook_only_and_mathematical_mutation_parity) ... ok
test_selected_first_fatal_reducer (__main__.Checks.test_selected_first_fatal_reducer) ... ok

======================================================================
ERROR: test_frozen_bodies_and_inventory (__main__.Checks.test_frozen_bodies_and_inventory)
----------------------------------------------------------------------
Traceback (most recent call last):
  File "/home/malecada/master_thesis/TradingAgents-audit-fixes/research/onchain-paper-replication-2026-09-24/full_sources/original-import-native-refusal-worker-preparation01-2026-10-03/review_checks01.py", line 14, in test_frozen_bodies_and_inventory
    raw=(ROOT/row['origin']).read_bytes();self.assertEqual(hashlib.sha256(raw).hexdigest(),row['sha256']);ast.parse(raw)
                                                                                                          ~~~~~~~~~^^^^^
  File "/home/malecada/.local/share/uv/python/cpython-3.13.13-linux-x86_64-gnu/lib/python3.13/ast.py", line 50, in parse
    return compile(source, filename, mode, flags,
                   _feature_version=feature_version, optimize=optimize)
  File "<unknown>", line 1
    3.13.13
        ^^^
SyntaxError: invalid syntax

----------------------------------------------------------------------
Ran 4 tests in 0.022s

FAILED (errors=1)
REPRODUCED: actual after-claim tail selects restoration error and raises, but leaves passed terminal without additive failure marker. Tiny source fixture, no native job.
