test_fake_operator_full_order_and_fatal_stage_receipt (__main__.Checks.test_fake_operator_full_order_and_fatal_stage_receipt) ... Traceback (most recent call last):
  File "/home/malecada/master_thesis/TradingAgents-audit-fixes/research/onchain-paper-replication-2026-09-24/full_sources/neural-phase-receipts-candidate-2026-10-02/check_candidate01.py", line 148, in <module>
    unittest.main(verbosity=2)
    ~~~~~~~~~~~~~^^^^^^^^^^^^^
  File "/home/malecada/.local/share/uv/python/cpython-3.13.13-linux-x86_64-gnu/lib/python3.13/unittest/main.py", line 104, in __init__
    self.runTests()
    ~~~~~~~~~~~~~^^
  File "/home/malecada/.local/share/uv/python/cpython-3.13.13-linux-x86_64-gnu/lib/python3.13/unittest/main.py", line 270, in runTests
    self.result = testRunner.run(self.test)
                  ~~~~~~~~~~~~~~^^^^^^^^^^^
  File "/home/malecada/.local/share/uv/python/cpython-3.13.13-linux-x86_64-gnu/lib/python3.13/unittest/runner.py", line 240, in run
    test(result)
    ~~~~^^^^^^^^
  File "/home/malecada/.local/share/uv/python/cpython-3.13.13-linux-x86_64-gnu/lib/python3.13/unittest/suite.py", line 84, in __call__
    return self.run(*args, **kwds)
           ~~~~~~~~^^^^^^^^^^^^^^^
  File "/home/malecada/.local/share/uv/python/cpython-3.13.13-linux-x86_64-gnu/lib/python3.13/unittest/suite.py", line 122, in run
    test(result)
    ~~~~^^^^^^^^
  File "/home/malecada/.local/share/uv/python/cpython-3.13.13-linux-x86_64-gnu/lib/python3.13/unittest/suite.py", line 84, in __call__
    return self.run(*args, **kwds)
           ~~~~~~~~^^^^^^^^^^^^^^^
  File "/home/malecada/.local/share/uv/python/cpython-3.13.13-linux-x86_64-gnu/lib/python3.13/unittest/suite.py", line 122, in run
    test(result)
    ~~~~^^^^^^^^
  File "/home/malecada/.local/share/uv/python/cpython-3.13.13-linux-x86_64-gnu/lib/python3.13/unittest/case.py", line 707, in __call__
    return self.run(*args, **kwds)
           ~~~~~~~~^^^^^^^^^^^^^^^
  File "/home/malecada/.local/share/uv/python/cpython-3.13.13-linux-x86_64-gnu/lib/python3.13/unittest/case.py", line 651, in run
    self._callTestMethod(testMethod)
    ~~~~~~~~~~~~~~~~~~~~^^^^^^^^^^^^
  File "/home/malecada/.local/share/uv/python/cpython-3.13.13-linux-x86_64-gnu/lib/python3.13/unittest/case.py", line 606, in _callTestMethod
    if method() is not None:
       ~~~~~~^^
  File "/home/malecada/master_thesis/TradingAgents-audit-fixes/research/onchain-paper-replication-2026-09-24/full_sources/neural-phase-receipts-candidate-2026-10-02/check_candidate01.py", line 133, in test_fake_operator_full_order_and_fatal_stage_receipt
    self.assertEqual(baseline,candidate)
    ~~~~~~~~~~~~~~~~^^^^^^^^^^^^^^^^^^^^
  File "/home/malecada/.local/share/uv/python/cpython-3.13.13-linux-x86_64-gnu/lib/python3.13/unittest/case.py", line 907, in assertEqual
    assertion_func(first, second, msg=msg)
    ~~~~~~~~~~~~~~^^^^^^^^^^^^^^^^^^^^^^^^
  File "/home/malecada/.local/share/uv/python/cpython-3.13.13-linux-x86_64-gnu/lib/python3.13/unittest/case.py", line 1124, in assertTupleEqual
    self.assertSequenceEqual(tuple1, tuple2, msg, seq_type=tuple)
    ~~~~~~~~~~~~~~~~~~~~~~~~^^^^^^^^^^^^^^^^^^^^^^^^^^^^^^^^^^^^^
  File "/home/malecada/.local/share/uv/python/cpython-3.13.13-linux-x86_64-gnu/lib/python3.13/unittest/case.py", line 1089, in assertSequenceEqual
    diffMsg = '\n' + '\n'.join(
                     ~~~~~~~~~^
        difflib.ndiff(pprint.pformat(seq1).splitlines(),
        ^^^^^^^^^^^^^^^^^^^^^^^^^^^^^^^^^^^^^^^^^^^^^^^^
                      pprint.pformat(seq2).splitlines()))
                      ^^^^^^^^^^^^^^^^^^^^^^^^^^^^^^^^^^^
  File "/home/malecada/.local/share/uv/python/cpython-3.13.13-linux-x86_64-gnu/lib/python3.13/difflib.py", line 872, in compare
    yield from g
  File "/home/malecada/.local/share/uv/python/cpython-3.13.13-linux-x86_64-gnu/lib/python3.13/difflib.py", line 985, in _fancy_replace
    yield from self._fancy_helper(a, best_i+1, ahi, b, best_j+1, bhi)
  File "/home/malecada/.local/share/uv/python/cpython-3.13.13-linux-x86_64-gnu/lib/python3.13/difflib.py", line 997, in _fancy_helper
    yield from g
  File "/home/malecada/.local/share/uv/python/cpython-3.13.13-linux-x86_64-gnu/lib/python3.13/difflib.py", line 939, in _fancy_replace
    cruncher.ratio() > best_ratio:
    ~~~~~~~~~~~~~~^^
  File "/home/malecada/.local/share/uv/python/cpython-3.13.13-linux-x86_64-gnu/lib/python3.13/difflib.py", line 619, in ratio
    matches = sum(triple[-1] for triple in self.get_matching_blocks())
                                           ~~~~~~~~~~~~~~~~~~~~~~~~^^
  File "/home/malecada/.local/share/uv/python/cpython-3.13.13-linux-x86_64-gnu/lib/python3.13/difflib.py", line 484, in get_matching_blocks
    i1, j1, k1 = i2, j2, k2
            ^^
KeyboardInterrupt
