test_changed_parent_inode_refused (__main__.Checks.test_changed_parent_inode_refused) ... ok
test_fake_operator_full_order_and_fatal_stage_receipt (__main__.Checks.test_fake_operator_full_order_and_fatal_stage_receipt) ... ok
test_fatal_telemetry_not_suppressed (__main__.Checks.test_fatal_telemetry_not_suppressed) ... ok
test_lost_authority_and_changed_journal_refuse (__main__.Checks.test_lost_authority_and_changed_journal_refuse) ... ok
test_metadata_read_preserves_first_fatal_when_close_uncertain (__main__.Checks.test_metadata_read_preserves_first_fatal_when_close_uncertain) ... ERROR
test_order_full_bounded_and_no_reopen (__main__.Checks.test_order_full_bounded_and_no_reopen) ... ok
test_out_of_order_refuses_before_write (__main__.Checks.test_out_of_order_refuses_before_write) ... ok
test_oversize_readback_refused_no_truncation (__main__.Checks.test_oversize_readback_refused_no_truncation) ... ok
test_physical_producer_fatal_one_cell_full_denominator_no_retry (__main__.Checks.test_physical_producer_fatal_one_cell_full_denominator_no_retry) ... ok
test_postwrite_failure_cannot_retry (__main__.Checks.test_postwrite_failure_cannot_retry) ... ok
test_run_cell_original_scientific_ast_unchanged (__main__.Checks.test_run_cell_original_scientific_ast_unchanged) ... ok
test_tampered_prior_receipt_and_parent_refuse (__main__.Checks.test_tampered_prior_receipt_and_parent_refuse) ... ok
test_telemetry_bounds_and_unknown_not_zero (__main__.Checks.test_telemetry_bounds_and_unknown_not_zero) ... ok

======================================================================
ERROR: test_metadata_read_preserves_first_fatal_when_close_uncertain (__main__.Checks.test_metadata_read_preserves_first_fatal_when_close_uncertain)
----------------------------------------------------------------------
Traceback (most recent call last):
  File "/home/malecada/master_thesis/TradingAgents-audit-fixes/research/onchain-paper-replication-2026-09-24/full_sources/neural-phase-receipts-candidate-2026-10-02/candidate/neural_phases.py", line 20, in _read
    with path.open('rb') as stream:data=stream.read(maximum+1)
                                        ~~~~~~~~~~~^^^^^^^^^^^
  File "/home/malecada/master_thesis/TradingAgents-audit-fixes/research/onchain-paper-replication-2026-09-24/full_sources/neural-phase-receipts-candidate-2026-10-02/check_candidate04.py", line 108, in read
    def read(self,n):raise fatal
                     ^^^^^^^^^^^
MemoryError: first fatal read

During handling of the above exception, another exception occurred:

Traceback (most recent call last):
  File "/home/malecada/master_thesis/TradingAgents-audit-fixes/research/onchain-paper-replication-2026-09-24/full_sources/neural-phase-receipts-candidate-2026-10-02/check_candidate04.py", line 113, in test_metadata_read_preserves_first_fatal_when_close_uncertain
    with self.assertRaises(MemoryError) as caught:self.mod._read(FakePath(),64)
                                                  ~~~~~~~~~~~~~~^^^^^^^^^^^^^^^
  File "/home/malecada/master_thesis/TradingAgents-audit-fixes/research/onchain-paper-replication-2026-09-24/full_sources/neural-phase-receipts-candidate-2026-10-02/candidate/neural_phases.py", line 20, in _read
    with path.open('rb') as stream:data=stream.read(maximum+1)
         ~~~~~~~~~^^^^^^
  File "/home/malecada/master_thesis/TradingAgents-audit-fixes/research/onchain-paper-replication-2026-09-24/full_sources/neural-phase-receipts-candidate-2026-10-02/check_candidate04.py", line 107, in __exit__
    def __exit__(self,*a):raise OSError('uncertain close')
                          ^^^^^^^^^^^^^^^^^^^^^^^^^^^^^^^^
OSError: uncertain close

----------------------------------------------------------------------
Ran 13 tests in 0.161s

FAILED (errors=1)
