test_fake_operator_full_order_and_fatal_stage_receipt (__main__.Checks.test_fake_operator_full_order_and_fatal_stage_receipt) ... ERROR
test_lost_authority_and_changed_journal_refuse (__main__.Checks.test_lost_authority_and_changed_journal_refuse) ... ERROR
test_order_full_bounded_and_no_reopen (__main__.Checks.test_order_full_bounded_and_no_reopen) ... ERROR
test_out_of_order_refuses_before_write (__main__.Checks.test_out_of_order_refuses_before_write) ... ERROR
test_oversize_readback_refused_no_truncation (__main__.Checks.test_oversize_readback_refused_no_truncation) ... ERROR
test_postwrite_failure_cannot_retry (__main__.Checks.test_postwrite_failure_cannot_retry) ... ERROR
test_run_cell_original_scientific_ast_unchanged (__main__.Checks.test_run_cell_original_scientific_ast_unchanged) ... ERROR
test_tampered_prior_receipt_and_parent_refuse (__main__.Checks.test_tampered_prior_receipt_and_parent_refuse) ... ERROR

======================================================================
ERROR: test_fake_operator_full_order_and_fatal_stage_receipt (__main__.Checks.test_fake_operator_full_order_and_fatal_stage_receipt)
----------------------------------------------------------------------
Traceback (most recent call last):
  File "/home/malecada/master_thesis/TradingAgents-audit-fixes/research/onchain-paper-replication-2026-09-24/full_sources/neural-phase-receipts-candidate-2026-10-02/check_candidate01.py", line 53, in setUp
    self.mod=module();self.mod._sample=lambda path:{'memory_current_bytes':None,'qualification':'unavailable'}
             ~~~~~~^^
  File "/home/malecada/master_thesis/TradingAgents-audit-fixes/research/onchain-paper-replication-2026-09-24/full_sources/neural-phase-receipts-candidate-2026-10-02/check_candidate01.py", line 33, in module
    value=importlib.util.module_from_spec(spec);spec.loader.exec_module(value);return value
                                                ~~~~~~~~~~~~~~~~~~~~~~~^^^^^^^
  File "<frozen importlib._bootstrap_external>", line 1019, in exec_module
  File "<frozen importlib._bootstrap_external>", line 1156, in get_code
  File "<frozen importlib._bootstrap_external>", line 1214, in get_data
FileNotFoundError: [Errno 2] No such file or directory: '/home/malecada/master_thesis/TradingAgents-audit-fixes/research/onchain-paper-replication-2026-09-24/full_sources/neural-phase-receipts-candidate-2026-10-02/candidate/neural_phases.py'

======================================================================
ERROR: test_lost_authority_and_changed_journal_refuse (__main__.Checks.test_lost_authority_and_changed_journal_refuse)
----------------------------------------------------------------------
Traceback (most recent call last):
  File "/home/malecada/master_thesis/TradingAgents-audit-fixes/research/onchain-paper-replication-2026-09-24/full_sources/neural-phase-receipts-candidate-2026-10-02/check_candidate01.py", line 53, in setUp
    self.mod=module();self.mod._sample=lambda path:{'memory_current_bytes':None,'qualification':'unavailable'}
             ~~~~~~^^
  File "/home/malecada/master_thesis/TradingAgents-audit-fixes/research/onchain-paper-replication-2026-09-24/full_sources/neural-phase-receipts-candidate-2026-10-02/check_candidate01.py", line 33, in module
    value=importlib.util.module_from_spec(spec);spec.loader.exec_module(value);return value
                                                ~~~~~~~~~~~~~~~~~~~~~~~^^^^^^^
  File "<frozen importlib._bootstrap_external>", line 1019, in exec_module
  File "<frozen importlib._bootstrap_external>", line 1156, in get_code
  File "<frozen importlib._bootstrap_external>", line 1214, in get_data
FileNotFoundError: [Errno 2] No such file or directory: '/home/malecada/master_thesis/TradingAgents-audit-fixes/research/onchain-paper-replication-2026-09-24/full_sources/neural-phase-receipts-candidate-2026-10-02/candidate/neural_phases.py'

======================================================================
ERROR: test_order_full_bounded_and_no_reopen (__main__.Checks.test_order_full_bounded_and_no_reopen)
----------------------------------------------------------------------
Traceback (most recent call last):
  File "/home/malecada/master_thesis/TradingAgents-audit-fixes/research/onchain-paper-replication-2026-09-24/full_sources/neural-phase-receipts-candidate-2026-10-02/check_candidate01.py", line 53, in setUp
    self.mod=module();self.mod._sample=lambda path:{'memory_current_bytes':None,'qualification':'unavailable'}
             ~~~~~~^^
  File "/home/malecada/master_thesis/TradingAgents-audit-fixes/research/onchain-paper-replication-2026-09-24/full_sources/neural-phase-receipts-candidate-2026-10-02/check_candidate01.py", line 33, in module
    value=importlib.util.module_from_spec(spec);spec.loader.exec_module(value);return value
                                                ~~~~~~~~~~~~~~~~~~~~~~~^^^^^^^
  File "<frozen importlib._bootstrap_external>", line 1019, in exec_module
  File "<frozen importlib._bootstrap_external>", line 1156, in get_code
  File "<frozen importlib._bootstrap_external>", line 1214, in get_data
FileNotFoundError: [Errno 2] No such file or directory: '/home/malecada/master_thesis/TradingAgents-audit-fixes/research/onchain-paper-replication-2026-09-24/full_sources/neural-phase-receipts-candidate-2026-10-02/candidate/neural_phases.py'

======================================================================
ERROR: test_out_of_order_refuses_before_write (__main__.Checks.test_out_of_order_refuses_before_write)
----------------------------------------------------------------------
Traceback (most recent call last):
  File "/home/malecada/master_thesis/TradingAgents-audit-fixes/research/onchain-paper-replication-2026-09-24/full_sources/neural-phase-receipts-candidate-2026-10-02/check_candidate01.py", line 53, in setUp
    self.mod=module();self.mod._sample=lambda path:{'memory_current_bytes':None,'qualification':'unavailable'}
             ~~~~~~^^
  File "/home/malecada/master_thesis/TradingAgents-audit-fixes/research/onchain-paper-replication-2026-09-24/full_sources/neural-phase-receipts-candidate-2026-10-02/check_candidate01.py", line 33, in module
    value=importlib.util.module_from_spec(spec);spec.loader.exec_module(value);return value
                                                ~~~~~~~~~~~~~~~~~~~~~~~^^^^^^^
  File "<frozen importlib._bootstrap_external>", line 1019, in exec_module
  File "<frozen importlib._bootstrap_external>", line 1156, in get_code
  File "<frozen importlib._bootstrap_external>", line 1214, in get_data
FileNotFoundError: [Errno 2] No such file or directory: '/home/malecada/master_thesis/TradingAgents-audit-fixes/research/onchain-paper-replication-2026-09-24/full_sources/neural-phase-receipts-candidate-2026-10-02/candidate/neural_phases.py'

======================================================================
ERROR: test_oversize_readback_refused_no_truncation (__main__.Checks.test_oversize_readback_refused_no_truncation)
----------------------------------------------------------------------
Traceback (most recent call last):
  File "/home/malecada/master_thesis/TradingAgents-audit-fixes/research/onchain-paper-replication-2026-09-24/full_sources/neural-phase-receipts-candidate-2026-10-02/check_candidate01.py", line 53, in setUp
    self.mod=module();self.mod._sample=lambda path:{'memory_current_bytes':None,'qualification':'unavailable'}
             ~~~~~~^^
  File "/home/malecada/master_thesis/TradingAgents-audit-fixes/research/onchain-paper-replication-2026-09-24/full_sources/neural-phase-receipts-candidate-2026-10-02/check_candidate01.py", line 33, in module
    value=importlib.util.module_from_spec(spec);spec.loader.exec_module(value);return value
                                                ~~~~~~~~~~~~~~~~~~~~~~~^^^^^^^
  File "<frozen importlib._bootstrap_external>", line 1019, in exec_module
  File "<frozen importlib._bootstrap_external>", line 1156, in get_code
  File "<frozen importlib._bootstrap_external>", line 1214, in get_data
FileNotFoundError: [Errno 2] No such file or directory: '/home/malecada/master_thesis/TradingAgents-audit-fixes/research/onchain-paper-replication-2026-09-24/full_sources/neural-phase-receipts-candidate-2026-10-02/candidate/neural_phases.py'

======================================================================
ERROR: test_postwrite_failure_cannot_retry (__main__.Checks.test_postwrite_failure_cannot_retry)
----------------------------------------------------------------------
Traceback (most recent call last):
  File "/home/malecada/master_thesis/TradingAgents-audit-fixes/research/onchain-paper-replication-2026-09-24/full_sources/neural-phase-receipts-candidate-2026-10-02/check_candidate01.py", line 53, in setUp
    self.mod=module();self.mod._sample=lambda path:{'memory_current_bytes':None,'qualification':'unavailable'}
             ~~~~~~^^
  File "/home/malecada/master_thesis/TradingAgents-audit-fixes/research/onchain-paper-replication-2026-09-24/full_sources/neural-phase-receipts-candidate-2026-10-02/check_candidate01.py", line 33, in module
    value=importlib.util.module_from_spec(spec);spec.loader.exec_module(value);return value
                                                ~~~~~~~~~~~~~~~~~~~~~~~^^^^^^^
  File "<frozen importlib._bootstrap_external>", line 1019, in exec_module
  File "<frozen importlib._bootstrap_external>", line 1156, in get_code
  File "<frozen importlib._bootstrap_external>", line 1214, in get_data
FileNotFoundError: [Errno 2] No such file or directory: '/home/malecada/master_thesis/TradingAgents-audit-fixes/research/onchain-paper-replication-2026-09-24/full_sources/neural-phase-receipts-candidate-2026-10-02/candidate/neural_phases.py'

======================================================================
ERROR: test_run_cell_original_scientific_ast_unchanged (__main__.Checks.test_run_cell_original_scientific_ast_unchanged)
----------------------------------------------------------------------
Traceback (most recent call last):
  File "/home/malecada/master_thesis/TradingAgents-audit-fixes/research/onchain-paper-replication-2026-09-24/full_sources/neural-phase-receipts-candidate-2026-10-02/check_candidate01.py", line 53, in setUp
    self.mod=module();self.mod._sample=lambda path:{'memory_current_bytes':None,'qualification':'unavailable'}
             ~~~~~~^^
  File "/home/malecada/master_thesis/TradingAgents-audit-fixes/research/onchain-paper-replication-2026-09-24/full_sources/neural-phase-receipts-candidate-2026-10-02/check_candidate01.py", line 33, in module
    value=importlib.util.module_from_spec(spec);spec.loader.exec_module(value);return value
                                                ~~~~~~~~~~~~~~~~~~~~~~~^^^^^^^
  File "<frozen importlib._bootstrap_external>", line 1019, in exec_module
  File "<frozen importlib._bootstrap_external>", line 1156, in get_code
  File "<frozen importlib._bootstrap_external>", line 1214, in get_data
FileNotFoundError: [Errno 2] No such file or directory: '/home/malecada/master_thesis/TradingAgents-audit-fixes/research/onchain-paper-replication-2026-09-24/full_sources/neural-phase-receipts-candidate-2026-10-02/candidate/neural_phases.py'

======================================================================
ERROR: test_tampered_prior_receipt_and_parent_refuse (__main__.Checks.test_tampered_prior_receipt_and_parent_refuse)
----------------------------------------------------------------------
Traceback (most recent call last):
  File "/home/malecada/master_thesis/TradingAgents-audit-fixes/research/onchain-paper-replication-2026-09-24/full_sources/neural-phase-receipts-candidate-2026-10-02/check_candidate01.py", line 53, in setUp
    self.mod=module();self.mod._sample=lambda path:{'memory_current_bytes':None,'qualification':'unavailable'}
             ~~~~~~^^
  File "/home/malecada/master_thesis/TradingAgents-audit-fixes/research/onchain-paper-replication-2026-09-24/full_sources/neural-phase-receipts-candidate-2026-10-02/check_candidate01.py", line 33, in module
    value=importlib.util.module_from_spec(spec);spec.loader.exec_module(value);return value
                                                ~~~~~~~~~~~~~~~~~~~~~~~^^^^^^^
  File "<frozen importlib._bootstrap_external>", line 1019, in exec_module
  File "<frozen importlib._bootstrap_external>", line 1156, in get_code
  File "<frozen importlib._bootstrap_external>", line 1214, in get_data
FileNotFoundError: [Errno 2] No such file or directory: '/home/malecada/master_thesis/TradingAgents-audit-fixes/research/onchain-paper-replication-2026-09-24/full_sources/neural-phase-receipts-candidate-2026-10-02/candidate/neural_phases.py'

----------------------------------------------------------------------
Ran 8 tests in 0.051s

FAILED (errors=8)
