  | ExceptionGroup: body/cleanup failures (2 sub-exceptions)
  +-+---------------- 1 ----------------
    | Traceback (most recent call last):
    |   File "/home/malecada/master_thesis/TradingAgents-audit-fixes/research/onchain-paper-replication-2026-09-24/full_sources/financial-genuine-wrapper-claimedrun-witness-pax-framer-correction-preparation01-2026-10-04/owned_io.py", line 34, in _cleanup
    |     try:close()
    |         ~~~~~^^
    |   File "/home/malecada/master_thesis/TradingAgents-audit-fixes/research/onchain-paper-replication-2026-09-24/full_sources/financial-genuine-wrapper-claimedrun-witness-pax-framer-correction-preparation01-2026-10-04/recovery_pax01.py", line 34, in <lambda>
    |     finally:_cleanup(tuple(lambda f=f:os.close(f) for f in reversed(fds)))
    |                                       ~~~~~~~~^^^
    |   File "/home/malecada/master_thesis/TradingAgents-audit-fixes/research/onchain-paper-replication-2026-09-24/full_sources/financial-genuine-wrapper-claimedrun-witness-pax-framer-correction-review01-2026-10-04/check04.py", line 76, in failclose
    |     def failclose(fd):close(fd);closed.append(fd);raise OSError('close diagnostic')
    |                                                   ^^^^^^^^^^^^^^^^^^^^^^^^^^^^^^^^^
    | OSError: close diagnostic
    +---------------- 2 ----------------
    | Traceback (most recent call last):
    |   File "/home/malecada/master_thesis/TradingAgents-audit-fixes/research/onchain-paper-replication-2026-09-24/full_sources/financial-genuine-wrapper-claimedrun-witness-pax-framer-correction-preparation01-2026-10-04/owned_io.py", line 34, in _cleanup
    |     try:close()
    |         ~~~~~^^
    |   File "/home/malecada/master_thesis/TradingAgents-audit-fixes/research/onchain-paper-replication-2026-09-24/full_sources/financial-genuine-wrapper-claimedrun-witness-pax-framer-correction-preparation01-2026-10-04/recovery_pax01.py", line 34, in <lambda>
    |     finally:_cleanup(tuple(lambda f=f:os.close(f) for f in reversed(fds)))
    |                                       ~~~~~~~~^^^
    |   File "/home/malecada/master_thesis/TradingAgents-audit-fixes/research/onchain-paper-replication-2026-09-24/full_sources/financial-genuine-wrapper-claimedrun-witness-pax-framer-correction-review01-2026-10-04/check04.py", line 76, in failclose
    |     def failclose(fd):close(fd);closed.append(fd);raise OSError('close diagnostic')
    |                                                   ^^^^^^^^^^^^^^^^^^^^^^^^^^^^^^^^^
    | OSError: close diagnostic
    +------------------------------------

The above exception was the direct cause of the following exception:

Traceback (most recent call last):
  File "/home/malecada/master_thesis/TradingAgents-audit-fixes/research/onchain-paper-replication-2026-09-24/full_sources/financial-genuine-wrapper-claimedrun-witness-pax-framer-correction-review01-2026-10-04/check04.py", line 79, in <module>
    try:N.restore(archive,info,m,out)
        ~~~~~~~~~^^^^^^^^^^^^^^^^^^^^
  File "/home/malecada/master_thesis/TradingAgents-audit-fixes/research/onchain-paper-replication-2026-09-24/full_sources/financial-genuine-wrapper-claimedrun-witness-pax-framer-correction-preparation01-2026-10-04/recovery_pax01.py", line 189, in restore
    archive=Path(archive);validate(m);raw=read(archive.parent,archive.name);require(set(info)=={'bytes','sha256','manifest_sha256'} and type(info['bytes']) is int and len(raw)==info['bytes'] and digest(raw)==info['sha256'] and digest(encode(m))==info['manifest_sha256'],'archive binding differs')
                                          ~~~~^^^^^^^^^^^^^^^^^^^^^^^^^^^^^
  File "/home/malecada/master_thesis/TradingAgents-audit-fixes/research/onchain-paper-replication-2026-09-24/full_sources/financial-genuine-wrapper-claimedrun-witness-pax-framer-correction-preparation01-2026-10-04/recovery_pax01.py", line 34, in read
    finally:_cleanup(tuple(lambda f=f:os.close(f) for f in reversed(fds)))
            ~~~~~~~~^^^^^^^^^^^^^^^^^^^^^^^^^^^^^^^^^^^^^^^^^^^^^^^^^^^^^^
  File "/home/malecada/master_thesis/TradingAgents-audit-fixes/research/onchain-paper-replication-2026-09-24/full_sources/financial-genuine-wrapper-claimedrun-witness-pax-framer-correction-preparation01-2026-10-04/owned_io.py", line 52, in _cleanup
    raise failure
owned_io.CleanupFailure: score storage cleanup unresolved; worker must stop

During handling of the above exception, another exception occurred:

Traceback (most recent call last):
  File "/home/malecada/master_thesis/TradingAgents-audit-fixes/research/onchain-paper-replication-2026-09-24/full_sources/financial-genuine-wrapper-claimedrun-witness-pax-framer-correction-review01-2026-10-04/check04.py", line 80, in <module>
    except BaseException as e:ck(e is primary,'actual restore first fatal identity')
                              ~~^^^^^^^^^^^^^^^^^^^^^^^^^^^^^^^^^^^^^^^^^^^^^^^^^^^^
  File "/home/malecada/master_thesis/TradingAgents-audit-fixes/research/onchain-paper-replication-2026-09-24/full_sources/financial-genuine-wrapper-claimedrun-witness-pax-framer-correction-review01-2026-10-04/check04.py", line 10, in ck
    assert v,n;count+=1
           ^
AssertionError: actual restore first fatal identity
