{
  "schema_version": 1,
  "decision": "ACCEPTED_ACTUAL_LOCAL_FINAL_THREE_TARGET_CAPTURE_ONLY",
  "checks": 15579,
  "source": "d4e56ba9ed968e9c24b2813656c2ca65a3dbd7a0",
  "request_sha256": "ada07624b7954c85ed5f158785343496a4af9c5b7ee96372a6403146d88fceaf",
  "capture_sha256": "8ac4415b12753cf985688359efe7210122321ce21130c4bc472df65f04da4823",
  "actual_terminal_sha256": "2507157c4ee46bf26ca65fdbfe6118c4374133d5ba8bfef6c29b8908da66b5c6",
  "archives": {
    "source": {
      "archive": {
        "bytes": 2703524,
        "manifest_sha256": "ebe3ade50a6bd106105001a615144a2e4ef1d649755989bc63937063ed9c258c",
        "sha256": "4a483c2d9d1ed1c5f652e73bb818ca8bd11dbe79fa7acaae34b11248655a4e76"
      },
      "members": 878,
      "regular_bodies": 631,
      "logical_bytes": 6321921,
      "root_mode": 448,
      "framing": {
        "inflated_bytes": 6993920,
        "headers": 929,
        "pax_headers": 50
      }
    },
    "parent": {
      "archive": {
        "bytes": 187075,
        "manifest_sha256": "950037968a4276b55023af89a4f6a999c3dac5efafd8b8b6898b9244688671cb",
        "sha256": "839c8ae42993f85604879de67f31ac6c22958ced457e74d1e26a7355b0e41aab"
      },
      "members": 23,
      "regular_bodies": 22,
      "logical_bytes": 807076,
      "root_mode": 448,
      "framing": {
        "inflated_bytes": 829440,
        "headers": 24,
        "pax_headers": 0
      }
    },
    "review": {
      "archive": {
        "bytes": 27103,
        "manifest_sha256": "22c51796c5327e7f68722c4069bb7451217f3e1d79b7ef72817f7a74f34dc1cf",
        "sha256": "4d33b80083de2514dff756e81bb7ece83f3633864526ed267771660425b97ea3"
      },
      "members": 10,
      "regular_bodies": 10,
      "logical_bytes": 126577,
      "root_mode": 448,
      "framing": {
        "inflated_bytes": 143360,
        "headers": 11,
        "pax_headers": 0
      }
    }
  },
  "tracked": 290,
  "source_pins": 289,
  "implementation": 194,
  "package": 149,
  "final_request_sha256": "dc80a4dff93fbf3261bdf151076c1420630ed38926ab7094d60eb1902bde25bc",
  "final_contract_sha256": "6884fa8027cf49b519f5c635828244d4685ce0f989691593e816792e2586704a",
  "actual_external_or_flat_recovery": false,
  "final_union_acceptance": false,
  "native_preflight_performed": false,
  "runtime_store_native_authority": false
}
