Reviewed offline profile: 257 modules; legacy/unreviewed modules excluded.
Isolated standard runtime: 185 modules.
........................................................................ [  2%]
.................................................... [  4%]
........................................................................ [  7%]
........................................................................ [  9%]
........................................................................ [ 12%]
........................................................................ [ 14%]
........................................................................ [ 17%]
........................................................................ [ 20%]
........................................................................ [ 22%]
........................................................................ [ 25%]
........................................................................ [ 27%]
........................................................................ [ 30%]
........................................................................ [ 33%]
........................................................................ [ 35%]
........................................................................ [ 38%]
........................................................................ [ 40%]
........................................................................ [ 43%]
........................................................................ [ 46%]
........................................................................ [ 48%]
........................................................................ [ 51%]
........................................................................ [ 53%]
........................................................................ [ 56%]
........................................................................ [ 59%]
........................................................................ [ 61%]
........................................................................ [ 64%]
........................................................................ [ 66%]
........................................................................ [ 69%]
........................................................ [ 71%]
........................................................................ [ 74%]
........................................................................ [ 76%]
........................................................................ [ 79%]
.............................................................. [ 81%]
........................................................................ [ 84%]
........................................................................ [ 86%]
........................................................................ [ 89%]
............................................................. [ 91%]
........................................................... [ 93%]
........................................................................ [ 96%]
............................................. [ 97%]
.........................................................                [100%]
- reviewed profile: 75 encountered files withheld; this is not the full legacy suite -
2768 passed, 97 subtests passed in 1057.09s (0:17:37)
Isolated neural runtime: 72 modules.
...........s............................................................ [  9%]
........................................................................ [ 19%]
........................................................................ [ 29%]
........................................................................ [ 38%]
...................................................................s.... [ 48%]
........................................................................ [ 58%]
........................................................................ [ 67%]
........................................................................ [ 77%]
........................................................................ [ 87%]
........................................................................ [ 96%]
.......................                                                  [100%]
- reviewed profile: 26 encountered files withheld; this is not the full legacy suite -
741 passed, 2 skipped in 509.73s (0:08:29)
