{
  "schema_version": 1,
  "status": "ACCEPTED_AS_CLOSED_FAILED_NOT_SCIENTIFIC_SUCCESS",
  "source": "361339125a3f1cd57e7ba8611f5a994ae649fa0b",
  "identity": "compact-cold-comparison-20261003-01",
  "claim_sha256": "6a9e5932716d102c4821d75a6023be892a47996b93efe6f94cea66dff8325048",
  "failed_sha256": "c42ae0fcfa49681b4febe568ca4d9c59177ca47b2bd038a4bb00fddca3f10d20",
  "actual_verify_run": {
    "experiment": "compact-cold-comparison-20261003-01",
    "status": "failed",
    "cell_count": 0,
    "unavailable_count": 0,
    "output_count": 0,
    "verification": "structural hashes and denominators only; no scientific validation"
  },
  "original_materialize_verify_run": {
    "experiment": "compact-cold-inputs-20261003-01",
    "status": "complete",
    "cell_count": 1,
    "unavailable_count": 0,
    "output_count": 1,
    "verification": "structural hashes and denominators only; no scientific validation"
  },
  "registered_failed_cell": "cold-genuine-comparison",
  "registered_outputs_missing": [
    "binding.json",
    "journal.json",
    "cold-handoff.json",
    "proof-compare.json"
  ],
  "completed_comparison_cells": 0,
  "registered_comparison_cells_without_success": 1,
  "count_qualification": "Separate reviewer denominator; original failed terminal has no fabricated cells/output records. verify_run failed count0 is structural, not removal of registered one cell.",
  "family_declared": {
    "attempt_budget": 2,
    "history_reference": "cold_prep/HISTORY02.md",
    "mechanism_id": "compact-cold-genuine-authority",
    "prior_attempts": 0
  },
  "actual_complete_claims": 1,
  "actual_failed_claims": 1,
  "budget_exhausted": true,
  "elapsed_native_seconds": 1800.8358598740015,
  "limit_reason": "RuntimeError: registered wall-clock limit exceeded",
  "peak_sampled_memory_current_bytes": 443465728,
  "guard_final_child_exit": null,
  "separate_child_exit": 125,
  "native_result": "timeout",
  "all_memory_events": {
    "high": 0,
    "low": 0,
    "max": 0,
    "oom": 0,
    "oom_group_kill": 0,
    "oom_kill": 0
  },
  "native_cleanup_verified": true,
  "recorded_original_pids_tids_absent": [
    3481870,
    3481873,
    3482302,
    3482717,
    3483143,
    3483159,
    3483177,
    3483181,
    3483245,
    3483269,
    3483270,
    3483274
  ],
  "cgroup_absent": "/sys/fs/cgroup/user.slice/user-1000.slice/user@1000.service/app.slice/onchain-replication-7882401fb21e4ec8a32e39c9b1f40c04.service",
  "source_count": 195,
  "anchor_count": 147,
  "inputs": 44,
  "runtime_records": 251,
  "stage_pair_total_reported": 3296,
  "raw_stage_qualification": "Original low-level metadata presence and counts only; no decoded score validation, no accepted scientific Published/terminal or numerical comparison.",
  "numerical_comparison_reports_or_checkpoints_present": false,
  "memory_saving_proved": false,
  "full_graph_capacity_proved": false,
  "financial_fits_completed": 0,
  "no_numerical_import_admission_start_replay_or_original_mutation": true
}
