FFFFFFFFFFFF                                                             [100%]
=================================== FAILURES ===================================
_____ test_reviewed_extension_preserves_family_and_spends_failed_allowance _____

registered = (PosixPath('/tmp/pytest-of-malecada/pytest-31/test_reviewed_extension_preser0'), {'schema_version': 1, 'program_id': '...1-01T00:00:00Z', 'end': '2001-01-01T00:00:00Z', 'state': 'spent'}]}}, ...}, '4685314a504f50b5b2b7cd7b86f80fe7f18aa6ac')

    def test_reviewed_extension_preserves_family_and_spends_failed_allowance(registered):
>       fixture=extension(closed(registered));root,spec,source=fixture
                          ^^^^^^^^^^^^^^^^^^

tests/research/test_budget_extensions.py:57: 
_ _ _ _ _ _ _ _ _ _ _ _ _ _ _ _ _ _ _ _ _ _ _ _ _ _ _ _ _ _ _ _ _ _ _ _ _ _ _ _ 
tests/research/test_budget_extensions.py:20: in closed
    source=commit(root,spec)
           ^^^^^^^^^^^^^^^^^
tests/research/test_lifecycle.py:27: in commit
    git(root, "-c", "user.name=Synthetic", "-c", "user.email=synthetic@example.invalid",
tests/research/test_lifecycle.py:21: in git
    return subprocess.check_output(["git", *args], cwd=root, text=True).strip()
           ^^^^^^^^^^^^^^^^^^^^^^^^^^^^^^^^^^^^^^^^^^^^^^^^^^^^^^^^^^^^
../../.local/share/uv/python/cpython-3.13.13-linux-x86_64-gnu/lib/python3.13/subprocess.py:472: in check_output
    return run(*popenargs, stdout=PIPE, timeout=timeout, check=True,
_ _ _ _ _ _ _ _ _ _ _ _ _ _ _ _ _ _ _ _ _ _ _ _ _ _ _ _ _ _ _ _ _ _ _ _ _ _ _ _ 

input = None, capture_output = False, timeout = None, check = True
popenargs = (['git', '-c', 'user.name=Synthetic', '-c', 'user.email=synthetic@example.invalid', 'commit', ...],)
kwargs = {'stdout': -1, 'cwd': PosixPath('/tmp/pytest-of-malecada/pytest-31/test_reviewed_extension_preser0'), 'text': True}

    def run(*popenargs,
            input=None, capture_output=False, timeout=None, check=False, **kwargs):
        """Run command with arguments and return a CompletedProcess instance.
    
        The returned instance will have attributes args, returncode, stdout and
        stderr. By default, stdout and stderr are not captured, and those attributes
        will be None. Pass stdout=PIPE and/or stderr=PIPE in order to capture them,
        or pass capture_output=True to capture both.
    
        If check is True and the exit code was non-zero, it raises a
        CalledProcessError. The CalledProcessError object will have the return code
        in the returncode attribute, and output & stderr attributes if those streams
        were captured.
    
        If timeout (seconds) is given and the process takes too long,
         a TimeoutExpired exception will be raised.
    
        There is an optional argument "input", allowing you to
        pass bytes or a string to the subprocess's stdin.  If you use this argument
        you may not also use the Popen constructor's "stdin" argument, as
        it will be used internally.
    
        By default, all communication is in bytes, and therefore any "input" should
        be bytes, and the stdout and stderr will be bytes. If in text mode, any
        "input" should be a string, and stdout and stderr will be strings decoded
        according to locale encoding, or by "encoding" if set. Text mode is
        triggered by setting any of text, encoding, errors or universal_newlines.
    
        The other arguments are the same as for the Popen constructor.
        """
        if input is not None:
            if kwargs.get('stdin') is not None:
                raise ValueError('stdin and input arguments may not both be used.')
            kwargs['stdin'] = PIPE
    
        if capture_output:
            if kwargs.get('stdout') is not None or kwargs.get('stderr') is not None:
                raise ValueError('stdout and stderr arguments may not be used '
                                 'with capture_output.')
            kwargs['stdout'] = PIPE
            kwargs['stderr'] = PIPE
    
        with Popen(*popenargs, **kwargs) as process:
            try:
                stdout, stderr = process.communicate(input, timeout=timeout)
            except TimeoutExpired as exc:
                process.kill()
                if _mswindows:
                    # Windows accumulates the output in a single blocking
                    # read() call run on child threads, with the timeout
                    # being done in a join() on those threads.  communicate()
                    # _after_ kill() is required to collect that and add it
                    # to the exception.
                    exc.stdout, exc.stderr = process.communicate()
                else:
                    # POSIX _communicate already populated the output so
                    # far into the TimeoutExpired exception.
                    process.wait()
                raise
            except:  # Including KeyboardInterrupt, communicate handled that.
                process.kill()
                # We don't call process.wait() as .__exit__ does that for us.
                raise
            retcode = process.poll()
            if check and retcode:
>               raise CalledProcessError(retcode, process.args,
                                         output=stdout, stderr=stderr)
E               subprocess.CalledProcessError: Command '['git', '-c', 'user.name=Synthetic', '-c', 'user.email=synthetic@example.invalid', 'commit', '-qm', 'synthetic registration']' returned non-zero exit status 1.

../../.local/share/uv/python/cpython-3.13.13-linux-x86_64-gnu/lib/python3.13/subprocess.py:577: CalledProcessError
_ test_bad_extensions_refused_even_before_original_budget_is_spent[missing_claim] _

registered = (PosixPath('/tmp/pytest-of-malecada/pytest-31/test_bad_extensions_refused_ev0'), {'schema_version': 1, 'program_id': '...1-01T00:00:00Z', 'end': '2001-01-01T00:00:00Z', 'state': 'spent'}]}}, ...}, '4685314a504f50b5b2b7cd7b86f80fe7f18aa6ac')
fault = 'missing_claim'

    @pytest.mark.parametrize('fault',['missing_claim','claim_hash','terminal_hash','history','boolean_ceiling','wrong_adopter','rejected_review','review_hash','unpinned'])
    def test_bad_extensions_refused_even_before_original_budget_is_spent(registered,fault):
>       fixture=extension(closed(registered,1),fault=fault);root,_,_=fixture
                          ^^^^^^^^^^^^^^^^^^^^

tests/research/test_budget_extensions.py:75: 
_ _ _ _ _ _ _ _ _ _ _ _ _ _ _ _ _ _ _ _ _ _ _ _ _ _ _ _ _ _ _ _ _ _ _ _ _ _ _ _ 
tests/research/test_budget_extensions.py:20: in closed
    source=commit(root,spec)
           ^^^^^^^^^^^^^^^^^
tests/research/test_lifecycle.py:27: in commit
    git(root, "-c", "user.name=Synthetic", "-c", "user.email=synthetic@example.invalid",
tests/research/test_lifecycle.py:21: in git
    return subprocess.check_output(["git", *args], cwd=root, text=True).strip()
           ^^^^^^^^^^^^^^^^^^^^^^^^^^^^^^^^^^^^^^^^^^^^^^^^^^^^^^^^^^^^
../../.local/share/uv/python/cpython-3.13.13-linux-x86_64-gnu/lib/python3.13/subprocess.py:472: in check_output
    return run(*popenargs, stdout=PIPE, timeout=timeout, check=True,
_ _ _ _ _ _ _ _ _ _ _ _ _ _ _ _ _ _ _ _ _ _ _ _ _ _ _ _ _ _ _ _ _ _ _ _ _ _ _ _ 

input = None, capture_output = False, timeout = None, check = True
popenargs = (['git', '-c', 'user.name=Synthetic', '-c', 'user.email=synthetic@example.invalid', 'commit', ...],)
kwargs = {'stdout': -1, 'cwd': PosixPath('/tmp/pytest-of-malecada/pytest-31/test_bad_extensions_refused_ev0'), 'text': True}

    def run(*popenargs,
            input=None, capture_output=False, timeout=None, check=False, **kwargs):
        """Run command with arguments and return a CompletedProcess instance.
    
        The returned instance will have attributes args, returncode, stdout and
        stderr. By default, stdout and stderr are not captured, and those attributes
        will be None. Pass stdout=PIPE and/or stderr=PIPE in order to capture them,
        or pass capture_output=True to capture both.
    
        If check is True and the exit code was non-zero, it raises a
        CalledProcessError. The CalledProcessError object will have the return code
        in the returncode attribute, and output & stderr attributes if those streams
        were captured.
    
        If timeout (seconds) is given and the process takes too long,
         a TimeoutExpired exception will be raised.
    
        There is an optional argument "input", allowing you to
        pass bytes or a string to the subprocess's stdin.  If you use this argument
        you may not also use the Popen constructor's "stdin" argument, as
        it will be used internally.
    
        By default, all communication is in bytes, and therefore any "input" should
        be bytes, and the stdout and stderr will be bytes. If in text mode, any
        "input" should be a string, and stdout and stderr will be strings decoded
        according to locale encoding, or by "encoding" if set. Text mode is
        triggered by setting any of text, encoding, errors or universal_newlines.
    
        The other arguments are the same as for the Popen constructor.
        """
        if input is not None:
            if kwargs.get('stdin') is not None:
                raise ValueError('stdin and input arguments may not both be used.')
            kwargs['stdin'] = PIPE
    
        if capture_output:
            if kwargs.get('stdout') is not None or kwargs.get('stderr') is not None:
                raise ValueError('stdout and stderr arguments may not be used '
                                 'with capture_output.')
            kwargs['stdout'] = PIPE
            kwargs['stderr'] = PIPE
    
        with Popen(*popenargs, **kwargs) as process:
            try:
                stdout, stderr = process.communicate(input, timeout=timeout)
            except TimeoutExpired as exc:
                process.kill()
                if _mswindows:
                    # Windows accumulates the output in a single blocking
                    # read() call run on child threads, with the timeout
                    # being done in a join() on those threads.  communicate()
                    # _after_ kill() is required to collect that and add it
                    # to the exception.
                    exc.stdout, exc.stderr = process.communicate()
                else:
                    # POSIX _communicate already populated the output so
                    # far into the TimeoutExpired exception.
                    process.wait()
                raise
            except:  # Including KeyboardInterrupt, communicate handled that.
                process.kill()
                # We don't call process.wait() as .__exit__ does that for us.
                raise
            retcode = process.poll()
            if check and retcode:
>               raise CalledProcessError(retcode, process.args,
                                         output=stdout, stderr=stderr)
E               subprocess.CalledProcessError: Command '['git', '-c', 'user.name=Synthetic', '-c', 'user.email=synthetic@example.invalid', 'commit', '-qm', 'synthetic registration']' returned non-zero exit status 1.

../../.local/share/uv/python/cpython-3.13.13-linux-x86_64-gnu/lib/python3.13/subprocess.py:577: CalledProcessError
_ test_bad_extensions_refused_even_before_original_budget_is_spent[claim_hash] _

registered = (PosixPath('/tmp/pytest-of-malecada/pytest-31/test_bad_extensions_refused_ev1'), {'schema_version': 1, 'program_id': '...1-01T00:00:00Z', 'end': '2001-01-01T00:00:00Z', 'state': 'spent'}]}}, ...}, '4685314a504f50b5b2b7cd7b86f80fe7f18aa6ac')
fault = 'claim_hash'

    @pytest.mark.parametrize('fault',['missing_claim','claim_hash','terminal_hash','history','boolean_ceiling','wrong_adopter','rejected_review','review_hash','unpinned'])
    def test_bad_extensions_refused_even_before_original_budget_is_spent(registered,fault):
>       fixture=extension(closed(registered,1),fault=fault);root,_,_=fixture
                          ^^^^^^^^^^^^^^^^^^^^

tests/research/test_budget_extensions.py:75: 
_ _ _ _ _ _ _ _ _ _ _ _ _ _ _ _ _ _ _ _ _ _ _ _ _ _ _ _ _ _ _ _ _ _ _ _ _ _ _ _ 
tests/research/test_budget_extensions.py:20: in closed
    source=commit(root,spec)
           ^^^^^^^^^^^^^^^^^
tests/research/test_lifecycle.py:27: in commit
    git(root, "-c", "user.name=Synthetic", "-c", "user.email=synthetic@example.invalid",
tests/research/test_lifecycle.py:21: in git
    return subprocess.check_output(["git", *args], cwd=root, text=True).strip()
           ^^^^^^^^^^^^^^^^^^^^^^^^^^^^^^^^^^^^^^^^^^^^^^^^^^^^^^^^^^^^
../../.local/share/uv/python/cpython-3.13.13-linux-x86_64-gnu/lib/python3.13/subprocess.py:472: in check_output
    return run(*popenargs, stdout=PIPE, timeout=timeout, check=True,
_ _ _ _ _ _ _ _ _ _ _ _ _ _ _ _ _ _ _ _ _ _ _ _ _ _ _ _ _ _ _ _ _ _ _ _ _ _ _ _ 

input = None, capture_output = False, timeout = None, check = True
popenargs = (['git', '-c', 'user.name=Synthetic', '-c', 'user.email=synthetic@example.invalid', 'commit', ...],)
kwargs = {'stdout': -1, 'cwd': PosixPath('/tmp/pytest-of-malecada/pytest-31/test_bad_extensions_refused_ev1'), 'text': True}

    def run(*popenargs,
            input=None, capture_output=False, timeout=None, check=False, **kwargs):
        """Run command with arguments and return a CompletedProcess instance.
    
        The returned instance will have attributes args, returncode, stdout and
        stderr. By default, stdout and stderr are not captured, and those attributes
        will be None. Pass stdout=PIPE and/or stderr=PIPE in order to capture them,
        or pass capture_output=True to capture both.
    
        If check is True and the exit code was non-zero, it raises a
        CalledProcessError. The CalledProcessError object will have the return code
        in the returncode attribute, and output & stderr attributes if those streams
        were captured.
    
        If timeout (seconds) is given and the process takes too long,
         a TimeoutExpired exception will be raised.
    
        There is an optional argument "input", allowing you to
        pass bytes or a string to the subprocess's stdin.  If you use this argument
        you may not also use the Popen constructor's "stdin" argument, as
        it will be used internally.
    
        By default, all communication is in bytes, and therefore any "input" should
        be bytes, and the stdout and stderr will be bytes. If in text mode, any
        "input" should be a string, and stdout and stderr will be strings decoded
        according to locale encoding, or by "encoding" if set. Text mode is
        triggered by setting any of text, encoding, errors or universal_newlines.
    
        The other arguments are the same as for the Popen constructor.
        """
        if input is not None:
            if kwargs.get('stdin') is not None:
                raise ValueError('stdin and input arguments may not both be used.')
            kwargs['stdin'] = PIPE
    
        if capture_output:
            if kwargs.get('stdout') is not None or kwargs.get('stderr') is not None:
                raise ValueError('stdout and stderr arguments may not be used '
                                 'with capture_output.')
            kwargs['stdout'] = PIPE
            kwargs['stderr'] = PIPE
    
        with Popen(*popenargs, **kwargs) as process:
            try:
                stdout, stderr = process.communicate(input, timeout=timeout)
            except TimeoutExpired as exc:
                process.kill()
                if _mswindows:
                    # Windows accumulates the output in a single blocking
                    # read() call run on child threads, with the timeout
                    # being done in a join() on those threads.  communicate()
                    # _after_ kill() is required to collect that and add it
                    # to the exception.
                    exc.stdout, exc.stderr = process.communicate()
                else:
                    # POSIX _communicate already populated the output so
                    # far into the TimeoutExpired exception.
                    process.wait()
                raise
            except:  # Including KeyboardInterrupt, communicate handled that.
                process.kill()
                # We don't call process.wait() as .__exit__ does that for us.
                raise
            retcode = process.poll()
            if check and retcode:
>               raise CalledProcessError(retcode, process.args,
                                         output=stdout, stderr=stderr)
E               subprocess.CalledProcessError: Command '['git', '-c', 'user.name=Synthetic', '-c', 'user.email=synthetic@example.invalid', 'commit', '-qm', 'synthetic registration']' returned non-zero exit status 1.

../../.local/share/uv/python/cpython-3.13.13-linux-x86_64-gnu/lib/python3.13/subprocess.py:577: CalledProcessError
_ test_bad_extensions_refused_even_before_original_budget_is_spent[terminal_hash] _

registered = (PosixPath('/tmp/pytest-of-malecada/pytest-31/test_bad_extensions_refused_ev2'), {'schema_version': 1, 'program_id': '...1-01T00:00:00Z', 'end': '2001-01-01T00:00:00Z', 'state': 'spent'}]}}, ...}, '4685314a504f50b5b2b7cd7b86f80fe7f18aa6ac')
fault = 'terminal_hash'

    @pytest.mark.parametrize('fault',['missing_claim','claim_hash','terminal_hash','history','boolean_ceiling','wrong_adopter','rejected_review','review_hash','unpinned'])
    def test_bad_extensions_refused_even_before_original_budget_is_spent(registered,fault):
>       fixture=extension(closed(registered,1),fault=fault);root,_,_=fixture
                          ^^^^^^^^^^^^^^^^^^^^

tests/research/test_budget_extensions.py:75: 
_ _ _ _ _ _ _ _ _ _ _ _ _ _ _ _ _ _ _ _ _ _ _ _ _ _ _ _ _ _ _ _ _ _ _ _ _ _ _ _ 
tests/research/test_budget_extensions.py:20: in closed
    source=commit(root,spec)
           ^^^^^^^^^^^^^^^^^
tests/research/test_lifecycle.py:27: in commit
    git(root, "-c", "user.name=Synthetic", "-c", "user.email=synthetic@example.invalid",
tests/research/test_lifecycle.py:21: in git
    return subprocess.check_output(["git", *args], cwd=root, text=True).strip()
           ^^^^^^^^^^^^^^^^^^^^^^^^^^^^^^^^^^^^^^^^^^^^^^^^^^^^^^^^^^^^
../../.local/share/uv/python/cpython-3.13.13-linux-x86_64-gnu/lib/python3.13/subprocess.py:472: in check_output
    return run(*popenargs, stdout=PIPE, timeout=timeout, check=True,
_ _ _ _ _ _ _ _ _ _ _ _ _ _ _ _ _ _ _ _ _ _ _ _ _ _ _ _ _ _ _ _ _ _ _ _ _ _ _ _ 

input = None, capture_output = False, timeout = None, check = True
popenargs = (['git', '-c', 'user.name=Synthetic', '-c', 'user.email=synthetic@example.invalid', 'commit', ...],)
kwargs = {'stdout': -1, 'cwd': PosixPath('/tmp/pytest-of-malecada/pytest-31/test_bad_extensions_refused_ev2'), 'text': True}

    def run(*popenargs,
            input=None, capture_output=False, timeout=None, check=False, **kwargs):
        """Run command with arguments and return a CompletedProcess instance.
    
        The returned instance will have attributes args, returncode, stdout and
        stderr. By default, stdout and stderr are not captured, and those attributes
        will be None. Pass stdout=PIPE and/or stderr=PIPE in order to capture them,
        or pass capture_output=True to capture both.
    
        If check is True and the exit code was non-zero, it raises a
        CalledProcessError. The CalledProcessError object will have the return code
        in the returncode attribute, and output & stderr attributes if those streams
        were captured.
    
        If timeout (seconds) is given and the process takes too long,
         a TimeoutExpired exception will be raised.
    
        There is an optional argument "input", allowing you to
        pass bytes or a string to the subprocess's stdin.  If you use this argument
        you may not also use the Popen constructor's "stdin" argument, as
        it will be used internally.
    
        By default, all communication is in bytes, and therefore any "input" should
        be bytes, and the stdout and stderr will be bytes. If in text mode, any
        "input" should be a string, and stdout and stderr will be strings decoded
        according to locale encoding, or by "encoding" if set. Text mode is
        triggered by setting any of text, encoding, errors or universal_newlines.
    
        The other arguments are the same as for the Popen constructor.
        """
        if input is not None:
            if kwargs.get('stdin') is not None:
                raise ValueError('stdin and input arguments may not both be used.')
            kwargs['stdin'] = PIPE
    
        if capture_output:
            if kwargs.get('stdout') is not None or kwargs.get('stderr') is not None:
                raise ValueError('stdout and stderr arguments may not be used '
                                 'with capture_output.')
            kwargs['stdout'] = PIPE
            kwargs['stderr'] = PIPE
    
        with Popen(*popenargs, **kwargs) as process:
            try:
                stdout, stderr = process.communicate(input, timeout=timeout)
            except TimeoutExpired as exc:
                process.kill()
                if _mswindows:
                    # Windows accumulates the output in a single blocking
                    # read() call run on child threads, with the timeout
                    # being done in a join() on those threads.  communicate()
                    # _after_ kill() is required to collect that and add it
                    # to the exception.
                    exc.stdout, exc.stderr = process.communicate()
                else:
                    # POSIX _communicate already populated the output so
                    # far into the TimeoutExpired exception.
                    process.wait()
                raise
            except:  # Including KeyboardInterrupt, communicate handled that.
                process.kill()
                # We don't call process.wait() as .__exit__ does that for us.
                raise
            retcode = process.poll()
            if check and retcode:
>               raise CalledProcessError(retcode, process.args,
                                         output=stdout, stderr=stderr)
E               subprocess.CalledProcessError: Command '['git', '-c', 'user.name=Synthetic', '-c', 'user.email=synthetic@example.invalid', 'commit', '-qm', 'synthetic registration']' returned non-zero exit status 1.

../../.local/share/uv/python/cpython-3.13.13-linux-x86_64-gnu/lib/python3.13/subprocess.py:577: CalledProcessError
__ test_bad_extensions_refused_even_before_original_budget_is_spent[history] ___

registered = (PosixPath('/tmp/pytest-of-malecada/pytest-31/test_bad_extensions_refused_ev3'), {'schema_version': 1, 'program_id': '...1-01T00:00:00Z', 'end': '2001-01-01T00:00:00Z', 'state': 'spent'}]}}, ...}, '4685314a504f50b5b2b7cd7b86f80fe7f18aa6ac')
fault = 'history'

    @pytest.mark.parametrize('fault',['missing_claim','claim_hash','terminal_hash','history','boolean_ceiling','wrong_adopter','rejected_review','review_hash','unpinned'])
    def test_bad_extensions_refused_even_before_original_budget_is_spent(registered,fault):
>       fixture=extension(closed(registered,1),fault=fault);root,_,_=fixture
                          ^^^^^^^^^^^^^^^^^^^^

tests/research/test_budget_extensions.py:75: 
_ _ _ _ _ _ _ _ _ _ _ _ _ _ _ _ _ _ _ _ _ _ _ _ _ _ _ _ _ _ _ _ _ _ _ _ _ _ _ _ 
tests/research/test_budget_extensions.py:20: in closed
    source=commit(root,spec)
           ^^^^^^^^^^^^^^^^^
tests/research/test_lifecycle.py:27: in commit
    git(root, "-c", "user.name=Synthetic", "-c", "user.email=synthetic@example.invalid",
tests/research/test_lifecycle.py:21: in git
    return subprocess.check_output(["git", *args], cwd=root, text=True).strip()
           ^^^^^^^^^^^^^^^^^^^^^^^^^^^^^^^^^^^^^^^^^^^^^^^^^^^^^^^^^^^^
../../.local/share/uv/python/cpython-3.13.13-linux-x86_64-gnu/lib/python3.13/subprocess.py:472: in check_output
    return run(*popenargs, stdout=PIPE, timeout=timeout, check=True,
_ _ _ _ _ _ _ _ _ _ _ _ _ _ _ _ _ _ _ _ _ _ _ _ _ _ _ _ _ _ _ _ _ _ _ _ _ _ _ _ 

input = None, capture_output = False, timeout = None, check = True
popenargs = (['git', '-c', 'user.name=Synthetic', '-c', 'user.email=synthetic@example.invalid', 'commit', ...],)
kwargs = {'stdout': -1, 'cwd': PosixPath('/tmp/pytest-of-malecada/pytest-31/test_bad_extensions_refused_ev3'), 'text': True}

    def run(*popenargs,
            input=None, capture_output=False, timeout=None, check=False, **kwargs):
        """Run command with arguments and return a CompletedProcess instance.
    
        The returned instance will have attributes args, returncode, stdout and
        stderr. By default, stdout and stderr are not captured, and those attributes
        will be None. Pass stdout=PIPE and/or stderr=PIPE in order to capture them,
        or pass capture_output=True to capture both.
    
        If check is True and the exit code was non-zero, it raises a
        CalledProcessError. The CalledProcessError object will have the return code
        in the returncode attribute, and output & stderr attributes if those streams
        were captured.
    
        If timeout (seconds) is given and the process takes too long,
         a TimeoutExpired exception will be raised.
    
        There is an optional argument "input", allowing you to
        pass bytes or a string to the subprocess's stdin.  If you use this argument
        you may not also use the Popen constructor's "stdin" argument, as
        it will be used internally.
    
        By default, all communication is in bytes, and therefore any "input" should
        be bytes, and the stdout and stderr will be bytes. If in text mode, any
        "input" should be a string, and stdout and stderr will be strings decoded
        according to locale encoding, or by "encoding" if set. Text mode is
        triggered by setting any of text, encoding, errors or universal_newlines.
    
        The other arguments are the same as for the Popen constructor.
        """
        if input is not None:
            if kwargs.get('stdin') is not None:
                raise ValueError('stdin and input arguments may not both be used.')
            kwargs['stdin'] = PIPE
    
        if capture_output:
            if kwargs.get('stdout') is not None or kwargs.get('stderr') is not None:
                raise ValueError('stdout and stderr arguments may not be used '
                                 'with capture_output.')
            kwargs['stdout'] = PIPE
            kwargs['stderr'] = PIPE
    
        with Popen(*popenargs, **kwargs) as process:
            try:
                stdout, stderr = process.communicate(input, timeout=timeout)
            except TimeoutExpired as exc:
                process.kill()
                if _mswindows:
                    # Windows accumulates the output in a single blocking
                    # read() call run on child threads, with the timeout
                    # being done in a join() on those threads.  communicate()
                    # _after_ kill() is required to collect that and add it
                    # to the exception.
                    exc.stdout, exc.stderr = process.communicate()
                else:
                    # POSIX _communicate already populated the output so
                    # far into the TimeoutExpired exception.
                    process.wait()
                raise
            except:  # Including KeyboardInterrupt, communicate handled that.
                process.kill()
                # We don't call process.wait() as .__exit__ does that for us.
                raise
            retcode = process.poll()
            if check and retcode:
>               raise CalledProcessError(retcode, process.args,
                                         output=stdout, stderr=stderr)
E               subprocess.CalledProcessError: Command '['git', '-c', 'user.name=Synthetic', '-c', 'user.email=synthetic@example.invalid', 'commit', '-qm', 'synthetic registration']' returned non-zero exit status 1.

../../.local/share/uv/python/cpython-3.13.13-linux-x86_64-gnu/lib/python3.13/subprocess.py:577: CalledProcessError
_ test_bad_extensions_refused_even_before_original_budget_is_spent[boolean_ceiling] _

registered = (PosixPath('/tmp/pytest-of-malecada/pytest-31/test_bad_extensions_refused_ev4'), {'schema_version': 1, 'program_id': '...1-01T00:00:00Z', 'end': '2001-01-01T00:00:00Z', 'state': 'spent'}]}}, ...}, 'b1a44e87af91ccf6a03ac5d3ffb1856085e51127')
fault = 'boolean_ceiling'

    @pytest.mark.parametrize('fault',['missing_claim','claim_hash','terminal_hash','history','boolean_ceiling','wrong_adopter','rejected_review','review_hash','unpinned'])
    def test_bad_extensions_refused_even_before_original_budget_is_spent(registered,fault):
>       fixture=extension(closed(registered,1),fault=fault);root,_,_=fixture
                          ^^^^^^^^^^^^^^^^^^^^

tests/research/test_budget_extensions.py:75: 
_ _ _ _ _ _ _ _ _ _ _ _ _ _ _ _ _ _ _ _ _ _ _ _ _ _ _ _ _ _ _ _ _ _ _ _ _ _ _ _ 
tests/research/test_budget_extensions.py:20: in closed
    source=commit(root,spec)
           ^^^^^^^^^^^^^^^^^
tests/research/test_lifecycle.py:27: in commit
    git(root, "-c", "user.name=Synthetic", "-c", "user.email=synthetic@example.invalid",
tests/research/test_lifecycle.py:21: in git
    return subprocess.check_output(["git", *args], cwd=root, text=True).strip()
           ^^^^^^^^^^^^^^^^^^^^^^^^^^^^^^^^^^^^^^^^^^^^^^^^^^^^^^^^^^^^
../../.local/share/uv/python/cpython-3.13.13-linux-x86_64-gnu/lib/python3.13/subprocess.py:472: in check_output
    return run(*popenargs, stdout=PIPE, timeout=timeout, check=True,
_ _ _ _ _ _ _ _ _ _ _ _ _ _ _ _ _ _ _ _ _ _ _ _ _ _ _ _ _ _ _ _ _ _ _ _ _ _ _ _ 

input = None, capture_output = False, timeout = None, check = True
popenargs = (['git', '-c', 'user.name=Synthetic', '-c', 'user.email=synthetic@example.invalid', 'commit', ...],)
kwargs = {'stdout': -1, 'cwd': PosixPath('/tmp/pytest-of-malecada/pytest-31/test_bad_extensions_refused_ev4'), 'text': True}

    def run(*popenargs,
            input=None, capture_output=False, timeout=None, check=False, **kwargs):
        """Run command with arguments and return a CompletedProcess instance.
    
        The returned instance will have attributes args, returncode, stdout and
        stderr. By default, stdout and stderr are not captured, and those attributes
        will be None. Pass stdout=PIPE and/or stderr=PIPE in order to capture them,
        or pass capture_output=True to capture both.
    
        If check is True and the exit code was non-zero, it raises a
        CalledProcessError. The CalledProcessError object will have the return code
        in the returncode attribute, and output & stderr attributes if those streams
        were captured.
    
        If timeout (seconds) is given and the process takes too long,
         a TimeoutExpired exception will be raised.
    
        There is an optional argument "input", allowing you to
        pass bytes or a string to the subprocess's stdin.  If you use this argument
        you may not also use the Popen constructor's "stdin" argument, as
        it will be used internally.
    
        By default, all communication is in bytes, and therefore any "input" should
        be bytes, and the stdout and stderr will be bytes. If in text mode, any
        "input" should be a string, and stdout and stderr will be strings decoded
        according to locale encoding, or by "encoding" if set. Text mode is
        triggered by setting any of text, encoding, errors or universal_newlines.
    
        The other arguments are the same as for the Popen constructor.
        """
        if input is not None:
            if kwargs.get('stdin') is not None:
                raise ValueError('stdin and input arguments may not both be used.')
            kwargs['stdin'] = PIPE
    
        if capture_output:
            if kwargs.get('stdout') is not None or kwargs.get('stderr') is not None:
                raise ValueError('stdout and stderr arguments may not be used '
                                 'with capture_output.')
            kwargs['stdout'] = PIPE
            kwargs['stderr'] = PIPE
    
        with Popen(*popenargs, **kwargs) as process:
            try:
                stdout, stderr = process.communicate(input, timeout=timeout)
            except TimeoutExpired as exc:
                process.kill()
                if _mswindows:
                    # Windows accumulates the output in a single blocking
                    # read() call run on child threads, with the timeout
                    # being done in a join() on those threads.  communicate()
                    # _after_ kill() is required to collect that and add it
                    # to the exception.
                    exc.stdout, exc.stderr = process.communicate()
                else:
                    # POSIX _communicate already populated the output so
                    # far into the TimeoutExpired exception.
                    process.wait()
                raise
            except:  # Including KeyboardInterrupt, communicate handled that.
                process.kill()
                # We don't call process.wait() as .__exit__ does that for us.
                raise
            retcode = process.poll()
            if check and retcode:
>               raise CalledProcessError(retcode, process.args,
                                         output=stdout, stderr=stderr)
E               subprocess.CalledProcessError: Command '['git', '-c', 'user.name=Synthetic', '-c', 'user.email=synthetic@example.invalid', 'commit', '-qm', 'synthetic registration']' returned non-zero exit status 1.

../../.local/share/uv/python/cpython-3.13.13-linux-x86_64-gnu/lib/python3.13/subprocess.py:577: CalledProcessError
_ test_bad_extensions_refused_even_before_original_budget_is_spent[wrong_adopter] _

registered = (PosixPath('/tmp/pytest-of-malecada/pytest-31/test_bad_extensions_refused_ev5'), {'schema_version': 1, 'program_id': '...1-01T00:00:00Z', 'end': '2001-01-01T00:00:00Z', 'state': 'spent'}]}}, ...}, 'b1a44e87af91ccf6a03ac5d3ffb1856085e51127')
fault = 'wrong_adopter'

    @pytest.mark.parametrize('fault',['missing_claim','claim_hash','terminal_hash','history','boolean_ceiling','wrong_adopter','rejected_review','review_hash','unpinned'])
    def test_bad_extensions_refused_even_before_original_budget_is_spent(registered,fault):
>       fixture=extension(closed(registered,1),fault=fault);root,_,_=fixture
                          ^^^^^^^^^^^^^^^^^^^^

tests/research/test_budget_extensions.py:75: 
_ _ _ _ _ _ _ _ _ _ _ _ _ _ _ _ _ _ _ _ _ _ _ _ _ _ _ _ _ _ _ _ _ _ _ _ _ _ _ _ 
tests/research/test_budget_extensions.py:20: in closed
    source=commit(root,spec)
           ^^^^^^^^^^^^^^^^^
tests/research/test_lifecycle.py:27: in commit
    git(root, "-c", "user.name=Synthetic", "-c", "user.email=synthetic@example.invalid",
tests/research/test_lifecycle.py:21: in git
    return subprocess.check_output(["git", *args], cwd=root, text=True).strip()
           ^^^^^^^^^^^^^^^^^^^^^^^^^^^^^^^^^^^^^^^^^^^^^^^^^^^^^^^^^^^^
../../.local/share/uv/python/cpython-3.13.13-linux-x86_64-gnu/lib/python3.13/subprocess.py:472: in check_output
    return run(*popenargs, stdout=PIPE, timeout=timeout, check=True,
_ _ _ _ _ _ _ _ _ _ _ _ _ _ _ _ _ _ _ _ _ _ _ _ _ _ _ _ _ _ _ _ _ _ _ _ _ _ _ _ 

input = None, capture_output = False, timeout = None, check = True
popenargs = (['git', '-c', 'user.name=Synthetic', '-c', 'user.email=synthetic@example.invalid', 'commit', ...],)
kwargs = {'stdout': -1, 'cwd': PosixPath('/tmp/pytest-of-malecada/pytest-31/test_bad_extensions_refused_ev5'), 'text': True}

    def run(*popenargs,
            input=None, capture_output=False, timeout=None, check=False, **kwargs):
        """Run command with arguments and return a CompletedProcess instance.
    
        The returned instance will have attributes args, returncode, stdout and
        stderr. By default, stdout and stderr are not captured, and those attributes
        will be None. Pass stdout=PIPE and/or stderr=PIPE in order to capture them,
        or pass capture_output=True to capture both.
    
        If check is True and the exit code was non-zero, it raises a
        CalledProcessError. The CalledProcessError object will have the return code
        in the returncode attribute, and output & stderr attributes if those streams
        were captured.
    
        If timeout (seconds) is given and the process takes too long,
         a TimeoutExpired exception will be raised.
    
        There is an optional argument "input", allowing you to
        pass bytes or a string to the subprocess's stdin.  If you use this argument
        you may not also use the Popen constructor's "stdin" argument, as
        it will be used internally.
    
        By default, all communication is in bytes, and therefore any "input" should
        be bytes, and the stdout and stderr will be bytes. If in text mode, any
        "input" should be a string, and stdout and stderr will be strings decoded
        according to locale encoding, or by "encoding" if set. Text mode is
        triggered by setting any of text, encoding, errors or universal_newlines.
    
        The other arguments are the same as for the Popen constructor.
        """
        if input is not None:
            if kwargs.get('stdin') is not None:
                raise ValueError('stdin and input arguments may not both be used.')
            kwargs['stdin'] = PIPE
    
        if capture_output:
            if kwargs.get('stdout') is not None or kwargs.get('stderr') is not None:
                raise ValueError('stdout and stderr arguments may not be used '
                                 'with capture_output.')
            kwargs['stdout'] = PIPE
            kwargs['stderr'] = PIPE
    
        with Popen(*popenargs, **kwargs) as process:
            try:
                stdout, stderr = process.communicate(input, timeout=timeout)
            except TimeoutExpired as exc:
                process.kill()
                if _mswindows:
                    # Windows accumulates the output in a single blocking
                    # read() call run on child threads, with the timeout
                    # being done in a join() on those threads.  communicate()
                    # _after_ kill() is required to collect that and add it
                    # to the exception.
                    exc.stdout, exc.stderr = process.communicate()
                else:
                    # POSIX _communicate already populated the output so
                    # far into the TimeoutExpired exception.
                    process.wait()
                raise
            except:  # Including KeyboardInterrupt, communicate handled that.
                process.kill()
                # We don't call process.wait() as .__exit__ does that for us.
                raise
            retcode = process.poll()
            if check and retcode:
>               raise CalledProcessError(retcode, process.args,
                                         output=stdout, stderr=stderr)
E               subprocess.CalledProcessError: Command '['git', '-c', 'user.name=Synthetic', '-c', 'user.email=synthetic@example.invalid', 'commit', '-qm', 'synthetic registration']' returned non-zero exit status 1.

../../.local/share/uv/python/cpython-3.13.13-linux-x86_64-gnu/lib/python3.13/subprocess.py:577: CalledProcessError
_ test_bad_extensions_refused_even_before_original_budget_is_spent[rejected_review] _

registered = (PosixPath('/tmp/pytest-of-malecada/pytest-31/test_bad_extensions_refused_ev6'), {'schema_version': 1, 'program_id': '...1-01T00:00:00Z', 'end': '2001-01-01T00:00:00Z', 'state': 'spent'}]}}, ...}, 'b1a44e87af91ccf6a03ac5d3ffb1856085e51127')
fault = 'rejected_review'

    @pytest.mark.parametrize('fault',['missing_claim','claim_hash','terminal_hash','history','boolean_ceiling','wrong_adopter','rejected_review','review_hash','unpinned'])
    def test_bad_extensions_refused_even_before_original_budget_is_spent(registered,fault):
>       fixture=extension(closed(registered,1),fault=fault);root,_,_=fixture
                          ^^^^^^^^^^^^^^^^^^^^

tests/research/test_budget_extensions.py:75: 
_ _ _ _ _ _ _ _ _ _ _ _ _ _ _ _ _ _ _ _ _ _ _ _ _ _ _ _ _ _ _ _ _ _ _ _ _ _ _ _ 
tests/research/test_budget_extensions.py:20: in closed
    source=commit(root,spec)
           ^^^^^^^^^^^^^^^^^
tests/research/test_lifecycle.py:27: in commit
    git(root, "-c", "user.name=Synthetic", "-c", "user.email=synthetic@example.invalid",
tests/research/test_lifecycle.py:21: in git
    return subprocess.check_output(["git", *args], cwd=root, text=True).strip()
           ^^^^^^^^^^^^^^^^^^^^^^^^^^^^^^^^^^^^^^^^^^^^^^^^^^^^^^^^^^^^
../../.local/share/uv/python/cpython-3.13.13-linux-x86_64-gnu/lib/python3.13/subprocess.py:472: in check_output
    return run(*popenargs, stdout=PIPE, timeout=timeout, check=True,
_ _ _ _ _ _ _ _ _ _ _ _ _ _ _ _ _ _ _ _ _ _ _ _ _ _ _ _ _ _ _ _ _ _ _ _ _ _ _ _ 

input = None, capture_output = False, timeout = None, check = True
popenargs = (['git', '-c', 'user.name=Synthetic', '-c', 'user.email=synthetic@example.invalid', 'commit', ...],)
kwargs = {'stdout': -1, 'cwd': PosixPath('/tmp/pytest-of-malecada/pytest-31/test_bad_extensions_refused_ev6'), 'text': True}

    def run(*popenargs,
            input=None, capture_output=False, timeout=None, check=False, **kwargs):
        """Run command with arguments and return a CompletedProcess instance.
    
        The returned instance will have attributes args, returncode, stdout and
        stderr. By default, stdout and stderr are not captured, and those attributes
        will be None. Pass stdout=PIPE and/or stderr=PIPE in order to capture them,
        or pass capture_output=True to capture both.
    
        If check is True and the exit code was non-zero, it raises a
        CalledProcessError. The CalledProcessError object will have the return code
        in the returncode attribute, and output & stderr attributes if those streams
        were captured.
    
        If timeout (seconds) is given and the process takes too long,
         a TimeoutExpired exception will be raised.
    
        There is an optional argument "input", allowing you to
        pass bytes or a string to the subprocess's stdin.  If you use this argument
        you may not also use the Popen constructor's "stdin" argument, as
        it will be used internally.
    
        By default, all communication is in bytes, and therefore any "input" should
        be bytes, and the stdout and stderr will be bytes. If in text mode, any
        "input" should be a string, and stdout and stderr will be strings decoded
        according to locale encoding, or by "encoding" if set. Text mode is
        triggered by setting any of text, encoding, errors or universal_newlines.
    
        The other arguments are the same as for the Popen constructor.
        """
        if input is not None:
            if kwargs.get('stdin') is not None:
                raise ValueError('stdin and input arguments may not both be used.')
            kwargs['stdin'] = PIPE
    
        if capture_output:
            if kwargs.get('stdout') is not None or kwargs.get('stderr') is not None:
                raise ValueError('stdout and stderr arguments may not be used '
                                 'with capture_output.')
            kwargs['stdout'] = PIPE
            kwargs['stderr'] = PIPE
    
        with Popen(*popenargs, **kwargs) as process:
            try:
                stdout, stderr = process.communicate(input, timeout=timeout)
            except TimeoutExpired as exc:
                process.kill()
                if _mswindows:
                    # Windows accumulates the output in a single blocking
                    # read() call run on child threads, with the timeout
                    # being done in a join() on those threads.  communicate()
                    # _after_ kill() is required to collect that and add it
                    # to the exception.
                    exc.stdout, exc.stderr = process.communicate()
                else:
                    # POSIX _communicate already populated the output so
                    # far into the TimeoutExpired exception.
                    process.wait()
                raise
            except:  # Including KeyboardInterrupt, communicate handled that.
                process.kill()
                # We don't call process.wait() as .__exit__ does that for us.
                raise
            retcode = process.poll()
            if check and retcode:
>               raise CalledProcessError(retcode, process.args,
                                         output=stdout, stderr=stderr)
E               subprocess.CalledProcessError: Command '['git', '-c', 'user.name=Synthetic', '-c', 'user.email=synthetic@example.invalid', 'commit', '-qm', 'synthetic registration']' returned non-zero exit status 1.

../../.local/share/uv/python/cpython-3.13.13-linux-x86_64-gnu/lib/python3.13/subprocess.py:577: CalledProcessError
_ test_bad_extensions_refused_even_before_original_budget_is_spent[review_hash] _

registered = (PosixPath('/tmp/pytest-of-malecada/pytest-31/test_bad_extensions_refused_ev7'), {'schema_version': 1, 'program_id': '...1-01T00:00:00Z', 'end': '2001-01-01T00:00:00Z', 'state': 'spent'}]}}, ...}, 'b1a44e87af91ccf6a03ac5d3ffb1856085e51127')
fault = 'review_hash'

    @pytest.mark.parametrize('fault',['missing_claim','claim_hash','terminal_hash','history','boolean_ceiling','wrong_adopter','rejected_review','review_hash','unpinned'])
    def test_bad_extensions_refused_even_before_original_budget_is_spent(registered,fault):
>       fixture=extension(closed(registered,1),fault=fault);root,_,_=fixture
                          ^^^^^^^^^^^^^^^^^^^^

tests/research/test_budget_extensions.py:75: 
_ _ _ _ _ _ _ _ _ _ _ _ _ _ _ _ _ _ _ _ _ _ _ _ _ _ _ _ _ _ _ _ _ _ _ _ _ _ _ _ 
tests/research/test_budget_extensions.py:20: in closed
    source=commit(root,spec)
           ^^^^^^^^^^^^^^^^^
tests/research/test_lifecycle.py:27: in commit
    git(root, "-c", "user.name=Synthetic", "-c", "user.email=synthetic@example.invalid",
tests/research/test_lifecycle.py:21: in git
    return subprocess.check_output(["git", *args], cwd=root, text=True).strip()
           ^^^^^^^^^^^^^^^^^^^^^^^^^^^^^^^^^^^^^^^^^^^^^^^^^^^^^^^^^^^^
../../.local/share/uv/python/cpython-3.13.13-linux-x86_64-gnu/lib/python3.13/subprocess.py:472: in check_output
    return run(*popenargs, stdout=PIPE, timeout=timeout, check=True,
_ _ _ _ _ _ _ _ _ _ _ _ _ _ _ _ _ _ _ _ _ _ _ _ _ _ _ _ _ _ _ _ _ _ _ _ _ _ _ _ 

input = None, capture_output = False, timeout = None, check = True
popenargs = (['git', '-c', 'user.name=Synthetic', '-c', 'user.email=synthetic@example.invalid', 'commit', ...],)
kwargs = {'stdout': -1, 'cwd': PosixPath('/tmp/pytest-of-malecada/pytest-31/test_bad_extensions_refused_ev7'), 'text': True}

    def run(*popenargs,
            input=None, capture_output=False, timeout=None, check=False, **kwargs):
        """Run command with arguments and return a CompletedProcess instance.
    
        The returned instance will have attributes args, returncode, stdout and
        stderr. By default, stdout and stderr are not captured, and those attributes
        will be None. Pass stdout=PIPE and/or stderr=PIPE in order to capture them,
        or pass capture_output=True to capture both.
    
        If check is True and the exit code was non-zero, it raises a
        CalledProcessError. The CalledProcessError object will have the return code
        in the returncode attribute, and output & stderr attributes if those streams
        were captured.
    
        If timeout (seconds) is given and the process takes too long,
         a TimeoutExpired exception will be raised.
    
        There is an optional argument "input", allowing you to
        pass bytes or a string to the subprocess's stdin.  If you use this argument
        you may not also use the Popen constructor's "stdin" argument, as
        it will be used internally.
    
        By default, all communication is in bytes, and therefore any "input" should
        be bytes, and the stdout and stderr will be bytes. If in text mode, any
        "input" should be a string, and stdout and stderr will be strings decoded
        according to locale encoding, or by "encoding" if set. Text mode is
        triggered by setting any of text, encoding, errors or universal_newlines.
    
        The other arguments are the same as for the Popen constructor.
        """
        if input is not None:
            if kwargs.get('stdin') is not None:
                raise ValueError('stdin and input arguments may not both be used.')
            kwargs['stdin'] = PIPE
    
        if capture_output:
            if kwargs.get('stdout') is not None or kwargs.get('stderr') is not None:
                raise ValueError('stdout and stderr arguments may not be used '
                                 'with capture_output.')
            kwargs['stdout'] = PIPE
            kwargs['stderr'] = PIPE
    
        with Popen(*popenargs, **kwargs) as process:
            try:
                stdout, stderr = process.communicate(input, timeout=timeout)
            except TimeoutExpired as exc:
                process.kill()
                if _mswindows:
                    # Windows accumulates the output in a single blocking
                    # read() call run on child threads, with the timeout
                    # being done in a join() on those threads.  communicate()
                    # _after_ kill() is required to collect that and add it
                    # to the exception.
                    exc.stdout, exc.stderr = process.communicate()
                else:
                    # POSIX _communicate already populated the output so
                    # far into the TimeoutExpired exception.
                    process.wait()
                raise
            except:  # Including KeyboardInterrupt, communicate handled that.
                process.kill()
                # We don't call process.wait() as .__exit__ does that for us.
                raise
            retcode = process.poll()
            if check and retcode:
>               raise CalledProcessError(retcode, process.args,
                                         output=stdout, stderr=stderr)
E               subprocess.CalledProcessError: Command '['git', '-c', 'user.name=Synthetic', '-c', 'user.email=synthetic@example.invalid', 'commit', '-qm', 'synthetic registration']' returned non-zero exit status 1.

../../.local/share/uv/python/cpython-3.13.13-linux-x86_64-gnu/lib/python3.13/subprocess.py:577: CalledProcessError
__ test_bad_extensions_refused_even_before_original_budget_is_spent[unpinned] __

registered = (PosixPath('/tmp/pytest-of-malecada/pytest-31/test_bad_extensions_refused_ev8'), {'schema_version': 1, 'program_id': '...1-01T00:00:00Z', 'end': '2001-01-01T00:00:00Z', 'state': 'spent'}]}}, ...}, 'b1a44e87af91ccf6a03ac5d3ffb1856085e51127')
fault = 'unpinned'

    @pytest.mark.parametrize('fault',['missing_claim','claim_hash','terminal_hash','history','boolean_ceiling','wrong_adopter','rejected_review','review_hash','unpinned'])
    def test_bad_extensions_refused_even_before_original_budget_is_spent(registered,fault):
>       fixture=extension(closed(registered,1),fault=fault);root,_,_=fixture
                          ^^^^^^^^^^^^^^^^^^^^

tests/research/test_budget_extensions.py:75: 
_ _ _ _ _ _ _ _ _ _ _ _ _ _ _ _ _ _ _ _ _ _ _ _ _ _ _ _ _ _ _ _ _ _ _ _ _ _ _ _ 
tests/research/test_budget_extensions.py:20: in closed
    source=commit(root,spec)
           ^^^^^^^^^^^^^^^^^
tests/research/test_lifecycle.py:27: in commit
    git(root, "-c", "user.name=Synthetic", "-c", "user.email=synthetic@example.invalid",
tests/research/test_lifecycle.py:21: in git
    return subprocess.check_output(["git", *args], cwd=root, text=True).strip()
           ^^^^^^^^^^^^^^^^^^^^^^^^^^^^^^^^^^^^^^^^^^^^^^^^^^^^^^^^^^^^
../../.local/share/uv/python/cpython-3.13.13-linux-x86_64-gnu/lib/python3.13/subprocess.py:472: in check_output
    return run(*popenargs, stdout=PIPE, timeout=timeout, check=True,
_ _ _ _ _ _ _ _ _ _ _ _ _ _ _ _ _ _ _ _ _ _ _ _ _ _ _ _ _ _ _ _ _ _ _ _ _ _ _ _ 

input = None, capture_output = False, timeout = None, check = True
popenargs = (['git', '-c', 'user.name=Synthetic', '-c', 'user.email=synthetic@example.invalid', 'commit', ...],)
kwargs = {'stdout': -1, 'cwd': PosixPath('/tmp/pytest-of-malecada/pytest-31/test_bad_extensions_refused_ev8'), 'text': True}

    def run(*popenargs,
            input=None, capture_output=False, timeout=None, check=False, **kwargs):
        """Run command with arguments and return a CompletedProcess instance.
    
        The returned instance will have attributes args, returncode, stdout and
        stderr. By default, stdout and stderr are not captured, and those attributes
        will be None. Pass stdout=PIPE and/or stderr=PIPE in order to capture them,
        or pass capture_output=True to capture both.
    
        If check is True and the exit code was non-zero, it raises a
        CalledProcessError. The CalledProcessError object will have the return code
        in the returncode attribute, and output & stderr attributes if those streams
        were captured.
    
        If timeout (seconds) is given and the process takes too long,
         a TimeoutExpired exception will be raised.
    
        There is an optional argument "input", allowing you to
        pass bytes or a string to the subprocess's stdin.  If you use this argument
        you may not also use the Popen constructor's "stdin" argument, as
        it will be used internally.
    
        By default, all communication is in bytes, and therefore any "input" should
        be bytes, and the stdout and stderr will be bytes. If in text mode, any
        "input" should be a string, and stdout and stderr will be strings decoded
        according to locale encoding, or by "encoding" if set. Text mode is
        triggered by setting any of text, encoding, errors or universal_newlines.
    
        The other arguments are the same as for the Popen constructor.
        """
        if input is not None:
            if kwargs.get('stdin') is not None:
                raise ValueError('stdin and input arguments may not both be used.')
            kwargs['stdin'] = PIPE
    
        if capture_output:
            if kwargs.get('stdout') is not None or kwargs.get('stderr') is not None:
                raise ValueError('stdout and stderr arguments may not be used '
                                 'with capture_output.')
            kwargs['stdout'] = PIPE
            kwargs['stderr'] = PIPE
    
        with Popen(*popenargs, **kwargs) as process:
            try:
                stdout, stderr = process.communicate(input, timeout=timeout)
            except TimeoutExpired as exc:
                process.kill()
                if _mswindows:
                    # Windows accumulates the output in a single blocking
                    # read() call run on child threads, with the timeout
                    # being done in a join() on those threads.  communicate()
                    # _after_ kill() is required to collect that and add it
                    # to the exception.
                    exc.stdout, exc.stderr = process.communicate()
                else:
                    # POSIX _communicate already populated the output so
                    # far into the TimeoutExpired exception.
                    process.wait()
                raise
            except:  # Including KeyboardInterrupt, communicate handled that.
                process.kill()
                # We don't call process.wait() as .__exit__ does that for us.
                raise
            retcode = process.poll()
            if check and retcode:
>               raise CalledProcessError(retcode, process.args,
                                         output=stdout, stderr=stderr)
E               subprocess.CalledProcessError: Command '['git', '-c', 'user.name=Synthetic', '-c', 'user.email=synthetic@example.invalid', 'commit', '-qm', 'synthetic registration']' returned non-zero exit status 1.

../../.local/share/uv/python/cpython-3.13.13-linux-x86_64-gnu/lib/python3.13/subprocess.py:577: CalledProcessError
_______ test_snapshot_cannot_omit_new_closed_claim_before_first_adoption _______

registered = (PosixPath('/tmp/pytest-of-malecada/pytest-31/test_snapshot_cannot_omit_new_0'), {'schema_version': 1, 'program_id': '...1-01T00:00:00Z', 'end': '2001-01-01T00:00:00Z', 'state': 'spent'}]}}, ...}, 'b1a44e87af91ccf6a03ac5d3ffb1856085e51127')

    def test_snapshot_cannot_omit_new_closed_claim_before_first_adoption(registered):
>       fixture=extension(closed(registered,1));root,spec,_=fixture
                          ^^^^^^^^^^^^^^^^^^^^

tests/research/test_budget_extensions.py:82: 
_ _ _ _ _ _ _ _ _ _ _ _ _ _ _ _ _ _ _ _ _ _ _ _ _ _ _ _ _ _ _ _ _ _ _ _ _ _ _ _ 
tests/research/test_budget_extensions.py:20: in closed
    source=commit(root,spec)
           ^^^^^^^^^^^^^^^^^
tests/research/test_lifecycle.py:27: in commit
    git(root, "-c", "user.name=Synthetic", "-c", "user.email=synthetic@example.invalid",
tests/research/test_lifecycle.py:21: in git
    return subprocess.check_output(["git", *args], cwd=root, text=True).strip()
           ^^^^^^^^^^^^^^^^^^^^^^^^^^^^^^^^^^^^^^^^^^^^^^^^^^^^^^^^^^^^
../../.local/share/uv/python/cpython-3.13.13-linux-x86_64-gnu/lib/python3.13/subprocess.py:472: in check_output
    return run(*popenargs, stdout=PIPE, timeout=timeout, check=True,
_ _ _ _ _ _ _ _ _ _ _ _ _ _ _ _ _ _ _ _ _ _ _ _ _ _ _ _ _ _ _ _ _ _ _ _ _ _ _ _ 

input = None, capture_output = False, timeout = None, check = True
popenargs = (['git', '-c', 'user.name=Synthetic', '-c', 'user.email=synthetic@example.invalid', 'commit', ...],)
kwargs = {'stdout': -1, 'cwd': PosixPath('/tmp/pytest-of-malecada/pytest-31/test_snapshot_cannot_omit_new_0'), 'text': True}

    def run(*popenargs,
            input=None, capture_output=False, timeout=None, check=False, **kwargs):
        """Run command with arguments and return a CompletedProcess instance.
    
        The returned instance will have attributes args, returncode, stdout and
        stderr. By default, stdout and stderr are not captured, and those attributes
        will be None. Pass stdout=PIPE and/or stderr=PIPE in order to capture them,
        or pass capture_output=True to capture both.
    
        If check is True and the exit code was non-zero, it raises a
        CalledProcessError. The CalledProcessError object will have the return code
        in the returncode attribute, and output & stderr attributes if those streams
        were captured.
    
        If timeout (seconds) is given and the process takes too long,
         a TimeoutExpired exception will be raised.
    
        There is an optional argument "input", allowing you to
        pass bytes or a string to the subprocess's stdin.  If you use this argument
        you may not also use the Popen constructor's "stdin" argument, as
        it will be used internally.
    
        By default, all communication is in bytes, and therefore any "input" should
        be bytes, and the stdout and stderr will be bytes. If in text mode, any
        "input" should be a string, and stdout and stderr will be strings decoded
        according to locale encoding, or by "encoding" if set. Text mode is
        triggered by setting any of text, encoding, errors or universal_newlines.
    
        The other arguments are the same as for the Popen constructor.
        """
        if input is not None:
            if kwargs.get('stdin') is not None:
                raise ValueError('stdin and input arguments may not both be used.')
            kwargs['stdin'] = PIPE
    
        if capture_output:
            if kwargs.get('stdout') is not None or kwargs.get('stderr') is not None:
                raise ValueError('stdout and stderr arguments may not be used '
                                 'with capture_output.')
            kwargs['stdout'] = PIPE
            kwargs['stderr'] = PIPE
    
        with Popen(*popenargs, **kwargs) as process:
            try:
                stdout, stderr = process.communicate(input, timeout=timeout)
            except TimeoutExpired as exc:
                process.kill()
                if _mswindows:
                    # Windows accumulates the output in a single blocking
                    # read() call run on child threads, with the timeout
                    # being done in a join() on those threads.  communicate()
                    # _after_ kill() is required to collect that and add it
                    # to the exception.
                    exc.stdout, exc.stderr = process.communicate()
                else:
                    # POSIX _communicate already populated the output so
                    # far into the TimeoutExpired exception.
                    process.wait()
                raise
            except:  # Including KeyboardInterrupt, communicate handled that.
                process.kill()
                # We don't call process.wait() as .__exit__ does that for us.
                raise
            retcode = process.poll()
            if check and retcode:
>               raise CalledProcessError(retcode, process.args,
                                         output=stdout, stderr=stderr)
E               subprocess.CalledProcessError: Command '['git', '-c', 'user.name=Synthetic', '-c', 'user.email=synthetic@example.invalid', 'commit', '-qm', 'synthetic registration']' returned non-zero exit status 1.

../../.local/share/uv/python/cpython-3.13.13-linux-x86_64-gnu/lib/python3.13/subprocess.py:577: CalledProcessError
_ test_later_claims_must_carry_extension_and_verifier_checks_effective_ceiling _

registered = (PosixPath('/tmp/pytest-of-malecada/pytest-31/test_later_claims_must_carry_e0'), {'schema_version': 1, 'program_id': '...1-01T00:00:00Z', 'end': '2001-01-01T00:00:00Z', 'state': 'spent'}]}}, ...}, 'b1a44e87af91ccf6a03ac5d3ffb1856085e51127')

    def test_later_claims_must_carry_extension_and_verifier_checks_effective_ceiling(registered):
>       fixture=extension(closed(registered,1));root,spec,source=fixture
                          ^^^^^^^^^^^^^^^^^^^^

tests/research/test_budget_extensions.py:91: 
_ _ _ _ _ _ _ _ _ _ _ _ _ _ _ _ _ _ _ _ _ _ _ _ _ _ _ _ _ _ _ _ _ _ _ _ _ _ _ _ 
tests/research/test_budget_extensions.py:20: in closed
    source=commit(root,spec)
           ^^^^^^^^^^^^^^^^^
tests/research/test_lifecycle.py:27: in commit
    git(root, "-c", "user.name=Synthetic", "-c", "user.email=synthetic@example.invalid",
tests/research/test_lifecycle.py:21: in git
    return subprocess.check_output(["git", *args], cwd=root, text=True).strip()
           ^^^^^^^^^^^^^^^^^^^^^^^^^^^^^^^^^^^^^^^^^^^^^^^^^^^^^^^^^^^^
../../.local/share/uv/python/cpython-3.13.13-linux-x86_64-gnu/lib/python3.13/subprocess.py:472: in check_output
    return run(*popenargs, stdout=PIPE, timeout=timeout, check=True,
_ _ _ _ _ _ _ _ _ _ _ _ _ _ _ _ _ _ _ _ _ _ _ _ _ _ _ _ _ _ _ _ _ _ _ _ _ _ _ _ 

input = None, capture_output = False, timeout = None, check = True
popenargs = (['git', '-c', 'user.name=Synthetic', '-c', 'user.email=synthetic@example.invalid', 'commit', ...],)
kwargs = {'stdout': -1, 'cwd': PosixPath('/tmp/pytest-of-malecada/pytest-31/test_later_claims_must_carry_e0'), 'text': True}

    def run(*popenargs,
            input=None, capture_output=False, timeout=None, check=False, **kwargs):
        """Run command with arguments and return a CompletedProcess instance.
    
        The returned instance will have attributes args, returncode, stdout and
        stderr. By default, stdout and stderr are not captured, and those attributes
        will be None. Pass stdout=PIPE and/or stderr=PIPE in order to capture them,
        or pass capture_output=True to capture both.
    
        If check is True and the exit code was non-zero, it raises a
        CalledProcessError. The CalledProcessError object will have the return code
        in the returncode attribute, and output & stderr attributes if those streams
        were captured.
    
        If timeout (seconds) is given and the process takes too long,
         a TimeoutExpired exception will be raised.
    
        There is an optional argument "input", allowing you to
        pass bytes or a string to the subprocess's stdin.  If you use this argument
        you may not also use the Popen constructor's "stdin" argument, as
        it will be used internally.
    
        By default, all communication is in bytes, and therefore any "input" should
        be bytes, and the stdout and stderr will be bytes. If in text mode, any
        "input" should be a string, and stdout and stderr will be strings decoded
        according to locale encoding, or by "encoding" if set. Text mode is
        triggered by setting any of text, encoding, errors or universal_newlines.
    
        The other arguments are the same as for the Popen constructor.
        """
        if input is not None:
            if kwargs.get('stdin') is not None:
                raise ValueError('stdin and input arguments may not both be used.')
            kwargs['stdin'] = PIPE
    
        if capture_output:
            if kwargs.get('stdout') is not None or kwargs.get('stderr') is not None:
                raise ValueError('stdout and stderr arguments may not be used '
                                 'with capture_output.')
            kwargs['stdout'] = PIPE
            kwargs['stderr'] = PIPE
    
        with Popen(*popenargs, **kwargs) as process:
            try:
                stdout, stderr = process.communicate(input, timeout=timeout)
            except TimeoutExpired as exc:
                process.kill()
                if _mswindows:
                    # Windows accumulates the output in a single blocking
                    # read() call run on child threads, with the timeout
                    # being done in a join() on those threads.  communicate()
                    # _after_ kill() is required to collect that and add it
                    # to the exception.
                    exc.stdout, exc.stderr = process.communicate()
                else:
                    # POSIX _communicate already populated the output so
                    # far into the TimeoutExpired exception.
                    process.wait()
                raise
            except:  # Including KeyboardInterrupt, communicate handled that.
                process.kill()
                # We don't call process.wait() as .__exit__ does that for us.
                raise
            retcode = process.poll()
            if check and retcode:
>               raise CalledProcessError(retcode, process.args,
                                         output=stdout, stderr=stderr)
E               subprocess.CalledProcessError: Command '['git', '-c', 'user.name=Synthetic', '-c', 'user.email=synthetic@example.invalid', 'commit', '-qm', 'synthetic registration']' returned non-zero exit status 1.

../../.local/share/uv/python/cpython-3.13.13-linux-x86_64-gnu/lib/python3.13/subprocess.py:577: CalledProcessError
- reviewed profile: 26 encountered files withheld; this is not the full legacy suite -
=========================== short test summary info ============================
FAILED tests/research/test_budget_extensions.py::test_reviewed_extension_preserves_family_and_spends_failed_allowance
FAILED tests/research/test_budget_extensions.py::test_bad_extensions_refused_even_before_original_budget_is_spent[missing_claim]
FAILED tests/research/test_budget_extensions.py::test_bad_extensions_refused_even_before_original_budget_is_spent[claim_hash]
FAILED tests/research/test_budget_extensions.py::test_bad_extensions_refused_even_before_original_budget_is_spent[terminal_hash]
FAILED tests/research/test_budget_extensions.py::test_bad_extensions_refused_even_before_original_budget_is_spent[history]
FAILED tests/research/test_budget_extensions.py::test_bad_extensions_refused_even_before_original_budget_is_spent[boolean_ceiling]
FAILED tests/research/test_budget_extensions.py::test_bad_extensions_refused_even_before_original_budget_is_spent[wrong_adopter]
FAILED tests/research/test_budget_extensions.py::test_bad_extensions_refused_even_before_original_budget_is_spent[rejected_review]
FAILED tests/research/test_budget_extensions.py::test_bad_extensions_refused_even_before_original_budget_is_spent[review_hash]
FAILED tests/research/test_budget_extensions.py::test_bad_extensions_refused_even_before_original_budget_is_spent[unpinned]
FAILED tests/research/test_budget_extensions.py::test_snapshot_cannot_omit_new_closed_claim_before_first_adoption
FAILED tests/research/test_budget_extensions.py::test_later_claims_must_carry_extension_and_verifier_checks_effective_ceiling
12 failed in 1.47s
