{
  "schema_version": 1,
  "decision": "ACCEPTED_EXACT_FAILED_SCOPE_LOCAL_SELECTION_PENDING_ACTUAL_REMOTE",
  "checks": 5865,
  "selection_sha256": "c634d82450f8e67fb8480de09141be4b0a834a557139c707b50cab968b734fc2",
  "selected_commit": "19df9df4361857f99c24b493eb6a9be049bf594b",
  "selected_count": 394,
  "selected_logical_bytes": 13056456,
  "expected_git_operations": 799,
  "unique_git_objects": 235,
  "effective_maximum_rows": 506,
  "capture_sha256": "645387e5bede68f778ad4a94c5e3b30c4e9f64bd10aa4cfb1108508939a8b899",
  "archives": {
    "outer": {
      "bytes": 2424,
      "manifest_sha256": "3dae5c56e601d16a0a0b8d753abf70f426b810c27d8a614df2332217849d988c",
      "sha256": "ad4b4ce1f41c99d470653a8049add40d57e7959915b83b9cb592e82f4d07c784"
    },
    "parent": {
      "bytes": 188099,
      "manifest_sha256": "956da6e25ecd2cd61ce3eb28a15da1addd5e3db2079d5de094548f8269871eaa",
      "sha256": "832bc3dcfd215223dda75540fe19b4fddc1d05d862f1a3d7ff174da0151306fb"
    },
    "source": {
      "bytes": 2703524,
      "manifest_sha256": "ebe3ade50a6bd106105001a615144a2e4ef1d649755989bc63937063ed9c258c",
      "sha256": "4a483c2d9d1ed1c5f652e73bb818ca8bd11dbe79fa7acaae34b11248655a4e76"
    }
  },
  "disk_free_bytes": 18462699520,
  "fresh_namespaces_absent": true,
  "actual_remote_or_flat_recovery": false,
  "numerical_claims": 0,
  "old_identity_reserved": true,
  "runtime_native_authority": false
}
