test_archive_binding_and_member_refusals (__main__.Checks.test_archive_binding_and_member_refusals) ... ok
test_complete_inverse_and_dependencies (__main__.Checks.test_complete_inverse_and_dependencies) ... ok
test_declared_resource_bounds (__main__.Checks.test_declared_resource_bounds) ... ok
test_deterministic_roundtrip (__main__.Checks.test_deterministic_roundtrip) ... ok
test_exact_HFR1_red_green (__main__.Checks.test_exact_HFR1_red_green) ... ok
test_exact_HFR2_original_chmod_red_green (__main__.Checks.test_exact_HFR2_original_chmod_red_green) ... ok
test_frozen_manifest_all_types_modes (__main__.Checks.test_frozen_manifest_all_types_modes) ... ok
test_inflated_ceiling_before_unbounded_read (__main__.Checks.test_inflated_ceiling_before_unbounded_read) ... ok
test_long_utf8_canonical_complete (__main__.Checks.test_long_utf8_canonical_complete) ... ok
test_manifest_types_paths_and_counts (__main__.Checks.test_manifest_types_paths_and_counts) ... ok
test_no_numerical_imports (__main__.Checks.test_no_numerical_imports) ... ok
test_null_request_no_authority (__main__.Checks.test_null_request_no_authority) ... ok
test_owned_directory_firstfatal_close_once (__main__.Checks.test_owned_directory_firstfatal_close_once) ... ok
test_padding_truncation_and_termination (__main__.Checks.test_padding_truncation_and_termination) ... ok
test_pax_duplicate_unknown_invalid_length (__main__.Checks.test_pax_duplicate_unknown_invalid_length) ... ok
test_post_open_directory_root_swaps_refuse (__main__.Checks.test_post_open_directory_root_swaps_refuse) ... ok
test_unsupported_headers_before_payload (__main__.Checks.test_unsupported_headers_before_payload) ... ok

----------------------------------------------------------------------
Ran 17 tests in 0.131s

OK
