Reviewed offline profile: 261 modules; legacy/unreviewed modules excluded.
Isolated standard runtime: 186 modules.
........................................................................ [  2%]
.................................................... [  4%]
........................................................................ [  7%]
........................................................................ [  9%]
........................................................................ [ 12%]
........................................................................ [ 14%]
........................................................................ [ 17%]
........................................................................ [ 20%]
........................................................................ [ 22%]
........................................................................ [ 25%]
........................................................................ [ 27%]
........................................................................ [ 30%]
........................................................................ [ 33%]
........................................................................ [ 35%]
........................................................................ [ 38%]
........................................................................ [ 40%]
........................................................................ [ 43%]
........................................................................ [ 45%]
........................................................................ [ 48%]
........................................................................ [ 51%]
........................................................................ [ 53%]
........................................................................ [ 56%]
........................................................................ [ 58%]
........................................................................ [ 61%]
........................................................................ [ 64%]
........................................................................ [ 66%]
........................................................................ [ 69%]
........................................................ [ 71%]
........................................................................ [ 73%]
........................................................................ [ 76%]
........................................................................ [ 79%]
.............................................................. [ 81%]
........................................................................ [ 83%]
........................................................................ [ 86%]
........................................................................ [ 89%]
............................................................. [ 91%]
........................................................... [ 93%]
........................................................................ [ 96%]
............................................. [ 97%]
...............................................................          [100%]
- reviewed profile: 75 encountered files withheld; this is not the full legacy suite -
2774 passed, 97 subtests passed in 1059.65s (0:17:39)
Isolated neural runtime: 75 modules.
...........s............................................................ [  9%]
........................................................................ [ 18%]
........................................................................ [ 27%]
........................................................................ [ 36%]
........................................................................ [ 45%]
s....................................................................... [ 54%]
........................................................................ [ 64%]
........................................................................ [ 73%]
........................................................................ [ 82%]
........................................................................ [ 91%]
...................................................................      [100%]
- reviewed profile: 26 encountered files withheld; this is not the full legacy suite -
785 passed, 2 skipped in 520.74s (0:08:40)
