{
  "schema_version": 1,
  "decision": "ACCEPTED_ACTUAL_INSTALLED_GATE_AND_RECORDED_READONLY_ADMISSION_ONLY",
  "checks": 3304,
  "actual_source": "d4e56ba9ed968e9c24b2813656c2ca65a3dbd7a0",
  "parent_source": "1a8c612d5d66858c725f9196e80b2140b9e6fc81",
  "tracked": 290,
  "source_pins_per_experiment": 289,
  "implementation": 194,
  "package": 149,
  "auxiliary": 96,
  "all269unchanged": true,
  "adopted_support": 20,
  "gate_sha256": "6818dfdc48879fde8bf149bd1dae252885c6460a209e31af5a17a66012247691",
  "family_base": 18,
  "prior_attempts": 0,
  "initial_entries": 10,
  "withheld_dependent_entries": 8,
  "current_claims": 0,
  "fixed_order_sha256": "341c045b452d9367c43a24916c80108f8a2a8cc9db669a02ada943c0f9e4108f",
  "readback_sha256": "bac328184195565392d393d4072fc958701519a8b2ba2aa76ec7037ffdd58f30",
  "actual_terminal_sha256": "4d79ee3d76fd77c8a3ba5e0ae5c6a9dca438d092a43d14587f2b6e2598d8d3d0",
  "failed_collector_sha256": "2885298de510a18ab83187b6570bf777390edca9ef7c8b83e9d422f0acd129ca",
  "reviewer_repeated_admit_or_start": false,
  "full_current290recovery": false,
  "native_or_capacity_or_runtime_release": false,
  "qualification": "Root actual terminal/readback authenticated against installed API/source; no repeated admission or synthetic authority object. ready=True is narrow admission/time readiness, not native release. Fixed order remains documentary caller input awaiting actual binding."
}
