Reviewed offline profile: 241 modules; legacy/unreviewed modules excluded.
Isolated standard runtime: 184 modules.
........................................................................ [  2%]
.................................................... [  4%]
........................................................................ [  7%]
........................................................................ [  9%]
........................................................................ [ 12%]
........................................................................ [ 14%]
........................................................................ [ 17%]
........................................................................ [ 20%]
........................................................................ [ 22%]
........................................................................ [ 25%]
........................................................................ [ 28%]
........................................................................ [ 30%]
........................................................................ [ 33%]
........................................................................ [ 35%]
........................................................................ [ 38%]
........................................................................ [ 41%]
........................................................................ [ 43%]
........................................................................ [ 46%]
........................................................................ [ 49%]
........................................................................ [ 51%]
........................................................................ [ 54%]
........................................................................ [ 56%]
........................................................................ [ 59%]
........................................................................ [ 62%]
........................................................................ [ 64%]
........................................................................ [ 67%]
........................................................................ [ 70%]
........................................................ [ 72%]
........................................................................ [ 74%]
........................................................................ [ 77%]
........................................................................ [ 79%]
.............................................................. [ 82%]
........................................................................ [ 84%]
........................................................................ [ 87%]
........................................................................ [ 90%]
...................................................... [ 92%]
.................................................................. [ 94%]
..................................................................................................................... [ 98%]
....................................                                     [100%]
- reviewed profile: 75 encountered files withheld; this is not the full legacy suite -
2747 passed, 97 subtests passed in 1111.60s (0:18:31)
Isolated neural runtime: 57 modules.
........................................................................ [ 15%]
........................................................................ [ 30%]
......................................................................s. [ 45%]
........................................................................ [ 60%]
........................................................................ [ 75%]
........................................................................ [ 91%]
..........................................                               [100%]
- reviewed profile: 26 encountered files withheld; this is not the full legacy suite -
473 passed, 1 skipped in 362.40s (0:06:02)
