{
  "python": "3.13.13",
  "requested_executable": "/home/malecada/master_thesis/TradingAgents-audit-fixes/.venv/bin/python",
  "resolved_executable": "/home/malecada/.local/share/uv/python/cpython-3.13.13-linux-x86_64-gnu/bin/python3.13",
  "executable_bytes": 31510904,
  "executable_sha256": "1b6373b55566df2953fe1e1345aec5df0d2e76c5e385871e68aa46c48020803d",
  "source_hashes": {
    "git_recovery01.py": "f0c7bab42387eb75d3f37b45f785de591090e12b49f0fed1e2c67d0c742dbc59",
    "bounded_git_fd01.py": "4f997af0a6bdbe64e588241759ce596d751ee556357793af2f1c63cd0fdef87a",
    "archive03.py": "785b957f93e22b18b1d3c00a73cacc75b6028bab9566d737b40903dcffc4964e",
    "owned_io.py": "09d1fbcc03f2c9303db95f34ca6c07ddb47bfdb49b35452f4cb6829a5d667aeb"
  },
  "finite_limits": {
    "calls": 4096,
    "sampled_seconds": 300,
    "store_logical_allocated_and_returned_bytes": 134217728,
    "per_body_bytes": 4194304,
    "inflated_archive_bytes": 201326592,
    "pax_bytes": 8192,
    "disk_floor_bytes": 10737418240
  },
  "native_or_hard_quota_proof": false,
  "actual_recovered_git_proof": false
}
