{
  "status": "ACCEPTED_EXACT_SPEC_FOR_ROOT_OFFLINE_GIT_PROOF_ONLY",
  "spec_sha256": "1565b8533578ee862d019bdfe036b012011f6946bdcf3e22b1cbc4aaea877c4f",
  "expected_sha256": "d4c2ad952d50a4f3c813ca188a9ebded94c6f1c356b8c645c3b684a048244227",
  "request_sha256": "3d5481584c69034d696276431465064d01788e0fd651bdc8fe7df203bc52bf71",
  "capture_sha256": "b9f1d20bedb3e9eff6ca7390684c439de29f5eaab062663e8419f2a3b7a40227",
  "recovery_sha256": "48c24f5b7c015cb902db19afbb2b171edefadb88a3bb10ef86d8815067c8bf34",
  "output": {
    "path": "/home/malecada/master_thesis/TradingAgents-audit-fixes/research/onchain-paper-replication-2026-09-24/full_sources/held-consumer-flat-git-root-specification01-2026-10-03/git-proof01",
    "device": 66310,
    "inode": 10633488,
    "mode": 448,
    "uid": 1000,
    "empty": true,
    "free_bytes_observed": 18948673536
  },
  "flat_roles": {
    "capsule": {
      "manifest_members": 925,
      "regular_bodies": 663,
      "logical_bytes": 6782177
    },
    "external": {
      "manifest_members": 12,
      "regular_bodies": 10,
      "logical_bytes": 271900
    }
  },
  "flat_members": 676,
  "checks": 956,
  "read_operations": 682,
  "old_frame_decoder_invoked": false,
  "object_store_instantiated": false,
  "actual_git_proof_executed": false,
  "actual_source_body_donor_read": false,
  "native_release_or_research_authority": false,
  "scope": "exact data/spec joins only; external origin separately independently reviewed; Root must recheck freshness and floors before one actual offline proof"
}
