
  V5 MIX TP/SL intrabar sweep (approach B)
  window : 2021-11-07 → 2026-04-15
  grid   : SL=9 EE=6 TP=7 = 378 cells
  output : /home/malecada/master_thesis/TradingAgents/data/v5_sltp_sweep_intrabar

  Loaded 4 coins (with OHLC) in 0.2s
  cell 20/378  SL=0.010 EE=1.000 TP=0.080  port SR=+0.95  n_sl=3033 n_tp=2140  elapsed=2s  eta=31s
  cell 40/378  SL=0.030 EE=1.000 TP=0.050  port SR=+2.19  n_sl=2699 n_tp=1519  elapsed=3s  eta=22s
  cell 60/378  SL=0.100 EE=1.000 TP=0.030  port SR=+2.38  n_sl=2162 n_tp=1391  elapsed=4s  eta=19s
  cell 80/378  SL=0.010 EE=0.005 TP=0.020  port SR=-2.00  n_sl=3352 n_tp=2980  elapsed=5s  eta=19s
  cell 100/378  SL=0.030 EE=0.005 TP=0.010  port SR=-1.68  n_sl=3369 n_tp=2956  elapsed=6s  eta=17s
  cell 120/378  SL=0.100 EE=0.005 TP=0.000  port SR=+3.12  n_sl=308 n_tp=105  elapsed=7s  eta=15s
  cell 140/378  SL=0.005 EE=0.010 TP=0.120  port SR=+0.54  n_sl=3134 n_tp=2395  elapsed=8s  eta=14s
  cell 160/378  SL=0.020 EE=0.010 TP=0.080  port SR=+2.43  n_sl=2530 n_tp=1390  elapsed=9s  eta=13s
  cell 180/378  SL=0.070 EE=0.010 TP=0.050  port SR=+2.89  n_sl=1835 n_tp=1079  elapsed=10s  eta=11s
  cell 200/378  SL=0.005 EE=0.015 TP=0.030  port SR=-1.91  n_sl=3336 n_tp=2993  elapsed=12s  eta=10s
  cell 220/378  SL=0.020 EE=0.015 TP=0.020  port SR=-1.31  n_sl=3357 n_tp=2968  elapsed=13s  eta=9s
  cell 240/378  SL=0.070 EE=0.015 TP=0.010  port SR=+0.56  n_sl=2930 n_tp=2316  elapsed=13s  eta=8s
  cell 260/378  SL=0.005 EE=0.020 TP=0.000  port SR=+1.20  n_sl=2825 n_tp=2066  elapsed=15s  eta=7s
  cell 280/378  SL=0.015 EE=0.020 TP=0.120  port SR=+2.22  n_sl=2406 n_tp=1403  elapsed=16s  eta=6s
  cell 300/378  SL=0.050 EE=0.020 TP=0.080  port SR=+2.97  n_sl=1723 n_tp=767  elapsed=17s  eta=4s
  cell 320/378  SL=0.000 EE=0.030 TP=0.050  port SR=+3.10  n_sl=2008 n_tp=958  elapsed=18s  eta=3s
  cell 340/378  SL=0.015 EE=0.030 TP=0.030  port SR=-0.97  n_sl=3406 n_tp=2869  elapsed=19s  eta=2s
  cell 360/378  SL=0.050 EE=0.030 TP=0.020  port SR=+1.25  n_sl=2880 n_tp=1941  elapsed=20s  eta=1s
  cell 378/378  SL=0.100 EE=0.030 TP=0.120  port SR=+3.14  n_sl=708 n_tp=310  elapsed=21s  eta=0s

  Wrote: /home/malecada/master_thesis/TradingAgents/data/v5_sltp_sweep_intrabar/results.csv  (1890 rows)
  Wrote: /home/malecada/master_thesis/TradingAgents/data/v5_sltp_sweep_intrabar/summary.json
  Intrabar baseline SR = +3.047 (close-only §29 = +3.178)
  Best cell: SL=0.0 EE=0.005 TP=0.12  SR=+3.391  DD=4.9%  ΔSR=+0.344  verdict=CONFIRM
