test_all_required_graphs_and_training_only_lineage_close_without_retaining_tensors (__main__.Tests.test_all_required_graphs_and_training_only_lineage_close_without_retaining_tensors) ... FAIL
test_unadmitted_owner_refuses (__main__.Tests.test_unadmitted_owner_refuses) ... FAIL

======================================================================
FAIL: test_all_required_graphs_and_training_only_lineage_close_without_retaining_tensors (__main__.Tests.test_all_required_graphs_and_training_only_lineage_close_without_retaining_tensors)
----------------------------------------------------------------------
Traceback (most recent call last):
  File "/home/malecada/master_thesis/TradingAgents-audit-fixes/research/onchain-paper-replication-2026-09-24/full_sources/representation-closure-route-2026-10-01/test_closure.py", line 64, in test_all_required_graphs_and_training_only_lineage_close_without_retaining_tensors
    f=self.fixture();m=self.m;g=m.graphs;saved=g.saved
  File "/home/malecada/master_thesis/TradingAgents-audit-fixes/research/onchain-paper-replication-2026-09-24/full_sources/representation-closure-route-2026-10-01/test_closure.py", line 40, in fixture
    self.m=api();m=self.m
           ~~~^^
  File "/home/malecada/master_thesis/TradingAgents-audit-fixes/research/onchain-paper-replication-2026-09-24/full_sources/representation-closure-route-2026-10-01/test_closure.py", line 35, in api
    assert (HERE/'closure.py').exists(),'registered representation closure missing'
           ~~~~~~~~~~~~~~~~~~~~~~~~~~^^
AssertionError: registered representation closure missing

======================================================================
FAIL: test_unadmitted_owner_refuses (__main__.Tests.test_unadmitted_owner_refuses)
----------------------------------------------------------------------
Traceback (most recent call last):
  File "/home/malecada/master_thesis/TradingAgents-audit-fixes/research/onchain-paper-replication-2026-09-24/full_sources/representation-closure-route-2026-10-01/test_closure.py", line 96, in test_unadmitted_owner_refuses
    m=api()
  File "/home/malecada/master_thesis/TradingAgents-audit-fixes/research/onchain-paper-replication-2026-09-24/full_sources/representation-closure-route-2026-10-01/test_closure.py", line 35, in api
    assert (HERE/'closure.py').exists(),'registered representation closure missing'
           ~~~~~~~~~~~~~~~~~~~~~~~~~~^^
AssertionError: registered representation closure missing

----------------------------------------------------------------------
Ran 2 tests in 0.001s

FAILED (failures=2)
