test_every_boundary_restore_exact_order (__main__.Tests.test_every_boundary_restore_exact_order) ... ok
test_interruption_requires_prior_checkpoint (__main__.Tests.test_interruption_requires_prior_checkpoint) ... ok
test_invalid_metadata_refused_before_mapping (__main__.Tests.test_invalid_metadata_refused_before_mapping) ... FAIL
test_limits_identity_and_exclusive_publication (__main__.Tests.test_limits_identity_and_exclusive_publication) ... ok
test_post_map_exception_closes_map_and_success_has_explicit_close (__main__.Tests.test_post_map_exception_closes_map_and_success_has_explicit_close) ... FAIL
test_structural_corruption_refused (__main__.Tests.test_structural_corruption_refused) ... ok

======================================================================
FAIL: test_invalid_metadata_refused_before_mapping (__main__.Tests.test_invalid_metadata_refused_before_mapping)
----------------------------------------------------------------------
Traceback (most recent call last):
  File "/home/malecada/master_thesis/TradingAgents-audit-fixes/research/onchain-paper-replication-2026-09-24/full_sources/ranked-hardening-checkpoints-2026-09-30/test_checkpointed.py", line 75, in test_invalid_metadata_refused_before_mapping
    with self.assertRaises(ValueError):m.load(p,expected_sha256=hashlib.sha256(raw).hexdigest(),input_sha256=identity(x),max_pair_entries=4000000,max_explicit_bytes=1000000)
                                       ~~~~~~^^^^^^^^^^^^^^^^^^^^^^^^^^^^^^^^^^^^^^^^^^^^^^^^^^^^^^^^^^^^^^^^^^^^^^^^^^^^^^^^^^^^^^^^^^^^^^^^^^^^^^^^^^^^^^^^^^^^^^^^^^^^^^^^
  File "/home/malecada/master_thesis/TradingAgents-audit-fixes/research/onchain-paper-replication-2026-09-24/full_sources/ranked-hardening-checkpoints-2026-09-30/checkpointed.py", line 111, in load
    order=np.load(path,mmap_mode='r',allow_pickle=False,max_header_size=128)
  File "/home/malecada/.local/share/uv/python/cpython-3.13.13-linux-x86_64-gnu/lib/python3.13/unittest/mock.py", line 1169, in __call__
    return self._mock_call(*args, **kwargs)
           ~~~~~~~~~~~~~~~^^^^^^^^^^^^^^^^^
  File "/home/malecada/.local/share/uv/python/cpython-3.13.13-linux-x86_64-gnu/lib/python3.13/unittest/mock.py", line 1173, in _mock_call
    return self._execute_mock_call(*args, **kwargs)
           ~~~~~~~~~~~~~~~~~~~~~~~^^^^^^^^^^^^^^^^^
  File "/home/malecada/.local/share/uv/python/cpython-3.13.13-linux-x86_64-gnu/lib/python3.13/unittest/mock.py", line 1234, in _execute_mock_call
    raise effect
AssertionError: mapped invalid metadata

======================================================================
FAIL: test_post_map_exception_closes_map_and_success_has_explicit_close (__main__.Tests.test_post_map_exception_closes_map_and_success_has_explicit_close)
----------------------------------------------------------------------
Traceback (most recent call last):
  File "/home/malecada/master_thesis/TradingAgents-audit-fixes/research/onchain-paper-replication-2026-09-24/full_sources/ranked-hardening-checkpoints-2026-09-30/test_checkpointed.py", line 64, in test_post_map_exception_closes_map_and_success_has_explicit_close
    self.assertIs(caught.exception,error);self.assertTrue(opened[-1]._mmap.closed)
                                          ~~~~~~~~~~~~~~~^^^^^^^^^^^^^^^^^^^^^^^^^
AssertionError: False is not true

----------------------------------------------------------------------
Ran 6 tests in 0.888s

FAILED (failures=2)
