{
  "python": "3.13.13",
  "prefix": "/home/malecada/master_thesis/TradingAgents-audit-fixes/.venv",
  "origins": {
    "tradingagents": [
      "/home/malecada/master_thesis/onchain-fixture-isolation/archive-outer-owner-20261002-01/source/tradingagents/__init__.py"
    ],
    "tests": [
      "/home/malecada/master_thesis/onchain-fixture-isolation/archive-outer-owner-20261002-01/source/tests"
    ],
    "scripts": [
      "/home/malecada/master_thesis/onchain-fixture-isolation/archive-outer-owner-20261002-01/source/scripts/__init__.py"
    ],
    "numpy": "/home/malecada/master_thesis/TradingAgents-audit-fixes/.venv/lib/python3.13/site-packages/numpy/__init__.py",
    "scipy": "/home/malecada/master_thesis/TradingAgents-audit-fixes/.venv/lib/python3.13/site-packages/scipy/__init__.py",
    "pyarrow": "/home/malecada/master_thesis/TradingAgents-audit-fixes/.venv/lib/python3.13/site-packages/pyarrow/__init__.py",
    "torch": "/home/malecada/master_thesis/TradingAgents-audit-fixes/.venv/lib/python3.13/site-packages/torch/__init__.py",
    "sklearn": "/home/malecada/master_thesis/TradingAgents-audit-fixes/.venv/lib/python3.13/site-packages/sklearn/__init__.py",
    "pytest": "/home/malecada/master_thesis/TradingAgents-audit-fixes/.venv/lib/python3.13/site-packages/pytest/__init__.py"
  },
  "numerical_imports_performed": false,
  "binary_attestation": false
}
