E....F
======================================================================
ERROR: test_actual_source_seal_record (__main__.Checks.test_actual_source_seal_record)
----------------------------------------------------------------------
Traceback (most recent call last):
  File "/home/malecada/master_thesis/TradingAgents-audit-fixes/research/onchain-paper-replication-2026-09-24/full_sources/held-consumer-held-failure-outcome-parser-preparation02-2026-10-03/check_shape02.py", line 18, in test_actual_source_seal_record
    a=witness();self.assertIsNone(a[2]['workflow_identity']);self.assertIsNone(a[2]['parent']);self.assertEqual(a[2]['events'],[]);self.assertEqual(m.failure_shape(*a),REASON)
                                                                                                                                                    ~~~~~~~~~~~~~~~^^^^
  File "/home/malecada/master_thesis/TradingAgents-audit-fixes/research/onchain-paper-replication-2026-09-24/full_sources/held-consumer-held-failure-outcome-parser-preparation02-2026-10-03/held_failure01.baseline.py", line 181, in failure_shape
    require(type(journal['schema_version']) is int and journal['schema_version']==1 and journal['reason']==reason and journal['status']=='failed' and journal['workflow_identity']==workflow and journal['required_graphs']==list(TARGETS),'actual expected failed journal differs')
    ~~~~~~~^^^^^^^^^^^^^^^^^^^^^^^^^^^^^^^^^^^^^^^^^^^^^^^^^^^^^^^^^^^^^^^^^^^^^^^^^^^^^^^^^^^^^^^^^^^^^^^^^^^^^^^^^^^^^^^^^^^^^^^^^^^^^^^^^^^^^^^^^^^^^^^^^^^^^^^^^^^^^^^^^^^^^^^^^^^^^^^^^^^^^^^^^^^^^^^^^^^^^^^^^^^^^^^^^^^^^^^^^^^^^^^^^^^^^^^^^^^^^^^^^^^^^^^^^^^^^^^^^^^^^^^^^
  File "/home/malecada/master_thesis/TradingAgents-audit-fixes/research/onchain-paper-replication-2026-09-24/full_sources/held-consumer-held-failure-outcome-parser-preparation02-2026-10-03/held_failure01.baseline.py", line 18, in require
    if not v:raise ValueError(m)
             ^^^^^^^^^^^^^^^^^^^
ValueError: actual expected failed journal differs

======================================================================
FAIL: test_top_level_and_parent_refuse (__main__.Checks.test_top_level_and_parent_refuse)
----------------------------------------------------------------------
Traceback (most recent call last):
  File "/home/malecada/master_thesis/TradingAgents-audit-fixes/research/onchain-paper-replication-2026-09-24/full_sources/held-consumer-held-failure-outcome-parser-preparation02-2026-10-03/check_shape02.py", line 22, in test_top_level_and_parent_refuse
    with self.assertRaises((ValueError,TypeError,KeyError)):m.failure_shape(*a)
         ~~~~~~~~~~~~~~~~~^^^^^^^^^^^^^^^^^^^^^^^^^^^^^^^^^
AssertionError: (<class 'ValueError'>, <class 'TypeError'>, <class 'KeyError'>) not raised

----------------------------------------------------------------------
Ran 6 tests in 0.002s

FAILED (failures=1, errors=1)
