test_bad_selector (__main__.Tests.test_bad_selector) ... ok
test_bool_and_mutated_policy (__main__.Tests.test_bool_and_mutated_policy) ... FAIL
test_default (__main__.Tests.test_default) ... ok
test_duplicate_outputs (__main__.Tests.test_duplicate_outputs) ... ok
test_extra_output (__main__.Tests.test_extra_output) ... ok
test_missing_output (__main__.Tests.test_missing_output) ... ok
test_missing_plan_selector (__main__.Tests.test_missing_plan_selector) ... ok
test_missing_registered_policy (__main__.Tests.test_missing_registered_policy) ... ok
test_output_conflict (__main__.Tests.test_output_conflict) ... ok
test_oversize_policy (__main__.Tests.test_oversize_policy) ... ok
test_plan_mismatch (__main__.Tests.test_plan_mismatch) ... ok
test_plan_only_reserved_typo (__main__.Tests.test_plan_only_reserved_typo) ... ok
test_plan_only_selector (__main__.Tests.test_plan_only_selector) ... ok
test_selected (__main__.Tests.test_selected) ... FAIL
test_target_mismatch (__main__.Tests.test_target_mismatch) ... ok
test_unknown_selector (__main__.Tests.test_unknown_selector) ... ok

======================================================================
FAIL: test_bool_and_mutated_policy (__main__.Tests.test_bool_and_mutated_policy)
----------------------------------------------------------------------
Traceback (most recent call last):
  File "/home/malecada/master_thesis/TradingAgents-audit-fixes/research/onchain-paper-replication-2026-09-24/full_sources/held-consumer-fixture-dispatch-preparation02-2026-10-03/test_dispatch03.py", line 50, in test_bool_and_mutated_policy
    self.check();self.policy['max_read_bytes']=True
    ~~~~~~~~~~^^
  File "/home/malecada/master_thesis/TradingAgents-audit-fixes/research/onchain-paper-replication-2026-09-24/full_sources/held-consumer-fixture-dispatch-preparation02-2026-10-03/test_dispatch03.py", line 24, in check
    env=dict(ns,name='original32',run=run,s=self.s,item=self.item,original=orig,held_score_consumer=SimpleNamespace(_policy=cs['_policy']));exec(fragment,env);assert env['name']=='original32', 'representation overwritten'
                                                                                                                                                                      ^^^^^^^^^^^^^^^^^^^^^^^^^
AssertionError: representation overwritten

======================================================================
FAIL: test_selected (__main__.Tests.test_selected)
----------------------------------------------------------------------
Traceback (most recent call last):
  File "/home/malecada/master_thesis/TradingAgents-audit-fixes/research/onchain-paper-replication-2026-09-24/full_sources/held-consumer-fixture-dispatch-preparation02-2026-10-03/test_dispatch03.py", line 27, in test_selected
    def test_selected(self):self.check()
                            ~~~~~~~~~~^^
  File "/home/malecada/master_thesis/TradingAgents-audit-fixes/research/onchain-paper-replication-2026-09-24/full_sources/held-consumer-fixture-dispatch-preparation02-2026-10-03/test_dispatch03.py", line 24, in check
    env=dict(ns,name='original32',run=run,s=self.s,item=self.item,original=orig,held_score_consumer=SimpleNamespace(_policy=cs['_policy']));exec(fragment,env);assert env['name']=='original32', 'representation overwritten'
                                                                                                                                                                      ^^^^^^^^^^^^^^^^^^^^^^^^^
AssertionError: representation overwritten

----------------------------------------------------------------------
Ran 16 tests in 0.005s

FAILED (failures=2)
