test_fatal_identity_and_all_closes (test_cleanup03.Cleanup.test_fatal_identity_and_all_closes) ... ok
test_terminal_before_poison (test_cleanup03.Cleanup.test_terminal_before_poison) ... ok
test_uncertain_close_still_poisoned (test_cleanup03.Cleanup.test_uncertain_close_still_poisoned) ... ok
test_only_selected_cleanup_handler_changes_in_entire_module (test_cleanup_actual03.ActualTerminal.test_only_selected_cleanup_handler_changes_in_entire_module) ... ok
test_selected_producer_reaches_actual_matching_terminal_before_revoke (test_cleanup_actual03.ActualTerminal.test_selected_producer_reaches_actual_matching_terminal_before_revoke) ... ok
test_all_semantic_numeric_fields_and_schema_are_authenticated (test_evidence03.Evidence.test_all_semantic_numeric_fields_and_schema_are_authenticated) ... ok
test_empty_stage_and_wrong_phase_counts_refuse (test_evidence03.Evidence.test_empty_stage_and_wrong_phase_counts_refuse) ... ok
test_missing_or_truncated_required_stage_members_refuse (test_evidence03.Evidence.test_missing_or_truncated_required_stage_members_refuse) ... ok
test_original_node_order_and_stage_scope_refuse (test_evidence03.Evidence.test_original_node_order_and_stage_scope_refuse) ... ok
test_original_sample_body_cannot_rebind_import (test_evidence03.Evidence.test_original_sample_body_cannot_rebind_import) ... ok
test_positive_non_numeric_boundaries (test_evidence03.Evidence.test_positive_non_numeric_boundaries) ... ok
test_semantic_extent_type_missing_fields_and_order_refuse (test_evidence03.Evidence.test_semantic_extent_type_missing_fields_and_order_refuse) ... ok
test_valid_qualified_stage_counts (test_evidence03.Evidence.test_valid_qualified_stage_counts) ... ok
test_destination_json_encoding_matches_actual_writer (test_format03.Formats.test_destination_json_encoding_matches_actual_writer) ... ok
test_metadata_validator_prefix_is_byte_exact_accepted_source (test_format03.Formats.test_metadata_validator_prefix_is_byte_exact_accepted_source) ... ok
test_motif_hash_matches_actual_identity_function_without_numerical_library (test_format03.Formats.test_motif_hash_matches_actual_identity_function_without_numerical_library) ... ok
test_numeric_count_bool_and_reordered_original_indices_rejected_by_full_record (test_format03.Formats.test_numeric_count_bool_and_reordered_original_indices_rejected_by_full_record) ... ok
test_each_empty_real_format_stage_refused (test_review03.Reviewed.test_each_empty_real_format_stage_refused) ... ok
test_each_registered_original_semantic_field_refused (test_review03.Reviewed.test_each_registered_original_semantic_field_refused) ... ok
test_valid_format_remains_accepted (test_review03.Reviewed.test_valid_format_remains_accepted) ... ok

----------------------------------------------------------------------
Ran 20 tests in 15.898s

OK
Numerical/package imports: none. Actual claims/Owners/guards: zero.
