FFFFFFFFF.
======================================================================
FAIL: test_each_empty_real_format_stage_refused (__main__.Reviewed.test_each_empty_real_format_stage_refused) (variant='wrong-purpose')
----------------------------------------------------------------------
Traceback (most recent call last):
  File "/home/malecada/master_thesis/TradingAgents-audit-fixes/research/onchain-paper-replication-2026-09-24/full_sources/original-import-native-refusal-candidate03-2026-10-03/test_review03.py", line 14, in test_each_empty_real_format_stage_refused
    with self.assertRaises(ValueError):caller.terminal(root=root,variant=variant)
         ~~~~~~~~~~~~~~~~~^^^^^^^^^^^^
AssertionError: ValueError not raised

======================================================================
FAIL: test_each_empty_real_format_stage_refused (__main__.Reviewed.test_each_empty_real_format_stage_refused) (variant='wrong-ack')
----------------------------------------------------------------------
Traceback (most recent call last):
  File "/home/malecada/master_thesis/TradingAgents-audit-fixes/research/onchain-paper-replication-2026-09-24/full_sources/original-import-native-refusal-candidate03-2026-10-03/test_review03.py", line 14, in test_each_empty_real_format_stage_refused
    with self.assertRaises(ValueError):caller.terminal(root=root,variant=variant)
         ~~~~~~~~~~~~~~~~~^^^^^^^^^^^^
AssertionError: ValueError not raised

======================================================================
FAIL: test_each_empty_real_format_stage_refused (__main__.Reviewed.test_each_empty_real_format_stage_refused) (variant='wrong-matrix')
----------------------------------------------------------------------
Traceback (most recent call last):
  File "/home/malecada/master_thesis/TradingAgents-audit-fixes/research/onchain-paper-replication-2026-09-24/full_sources/original-import-native-refusal-candidate03-2026-10-03/test_review03.py", line 14, in test_each_empty_real_format_stage_refused
    with self.assertRaises(ValueError):caller.terminal(root=root,variant=variant)
         ~~~~~~~~~~~~~~~~~^^^^^^^^^^^^
AssertionError: ValueError not raised

======================================================================
FAIL: test_each_empty_real_format_stage_refused (__main__.Reviewed.test_each_empty_real_format_stage_refused) (variant='wrong-count')
----------------------------------------------------------------------
Traceback (most recent call last):
  File "/home/malecada/master_thesis/TradingAgents-audit-fixes/research/onchain-paper-replication-2026-09-24/full_sources/original-import-native-refusal-candidate03-2026-10-03/test_review03.py", line 14, in test_each_empty_real_format_stage_refused
    with self.assertRaises(ValueError):caller.terminal(root=root,variant=variant)
         ~~~~~~~~~~~~~~~~~^^^^^^^^^^^^
AssertionError: ValueError not raised

======================================================================
FAIL: test_each_registered_original_semantic_field_refused (__main__.Reviewed.test_each_registered_original_semantic_field_refused) (field='ordered_motifs')
----------------------------------------------------------------------
Traceback (most recent call last):
  File "/home/malecada/master_thesis/TradingAgents-audit-fixes/research/onchain-paper-replication-2026-09-24/full_sources/original-import-native-refusal-candidate03-2026-10-03/test_review03.py", line 19, in test_each_registered_original_semantic_field_refused
    with self.assertRaises(ValueError):caller.terminal(root=root,variant='lease-terminal')
         ~~~~~~~~~~~~~~~~~^^^^^^^^^^^^
AssertionError: ValueError not raised

======================================================================
FAIL: test_each_registered_original_semantic_field_refused (__main__.Reviewed.test_each_registered_original_semantic_field_refused) (field='representative_sample_indices')
----------------------------------------------------------------------
Traceback (most recent call last):
  File "/home/malecada/master_thesis/TradingAgents-audit-fixes/research/onchain-paper-replication-2026-09-24/full_sources/original-import-native-refusal-candidate03-2026-10-03/test_review03.py", line 19, in test_each_registered_original_semantic_field_refused
    with self.assertRaises(ValueError):caller.terminal(root=root,variant='lease-terminal')
         ~~~~~~~~~~~~~~~~~^^^^^^^^^^^^
AssertionError: ValueError not raised

======================================================================
FAIL: test_each_registered_original_semantic_field_refused (__main__.Reviewed.test_each_registered_original_semantic_field_refused) (field='bundle_sha256')
----------------------------------------------------------------------
Traceback (most recent call last):
  File "/home/malecada/master_thesis/TradingAgents-audit-fixes/research/onchain-paper-replication-2026-09-24/full_sources/original-import-native-refusal-candidate03-2026-10-03/test_review03.py", line 19, in test_each_registered_original_semantic_field_refused
    with self.assertRaises(ValueError):caller.terminal(root=root,variant='lease-terminal')
         ~~~~~~~~~~~~~~~~~^^^^^^^^^^^^
AssertionError: ValueError not raised

======================================================================
FAIL: test_each_registered_original_semantic_field_refused (__main__.Reviewed.test_each_registered_original_semantic_field_refused) (field='numeric_bytes')
----------------------------------------------------------------------
Traceback (most recent call last):
  File "/home/malecada/master_thesis/TradingAgents-audit-fixes/research/onchain-paper-replication-2026-09-24/full_sources/original-import-native-refusal-candidate03-2026-10-03/test_review03.py", line 19, in test_each_registered_original_semantic_field_refused
    with self.assertRaises(ValueError):caller.terminal(root=root,variant='lease-terminal')
         ~~~~~~~~~~~~~~~~~^^^^^^^^^^^^
AssertionError: ValueError not raised

======================================================================
FAIL: test_each_registered_original_semantic_field_refused (__main__.Reviewed.test_each_registered_original_semantic_field_refused) (field='extra')
----------------------------------------------------------------------
Traceback (most recent call last):
  File "/home/malecada/master_thesis/TradingAgents-audit-fixes/research/onchain-paper-replication-2026-09-24/full_sources/original-import-native-refusal-candidate03-2026-10-03/test_review03.py", line 19, in test_each_registered_original_semantic_field_refused
    with self.assertRaises(ValueError):caller.terminal(root=root,variant='lease-terminal')
         ~~~~~~~~~~~~~~~~~^^^^^^^^^^^^
AssertionError: ValueError not raised

----------------------------------------------------------------------
Ran 3 tests in 1.374s

FAILED (failures=9)
