test_actual_claim_owner_and_old_numerical_anchor_are_distinct (tests.research.onchain_replication.test_matching_owner.OwnershipTests.test_actual_claim_owner_and_old_numerical_anchor_are_distinct) ... ok
test_boolean_execution_version_refused (tests.research.onchain_replication.test_matching_owner.OwnershipTests.test_boolean_execution_version_refused) ... ok
test_boolean_journal_version_refused (tests.research.onchain_replication.test_matching_owner.OwnershipTests.test_boolean_journal_version_refused) ... ok
test_boolean_policy_version_refused (tests.research.onchain_replication.test_matching_owner.OwnershipTests.test_boolean_policy_version_refused) ... ok
test_changed_guard_metadata_refused (tests.research.onchain_replication.test_matching_owner.OwnershipTests.test_changed_guard_metadata_refused) ... ok
test_changed_journal_claim_refused (tests.research.onchain_replication.test_matching_owner.OwnershipTests.test_changed_journal_claim_refused) ... ok
test_failed_parent_not_silently_admitted (tests.research.onchain_replication.test_matching_owner.OwnershipTests.test_failed_parent_not_silently_admitted) ... ok
test_float_plan_version_refused (tests.research.onchain_replication.test_matching_owner.OwnershipTests.test_float_plan_version_refused) ... ok
test_float_policy_version_refused (tests.research.onchain_replication.test_matching_owner.OwnershipTests.test_float_policy_version_refused) ... ok
test_foreign_guard_owner_or_policy_refused (tests.research.onchain_replication.test_matching_owner.OwnershipTests.test_foreign_guard_owner_or_policy_refused) ... ok
test_foreign_sibling_after_binding_refused (tests.research.onchain_replication.test_matching_owner.OwnershipTests.test_foreign_sibling_after_binding_refused) ... ok
test_guard_expiry_and_monitor_death_refused (tests.research.onchain_replication.test_matching_owner.OwnershipTests.test_guard_expiry_and_monitor_death_refused) ... ok
test_input_drift_refused (tests.research.onchain_replication.test_matching_owner.OwnershipTests.test_input_drift_refused) ... ok
test_live_monitor_must_equal_retained_owner_monitor (tests.research.onchain_replication.test_matching_owner.OwnershipTests.test_live_monitor_must_equal_retained_owner_monitor) ... ok
test_numerical_anchor_drift_is_not_execution_commit_compatibility (tests.research.onchain_replication.test_matching_owner.OwnershipTests.test_numerical_anchor_drift_is_not_execution_commit_compatibility) ... ok
test_numerical_anchor_incomplete_closure_refused (tests.research.onchain_replication.test_matching_owner.OwnershipTests.test_numerical_anchor_incomplete_closure_refused) ... ok
test_source_drift_refused (tests.research.onchain_replication.test_matching_owner.OwnershipTests.test_source_drift_refused) ... ok
test_symlink_journal_metadata_refused (tests.research.onchain_replication.test_matching_owner.OwnershipTests.test_symlink_journal_metadata_refused) ... ok
test_terminal_claim_refused_on_recheck (tests.research.onchain_replication.test_matching_owner.OwnershipTests.test_terminal_claim_refused_on_recheck) ... ok
test_terminal_journal_refused (tests.research.onchain_replication.test_matching_owner.OwnershipTests.test_terminal_journal_refused) ... ok
test_unadmitted_run_refused (tests.research.onchain_replication.test_matching_owner.OwnershipTests.test_unadmitted_run_refused) ... ok
test_uncommitted_numerical_anchor_refused (tests.research.onchain_replication.test_matching_owner.OwnershipTests.test_uncommitted_numerical_anchor_refused) ... ok
test_wrong_directory_refused_before_guard (tests.research.onchain_replication.test_matching_owner.OwnershipTests.test_wrong_directory_refused_before_guard) ... ok
test_wrong_producer_policy_or_representation_refused (tests.research.onchain_replication.test_matching_owner.OwnershipTests.test_wrong_producer_policy_or_representation_refused) ... ok
test_active_monitor_refused (tests.research.onchain_replication.test_matching_death.DeathTests.test_active_monitor_refused) ... ok
test_broken_final_symlink_refused (tests.research.onchain_replication.test_matching_death.DeathTests.test_broken_final_symlink_refused) ... ok
test_changed_hash_refused (tests.research.onchain_replication.test_matching_death.DeathTests.test_changed_hash_refused) ... ok
test_complete_parent_refused (tests.research.onchain_replication.test_matching_death.DeathTests.test_complete_parent_refused) ... ok
test_copied_claim_outside_fixed_layout_refused (tests.research.onchain_replication.test_matching_death.DeathTests.test_copied_claim_outside_fixed_layout_refused) ... ok
test_different_boot_refused (tests.research.onchain_replication.test_matching_death.DeathTests.test_different_boot_refused) ... ok
test_existing_final_cannot_be_omitted (tests.research.onchain_replication.test_matching_death.DeathTests.test_existing_final_cannot_be_omitted) ... ok
test_existing_supervisor_refused (tests.research.onchain_replication.test_matching_death.DeathTests.test_existing_supervisor_refused) ... ok
test_final_appearing_during_liveness_check_refused (tests.research.onchain_replication.test_matching_death.DeathTests.test_final_appearing_during_liveness_check_refused) ... ok
test_foreign_monitor_receipt_refused (tests.research.onchain_replication.test_matching_death.DeathTests.test_foreign_monitor_receipt_refused) ... ok
test_foreign_source_refused (tests.research.onchain_replication.test_matching_death.DeathTests.test_foreign_source_refused) ... ok
test_joined_failed_owner_is_read_only (tests.research.onchain_replication.test_matching_death.DeathTests.test_joined_failed_owner_is_read_only) ... ok
test_linked_evidence_refused (tests.research.onchain_replication.test_matching_death.DeathTests.test_linked_evidence_refused) ... ok
test_missing_observer_refused (tests.research.onchain_replication.test_matching_death.DeathTests.test_missing_observer_refused) ... ok
test_monitor_recheck_refuses_changed_liveness (tests.research.onchain_replication.test_matching_death.DeathTests.test_monitor_recheck_refuses_changed_liveness) ... ok
test_observer_evidence_inventory_cannot_omit_journals (tests.research.onchain_replication.test_matching_death.DeathTests.test_observer_evidence_inventory_cannot_omit_journals) ... ok
test_observer_terminal_join_refused (tests.research.onchain_replication.test_matching_death.DeathTests.test_observer_terminal_join_refused) ... ok
test_optional_final_must_join_observer (tests.research.onchain_replication.test_matching_death.DeathTests.test_optional_final_must_join_observer) ... ok
test_oversized_metadata_refused (tests.research.onchain_replication.test_matching_death.DeathTests.test_oversized_metadata_refused) ... ok
test_populated_group_refused (tests.research.onchain_replication.test_matching_death.DeathTests.test_populated_group_refused) ... ok
test_bound_death_input_drift_refused (tests.research.onchain_replication.test_matching_ancestry.AncestryTests.test_bound_death_input_drift_refused) ... ok
test_changed_historical_lifecycle_claim_refused (tests.research.onchain_replication.test_matching_ancestry.AncestryTests.test_changed_historical_lifecycle_claim_refused) ... ok
test_changed_historical_representation_claim_refused (tests.research.onchain_replication.test_matching_ancestry.AncestryTests.test_changed_historical_representation_claim_refused) ... ok
test_changed_parent_journal_refused (tests.research.onchain_replication.test_matching_ancestry.AncestryTests.test_changed_parent_journal_refused) ... ok
test_completed_representation_refused (tests.research.onchain_replication.test_matching_ancestry.AncestryTests.test_completed_representation_refused) ... ok
test_current_journal_must_not_exist_before_ancestry_check (tests.research.onchain_replication.test_matching_ancestry.AncestryTests.test_current_journal_must_not_exist_before_ancestry_check) ... ok
test_earlier_final_appearing_during_later_death_check_refused (tests.research.onchain_replication.test_matching_ancestry.AncestryTests.test_earlier_final_appearing_during_later_death_check_refused) ... ok
test_earlier_parent_completing_during_later_death_check_refused (tests.research.onchain_replication.test_matching_ancestry.AncestryTests.test_earlier_parent_completing_during_later_death_check_refused) ... ok
test_fake_run_refused (tests.research.onchain_replication.test_matching_ancestry.AncestryTests.test_fake_run_refused) ... ok
test_foreign_parent_path_refused_before_read (tests.research.onchain_replication.test_matching_ancestry.AncestryTests.test_foreign_parent_path_refused_before_read) ... ok
test_foreign_sibling_refused (tests.research.onchain_replication.test_matching_ancestry.AncestryTests.test_foreign_sibling_refused) ... ok
test_historical_claim_changing_during_death_check_refused (tests.research.onchain_replication.test_matching_ancestry.AncestryTests.test_historical_claim_changing_during_death_check_refused) ... ok
test_historical_symlink_refused (tests.research.onchain_replication.test_matching_ancestry.AncestryTests.test_historical_symlink_refused) ... ok
test_live_ancestor_monitor_refused (tests.research.onchain_replication.test_matching_ancestry.AncestryTests.test_live_ancestor_monitor_refused) ... ok
test_liveness_is_rechecked_for_entire_chain (tests.research.onchain_replication.test_matching_ancestry.AncestryTests.test_liveness_is_rechecked_for_entire_chain) ... ok
test_older_ancestor_live_cannot_hide_behind_dead_parent (tests.research.onchain_replication.test_matching_ancestry.AncestryTests.test_older_ancestor_live_cannot_hide_behind_dead_parent) ... ok
test_real_failed_chain_joins_current_admitted_successor_without_writes (tests.research.onchain_replication.test_matching_ancestry.AncestryTests.test_real_failed_chain_joins_current_admitted_successor_without_writes) ... ok
test_registered_boolean_schema_refused (tests.research.onchain_replication.test_matching_ancestry.AncestryTests.test_registered_boolean_schema_refused) ... ok
test_registered_duplicate_ancestry_refused (tests.research.onchain_replication.test_matching_ancestry.AncestryTests.test_registered_duplicate_ancestry_refused) ... ok
test_registered_excessive_depth_refused (tests.research.onchain_replication.test_matching_ancestry.AncestryTests.test_registered_excessive_depth_refused) ... ok
test_registered_historical_parent_cannot_be_erased (tests.research.onchain_replication.test_matching_ancestry.AncestryTests.test_registered_historical_parent_cannot_be_erased) ... ok
test_registered_omitted_older_proof_refused (tests.research.onchain_replication.test_matching_ancestry.AncestryTests.test_registered_omitted_older_proof_refused) ... ok
test_registered_policy_change_refused (tests.research.onchain_replication.test_matching_ancestry.AncestryTests.test_registered_policy_change_refused) ... ok
test_registered_reversed_ancestry_refused (tests.research.onchain_replication.test_matching_ancestry.AncestryTests.test_registered_reversed_ancestry_refused) ... ok
test_sibling_appearing_during_death_check_refused (tests.research.onchain_replication.test_matching_ancestry.AncestryTests.test_sibling_appearing_during_death_check_refused) ... ok
test_source_drift_refused (tests.research.onchain_replication.test_matching_ancestry.AncestryTests.test_source_drift_refused) ... ok
test_terminal_current_run_refused (tests.research.onchain_replication.test_matching_ancestry.AncestryTests.test_terminal_current_run_refused) ... ok
test_unregistered_routing_refused (tests.research.onchain_replication.test_matching_ancestry.AncestryTests.test_unregistered_routing_refused) ... ok
test_actual_successor_binds_new_claim_and_original_numerical_context (tests.research.onchain_replication.test_matching_successor.SuccessorTests.test_actual_successor_binds_new_claim_and_original_numerical_context) ... ok
test_claim_publication_failure_retains_partial_journal (tests.research.onchain_replication.test_matching_successor.SuccessorTests.test_claim_publication_failure_retains_partial_journal) ... ok
test_current_guard_expiry_refused_on_lease (tests.research.onchain_replication.test_matching_successor.SuccessorTests.test_current_guard_expiry_refused_on_lease) ... ok
test_current_guard_lost_during_ancestry_refused_before_publication (tests.research.onchain_replication.test_matching_successor.SuccessorTests.test_current_guard_lost_during_ancestry_refused_before_publication) ... ok
test_current_source_drift_refused_on_full_check (tests.research.onchain_replication.test_matching_successor.SuccessorTests.test_current_source_drift_refused_on_full_check) ... ok
test_dead_current_monitor_refused_before_journal_creation (tests.research.onchain_replication.test_matching_successor.SuccessorTests.test_dead_current_monitor_refused_before_journal_creation) ... ok
test_duplicate_successor_cannot_recreate_journal (tests.research.onchain_replication.test_matching_successor.SuccessorTests.test_duplicate_successor_cannot_recreate_journal) ... ok
test_foreign_live_guard_refused_before_journal_creation (tests.research.onchain_replication.test_matching_successor.SuccessorTests.test_foreign_live_guard_refused_before_journal_creation) ... ok
test_foreign_sibling_refused_on_lease (tests.research.onchain_replication.test_matching_successor.SuccessorTests.test_foreign_sibling_refused_on_lease) ... ok
test_live_parent_refused_before_journal_creation (tests.research.onchain_replication.test_matching_successor.SuccessorTests.test_live_parent_refused_before_journal_creation) ... ok
test_parent_becoming_live_refused_on_lease (tests.research.onchain_replication.test_matching_successor.SuccessorTests.test_parent_becoming_live_refused_on_lease) ... ok
test_parent_evidence_change_refused_on_lease (tests.research.onchain_replication.test_matching_successor.SuccessorTests.test_parent_evidence_change_refused_on_lease) ... ok
test_registered_invalid_resource_policy_refused_before_creation (tests.research.onchain_replication.test_matching_successor.SuccessorTests.test_registered_invalid_resource_policy_refused_before_creation) ... ok
test_registered_wrong_backend_refused_before_journal_creation (tests.research.onchain_replication.test_matching_successor.SuccessorTests.test_registered_wrong_backend_refused_before_journal_creation) ... ok
test_terminal_child_journal_refused_on_lease (tests.research.onchain_replication.test_matching_successor.SuccessorTests.test_terminal_child_journal_refused_on_lease) ... ok
test_terminal_child_run_refused_on_lease (tests.research.onchain_replication.test_matching_successor.SuccessorTests.test_terminal_child_run_refused_on_lease) ... ok

----------------------------------------------------------------------
Ran 88 tests in 305.501s

OK
