test_current_guard_lost_during_ancestry_refused_before_publication (tests.research.onchain_replication.test_matching_successor.SuccessorTests.test_current_guard_lost_during_ancestry_refused_before_publication) ... FAIL
test_wrong_directory_refused_before_guard (tests.research.onchain_replication.test_matching_owner.OwnershipTests.test_wrong_directory_refused_before_guard) ... FAIL

======================================================================
FAIL: test_current_guard_lost_during_ancestry_refused_before_publication (tests.research.onchain_replication.test_matching_successor.SuccessorTests.test_current_guard_lost_during_ancestry_refused_before_publication)
----------------------------------------------------------------------
Traceback (most recent call last):
  File "/home/malecada/master_thesis/TradingAgents-audit-fixes/tests/research/onchain_replication/test_matching_successor.py", line 185, in test_current_guard_lost_during_ancestry_refused_before_publication
    self.assertFalse(self.directory.exists(),'journal published after current guard was lost')
    ~~~~~~~~~~~~~~~~^^^^^^^^^^^^^^^^^^^^^^^^^^^^^^^^^^^^^^^^^^^^^^^^^^^^^^^^^^^^^^^^^^^^^^^^^^
AssertionError: True is not false : journal published after current guard was lost

======================================================================
FAIL: test_wrong_directory_refused_before_guard (tests.research.onchain_replication.test_matching_owner.OwnershipTests.test_wrong_directory_refused_before_guard)
----------------------------------------------------------------------
Traceback (most recent call last):
  File "/home/malecada/master_thesis/TradingAgents-audit-fixes/tests/research/onchain_replication/test_matching_owner.py", line 143, in test_wrong_directory_refused_before_guard
    self.mock.assert_not_called()
    ~~~~~~~~~~~~~~~~~~~~~~~~~~~^^
  File "/home/malecada/.local/share/uv/python/cpython-3.13.13-linux-x86_64-gnu/lib/python3.13/unittest/mock.py", line 940, in assert_not_called
    raise AssertionError(msg)
AssertionError: Expected 'assert_guarded_worker' to not have been called. Called 1 times.
Calls: [call(PosixPath('/tmp/tmpxurx4iyd/research_artifacts/onchain-paper-replication-2026-09-24/runs/example-a/guard'), ['/home/malecada/master_thesis/TradingAgents-audit-fixes/.venv/bin/python', '-B', '-m', 'tradingagents.research.onchain_replication.job', '--mode', 'worker', '--root', '/tmp/tmpxurx4iyd', '--registration', 'registration.json', '--experiment', 'example-a', '--source', 'ded3ad0e7402135043ff9689fc019d3ba8fca12b'], required_paths=[PosixPath('/tmp/tmpxurx4iyd')], wall_seconds=300, memory_max_bytes=3221225472, memory_high_bytes=2147483648, disk_floor_bytes=10737418240)].

----------------------------------------------------------------------
Ran 2 tests in 17.337s

FAILED (failures=2)
