test_actual_successor_binds_new_claim_and_original_numerical_context (tests.research.onchain_replication.test_matching_successor.SuccessorTests.test_actual_successor_binds_new_claim_and_original_numerical_context) ... FAIL
test_claim_publication_failure_retains_partial_journal (tests.research.onchain_replication.test_matching_successor.SuccessorTests.test_claim_publication_failure_retains_partial_journal) ... FAIL
test_current_guard_expiry_refused_on_lease (tests.research.onchain_replication.test_matching_successor.SuccessorTests.test_current_guard_expiry_refused_on_lease) ... FAIL
test_current_source_drift_refused_on_full_check (tests.research.onchain_replication.test_matching_successor.SuccessorTests.test_current_source_drift_refused_on_full_check) ... FAIL
test_dead_current_monitor_refused_before_journal_creation (tests.research.onchain_replication.test_matching_successor.SuccessorTests.test_dead_current_monitor_refused_before_journal_creation) ... FAIL
test_duplicate_successor_cannot_recreate_journal (tests.research.onchain_replication.test_matching_successor.SuccessorTests.test_duplicate_successor_cannot_recreate_journal) ... FAIL
test_foreign_live_guard_refused_before_journal_creation (tests.research.onchain_replication.test_matching_successor.SuccessorTests.test_foreign_live_guard_refused_before_journal_creation) ... FAIL
test_foreign_sibling_refused_on_lease (tests.research.onchain_replication.test_matching_successor.SuccessorTests.test_foreign_sibling_refused_on_lease) ... FAIL
test_live_parent_refused_before_journal_creation (tests.research.onchain_replication.test_matching_successor.SuccessorTests.test_live_parent_refused_before_journal_creation) ... FAIL
test_parent_becoming_live_refused_on_lease (tests.research.onchain_replication.test_matching_successor.SuccessorTests.test_parent_becoming_live_refused_on_lease) ... FAIL
test_parent_evidence_change_refused_on_lease (tests.research.onchain_replication.test_matching_successor.SuccessorTests.test_parent_evidence_change_refused_on_lease) ... FAIL
test_registered_invalid_resource_policy_refused_before_creation (tests.research.onchain_replication.test_matching_successor.SuccessorTests.test_registered_invalid_resource_policy_refused_before_creation) ... FAIL
test_registered_wrong_backend_refused_before_journal_creation (tests.research.onchain_replication.test_matching_successor.SuccessorTests.test_registered_wrong_backend_refused_before_journal_creation) ... FAIL
test_terminal_child_journal_refused_on_lease (tests.research.onchain_replication.test_matching_successor.SuccessorTests.test_terminal_child_journal_refused_on_lease) ... FAIL
test_terminal_child_run_refused_on_lease (tests.research.onchain_replication.test_matching_successor.SuccessorTests.test_terminal_child_run_refused_on_lease) ... FAIL

======================================================================
FAIL: test_actual_successor_binds_new_claim_and_original_numerical_context (tests.research.onchain_replication.test_matching_successor.SuccessorTests.test_actual_successor_binds_new_claim_and_original_numerical_context)
----------------------------------------------------------------------
Traceback (most recent call last):
  File "/home/malecada/master_thesis/TradingAgents-audit-fixes/tests/research/onchain_replication/test_matching_successor.py", line 34, in setUp
    self.assertTrue(hasattr(owner,'open_successor'),'guarded successor constructor missing')
    ~~~~~~~~~~~~~~~^^^^^^^^^^^^^^^^^^^^^^^^^^^^^^^^^^^^^^^^^^^^^^^^^^^^^^^^^^^^^^^^^^^^^^^^^
AssertionError: False is not true : guarded successor constructor missing

======================================================================
FAIL: test_claim_publication_failure_retains_partial_journal (tests.research.onchain_replication.test_matching_successor.SuccessorTests.test_claim_publication_failure_retains_partial_journal)
----------------------------------------------------------------------
Traceback (most recent call last):
  File "/home/malecada/master_thesis/TradingAgents-audit-fixes/tests/research/onchain_replication/test_matching_successor.py", line 34, in setUp
    self.assertTrue(hasattr(owner,'open_successor'),'guarded successor constructor missing')
    ~~~~~~~~~~~~~~~^^^^^^^^^^^^^^^^^^^^^^^^^^^^^^^^^^^^^^^^^^^^^^^^^^^^^^^^^^^^^^^^^^^^^^^^^
AssertionError: False is not true : guarded successor constructor missing

======================================================================
FAIL: test_current_guard_expiry_refused_on_lease (tests.research.onchain_replication.test_matching_successor.SuccessorTests.test_current_guard_expiry_refused_on_lease)
----------------------------------------------------------------------
Traceback (most recent call last):
  File "/home/malecada/master_thesis/TradingAgents-audit-fixes/tests/research/onchain_replication/test_matching_successor.py", line 34, in setUp
    self.assertTrue(hasattr(owner,'open_successor'),'guarded successor constructor missing')
    ~~~~~~~~~~~~~~~^^^^^^^^^^^^^^^^^^^^^^^^^^^^^^^^^^^^^^^^^^^^^^^^^^^^^^^^^^^^^^^^^^^^^^^^^
AssertionError: False is not true : guarded successor constructor missing

======================================================================
FAIL: test_current_source_drift_refused_on_full_check (tests.research.onchain_replication.test_matching_successor.SuccessorTests.test_current_source_drift_refused_on_full_check)
----------------------------------------------------------------------
Traceback (most recent call last):
  File "/home/malecada/master_thesis/TradingAgents-audit-fixes/tests/research/onchain_replication/test_matching_successor.py", line 34, in setUp
    self.assertTrue(hasattr(owner,'open_successor'),'guarded successor constructor missing')
    ~~~~~~~~~~~~~~~^^^^^^^^^^^^^^^^^^^^^^^^^^^^^^^^^^^^^^^^^^^^^^^^^^^^^^^^^^^^^^^^^^^^^^^^^
AssertionError: False is not true : guarded successor constructor missing

======================================================================
FAIL: test_dead_current_monitor_refused_before_journal_creation (tests.research.onchain_replication.test_matching_successor.SuccessorTests.test_dead_current_monitor_refused_before_journal_creation)
----------------------------------------------------------------------
Traceback (most recent call last):
  File "/home/malecada/master_thesis/TradingAgents-audit-fixes/tests/research/onchain_replication/test_matching_successor.py", line 34, in setUp
    self.assertTrue(hasattr(owner,'open_successor'),'guarded successor constructor missing')
    ~~~~~~~~~~~~~~~^^^^^^^^^^^^^^^^^^^^^^^^^^^^^^^^^^^^^^^^^^^^^^^^^^^^^^^^^^^^^^^^^^^^^^^^^
AssertionError: False is not true : guarded successor constructor missing

======================================================================
FAIL: test_duplicate_successor_cannot_recreate_journal (tests.research.onchain_replication.test_matching_successor.SuccessorTests.test_duplicate_successor_cannot_recreate_journal)
----------------------------------------------------------------------
Traceback (most recent call last):
  File "/home/malecada/master_thesis/TradingAgents-audit-fixes/tests/research/onchain_replication/test_matching_successor.py", line 34, in setUp
    self.assertTrue(hasattr(owner,'open_successor'),'guarded successor constructor missing')
    ~~~~~~~~~~~~~~~^^^^^^^^^^^^^^^^^^^^^^^^^^^^^^^^^^^^^^^^^^^^^^^^^^^^^^^^^^^^^^^^^^^^^^^^^
AssertionError: False is not true : guarded successor constructor missing

======================================================================
FAIL: test_foreign_live_guard_refused_before_journal_creation (tests.research.onchain_replication.test_matching_successor.SuccessorTests.test_foreign_live_guard_refused_before_journal_creation)
----------------------------------------------------------------------
Traceback (most recent call last):
  File "/home/malecada/master_thesis/TradingAgents-audit-fixes/tests/research/onchain_replication/test_matching_successor.py", line 34, in setUp
    self.assertTrue(hasattr(owner,'open_successor'),'guarded successor constructor missing')
    ~~~~~~~~~~~~~~~^^^^^^^^^^^^^^^^^^^^^^^^^^^^^^^^^^^^^^^^^^^^^^^^^^^^^^^^^^^^^^^^^^^^^^^^^
AssertionError: False is not true : guarded successor constructor missing

======================================================================
FAIL: test_foreign_sibling_refused_on_lease (tests.research.onchain_replication.test_matching_successor.SuccessorTests.test_foreign_sibling_refused_on_lease)
----------------------------------------------------------------------
Traceback (most recent call last):
  File "/home/malecada/master_thesis/TradingAgents-audit-fixes/tests/research/onchain_replication/test_matching_successor.py", line 34, in setUp
    self.assertTrue(hasattr(owner,'open_successor'),'guarded successor constructor missing')
    ~~~~~~~~~~~~~~~^^^^^^^^^^^^^^^^^^^^^^^^^^^^^^^^^^^^^^^^^^^^^^^^^^^^^^^^^^^^^^^^^^^^^^^^^
AssertionError: False is not true : guarded successor constructor missing

======================================================================
FAIL: test_live_parent_refused_before_journal_creation (tests.research.onchain_replication.test_matching_successor.SuccessorTests.test_live_parent_refused_before_journal_creation)
----------------------------------------------------------------------
Traceback (most recent call last):
  File "/home/malecada/master_thesis/TradingAgents-audit-fixes/tests/research/onchain_replication/test_matching_successor.py", line 34, in setUp
    self.assertTrue(hasattr(owner,'open_successor'),'guarded successor constructor missing')
    ~~~~~~~~~~~~~~~^^^^^^^^^^^^^^^^^^^^^^^^^^^^^^^^^^^^^^^^^^^^^^^^^^^^^^^^^^^^^^^^^^^^^^^^^
AssertionError: False is not true : guarded successor constructor missing

======================================================================
FAIL: test_parent_becoming_live_refused_on_lease (tests.research.onchain_replication.test_matching_successor.SuccessorTests.test_parent_becoming_live_refused_on_lease)
----------------------------------------------------------------------
Traceback (most recent call last):
  File "/home/malecada/master_thesis/TradingAgents-audit-fixes/tests/research/onchain_replication/test_matching_successor.py", line 34, in setUp
    self.assertTrue(hasattr(owner,'open_successor'),'guarded successor constructor missing')
    ~~~~~~~~~~~~~~~^^^^^^^^^^^^^^^^^^^^^^^^^^^^^^^^^^^^^^^^^^^^^^^^^^^^^^^^^^^^^^^^^^^^^^^^^
AssertionError: False is not true : guarded successor constructor missing

======================================================================
FAIL: test_parent_evidence_change_refused_on_lease (tests.research.onchain_replication.test_matching_successor.SuccessorTests.test_parent_evidence_change_refused_on_lease)
----------------------------------------------------------------------
Traceback (most recent call last):
  File "/home/malecada/master_thesis/TradingAgents-audit-fixes/tests/research/onchain_replication/test_matching_successor.py", line 34, in setUp
    self.assertTrue(hasattr(owner,'open_successor'),'guarded successor constructor missing')
    ~~~~~~~~~~~~~~~^^^^^^^^^^^^^^^^^^^^^^^^^^^^^^^^^^^^^^^^^^^^^^^^^^^^^^^^^^^^^^^^^^^^^^^^^
AssertionError: False is not true : guarded successor constructor missing

======================================================================
FAIL: test_registered_invalid_resource_policy_refused_before_creation (tests.research.onchain_replication.test_matching_successor.SuccessorTests.test_registered_invalid_resource_policy_refused_before_creation)
----------------------------------------------------------------------
Traceback (most recent call last):
  File "/home/malecada/master_thesis/TradingAgents-audit-fixes/tests/research/onchain_replication/test_matching_successor.py", line 34, in setUp
    self.assertTrue(hasattr(owner,'open_successor'),'guarded successor constructor missing')
    ~~~~~~~~~~~~~~~^^^^^^^^^^^^^^^^^^^^^^^^^^^^^^^^^^^^^^^^^^^^^^^^^^^^^^^^^^^^^^^^^^^^^^^^^
AssertionError: False is not true : guarded successor constructor missing

======================================================================
FAIL: test_registered_wrong_backend_refused_before_journal_creation (tests.research.onchain_replication.test_matching_successor.SuccessorTests.test_registered_wrong_backend_refused_before_journal_creation)
----------------------------------------------------------------------
Traceback (most recent call last):
  File "/home/malecada/master_thesis/TradingAgents-audit-fixes/tests/research/onchain_replication/test_matching_successor.py", line 34, in setUp
    self.assertTrue(hasattr(owner,'open_successor'),'guarded successor constructor missing')
    ~~~~~~~~~~~~~~~^^^^^^^^^^^^^^^^^^^^^^^^^^^^^^^^^^^^^^^^^^^^^^^^^^^^^^^^^^^^^^^^^^^^^^^^^
AssertionError: False is not true : guarded successor constructor missing

======================================================================
FAIL: test_terminal_child_journal_refused_on_lease (tests.research.onchain_replication.test_matching_successor.SuccessorTests.test_terminal_child_journal_refused_on_lease)
----------------------------------------------------------------------
Traceback (most recent call last):
  File "/home/malecada/master_thesis/TradingAgents-audit-fixes/tests/research/onchain_replication/test_matching_successor.py", line 34, in setUp
    self.assertTrue(hasattr(owner,'open_successor'),'guarded successor constructor missing')
    ~~~~~~~~~~~~~~~^^^^^^^^^^^^^^^^^^^^^^^^^^^^^^^^^^^^^^^^^^^^^^^^^^^^^^^^^^^^^^^^^^^^^^^^^
AssertionError: False is not true : guarded successor constructor missing

======================================================================
FAIL: test_terminal_child_run_refused_on_lease (tests.research.onchain_replication.test_matching_successor.SuccessorTests.test_terminal_child_run_refused_on_lease)
----------------------------------------------------------------------
Traceback (most recent call last):
  File "/home/malecada/master_thesis/TradingAgents-audit-fixes/tests/research/onchain_replication/test_matching_successor.py", line 34, in setUp
    self.assertTrue(hasattr(owner,'open_successor'),'guarded successor constructor missing')
    ~~~~~~~~~~~~~~~^^^^^^^^^^^^^^^^^^^^^^^^^^^^^^^^^^^^^^^^^^^^^^^^^^^^^^^^^^^^^^^^^^^^^^^^^
AssertionError: False is not true : guarded successor constructor missing

----------------------------------------------------------------------
Ran 15 tests in 0.003s

FAILED (failures=15)
