Reviewed offline profile: 98 modules; legacy/unreviewed modules excluded.
........................................................................ [  4%]
.................................................... [  7%]
........................................................................ [ 11%]
........................................................................ [ 15%]
........................................................................ [ 19%]
........................................................................ [ 24%]
........................................................................ [ 28%]
........................................................................ [ 32%]
........................................................................ [ 36%]
........................................................................ [ 40%]
........................................................................ [ 45%]
........................................................................ [ 49%]
........................................................................ [ 53%]
........................................................................ [ 57%]
........................................................................ [ 62%]
........................................................................ [ 66%]
.................................................................... [ 70%]
.................................................................. [ 74%]
........................................................................ [ 78%]
........................................................................ [ 82%]
........................................................................................................................ [ 89%]
........................................................................ [ 93%]
.................................................................... [ 97%]
.......................................                                  [100%]
- reviewed profile: 75 encountered files withheld; this is not the full legacy suite -
1709 passed, 58 subtests passed in 941.20s (0:15:41)
