Reviewed offline profile: 83 modules; legacy/unreviewed modules excluded.
........................................................................ [  4%]
.................................................... [  7%]
........................................................................ [ 12%]
........................................................................ [ 17%]
........................................................................ [ 21%]
........................................................................ [ 26%]
........................................................................ [ 31%]
........................................................................ [ 35%]
........................................................................ [ 40%]
........................................................................ [ 45%]
........................................................................ [ 49%]
........................................................................ [ 54%]
........................................................................ [ 58%]
........................................................................ [ 63%]
........................................................................ [ 68%]
........................................................................ [ 72%]
.................................................................... [ 77%]
.................................................................. [ 81%]
........................................................................ [ 86%]
........................................................................ [ 90%]
........................................................................ [ 95%]
........................................................................ [100%]
- reviewed profile: 75 encountered files withheld; this is not the full legacy suite -
1554 passed, 30 subtests passed in 694.55s (0:11:34)
