Reviewed offline profile: 76 modules; legacy/unreviewed modules excluded.
........................................................................ [  5%]
.................................................... [  8%]
........................................................................ [ 13%]
........................................................................ [ 18%]
........................................................................ [ 23%]
........................................................................ [ 28%]
........................................................................ [ 33%]
........................................................................ [ 38%]
........................................................................ [ 44%]
........................................................................ [ 49%]
........................................................................ [ 54%]
........................................................................ [ 59%]
........................................................................ [ 64%]
........................................................................ [ 69%]
........................................................................ [ 74%]
........................................................................ [ 79%]
........................................................................ [ 84%]
........................................................................ [ 89%]
........................................................................ [ 94%]
........................................................................ [ 99%]
......                                                                   [100%]
- reviewed profile: 75 encountered files withheld; this is not the full legacy suite -
1426 passed, 20 subtests passed in 624.14s (0:10:24)
