{
  "decision": "ACCEPTED_ACTUAL_SELECTED_RECOVERED_GIT_JOINS_ONLY",
  "proof_sha256": "b4544ebb75a5411b99d07fccd5c34ed72e5c40f9f53a6e6558dfaf9bb3523c5c",
  "source": "d443208795f59292c156c5b81b687594efacea4d",
  "actual_parent": {
    "pid": 3995769,
    "terminal_exit": 0,
    "recorded_elapsed_seconds": 90.29580722100218,
    "currently_absent": true
  },
  "independent_current_rows": 246,
  "independent_source_registration_rows": 205,
  "independent_opaque_inputs": 33,
  "independent_selected_c6_rows": 26,
  "independent_historical_lookups": 638,
  "history": [
    {
      "identity": "original-import-native-success-20261003-01",
      "status": "failed",
      "effective_budget": 2,
      "source": "529c7a3769fcfea28d3a617270b3025aebbce1f5",
      "design_source": "529c7a3769fcfea28d3a617270b3025aebbce1f5"
    },
    {
      "identity": "original-import-native-success-20261003-02",
      "status": "failed",
      "effective_budget": 3,
      "source": "ae3160260187b7853fb6066e91562584be93eef6",
      "design_source": "ae3160260187b7853fb6066e91562584be93eef6"
    },
    {
      "identity": "original-import-native-success-20261003-03",
      "status": "failed",
      "effective_budget": 4,
      "source": "bb9e6ac95b2be13dbbfe5b77c55a5ce35a0926a9",
      "design_source": "bb9e6ac95b2be13dbbfe5b77c55a5ce35a0926a9"
    },
    {
      "identity": "original-import-native-success-20261003-04",
      "status": "failed",
      "effective_budget": 5,
      "source": "ce0e37f8eaaca258c46944a4cbdb9ae30e40fa26",
      "design_source": "ce0e37f8eaaca258c46944a4cbdb9ae30e40fa26"
    }
  ],
  "actual_object_files": 354,
  "actual_object_bytes": 1641492,
  "store_logical_bytes": 1716189,
  "store_allocated_bytes": 3514368,
  "free_bytes_observed": 18939633664,
  "independent_git_calls": 27,
  "independent_git_returned_bytes": 16092116,
  "checks": 5282,
  "external_origin_review_sha256": "240031136de233aff88b97f6f88e24bc7a30ba5d225aafe23f1984986f4574a3",
  "external_origin_review_manifest_sha256": "3623128bed594d7f3a8fe397f1b18d5a8b586d629a4f1bdbbe207fcd1e1777d1",
  "proof_helper_rerun": false,
  "actual_store_modified": false,
  "full_c6_ancestry": false,
  "native_or_research_authority": false
}
