{
  "schema_version": 1,
  "decision": "ACCEPTED_FLAT_CALLER_SOURCE_ONLY_PENDING_ACTUAL_TRANSPORT_AND_RECOVERY",
  "candidate_sha256": "24da8af5f01e902e83f01a840d31f7fb24671e818c95dd17f331fbac44bdeac3",
  "primitive_sha256": {
    "recovery04.py": "b40e5f06a0fd57b689e44ae82afd73ca8fe6721c43400beefe992ec12b17c18a",
    "owned_io.py": "09d1fbcc03f2c9303db95f34ca6c07ddb47bfdb49b35452f4cb6829a5d667aeb",
    "bounded_git01.py": "db4a65a450bf9930abac04ab794539ebd952b07826d7314b4aea4e989dd9240f"
  },
  "fixed_capture_sha256": {
    "CAPTURE01.json": "eae9b52e1bb03523977a29e26be557b5e1d90e4bbc29c5385c42e3e98c2f835e",
    "REQUEST01.json": "581d14b87b8fd8fb3a686196f4978ede199589a73eef7f9879f0d28dc41efd2f",
    "complete-manifest01.json": "850667c80ff2b1a66a0c65795178765d6e5ec3d873e52d809a5d7659593ac56f",
    "complete-source01.tar.gz": "497a0ae3c0aba9b5f8bb41e933bed878ba49adf759a880d8a338637d732d1af4"
  },
  "checks": 47,
  "actual_remote_receipt_available_or_authenticated": false,
  "actual_flat_executed": false,
  "tiny_opaque_fixtures_only": true,
  "source_execution_authority": false
}
