  | ExceptionGroup: body/cleanup failures (2 sub-exceptions)
  +-+---------------- 1 ----------------
    | Traceback (most recent call last):
    |   File "/home/malecada/master_thesis/TradingAgents-audit-fixes/research/onchain-paper-replication-2026-09-24/full_sources/held-consumer-final-recovery-preparation04-2026-10-03/recovery04.py", line 78, in tar_stream
    |     b=read(root,r['path']);require(len(b)==r['bytes'] and digest(b)==r['sha256'],'archive source body differs');t.size=len(b);tar.addfile(t,io.BytesIO(b))
    |                                                                                                                               ~~~~~~~~~~~^^^^^^^^^^^^^^^^^
    |   File "/home/malecada/.local/share/uv/python/cpython-3.13.13-linux-x86_64-gnu/lib/python3.13/tarfile.py", line 2313, in addfile
    |     copyfileobj(fileobj, self.fileobj, tarinfo.size, bufsize=bufsize)
    |     ~~~~~~~~~~~^^^^^^^^^^^^^^^^^^^^^^^^^^^^^^^^^^^^^^^^^^^^^^^^^^^^^^
    |   File "/home/malecada/.local/share/uv/python/cpython-3.13.13-linux-x86_64-gnu/lib/python3.13/tarfile.py", line 259, in copyfileobj
    |     dst.write(buf)
    |     ~~~~~~~~~^^^^^
    |   File "/home/malecada/.local/share/uv/python/cpython-3.13.13-linux-x86_64-gnu/lib/python3.13/tarfile.py", line 442, in write
    |     self.__write(s)
    |     ~~~~~~~~~~~~^^^
    |   File "/home/malecada/.local/share/uv/python/cpython-3.13.13-linux-x86_64-gnu/lib/python3.13/tarfile.py", line 450, in __write
    |     self.fileobj.write(self.buf[:self.bufsize])
    |     ~~~~~~~~~~~~~~~~~~^^^^^^^^^^^^^^^^^^^^^^^^^
    |   File "/home/malecada/.local/share/uv/python/cpython-3.13.13-linux-x86_64-gnu/lib/python3.13/gzip.py", line 316, in write
    |     return self._buffer.write(data)
    |            ~~~~~~~~~~~~~~~~~~^^^^^^
    |   File "/home/malecada/.local/share/uv/python/cpython-3.13.13-linux-x86_64-gnu/lib/python3.13/gzip.py", line 138, in write
    |     return gzip_file._write_raw(data)
    |            ~~~~~~~~~~~~~~~~~~~~^^^^^^
    |   File "/home/malecada/.local/share/uv/python/cpython-3.13.13-linux-x86_64-gnu/lib/python3.13/gzip.py", line 328, in _write_raw
    |     self.fileobj.write(self.compress.compress(data))
    |     ~~~~~~~~~~~~~~~~~~^^^^^^^^^^^^^^^^^^^^^^^^^^^^^^
    |   File "/home/malecada/master_thesis/TradingAgents-audit-fixes/research/onchain-paper-replication-2026-09-24/full_sources/held-consumer-final-recovery-preparation04-2026-10-03/recovery04.py", line 63, in write
    |     require(self.count+len(b)<=FILE,'archive exceeds4MiB; retain failed attempt');self.count+=len(b);self.hash.update(b)
    |     ~~~~~~~^^^^^^^^^^^^^^^^^^^^^^^^^^^^^^^^^^^^^^^^^^^^^^^^^^^^^^^^^^^^^^^^^^^^^^
    |   File "/home/malecada/master_thesis/TradingAgents-audit-fixes/research/onchain-paper-replication-2026-09-24/full_sources/held-consumer-final-recovery-preparation04-2026-10-03/recovery04.py", line 11, in require
    |     if not v:raise ValueError(msg)
    |              ^^^^^^^^^^^^^^^^^^^^^
    | ValueError: archive exceeds4MiB; retain failed attempt
    +---------------- 2 ----------------
    | Traceback (most recent call last):
    |   File "/home/malecada/master_thesis/TradingAgents-audit-fixes/research/onchain-paper-replication-2026-09-24/full_sources/held-consumer-final-recovery-preparation04-2026-10-03/owned_io.py", line 34, in _cleanup
    |     try:close()
    |         ~~~~~^^
    |   File "/home/malecada/.local/share/uv/python/cpython-3.13.13-linux-x86_64-gnu/lib/python3.13/gzip.py", line 373, in close
    |     fileobj.write(self.compress.flush())
    |     ~~~~~~~~~~~~~^^^^^^^^^^^^^^^^^^^^^^^
    |   File "/home/malecada/master_thesis/TradingAgents-audit-fixes/research/onchain-paper-replication-2026-09-24/full_sources/held-consumer-final-recovery-preparation04-2026-10-03/recovery04.py", line 63, in write
    |     require(self.count+len(b)<=FILE,'archive exceeds4MiB; retain failed attempt');self.count+=len(b);self.hash.update(b)
    |     ~~~~~~~^^^^^^^^^^^^^^^^^^^^^^^^^^^^^^^^^^^^^^^^^^^^^^^^^^^^^^^^^^^^^^^^^^^^^^
    |   File "/home/malecada/master_thesis/TradingAgents-audit-fixes/research/onchain-paper-replication-2026-09-24/full_sources/held-consumer-final-recovery-preparation04-2026-10-03/recovery04.py", line 11, in require
    |     if not v:raise ValueError(msg)
    |              ^^^^^^^^^^^^^^^^^^^^^
    | ValueError: archive exceeds4MiB; retain failed attempt
    +------------------------------------

The above exception was the direct cause of the following exception:

Traceback (most recent call last):
  File "/home/malecada/master_thesis/TradingAgents-audit-fixes/research/onchain-paper-replication-2026-09-24/full_sources/financial-genuine-wrapper-root-claimedrun-final-capture01-2026-10-04/capture01.py", line 175, in <module>
    main()
    ~~~~^^
  File "/home/malecada/master_thesis/TradingAgents-audit-fixes/research/onchain-paper-replication-2026-09-24/full_sources/financial-genuine-wrapper-root-claimedrun-final-capture01-2026-10-04/capture01.py", line 138, in main
    archive = r4.pack(union, manifest, HERE / 'union.tar.gz')
  File "/home/malecada/master_thesis/TradingAgents-audit-fixes/research/onchain-paper-replication-2026-09-24/full_sources/held-consumer-final-recovery-preparation04-2026-10-03/recovery04.py", line 92, in pack
    sink=Sink(fd);tar_stream(root,m,sink);os.fsync(fd);same(root,m)
                  ~~~~~~~~~~^^^^^^^^^^^^^
  File "/home/malecada/master_thesis/TradingAgents-audit-fixes/research/onchain-paper-replication-2026-09-24/full_sources/held-consumer-final-recovery-preparation04-2026-10-03/recovery04.py", line 79, in tar_stream
    finally:_cleanup((() if tar is None else (tar.close,))+(() if gz is None else (gz.close,)))
            ~~~~~~~~^^^^^^^^^^^^^^^^^^^^^^^^^^^^^^^^^^^^^^^^^^^^^^^^^^^^^^^^^^^^^^^^^^^^^^^^^^^
  File "/home/malecada/master_thesis/TradingAgents-audit-fixes/research/onchain-paper-replication-2026-09-24/full_sources/held-consumer-final-recovery-preparation04-2026-10-03/owned_io.py", line 52, in _cleanup
    raise failure
owned_io.CleanupFailure: score storage cleanup unresolved; worker must stop
