FFF                                                                      [100%]
=================================== FAILURES ===================================
_____ test_actual_archive_dictionary_mcm_publication_and_postclose_checks ______

admitted = (<tests.research.onchain_replication.test_matching_owner.OwnershipTests testMethod=test_actual_claim_owner_and_old_num...2f5f7b4ca7434cde568bd45'), <tests.research.onchain_replication.test_archive_chunks.Transport object at 0x73f266d070e0>)

    def test_actual_archive_dictionary_mcm_publication_and_postclose_checks(admitted):
        t, job, graphs, examples, transport = admitted
        m = native.api()
>       prepared, terminal = m.produce(t.run, 'r', job, graphs, examples, archive_transport=transport)
                             ^^^^^^^^^^^^^^^^^^^^^^^^^^^^^^^^^^^^^^^^^^^^^^^^^^^^^^^^^^^^^^^^^^^^^^^^^
E       TypeError: produce() got an unexpected keyword argument 'archive_transport'

tests/research/onchain_replication/test_archive_producer_integration.py:45: TypeError
___________ test_archive_descriptor_hash_refused_before_claim[hash] ____________

admitted = (<tests.research.onchain_replication.test_matching_owner.OwnershipTests testMethod=test_actual_claim_owner_and_old_num...2f5f7b4ca7434cde568bd45'), <tests.research.onchain_replication.test_archive_chunks.Transport object at 0x73f0faf3bc50>)

    @pytest.mark.parametrize('admitted', ['hash'], indirect=True)
    def test_archive_descriptor_hash_refused_before_claim(admitted):
        t, job, graphs, examples, transport = admitted
        with pytest.raises(ValueError):
>           native.api().produce(t.run, 'r', job, graphs, examples, archive_transport=transport)
E           TypeError: produce() got an unexpected keyword argument 'archive_transport'

tests/research/onchain_replication/test_archive_producer_integration.py:74: TypeError
____________ test_late_archive_mcm_mutation_preserves_spent_claims _____________

admitted = (<tests.research.onchain_replication.test_matching_owner.OwnershipTests testMethod=test_actual_claim_owner_and_old_num...2f5f7b4ca7434cde568bd45'), <tests.research.onchain_replication.test_archive_chunks.Transport object at 0x73f0fa805d10>)
monkeypatch = <_pytest.monkeypatch.MonkeyPatch object at 0x73f0fa8a4950>

    def test_late_archive_mcm_mutation_preserves_spent_claims(admitted, monkeypatch):
        t, job, graphs, examples, transport = admitted
        from tradingagents.research.onchain_replication import archive_owner_stage, compact_mcm
>       original = archive_owner_stage._execute_locked
                   ^^^^^^^^^^^^^^^^^^^^^^^^^^^^^^^^^^^
E       AttributeError: module 'tradingagents.research.onchain_replication.archive_owner_stage' has no attribute '_execute_locked'

tests/research/onchain_replication/test_archive_producer_integration.py:81: AttributeError
- reviewed profile: 26 encountered files withheld; this is not the full legacy suite -
=========================== short test summary info ============================
FAILED tests/research/onchain_replication/test_archive_producer_integration.py::test_actual_archive_dictionary_mcm_publication_and_postclose_checks
FAILED tests/research/onchain_replication/test_archive_producer_integration.py::test_archive_descriptor_hash_refused_before_claim[hash]
FAILED tests/research/onchain_replication/test_archive_producer_integration.py::test_late_archive_mcm_mutation_preserves_spent_claims
3 failed, 1 deselected in 8.66s
