{
  "schema_version": 1,
  "decision": "ACCEPTED_ACTUAL_FAILED_SCOPE_REMOTE_RECOVERY_PENDING_FRESH_FLAT",
  "checks": 7182,
  "receipt_sha256": "f1e0a5d30b6a570dfab324ae87a8cab5b4a63695939de8479365765b0702b27e",
  "parent_terminal_sha256": "5665ae9f80e34f02aea788f7bef00f0da94e82e35fc46b612dadbda7afb2b404",
  "intent_sha256": "b0becf03ea34841028118bf174608e940d2a34b5b4ad8e2fd093ee88b1510737",
  "selection_sha256": "c634d82450f8e67fb8480de09141be4b0a834a557139c707b50cab968b734fc2",
  "recovered_commit": "19df9df4361857f99c24b493eb6a9be049bf594b",
  "selected_count": 394,
  "logical_bytes": 13056456,
  "operations": 799,
  "actual_recorded_elapsed_seconds": 10.139686790003907,
  "archives": {
    "outer": {
      "bytes": 2424,
      "manifest_sha256": "3dae5c56e601d16a0a0b8d753abf70f426b810c27d8a614df2332217849d988c",
      "sha256": "ad4b4ce1f41c99d470653a8049add40d57e7959915b83b9cb592e82f4d07c784"
    },
    "parent": {
      "bytes": 188099,
      "manifest_sha256": "956da6e25ecd2cd61ce3eb28a15da1addd5e3db2079d5de094548f8269871eaa",
      "sha256": "832bc3dcfd215223dda75540fe19b4fddc1d05d862f1a3d7ff174da0151306fb"
    },
    "source": {
      "bytes": 2703524,
      "manifest_sha256": "ebe3ade50a6bd106105001a615144a2e4ef1d649755989bc63937063ed9c258c",
      "sha256": "4a483c2d9d1ed1c5f652e73bb818ca8bd11dbe79fa7acaae34b11248655a4e76"
    }
  },
  "captured_financial_source": "d4e56ba9ed968e9c24b2813656c2ca65a3dbd7a0",
  "tracked": 290,
  "source_pins": 289,
  "source_members": 878,
  "parent_members": 30,
  "outer_members": 8,
  "disk_free_bytes": 18434940928,
  "actual_flat_recovery": false,
  "numerical_claims": 0,
  "original_identity_reserved": true,
  "runtime_registration_native_authority": false,
  "qualification": "Original Root operation and terminal digest records joined against actual fetched immutable Git and saved/original bodies. Initial/final remote HEAD raw text hash authenticated; no network rerun or separate per-operation rawstdout asserted. Full canonical archive verification joins the exact independently accepted unchanged archive bodies."
}
