{
  "schema_version": 1,
  "decision": "FAILED_SCOPE_BYTE_UNION_ACCEPTED",
  "checks": 17733,
  "source": "d4e56ba9ed968e9c24b2813656c2ca65a3dbd7a0",
  "flat_receipt_sha256": "2eb6546ab3e3953847610d328c301129441d38afa9f0fb8eeca056a192264f49",
  "remote_receipt_sha256": "f1e0a5d30b6a570dfab324ae87a8cab5b4a63695939de8479365765b0702b27e",
  "selection_sha256": "c634d82450f8e67fb8480de09141be4b0a834a557139c707b50cab968b734fc2",
  "actual_terminal_sha256": "539f8bf456d59d7c05f5f9092642728227d3a8df029da425cf46c9bf55a33e52",
  "prior_remote_review_manifest_sha256": "263733b168add2376a4f1ec7acee9a057c569e6c9b6b7b5f9d54aa3733c2e77e",
  "capture_sha256": "645387e5bede68f778ad4a94c5e3b30c4e9f64bd10aa4cfb1108508939a8b899",
  "original_final_request_sha256": "dc80a4dff93fbf3261bdf151076c1420630ed38926ab7094d60eb1902bde25bc",
  "targets": {
    "source": {
      "members": 878,
      "regular_bodies": 631,
      "actual_flat_files": 632,
      "archive": {
        "bytes": 2703524,
        "manifest_sha256": "ebe3ade50a6bd106105001a615144a2e4ef1d649755989bc63937063ed9c258c",
        "sha256": "4a483c2d9d1ed1c5f652e73bb818ca8bd11dbe79fa7acaae34b11248655a4e76"
      },
      "metadata_sha256": "a730ad3a9593f0ce4e418bfe5cef92d3f84a7fbced3cd85e9a6f20efb64f448c",
      "framing": {
        "inflated_bytes": 6993920,
        "headers": 929,
        "pax_headers": 50
      }
    },
    "parent": {
      "members": 30,
      "regular_bodies": 28,
      "actual_flat_files": 29,
      "archive": {
        "bytes": 188099,
        "manifest_sha256": "956da6e25ecd2cd61ce3eb28a15da1addd5e3db2079d5de094548f8269871eaa",
        "sha256": "832bc3dcfd215223dda75540fe19b4fddc1d05d862f1a3d7ff174da0151306fb"
      },
      "metadata_sha256": "26c2246c00f5eb31782a6aed5bb380f664345f8abcc86f5e1a3ff249a3663a13",
      "framing": {
        "inflated_bytes": 839680,
        "headers": 31,
        "pax_headers": 0
      }
    },
    "outer": {
      "members": 8,
      "regular_bodies": 8,
      "actual_flat_files": 9,
      "archive": {
        "bytes": 2424,
        "manifest_sha256": "3dae5c56e601d16a0a0b8d753abf70f426b810c27d8a614df2332217849d988c",
        "sha256": "ad4b4ce1f41c99d470653a8049add40d57e7959915b83b9cb592e82f4d07c784"
      },
      "metadata_sha256": "049a9e7e1363e2f4f6df5e343bb2a1c3c166695ae27b48357bcdf1630088ea63",
      "framing": {
        "inflated_bytes": 20480,
        "headers": 9,
        "pax_headers": 0
      }
    }
  },
  "actual_flat_files": 670,
  "tracked": 290,
  "source_pins": 289,
  "implementation": 194,
  "package": 149,
  "input_binding_joins": 80,
  "runtime_records_metadata_only": 251,
  "actual_elapsed_seconds": 1.4120748180139344,
  "original_intent_pid": 208371,
  "claim_count_observed": 0,
  "original_parent_terminal_exit": null,
  "actual_outer_exit": 1,
  "original_identity_permanently_reserved": true,
  "native_absence_basis": "source-bound ordering and absent original output namespaces; not native OS property readback",
  "current_Torch_API_equality": null,
  "source_correction_admitted": false,
  "original_posix_or_git_database_instantiated": false,
  "runtime_store_capacity_native_authority": false
}
