test_failure_marker_does_not_swallow_fatal (__main__.Fatal.test_failure_marker_does_not_swallow_fatal) ... FAIL
test_first_fatal_identity (__main__.Fatal.test_first_fatal_identity) ... FAIL
test_full_check_does_not_reenter_same_authority_lock (__main__.Fatal.test_full_check_does_not_reenter_same_authority_lock) ... FAIL

======================================================================
FAIL: test_failure_marker_does_not_swallow_fatal (__main__.Fatal.test_failure_marker_does_not_swallow_fatal)
----------------------------------------------------------------------
Traceback (most recent call last):
  File "/home/malecada/master_thesis/TradingAgents-audit-fixes/research/onchain-paper-replication-2026-09-24/full_sources/neural-cold-feature-handoff-candidate01-2026-10-03/test_fatal02.py", line 21, in test_failure_marker_does_not_swallow_fatal
    self.assertFalse(any(isinstance(n,ast.ExceptHandler) and isinstance(n.type,ast.Name) and n.type.id=='BaseException' and len(n.body)==1 and isinstance(n.body[0],ast.Pass) for n in ast.walk(f)),'marker first fatal can be discarded')
    ~~~~~~~~~~~~~~~~^^^^^^^^^^^^^^^^^^^^^^^^^^^^^^^^^^^^^^^^^^^^^^^^^^^^^^^^^^^^^^^^^^^^^^^^^^^^^^^^^^^^^^^^^^^^^^^^^^^^^^^^^^^^^^^^^^^^^^^^^^^^^^^^^^^^^^^^^^^^^^^^^^^^^^^^^^^^^^^^^^^^^^^^^^^^^^^^^^^^^^^^^^^^^^^^^^^^^^^^^^^^^^^^^^^^^^
AssertionError: True is not false : marker first fatal can be discarded

======================================================================
FAIL: test_first_fatal_identity (__main__.Fatal.test_first_fatal_identity)
----------------------------------------------------------------------
Traceback (most recent call last):
  File "/home/malecada/master_thesis/TradingAgents-audit-fixes/research/onchain-paper-replication-2026-09-24/full_sources/neural-cold-feature-handoff-candidate01-2026-10-03/test_fatal02.py", line 9, in test_first_fatal_identity
    self.assertEqual(len(nodes),2,'first-fatal reducer absent')
    ~~~~~~~~~~~~~~~~^^^^^^^^^^^^^^^^^^^^^^^^^^^^^^^^^^^^^^^^^^^
AssertionError: 0 != 2 : first-fatal reducer absent

======================================================================
FAIL: test_full_check_does_not_reenter_same_authority_lock (__main__.Fatal.test_full_check_does_not_reenter_same_authority_lock)
----------------------------------------------------------------------
Traceback (most recent call last):
  File "/home/malecada/master_thesis/TradingAgents-audit-fixes/research/onchain-paper-replication-2026-09-24/full_sources/neural-cold-feature-handoff-candidate01-2026-10-03/test_fatal02.py", line 18, in test_full_check_does_not_reenter_same_authority_lock
    self.assertNotEqual(ast.unparse(next(k.value for k in calls[0].keywords if k.arg=='lease')),'self.lease','full verification recursively acquires the same lock')
    ~~~~~~~~~~~~~~~~~~~^^^^^^^^^^^^^^^^^^^^^^^^^^^^^^^^^^^^^^^^^^^^^^^^^^^^^^^^^^^^^^^^^^^^^^^^^^^^^^^^^^^^^^^^^^^^^^^^^^^^^^^^^^^^^^^^^^^^^^^^^^^^^^^^^^^^^^^^^^^^^
AssertionError: 'self.lease' == 'self.lease' : full verification recursively acquires the same lock

----------------------------------------------------------------------
Ran 3 tests in 0.013s

FAILED (failures=3)
