{
  "schema_version": 1,
  "decision": "ACCEPTED_ACTUAL_CORRECTED_SOURCE_AND_READONLY_ADMISSION_ONLY",
  "checks": 4003,
  "source": "649fb8a11089524aaef7843dffeeb90a3a55ca17",
  "design_source": "649fb8a11089524aaef7843dffeeb90a3a55ca17",
  "original_source": "d4e56ba9ed968e9c24b2813656c2ca65a3dbd7a0",
  "adoption_sha256": "c08c065d3366441e94ae237cceab3fc35a1e83981f87e63a2e7085eab8523dc6",
  "registration": "fixture_inputs/financial_wrapper_recordfix01/gates.json",
  "registration_sha256": "4474df26460aab41281bfdcc311129b613a90d76963e853858841200d9faa69a",
  "tracked": 325,
  "source_pins": 324,
  "implementation": 194,
  "package": 149,
  "implementation_changed": [
    "tradingagents/research/onchain_replication/financial_wrapper_fixture.py"
  ],
  "implementation_unchanged": 193,
  "fresh_identity": "financial-wrapper-classification-eager-interrupt1-recordfix-20261004-01",
  "numerical_attempt_budget": 18,
  "prior_attempts": 0,
  "numerical_claims": 0,
  "operational_identity_definitions": 19,
  "prospective_numerical_phases": 18,
  "actual_calls": {
    "job._admitted": 1,
    "admission.admit_historical_refusals": 10,
    "admission.claims": 1,
    "ResearchRun.start": 0
  },
  "actual_ready": true,
  "Torch_or_CUDA_observed": false,
  "new_full_external_preservation": false,
  "new_caller_or_numerical_release": false
}
