Traceback (most recent call last):
  File "<frozen runpy>", line 198, in _run_module_as_main
  File "<frozen runpy>", line 88, in _run_code
  File "/home/malecada/master_thesis/TradingAgents-audit-fixes/tradingagents/research/onchain_replication/job.py", line 600, in <module>
    result = globals()[args.mode](args)
  File "/home/malecada/master_thesis/TradingAgents-audit-fixes/tradingagents/research/onchain_replication/job.py", line 396, in worker
    cells=route.execute(run,job['payload'])
  File "/home/malecada/master_thesis/TradingAgents-audit-fixes/tradingagents/research/onchain_replication/real_pilot_import_caller.py", line 625, in execute
    if primary is not None: raise primary
                            ^^^^^^^^^^^^^
  File "/home/malecada/master_thesis/TradingAgents-audit-fixes/tradingagents/research/onchain_replication/real_pilot_import_caller.py", line 596, in execute
    try:archive_context.close(primary)
        ~~~~~~~~~~~~~~~~~~~~~^^^^^^^^^
  File "/home/malecada/master_thesis/TradingAgents-audit-fixes/tradingagents/research/onchain_replication/archive_dispatch.py", line 517, in close
    if failure is not None:raise failure
                           ^^^^^^^^^^^^^
  File "/home/malecada/master_thesis/TradingAgents-audit-fixes/tradingagents/research/onchain_replication/real_pilot_import_caller.py", line 506, in execute
    journal,bound = resource_binding.open_first(run,representation=name,plan_input=s['plan_input'],producer=s['producer'],policy_input=s['pair_checkpoint_input'],job_input='execution_job')
                    ~~~~~~~~~~~~~~~~~~~~~~~~~~~^^^^^^^^^^^^^^^^^^^^^^^^^^^^^^^^^^^^^^^^^^^^^^^^^^^^^^^^^^^^^^^^^^^^^^^^^^^^^^^^^^^^^^^^^^^^^^^^^^^^^^^^^^^^^^^^^^^^^^^^^^^^^^^^^^^^^^^^^^^^^
  File "/home/malecada/master_thesis/TradingAgents-audit-fixes/tradingagents/research/onchain_replication/resource_binding.py", line 26, in open_first
    return matching_owner.bind(run,representation=representation,plan_input=plan_input,
           ~~~~~~~~~~~~~~~~~~~^^^^^^^^^^^^^^^^^^^^^^^^^^^^^^^^^^^^^^^^^^^^^^^^^^^^^^^^^
      producer=producer,policy_input=policy_input,job_input=job_input,_create=True,_first=True,_resource=True)
      ^^^^^^^^^^^^^^^^^^^^^^^^^^^^^^^^^^^^^^^^^^^^^^^^^^^^^^^^^^^^^^^^^^^^^^^^^^^^^^^^^^^^^^^^^^^^^^^^^^^^^^^^
  File "/home/malecada/master_thesis/TradingAgents-audit-fixes/tradingagents/research/onchain_replication/matching_owner.py", line 226, in bind
    _source(run,policy['numerical_source'])
    ~~~~~~~^^^^^^^^^^^^^^^^^^^^^^^^^^^^^^^^
  File "/home/malecada/master_thesis/TradingAgents-audit-fixes/tradingagents/research/onchain_replication/matching_owner.py", line 152, in _source
    require(set(numerical)=={'commit','files'} and set(numerical['files'])==required,'numerical source closure differs')
    ~~~~~~~^^^^^^^^^^^^^^^^^^^^^^^^^^^^^^^^^^^^^^^^^^^^^^^^^^^^^^^^^^^^^^^^^^^^^^^^^^^^^^^^^^^^^^^^^^^^^^^^^^^^^^^^^^^^^
  File "/home/malecada/master_thesis/TradingAgents-audit-fixes/tradingagents/research/onchain_replication/matching_owner.py", line 42, in require
    if not condition:raise ValueError(message)
                     ^^^^^^^^^^^^^^^^^^^^^^^^^
ValueError: numerical source closure differs
