{
  "receipt_sha256": "89b59e817e13963dfde4ab3dd4088763bc4da40a2c304a0e49c3d741934c8a6b",
  "FETCH_HEAD": "27508ce1c7689ae15cd2fdb10ea48f0cd70f25e3",
  "remote_blobs": 30,
  "members": 990,
  "files": 702,
  "directories": 288,
  "logical_bytes": 6943394,
  "original_allocated_bytes": 9969664,
  "current_and_anchor_sources": 162,
  "original_git_paths": 26,
  "original_json": 11,
  "histories": [
    {
      "identity": "original-import-native-success-20261003-01",
      "source_count": 153,
      "output_count": 4
    },
    {
      "identity": "original-import-native-success-20261003-02",
      "source_count": 156,
      "output_count": 4
    },
    {
      "identity": "original-import-native-success-20261003-03",
      "source_count": 159,
      "output_count": 2
    }
  ],
  "new_claims": 0,
  "local_remote_differences": [
    {
      "name": "collect_primary05.py",
      "remote_sha256": "6e5ce427dc1fb648c928634f54f5ffccfc0fe83cc9c1d272a6171cc9caf36e83",
      "current_sha256": "c500b109d8f6452671351709c61fea951acd56f74e9974cbe99bb06bc6486329"
    }
  ],
  "runtime_recovered": false,
  "network_extraction_execution": false
}
