OBSERVATION {"aggregate_entry_visit_bound": 98304, "allocated_bytes": 9969664, "directories": 288, "elapsed_seconds": 0.012405805005982984, "entries": 989, "hardlink_observations": [], "logical_file_bytes": 6943394, "qualification": "Sampled non-atomic st_blocks accounting, including directories; no hard filesystem quota or inter-sample growth guarantee. At most three fresh complete scans share one time budget; only singly linked regular files occur in an accepted scan. Transient links may occur between/during discarded observations.", "regular_files": 702, "root": "/home/malecada/master_thesis/TradingAgents-audit-fixes/research/onchain-paper-replication-2026-09-24/full_sources/original-import-native-successor-preparation06-2026-10-03/capsule04", "root_device": 66310, "root_inode": 10497809, "scan_attempts": 1}
{
  "manifest_bodies": 25,
  "sources": 162,
  "package": 142,
  "source_and_anchor_joins": 162,
  "local_static_import_edges": 723,
  "unresolved_static_modules": [],
  "handler_only_MCM_parity": true,
  "resource_fixture_other_AST_parity": true,
  "generator_outside_registration_parity": true,
  "original26_Git_and11_JSON": true,
  "historical_failed_claims_preserved": 3,
  "new_claims": 0,
  "read_only_admission_ready": true,
  "effective_budget": 5,
  "inputs": 32,
  "dependent_refusal": "budget extension first-adopter snapshot is stale or incomplete",
  "runtime_records": 251,
  "module_origins": 134,
  "archive_members": 990,
  "files": 702,
  "directories": 288,
  "logical_bytes": 6943394,
  "allocated_bytes": 9969664,
  "storage_observation": {
    "allocated_bytes": 9969664,
    "logical_file_bytes": 6943394,
    "regular_files": 702,
    "directories": 288,
    "entries": 989,
    "elapsed_seconds": 0.012405805005982984,
    "root": "/home/malecada/master_thesis/TradingAgents-audit-fixes/research/onchain-paper-replication-2026-09-24/full_sources/original-import-native-successor-preparation06-2026-10-03/capsule04",
    "root_device": 66310,
    "root_inode": 10497809,
    "qualification": "Sampled non-atomic st_blocks accounting, including directories; no hard filesystem quota or inter-sample growth guarantee. At most three fresh complete scans share one time budget; only singly linked regular files occur in an accepted scan. Transient links may occur between/during discarded observations.",
    "scan_attempts": 1,
    "hardlink_observations": [],
    "aggregate_entry_visit_bound": 98304
  },
  "numerical_imports": false
}
