{
  "same_bytes_or_semantics": [
    "fixture_budget/cumulative-extension-review01.json",
    "fixture_budget/cumulative-extension-review02.json",
    "fixture_budget/cumulative-extension01.json",
    "fixture_budget/cumulative-extension02.json",
    "fixture_budget/successor-allocation01.json",
    "fixture_budget/successor-allocation02.json",
    "fixture_inputs/target-01/edge_features.npy",
    "fixture_inputs/target-01/edge_index.npy",
    "fixture_inputs/target-01/manifest.json",
    "fixture_inputs/target-01/node_features.npy",
    "fixture_inputs/target-01/node_ids.npy",
    "fixture_inputs/target-02/edge_features.npy",
    "fixture_inputs/target-02/edge_index.npy",
    "fixture_inputs/target-02/manifest.json",
    "fixture_inputs/target-02/node_features.npy",
    "fixture_inputs/target-02/node_ids.npy",
    "fixture_inputs/success/mcm_policy.json",
    "fixture_inputs/success/pair_policy.json",
    "fixture_inputs/success/mcm_output_policy.json",
    "fixture_inputs/success/compact_policy.json",
    "fixture_inputs/second_target_publication_failure/mcm_policy.json",
    "fixture_inputs/second_target_publication_failure/pair_policy.json",
    "fixture_inputs/second_target_publication_failure/mcm_output_policy.json",
    "fixture_inputs/second_target_publication_failure/compact_policy.json"
  ],
  "count": 24,
  "only_excluded_policy_field": "pair_policy.numerical_source (already independently authenticated against new anchor and exact package in main checks)",
  "numerical_interpretation": false
}
