{
  "decision": "ACCEPTED_LOCAL_COMPLETE_FINANCIAL_SOURCE_ARCHIVE_ONLY",
  "checks": 17215,
  "request_sha256": "e460ea51cf936c84bae488450fee1f452ae68a7f74c69ce8d4886cbd6e6a68c4",
  "capture_sha256": "2d3e86ca91407119be4ca56ccff260f069a44a4d1988f649f25e4f571a62da30",
  "manifest_sha256": "f4835eb4914d1b014e16cc28eb86197f6e003ce40f153f8dffbb478da4092101",
  "archive": {
    "bytes": 2218058,
    "manifest_sha256": "f4835eb4914d1b014e16cc28eb86197f6e003ce40f153f8dffbb478da4092101",
    "sha256": "2e267a231ba56777a42af32db38b47a380f98a7bae84643ee86e4b4aafc41f1b"
  },
  "current_commit": "44bf99d199acae5a043cf5b472a53e2fcf4caf1b",
  "baseline_commit": "390c82a9958e135c24bcca80f3a636313ca27932",
  "whole_typed_members": 748,
  "whole_regular_bodies": 527,
  "tracked242": 242,
  "implementation194": 194,
  "package149": 149,
  "draft_auxiliary48": 48,
  "logical_bytes": 4924712,
  "allocated_bytes": 7127040,
  "disk_free_bytes": 18780934144,
  "framing": {
    "inflated_bytes": 5468160,
    "headers": 769,
    "pax_headers": 20
  },
  "writer_snapshot": {
    "writers": [],
    "inaccessible": [
      {
        "pid": "3866",
        "fd": null
      },
      {
        "pid": "5446",
        "fd": null
      },
      {
        "pid": "26733",
        "fd": null
      }
    ],
    "fd_count": 4849,
    "qualification": "observed accessible same-user descriptors only; complete repeated tree stability is verified; no universal/future writer guarantee"
  },
  "external_or_flat_recovery": false,
  "held205_33_authenticator_used": false,
  "genuine_runtime_or_registration": false
}
