FFFFFFFF                                                                 [100%]
=================================== FAILURES ===================================
____ test_tail_attempts_both_owned_descriptors_and_cleanup_is_fatal[close] _____

tmp_path = PosixPath('/tmp/pytest-of-malecada/pytest-49/test_tail_attempts_both_owned_0')
monkeypatch = <_pytest.monkeypatch.MonkeyPatch object at 0x742d3c72f360>
trap = <tests.research.onchain_replication.test_score_cleanup.trap.<locals>.Trap object at 0x742d3c77e3c0>
when = 'close'

    @pytest.mark.parametrize('when',['close','finish','constructor'])
    def test_tail_attempts_both_owned_descriptors_and_cleanup_is_fatal(tmp_path,monkeypatch,trap,when):
        objects=[]
        def arm(obj):
            objects.append(obj); trap.owns(obj.record_fd,obj.fd); trap.broken.add(obj.record_fd)
        if when == 'constructor':
            def fail(obj,*args,**kwargs):arm(obj);raise RuntimeError('synthetic primary tail construction')
            monkeypatch.setattr(tail.ScoreTail,'_check',fail)
            action=lambda:tails.tail(tmp_path)
        else:
            obj=tails.tail(tmp_path)
            if when=='finish':obj.append(0,'b'*64,.2);obj.append(1,'c'*64,.3)
            arm(obj); action=obj.close if when=='close' else obj.finish
        with pytest.raises(BaseException) as caught:action()
>       assert not isinstance(caught.value,Exception),'uncertain tail cleanup escaped as ordinary error'
E       AssertionError: uncertain tail cleanup escaped as ordinary error
E       assert not True
E        +  where True = isinstance(OSError('synthetic descriptor not released'), Exception)
E        +    where OSError('synthetic descriptor not released') = <ExceptionInfo OSError('synthetic descriptor not released') tblen=3>.value

tests/research/onchain_replication/test_score_cleanup.py:44: AssertionError
____ test_tail_attempts_both_owned_descriptors_and_cleanup_is_fatal[finish] ____

tmp_path = PosixPath('/tmp/pytest-of-malecada/pytest-49/test_tail_attempts_both_owned_1')
monkeypatch = <_pytest.monkeypatch.MonkeyPatch object at 0x742d3c72f100>
trap = <tests.research.onchain_replication.test_score_cleanup.trap.<locals>.Trap object at 0x742cfadc8980>
when = 'finish'

    @pytest.mark.parametrize('when',['close','finish','constructor'])
    def test_tail_attempts_both_owned_descriptors_and_cleanup_is_fatal(tmp_path,monkeypatch,trap,when):
        objects=[]
        def arm(obj):
            objects.append(obj); trap.owns(obj.record_fd,obj.fd); trap.broken.add(obj.record_fd)
        if when == 'constructor':
            def fail(obj,*args,**kwargs):arm(obj);raise RuntimeError('synthetic primary tail construction')
            monkeypatch.setattr(tail.ScoreTail,'_check',fail)
            action=lambda:tails.tail(tmp_path)
        else:
            obj=tails.tail(tmp_path)
            if when=='finish':obj.append(0,'b'*64,.2);obj.append(1,'c'*64,.3)
            arm(obj); action=obj.close if when=='close' else obj.finish
        with pytest.raises(BaseException) as caught:action()
>       assert not isinstance(caught.value,Exception),'uncertain tail cleanup escaped as ordinary error'
E       AssertionError: uncertain tail cleanup escaped as ordinary error
E       assert not True
E        +  where True = isinstance(OSError('synthetic descriptor not released'), Exception)
E        +    where OSError('synthetic descriptor not released') = <ExceptionInfo OSError('synthetic descriptor not released') tblen=5>.value

tests/research/onchain_replication/test_score_cleanup.py:44: AssertionError
_ test_tail_attempts_both_owned_descriptors_and_cleanup_is_fatal[constructor] __

tmp_path = PosixPath('/tmp/pytest-of-malecada/pytest-49/test_tail_attempts_both_owned_2')
monkeypatch = <_pytest.monkeypatch.MonkeyPatch object at 0x742cfac60050>
trap = <tests.research.onchain_replication.test_score_cleanup.trap.<locals>.Trap object at 0x742cfadc9160>
when = 'constructor'

    @pytest.mark.parametrize('when',['close','finish','constructor'])
    def test_tail_attempts_both_owned_descriptors_and_cleanup_is_fatal(tmp_path,monkeypatch,trap,when):
        objects=[]
        def arm(obj):
            objects.append(obj); trap.owns(obj.record_fd,obj.fd); trap.broken.add(obj.record_fd)
        if when == 'constructor':
            def fail(obj,*args,**kwargs):arm(obj);raise RuntimeError('synthetic primary tail construction')
            monkeypatch.setattr(tail.ScoreTail,'_check',fail)
            action=lambda:tails.tail(tmp_path)
        else:
            obj=tails.tail(tmp_path)
            if when=='finish':obj.append(0,'b'*64,.2);obj.append(1,'c'*64,.3)
            arm(obj); action=obj.close if when=='close' else obj.finish
        with pytest.raises(BaseException) as caught:action()
>       assert not isinstance(caught.value,Exception),'uncertain tail cleanup escaped as ordinary error'
E       AssertionError: uncertain tail cleanup escaped as ordinary error
E       assert not True
E        +  where True = isinstance(OSError('synthetic descriptor not released'), Exception)
E        +    where OSError('synthetic descriptor not released') = <ExceptionInfo OSError('synthetic descriptor not released') tblen=6>.value

tests/research/onchain_replication/test_score_cleanup.py:44: AssertionError
_ test_batch_cleanup_is_fatal_at_terminal_and_before_constructor_returns[finish] _

tmp_path = PosixPath('/tmp/pytest-of-malecada/pytest-49/test_batch_cleanup_is_fatal_at0')
monkeypatch = <_pytest.monkeypatch.MonkeyPatch object at 0x742cfada9590>
trap = <tests.research.onchain_replication.test_score_cleanup.trap.<locals>.Trap object at 0x742cfadc9400>
when = 'finish'

    @pytest.mark.parametrize('when',['finish','constructor'])
    def test_batch_cleanup_is_fatal_at_terminal_and_before_constructor_returns(tmp_path,monkeypatch,trap,when):
        if when=='constructor':
            def fail(fd,name,raw):
                trap.owns(fd);trap.broken.add(fd);raise RuntimeError('synthetic primary batch construction')
            monkeypatch.setattr(batch,'_write',fail);action=lambda:batches.writer(tmp_path)
        else:
            obj=batches.writer(tmp_path);obj.append(0,np.ones(4));obj.append(4,np.ones(2))
            trap.owns(obj.fd);trap.broken.add(obj.fd);action=obj.finish
        with pytest.raises(BaseException) as caught:action()
>       assert not isinstance(caught.value,Exception),'uncertain batch cleanup escaped as ordinary error'
E       AssertionError: uncertain batch cleanup escaped as ordinary error
E       assert not True
E        +  where True = isinstance(OSError('synthetic descriptor not released'), Exception)
E        +    where OSError('synthetic descriptor not released') = <ExceptionInfo OSError('synthetic descriptor not released') tblen=4>.value

tests/research/onchain_replication/test_score_cleanup.py:61: AssertionError
_ test_batch_cleanup_is_fatal_at_terminal_and_before_constructor_returns[constructor] _

tmp_path = PosixPath('/tmp/pytest-of-malecada/pytest-49/test_batch_cleanup_is_fatal_at1')
monkeypatch = <_pytest.monkeypatch.MonkeyPatch object at 0x742cfada9e10>
trap = <tests.research.onchain_replication.test_score_cleanup.trap.<locals>.Trap object at 0x742cfadc97f0>
when = 'constructor'

    @pytest.mark.parametrize('when',['finish','constructor'])
    def test_batch_cleanup_is_fatal_at_terminal_and_before_constructor_returns(tmp_path,monkeypatch,trap,when):
        if when=='constructor':
            def fail(fd,name,raw):
                trap.owns(fd);trap.broken.add(fd);raise RuntimeError('synthetic primary batch construction')
            monkeypatch.setattr(batch,'_write',fail);action=lambda:batches.writer(tmp_path)
        else:
            obj=batches.writer(tmp_path);obj.append(0,np.ones(4));obj.append(4,np.ones(2))
            trap.owns(obj.fd);trap.broken.add(obj.fd);action=obj.finish
        with pytest.raises(BaseException) as caught:action()
>       assert not isinstance(caught.value,Exception),'uncertain batch cleanup escaped as ordinary error'
E       AssertionError: uncertain batch cleanup escaped as ordinary error
E       assert not True
E        +  where True = isinstance(OSError('synthetic descriptor not released'), Exception)
E        +    where OSError('synthetic descriptor not released') = <ExceptionInfo OSError('synthetic descriptor not released') tblen=5>.value

tests/research/onchain_replication/test_score_cleanup.py:61: AssertionError
______ test_stream_closes_remaining_children_and_fails_fatally[callback] _______

tmp_path = PosixPath('/tmp/pytest-of-malecada/pytest-49/test_stream_closes_remaining_c0')
monkeypatch = <_pytest.monkeypatch.MonkeyPatch object at 0x742cfad86150>
trap = <tests.research.onchain_replication.test_score_cleanup.trap.<locals>.Trap object at 0x742cfadc9a90>
when = 'callback'

    @pytest.mark.parametrize('when',['callback','constructor','finish'])
    def test_stream_closes_remaining_children_and_fails_fatally(tmp_path,monkeypatch,trap,when):
        base,f,d,kernel=streams.fixture();objects=[]
        def arm(obj,broken):
            objects.append(obj);trap.owns(obj.fd,obj.batches.fd)
            if obj.active is not None:trap.owns(obj.active.fd,obj.active.record_fd)
            trap.broken.add(broken)
        if when=='constructor':
            def fail(obj):arm(obj,obj.batches.fd);raise RuntimeError('synthetic primary stream construction')
            monkeypatch.setattr(stream.MCMScoreStream,'_check',fail)
            action=lambda:streams.stream(tmp_path,f,d,base.Scores(f.match))
        else:
            def compute(*args):
                arm(obj,obj.active.record_fd);raise RuntimeError('synthetic primary numerical failure')
            obj=streams.stream(tmp_path,f,d,compute if when=='callback' else base.Scores(f.match))
            if when=='callback':
                action=lambda:kernel.mcm(f.g,d,f.match,**f.kw,score_pair=obj,policy=streams.POLICY,lease=lambda:None)
            else:
                kernel.mcm(f.g,d,f.match,**f.kw,score_pair=obj,policy=streams.POLICY,lease=lambda:None)
                arm(obj,obj.fd);action=obj.finish
        with pytest.raises(BaseException) as caught:action()
>       assert not isinstance(caught.value,Exception),'uncertain stream cleanup escaped as ordinary error'
E       AssertionError: uncertain stream cleanup escaped as ordinary error
E       assert not True
E        +  where True = isinstance(OSError('synthetic descriptor not released'), Exception)
E        +    where OSError('synthetic descriptor not released') = <ExceptionInfo OSError('synthetic descriptor not released') tblen=8>.value

tests/research/onchain_replication/test_score_cleanup.py:88: AssertionError
_____ test_stream_closes_remaining_children_and_fails_fatally[constructor] _____

tmp_path = PosixPath('/tmp/pytest-of-malecada/pytest-49/test_stream_closes_remaining_c1')
monkeypatch = <_pytest.monkeypatch.MonkeyPatch object at 0x742cfad04e50>
trap = <tests.research.onchain_replication.test_score_cleanup.trap.<locals>.Trap object at 0x742cfadcb770>
when = 'constructor'

    @pytest.mark.parametrize('when',['callback','constructor','finish'])
    def test_stream_closes_remaining_children_and_fails_fatally(tmp_path,monkeypatch,trap,when):
        base,f,d,kernel=streams.fixture();objects=[]
        def arm(obj,broken):
            objects.append(obj);trap.owns(obj.fd,obj.batches.fd)
            if obj.active is not None:trap.owns(obj.active.fd,obj.active.record_fd)
            trap.broken.add(broken)
        if when=='constructor':
            def fail(obj):arm(obj,obj.batches.fd);raise RuntimeError('synthetic primary stream construction')
            monkeypatch.setattr(stream.MCMScoreStream,'_check',fail)
            action=lambda:streams.stream(tmp_path,f,d,base.Scores(f.match))
        else:
            def compute(*args):
                arm(obj,obj.active.record_fd);raise RuntimeError('synthetic primary numerical failure')
            obj=streams.stream(tmp_path,f,d,compute if when=='callback' else base.Scores(f.match))
            if when=='callback':
                action=lambda:kernel.mcm(f.g,d,f.match,**f.kw,score_pair=obj,policy=streams.POLICY,lease=lambda:None)
            else:
                kernel.mcm(f.g,d,f.match,**f.kw,score_pair=obj,policy=streams.POLICY,lease=lambda:None)
                arm(obj,obj.fd);action=obj.finish
        with pytest.raises(BaseException) as caught:action()
>       assert not isinstance(caught.value,Exception),'uncertain stream cleanup escaped as ordinary error'
E       AssertionError: uncertain stream cleanup escaped as ordinary error
E       assert not True
E        +  where True = isinstance(OSError('synthetic descriptor not released'), Exception)
E        +    where OSError('synthetic descriptor not released') = <ExceptionInfo OSError('synthetic descriptor not released') tblen=7>.value

tests/research/onchain_replication/test_score_cleanup.py:88: AssertionError
_______ test_stream_closes_remaining_children_and_fails_fatally[finish] ________

tmp_path = PosixPath('/tmp/pytest-of-malecada/pytest-49/test_stream_closes_remaining_c2')
monkeypatch = <_pytest.monkeypatch.MonkeyPatch object at 0x742cface57c0>
trap = <tests.research.onchain_replication.test_score_cleanup.trap.<locals>.Trap object at 0x742cfad141a0>
when = 'finish'

    @pytest.mark.parametrize('when',['callback','constructor','finish'])
    def test_stream_closes_remaining_children_and_fails_fatally(tmp_path,monkeypatch,trap,when):
        base,f,d,kernel=streams.fixture();objects=[]
        def arm(obj,broken):
            objects.append(obj);trap.owns(obj.fd,obj.batches.fd)
            if obj.active is not None:trap.owns(obj.active.fd,obj.active.record_fd)
            trap.broken.add(broken)
        if when=='constructor':
            def fail(obj):arm(obj,obj.batches.fd);raise RuntimeError('synthetic primary stream construction')
            monkeypatch.setattr(stream.MCMScoreStream,'_check',fail)
            action=lambda:streams.stream(tmp_path,f,d,base.Scores(f.match))
        else:
            def compute(*args):
                arm(obj,obj.active.record_fd);raise RuntimeError('synthetic primary numerical failure')
            obj=streams.stream(tmp_path,f,d,compute if when=='callback' else base.Scores(f.match))
            if when=='callback':
                action=lambda:kernel.mcm(f.g,d,f.match,**f.kw,score_pair=obj,policy=streams.POLICY,lease=lambda:None)
            else:
                kernel.mcm(f.g,d,f.match,**f.kw,score_pair=obj,policy=streams.POLICY,lease=lambda:None)
                arm(obj,obj.fd);action=obj.finish
        with pytest.raises(BaseException) as caught:action()
>       assert not isinstance(caught.value,Exception),'uncertain stream cleanup escaped as ordinary error'
E       AssertionError: uncertain stream cleanup escaped as ordinary error
E       assert not True
E        +  where True = isinstance(OSError('synthetic descriptor not released'), Exception)
E        +    where OSError('synthetic descriptor not released') = <ExceptionInfo OSError('synthetic descriptor not released') tblen=4>.value

tests/research/onchain_replication/test_score_cleanup.py:88: AssertionError
- reviewed profile: 26 encountered files withheld; this is not the full legacy suite -
=========================== short test summary info ============================
FAILED tests/research/onchain_replication/test_score_cleanup.py::test_tail_attempts_both_owned_descriptors_and_cleanup_is_fatal[close]
FAILED tests/research/onchain_replication/test_score_cleanup.py::test_tail_attempts_both_owned_descriptors_and_cleanup_is_fatal[finish]
FAILED tests/research/onchain_replication/test_score_cleanup.py::test_tail_attempts_both_owned_descriptors_and_cleanup_is_fatal[constructor]
FAILED tests/research/onchain_replication/test_score_cleanup.py::test_batch_cleanup_is_fatal_at_terminal_and_before_constructor_returns[finish]
FAILED tests/research/onchain_replication/test_score_cleanup.py::test_batch_cleanup_is_fatal_at_terminal_and_before_constructor_returns[constructor]
FAILED tests/research/onchain_replication/test_score_cleanup.py::test_stream_closes_remaining_children_and_fails_fatally[callback]
FAILED tests/research/onchain_replication/test_score_cleanup.py::test_stream_closes_remaining_children_and_fails_fatally[constructor]
FAILED tests/research/onchain_replication/test_score_cleanup.py::test_stream_closes_remaining_children_and_fails_fatally[finish]
8 failed in 1.03s
