{
  "schema_version": 1,
  "decision": "ACCEPTED_EXACT_FINAL_UNION_SELECTION_PENDING_ACTUAL_REMOTE",
  "checks": 25154,
  "selection_sha256": "07eb83d17a4ba0e7521fac189f6fdccd91a5e2d3d43a863ca92eed21de1a0de1",
  "selected_commit": "712fee46e11dece8138ab08778a1f9819a10cad3",
  "selected_count": 82,
  "selected_logical_bytes": 5662993,
  "unique_git_objects": 65,
  "expected_git_operations": 175,
  "source_commit": "649fb8a11089524aaef7843dffeeb90a3a55ca17",
  "source_members": 986,
  "source_regular": 713,
  "source_tracked": 325,
  "source_pins": 324,
  "snapshots": [
    {
      "origin": "/home/malecada/master_thesis/TradingAgents-audit-fixes/research/onchain-paper-replication-2026-09-24/full_sources/financial-genuine-wrapper-recordfix-final-union-capture-review01-2026-10-04",
      "typed_members_including_root": 64,
      "regular_bodies": 44,
      "archive_sha256": "2e140f5b680e6ab83d1851821e6ba05b78f778aa4243e929cae77adba964d0b4",
      "manifest_sha256": "ad07e81110875fbe4cf43d415158c3ffd318e1851bd028cf75a263f16e2850fb",
      "raw_headers": 64,
      "pax_headers": 1,
      "literal_symlinks": 10,
      "canonical_recompression": true
    }
  ],
  "final_union_archive_sha256": "441fe2bb20203213d72fac1d2b0b59e1ada3c8a608bf1a5474a02464a0214237",
  "final_union_semantic_joins": {
    "original_trees": 11,
    "original_typed_members": 306,
    "original_regular_members": 275,
    "original_lexical_links": 0,
    "ordinary_members": 307,
    "links_followed": false
  },
  "original_review_manifest_body_joins": 438,
  "relocated_exact_manifest_witnesses": [
    {
      "copied_manifest": "/home/malecada/master_thesis/TradingAgents-audit-fixes/research/onchain-paper-replication-2026-09-24/full_sources/financial-genuine-wrapper-recordfix-generated-verifier-review01-2026-10-04/actual-binding/parent-review/MANIFEST01.json",
      "member": "CHECK01.err",
      "actual_original_body": "/home/malecada/master_thesis/TradingAgents-audit-fixes/research/onchain-paper-replication-2026-09-24/full_sources/financial-genuine-wrapper-recordfix-parent-review01-2026-10-04/CHECK01.err",
      "sha256": "e3b0c44298fc1c149afbf4c8996fb92427ae41e4649b934ca495991b7852b855"
    },
    {
      "copied_manifest": "/home/malecada/master_thesis/TradingAgents-audit-fixes/research/onchain-paper-replication-2026-09-24/full_sources/financial-genuine-wrapper-recordfix-generated-verifier-review01-2026-10-04/actual-binding/parent-review/MANIFEST01.json",
      "member": "CHECK01.out",
      "actual_original_body": "/home/malecada/master_thesis/TradingAgents-audit-fixes/research/onchain-paper-replication-2026-09-24/full_sources/financial-genuine-wrapper-recordfix-parent-review01-2026-10-04/CHECK01.out",
      "sha256": "894c3e167ab476006a59d62d036c50044b236c963e1c6b753585f2d7f63ba82a"
    },
    {
      "copied_manifest": "/home/malecada/master_thesis/TradingAgents-audit-fixes/research/onchain-paper-replication-2026-09-24/full_sources/financial-genuine-wrapper-recordfix-generated-verifier-review01-2026-10-04/actual-binding/parent-review/MANIFEST01.json",
      "member": "CHECKS01.json",
      "actual_original_body": "/home/malecada/master_thesis/TradingAgents-audit-fixes/research/onchain-paper-replication-2026-09-24/full_sources/financial-genuine-wrapper-recordfix-parent-review01-2026-10-04/CHECKS01.json",
      "sha256": "26361e4191737cdeb0bfd24c349bb0546de46a7d06504efae1a8355f6e80f7fc"
    },
    {
      "copied_manifest": "/home/malecada/master_thesis/TradingAgents-audit-fixes/research/onchain-paper-replication-2026-09-24/full_sources/financial-genuine-wrapper-recordfix-generated-verifier-review01-2026-10-04/actual-binding/parent-review/MANIFEST01.json",
      "member": "REVIEW01.md",
      "actual_original_body": "/home/malecada/master_thesis/TradingAgents-audit-fixes/research/onchain-paper-replication-2026-09-24/full_sources/financial-genuine-wrapper-recordfix-parent-review01-2026-10-04/REVIEW01.md",
      "sha256": "04d55041f755636886249cb94b5c7413ab9e64f6c5d09d9add42ffc8d5d7fdb4"
    },
    {
      "copied_manifest": "/home/malecada/master_thesis/TradingAgents-audit-fixes/research/onchain-paper-replication-2026-09-24/full_sources/financial-genuine-wrapper-recordfix-generated-verifier-review01-2026-10-04/actual-binding/parent-review/MANIFEST01.json",
      "member": "check_review01.py",
      "actual_original_body": "/home/malecada/master_thesis/TradingAgents-audit-fixes/research/onchain-paper-replication-2026-09-24/full_sources/financial-genuine-wrapper-recordfix-parent-review01-2026-10-04/check_review01.py",
      "sha256": "864f132e7be0dffa6f43e24fc0ee9fa82376e94fa1bacccd6f71aae3e57fd3fb"
    },
    {
      "copied_manifest": "/home/malecada/master_thesis/TradingAgents-audit-fixes/research/onchain-paper-replication-2026-09-24/full_sources/financial-genuine-wrapper-recordfix-generated-verifier-review01-2026-10-04/actual-binding/parent-review/MANIFEST01.json",
      "member": "corrected_wrapper.py",
      "actual_original_body": "/home/malecada/master_thesis/TradingAgents-audit-fixes/research/onchain-paper-replication-2026-09-24/full_sources/financial-genuine-wrapper-recordfix-parent-review01-2026-10-04/corrected_wrapper.py",
      "sha256": "e2d9208ac51fd5876b63b6a72f734fc4fedd28fa42ac9c7fa1014346feb8404c"
    },
    {
      "copied_manifest": "/home/malecada/master_thesis/TradingAgents-audit-fixes/research/onchain-paper-replication-2026-09-24/full_sources/financial-genuine-wrapper-recordfix-generated-verifier-review01-2026-10-04/actual-binding/parent-review/MANIFEST01.json",
      "member": "source/API_AUTHENTICATION01.json",
      "actual_original_body": "/home/malecada/master_thesis/TradingAgents-audit-fixes/research/onchain-paper-replication-2026-09-24/full_sources/financial-genuine-wrapper-recordfix-parent-review01-2026-10-04/source/API_AUTHENTICATION01.json",
      "sha256": "601c177cdc601b2a5d3994ccf12a11f265090b71fc21b0cc661b8ec7168b1e0b"
    },
    {
      "copied_manifest": "/home/malecada/master_thesis/TradingAgents-audit-fixes/research/onchain-paper-replication-2026-09-24/full_sources/financial-genuine-wrapper-recordfix-generated-verifier-review01-2026-10-04/actual-binding/parent-review/MANIFEST01.json",
      "member": "source/CHECK01.err",
      "actual_original_body": "/home/malecada/master_thesis/TradingAgents-audit-fixes/research/onchain-paper-replication-2026-09-24/full_sources/financial-genuine-wrapper-recordfix-parent-review01-2026-10-04/source/CHECK01.err",
      "sha256": "e3b0c44298fc1c149afbf4c8996fb92427ae41e4649b934ca495991b7852b855"
    },
    {
      "copied_manifest": "/home/malecada/master_thesis/TradingAgents-audit-fixes/research/onchain-paper-replication-2026-09-24/full_sources/financial-genuine-wrapper-recordfix-generated-verifier-review01-2026-10-04/actual-binding/parent-review/MANIFEST01.json",
      "member": "source/CHECK01.out",
      "actual_original_body": "/home/malecada/master_thesis/TradingAgents-audit-fixes/research/onchain-paper-replication-2026-09-24/full_sources/financial-genuine-wrapper-recordfix-parent-review01-2026-10-04/source/CHECK01.out",
      "sha256": "e51de46b02f4265062f18fd3058deccc49a403e5918785ea3e6eedb6c5c8ef58"
    },
    {
      "copied_manifest": "/home/malecada/master_thesis/TradingAgents-audit-fixes/research/onchain-paper-replication-2026-09-24/full_sources/financial-genuine-wrapper-recordfix-generated-verifier-review01-2026-10-04/actual-binding/parent-review/MANIFEST01.json",
      "member": "source/CHECKS01.json",
      "actual_original_body": "/home/malecada/master_thesis/TradingAgents-audit-fixes/research/onchain-paper-replication-2026-09-24/full_sources/financial-genuine-wrapper-recordfix-parent-review01-2026-10-04/source/CHECKS01.json",
      "sha256": "23d5af3ca5e03536c318cea48a0f5f1ff5c0e0645315efe96953093ef92fe4e0"
    },
    {
      "copied_manifest": "/home/malecada/master_thesis/TradingAgents-audit-fixes/research/onchain-paper-replication-2026-09-24/full_sources/financial-genuine-wrapper-recordfix-generated-verifier-review01-2026-10-04/actual-binding/parent-review/MANIFEST01.json",
      "member": "source/INVERSE01.json",
      "actual_original_body": "/home/malecada/master_thesis/TradingAgents-audit-fixes/research/onchain-paper-replication-2026-09-24/full_sources/financial-genuine-wrapper-recordfix-parent-review01-2026-10-04/source/INVERSE01.json",
      "sha256": "df6214d62d6294f424d2ceb907e5486f4a9943cf397c0b76350841428c9eacc9"
    },
    {
      "copied_manifest": "/home/malecada/master_thesis/TradingAgents-audit-fixes/research/onchain-paper-replication-2026-09-24/full_sources/financial-genuine-wrapper-recordfix-generated-verifier-review01-2026-10-04/actual-binding/parent-review/MANIFEST01.json",
      "member": "source/MACHINE01.json",
      "actual_original_body": "/home/malecada/master_thesis/TradingAgents-audit-fixes/research/onchain-paper-replication-2026-09-24/full_sources/financial-genuine-wrapper-recordfix-parent-review01-2026-10-04/source/MACHINE01.json",
      "sha256": "fa7e5e8e2a80219779e7a5ad867150f3fd855d807f72faca603c8f304a1b39b9"
    },
    {
      "copied_manifest": "/home/malecada/master_thesis/TradingAgents-audit-fixes/research/onchain-paper-replication-2026-09-24/full_sources/financial-genuine-wrapper-recordfix-generated-verifier-review01-2026-10-04/actual-binding/parent-review/MANIFEST01.json",
      "member": "source/MANIFEST01.json",
      "actual_original_body": "/home/malecada/master_thesis/TradingAgents-audit-fixes/research/onchain-paper-replication-2026-09-24/full_sources/financial-genuine-wrapper-recordfix-parent-review01-2026-10-04/source/MANIFEST01.json",
      "sha256": "b6b951e4d11311ae75b77e85d587836ddf4cf8f8a70f1f420b008dd21af4c377"
    },
    {
      "copied_manifest": "/home/malecada/master_thesis/TradingAgents-audit-fixes/research/onchain-paper-replication-2026-09-24/full_sources/financial-genuine-wrapper-recordfix-generated-verifier-review01-2026-10-04/actual-binding/parent-review/MANIFEST01.json",
      "member": "source/PROTOCOL01.md",
      "actual_original_body": "/home/malecada/master_thesis/TradingAgents-audit-fixes/research/onchain-paper-replication-2026-09-24/full_sources/financial-genuine-wrapper-recordfix-parent-review01-2026-10-04/source/PROTOCOL01.md",
      "sha256": "01de0313e142b05102fffa33250d5faabc1c8f370a1a5b0d637ccef870bc9460"
    },
    {
      "copied_manifest": "/home/malecada/master_thesis/TradingAgents-audit-fixes/research/onchain-paper-replication-2026-09-24/full_sources/financial-genuine-wrapper-recordfix-generated-verifier-review01-2026-10-04/actual-binding/parent-review/MANIFEST01.json",
      "member": "source/PROTOCOL_PINS01.json",
      "actual_original_body": "/home/malecada/master_thesis/TradingAgents-audit-fixes/research/onchain-paper-replication-2026-09-24/full_sources/financial-genuine-wrapper-recordfix-parent-review01-2026-10-04/source/PROTOCOL_PINS01.json",
      "sha256": "b55959d7fef0bf04b6eea80e4e83d1c262a2f0f9e778791814e52f2fe0325434"
    },
    {
      "copied_manifest": "/home/malecada/master_thesis/TradingAgents-audit-fixes/research/onchain-paper-replication-2026-09-24/full_sources/financial-genuine-wrapper-recordfix-generated-verifier-review01-2026-10-04/actual-binding/parent-review/MANIFEST01.json",
      "member": "source/REPORT01.md",
      "actual_original_body": "/home/malecada/master_thesis/TradingAgents-audit-fixes/research/onchain-paper-replication-2026-09-24/full_sources/financial-genuine-wrapper-recordfix-parent-review01-2026-10-04/source/REPORT01.md",
      "sha256": "8064d7fa7c09b50154ccdd2883e66b83e64c474865249aeb0313cbc785af93be"
    },
    {
      "copied_manifest": "/home/malecada/master_thesis/TradingAgents-audit-fixes/research/onchain-paper-replication-2026-09-24/full_sources/financial-genuine-wrapper-recordfix-generated-verifier-review01-2026-10-04/actual-binding/parent-review/MANIFEST01.json",
      "member": "source/REQUEST_TEMPLATE01.json",
      "actual_original_body": "/home/malecada/master_thesis/TradingAgents-audit-fixes/research/onchain-paper-replication-2026-09-24/full_sources/financial-genuine-wrapper-recordfix-parent-review01-2026-10-04/source/REQUEST_TEMPLATE01.json",
      "sha256": "c9ea77222c6dd5112407ab59513715d3168426e1bf9729859cd944ac5c30f251"
    },
    {
      "copied_manifest": "/home/malecada/master_thesis/TradingAgents-audit-fixes/research/onchain-paper-replication-2026-09-24/full_sources/financial-genuine-wrapper-recordfix-generated-verifier-review01-2026-10-04/actual-binding/parent-review/MANIFEST01.json",
      "member": "source/bounded_git01.py",
      "actual_original_body": "/home/malecada/master_thesis/TradingAgents-audit-fixes/research/onchain-paper-replication-2026-09-24/full_sources/financial-genuine-wrapper-recordfix-parent-review01-2026-10-04/source/bounded_git01.py",
      "sha256": "db4a65a450bf9930abac04ab794539ebd952b07826d7314b4aea4e989dd9240f"
    },
    {
      "copied_manifest": "/home/malecada/master_thesis/TradingAgents-audit-fixes/research/onchain-paper-replication-2026-09-24/full_sources/financial-genuine-wrapper-recordfix-generated-verifier-review01-2026-10-04/actual-binding/parent-review/MANIFEST01.json",
      "member": "source/check01.py",
      "actual_original_body": "/home/malecada/master_thesis/TradingAgents-audit-fixes/research/onchain-paper-replication-2026-09-24/full_sources/financial-genuine-wrapper-recordfix-parent-review01-2026-10-04/source/check01.py",
      "sha256": "870f4e5f0f93ff169899c3140cdd7da79428f3ccc6a22d6eb4cf4becd685ded9"
    },
    {
      "copied_manifest": "/home/malecada/master_thesis/TradingAgents-audit-fixes/research/onchain-paper-replication-2026-09-24/full_sources/financial-genuine-wrapper-recordfix-generated-verifier-review01-2026-10-04/actual-binding/parent-review/MANIFEST01.json",
      "member": "source/descendants01.py",
      "actual_original_body": "/home/malecada/master_thesis/TradingAgents-audit-fixes/research/onchain-paper-replication-2026-09-24/full_sources/financial-genuine-wrapper-recordfix-parent-review01-2026-10-04/source/descendants01.py",
      "sha256": "7ce3c0b4aa5a89c8f74238e810a19b659e3aaf89fe67b86801127a2246d12ee9"
    },
    {
      "copied_manifest": "/home/malecada/master_thesis/TradingAgents-audit-fixes/research/onchain-paper-replication-2026-09-24/full_sources/financial-genuine-wrapper-recordfix-generated-verifier-review01-2026-10-04/actual-binding/parent-review/MANIFEST01.json",
      "member": "source/original-admission.py",
      "actual_original_body": "/home/malecada/master_thesis/TradingAgents-audit-fixes/research/onchain-paper-replication-2026-09-24/full_sources/financial-genuine-wrapper-recordfix-parent-review01-2026-10-04/source/original-admission.py",
      "sha256": "585d66f526d88f8488c6efcc4989a09328006e393566a596fe9e95c6c7f60cfd"
    },
    {
      "copied_manifest": "/home/malecada/master_thesis/TradingAgents-audit-fixes/research/onchain-paper-replication-2026-09-24/full_sources/financial-genuine-wrapper-recordfix-generated-verifier-review01-2026-10-04/actual-binding/parent-review/MANIFEST01.json",
      "member": "source/original-job.py",
      "actual_original_body": "/home/malecada/master_thesis/TradingAgents-audit-fixes/research/onchain-paper-replication-2026-09-24/full_sources/financial-genuine-wrapper-recordfix-parent-review01-2026-10-04/source/original-job.py",
      "sha256": "755cbbc9f22a8d9718ebb53211135d08b62e485dd3edeca2fbec29998c43b923"
    },
    {
      "copied_manifest": "/home/malecada/master_thesis/TradingAgents-audit-fixes/research/onchain-paper-replication-2026-09-24/full_sources/financial-genuine-wrapper-recordfix-generated-verifier-review01-2026-10-04/actual-binding/parent-review/MANIFEST01.json",
      "member": "source/original-parent01.py",
      "actual_original_body": "/home/malecada/master_thesis/TradingAgents-audit-fixes/research/onchain-paper-replication-2026-09-24/full_sources/financial-genuine-wrapper-recordfix-parent-review01-2026-10-04/source/original-parent01.py",
      "sha256": "3546fadac261bf1853b0139466c296c351e568b3842658d2984ac0aa5bdb8843"
    },
    {
      "copied_manifest": "/home/malecada/master_thesis/TradingAgents-audit-fixes/research/onchain-paper-replication-2026-09-24/full_sources/financial-genuine-wrapper-recordfix-generated-verifier-review01-2026-10-04/actual-binding/parent-review/MANIFEST01.json",
      "member": "source/original-resources.py",
      "actual_original_body": "/home/malecada/master_thesis/TradingAgents-audit-fixes/research/onchain-paper-replication-2026-09-24/full_sources/financial-genuine-wrapper-recordfix-parent-review01-2026-10-04/source/original-resources.py",
      "sha256": "e1d305e41938815d60ae2f465fcb2b543768c6862d176f4f6075ced53c8069c7"
    },
    {
      "copied_manifest": "/home/malecada/master_thesis/TradingAgents-audit-fixes/research/onchain-paper-replication-2026-09-24/full_sources/financial-genuine-wrapper-recordfix-generated-verifier-review01-2026-10-04/actual-binding/parent-review/MANIFEST01.json",
      "member": "source/owned_io.py",
      "actual_original_body": "/home/malecada/master_thesis/TradingAgents-audit-fixes/research/onchain-paper-replication-2026-09-24/full_sources/financial-genuine-wrapper-recordfix-parent-review01-2026-10-04/source/owned_io.py",
      "sha256": "09d1fbcc03f2c9303db95f34ca6c07ddb47bfdb49b35452f4cb6829a5d667aeb"
    },
    {
      "copied_manifest": "/home/malecada/master_thesis/TradingAgents-audit-fixes/research/onchain-paper-replication-2026-09-24/full_sources/financial-genuine-wrapper-recordfix-generated-verifier-review01-2026-10-04/actual-binding/parent-review/MANIFEST01.json",
      "member": "source/parent01.py",
      "actual_original_body": "/home/malecada/master_thesis/TradingAgents-audit-fixes/research/onchain-paper-replication-2026-09-24/full_sources/financial-genuine-wrapper-recordfix-parent-review01-2026-10-04/source/parent01.py",
      "sha256": "82d79e1a99cff7be02fcd402661034f18eda749de870b6aa3a51f4994df4f578"
    },
    {
      "copied_manifest": "/home/malecada/master_thesis/TradingAgents-audit-fixes/research/onchain-paper-replication-2026-09-24/full_sources/financial-genuine-wrapper-recordfix-generated-verifier-review01-2026-10-04/actual-binding/parent-review/MANIFEST01.json",
      "member": "source/recovery04.py",
      "actual_original_body": "/home/malecada/master_thesis/TradingAgents-audit-fixes/research/onchain-paper-replication-2026-09-24/full_sources/financial-genuine-wrapper-recordfix-parent-review01-2026-10-04/source/recovery04.py",
      "sha256": "b40e5f06a0fd57b689e44ae82afd73ca8fe6721c43400beefe992ec12b17c18a"
    },
    {
      "copied_manifest": "/home/malecada/master_thesis/TradingAgents-audit-fixes/research/onchain-paper-replication-2026-09-24/full_sources/financial-genuine-wrapper-recordfix-generated-verifier-review01-2026-10-04/actual-binding/parent-review/MANIFEST01.json",
      "member": "source/supervisor01.py",
      "actual_original_body": "/home/malecada/master_thesis/TradingAgents-audit-fixes/research/onchain-paper-replication-2026-09-24/full_sources/financial-genuine-wrapper-recordfix-parent-review01-2026-10-04/source/supervisor01.py",
      "sha256": "551850d2af69baf48bc582f8fc7da7e7eba931c2b58abec4987a09e9ec270db0"
    },
    {
      "copied_manifest": "/home/malecada/master_thesis/TradingAgents-audit-fixes/research/onchain-paper-replication-2026-09-24/full_sources/financial-genuine-wrapper-recordfix-outcome-verifier-preparation01-2026-10-04/parent-review/MANIFEST01.json",
      "member": "CHECK01.err",
      "actual_original_body": "/home/malecada/master_thesis/TradingAgents-audit-fixes/research/onchain-paper-replication-2026-09-24/full_sources/financial-genuine-wrapper-recordfix-parent-review01-2026-10-04/CHECK01.err",
      "sha256": "e3b0c44298fc1c149afbf4c8996fb92427ae41e4649b934ca495991b7852b855"
    },
    {
      "copied_manifest": "/home/malecada/master_thesis/TradingAgents-audit-fixes/research/onchain-paper-replication-2026-09-24/full_sources/financial-genuine-wrapper-recordfix-outcome-verifier-preparation01-2026-10-04/parent-review/MANIFEST01.json",
      "member": "CHECK01.out",
      "actual_original_body": "/home/malecada/master_thesis/TradingAgents-audit-fixes/research/onchain-paper-replication-2026-09-24/full_sources/financial-genuine-wrapper-recordfix-parent-review01-2026-10-04/CHECK01.out",
      "sha256": "894c3e167ab476006a59d62d036c50044b236c963e1c6b753585f2d7f63ba82a"
    },
    {
      "copied_manifest": "/home/malecada/master_thesis/TradingAgents-audit-fixes/research/onchain-paper-replication-2026-09-24/full_sources/financial-genuine-wrapper-recordfix-outcome-verifier-preparation01-2026-10-04/parent-review/MANIFEST01.json",
      "member": "CHECKS01.json",
      "actual_original_body": "/home/malecada/master_thesis/TradingAgents-audit-fixes/research/onchain-paper-replication-2026-09-24/full_sources/financial-genuine-wrapper-recordfix-parent-review01-2026-10-04/CHECKS01.json",
      "sha256": "26361e4191737cdeb0bfd24c349bb0546de46a7d06504efae1a8355f6e80f7fc"
    },
    {
      "copied_manifest": "/home/malecada/master_thesis/TradingAgents-audit-fixes/research/onchain-paper-replication-2026-09-24/full_sources/financial-genuine-wrapper-recordfix-outcome-verifier-preparation01-2026-10-04/parent-review/MANIFEST01.json",
      "member": "REVIEW01.md",
      "actual_original_body": "/home/malecada/master_thesis/TradingAgents-audit-fixes/research/onchain-paper-replication-2026-09-24/full_sources/financial-genuine-wrapper-recordfix-parent-review01-2026-10-04/REVIEW01.md",
      "sha256": "04d55041f755636886249cb94b5c7413ab9e64f6c5d09d9add42ffc8d5d7fdb4"
    },
    {
      "copied_manifest": "/home/malecada/master_thesis/TradingAgents-audit-fixes/research/onchain-paper-replication-2026-09-24/full_sources/financial-genuine-wrapper-recordfix-outcome-verifier-preparation01-2026-10-04/parent-review/MANIFEST01.json",
      "member": "check_review01.py",
      "actual_original_body": "/home/malecada/master_thesis/TradingAgents-audit-fixes/research/onchain-paper-replication-2026-09-24/full_sources/financial-genuine-wrapper-recordfix-parent-review01-2026-10-04/check_review01.py",
      "sha256": "864f132e7be0dffa6f43e24fc0ee9fa82376e94fa1bacccd6f71aae3e57fd3fb"
    },
    {
      "copied_manifest": "/home/malecada/master_thesis/TradingAgents-audit-fixes/research/onchain-paper-replication-2026-09-24/full_sources/financial-genuine-wrapper-recordfix-outcome-verifier-preparation01-2026-10-04/parent-review/MANIFEST01.json",
      "member": "corrected_wrapper.py",
      "actual_original_body": "/home/malecada/master_thesis/TradingAgents-audit-fixes/research/onchain-paper-replication-2026-09-24/full_sources/financial-genuine-wrapper-recordfix-parent-review01-2026-10-04/corrected_wrapper.py",
      "sha256": "e2d9208ac51fd5876b63b6a72f734fc4fedd28fa42ac9c7fa1014346feb8404c"
    },
    {
      "copied_manifest": "/home/malecada/master_thesis/TradingAgents-audit-fixes/research/onchain-paper-replication-2026-09-24/full_sources/financial-genuine-wrapper-recordfix-outcome-verifier-preparation01-2026-10-04/parent-review/MANIFEST01.json",
      "member": "source/API_AUTHENTICATION01.json",
      "actual_original_body": "/home/malecada/master_thesis/TradingAgents-audit-fixes/research/onchain-paper-replication-2026-09-24/full_sources/financial-genuine-wrapper-recordfix-parent-review01-2026-10-04/source/API_AUTHENTICATION01.json",
      "sha256": "601c177cdc601b2a5d3994ccf12a11f265090b71fc21b0cc661b8ec7168b1e0b"
    },
    {
      "copied_manifest": "/home/malecada/master_thesis/TradingAgents-audit-fixes/research/onchain-paper-replication-2026-09-24/full_sources/financial-genuine-wrapper-recordfix-outcome-verifier-preparation01-2026-10-04/parent-review/MANIFEST01.json",
      "member": "source/CHECK01.err",
      "actual_original_body": "/home/malecada/master_thesis/TradingAgents-audit-fixes/research/onchain-paper-replication-2026-09-24/full_sources/financial-genuine-wrapper-recordfix-parent-review01-2026-10-04/source/CHECK01.err",
      "sha256": "e3b0c44298fc1c149afbf4c8996fb92427ae41e4649b934ca495991b7852b855"
    },
    {
      "copied_manifest": "/home/malecada/master_thesis/TradingAgents-audit-fixes/research/onchain-paper-replication-2026-09-24/full_sources/financial-genuine-wrapper-recordfix-outcome-verifier-preparation01-2026-10-04/parent-review/MANIFEST01.json",
      "member": "source/CHECK01.out",
      "actual_original_body": "/home/malecada/master_thesis/TradingAgents-audit-fixes/research/onchain-paper-replication-2026-09-24/full_sources/financial-genuine-wrapper-recordfix-parent-review01-2026-10-04/source/CHECK01.out",
      "sha256": "e51de46b02f4265062f18fd3058deccc49a403e5918785ea3e6eedb6c5c8ef58"
    },
    {
      "copied_manifest": "/home/malecada/master_thesis/TradingAgents-audit-fixes/research/onchain-paper-replication-2026-09-24/full_sources/financial-genuine-wrapper-recordfix-outcome-verifier-preparation01-2026-10-04/parent-review/MANIFEST01.json",
      "member": "source/CHECKS01.json",
      "actual_original_body": "/home/malecada/master_thesis/TradingAgents-audit-fixes/research/onchain-paper-replication-2026-09-24/full_sources/financial-genuine-wrapper-recordfix-parent-review01-2026-10-04/source/CHECKS01.json",
      "sha256": "23d5af3ca5e03536c318cea48a0f5f1ff5c0e0645315efe96953093ef92fe4e0"
    },
    {
      "copied_manifest": "/home/malecada/master_thesis/TradingAgents-audit-fixes/research/onchain-paper-replication-2026-09-24/full_sources/financial-genuine-wrapper-recordfix-outcome-verifier-preparation01-2026-10-04/parent-review/MANIFEST01.json",
      "member": "source/INVERSE01.json",
      "actual_original_body": "/home/malecada/master_thesis/TradingAgents-audit-fixes/research/onchain-paper-replication-2026-09-24/full_sources/financial-genuine-wrapper-recordfix-parent-review01-2026-10-04/source/INVERSE01.json",
      "sha256": "df6214d62d6294f424d2ceb907e5486f4a9943cf397c0b76350841428c9eacc9"
    },
    {
      "copied_manifest": "/home/malecada/master_thesis/TradingAgents-audit-fixes/research/onchain-paper-replication-2026-09-24/full_sources/financial-genuine-wrapper-recordfix-outcome-verifier-preparation01-2026-10-04/parent-review/MANIFEST01.json",
      "member": "source/MACHINE01.json",
      "actual_original_body": "/home/malecada/master_thesis/TradingAgents-audit-fixes/research/onchain-paper-replication-2026-09-24/full_sources/financial-genuine-wrapper-recordfix-parent-review01-2026-10-04/source/MACHINE01.json",
      "sha256": "fa7e5e8e2a80219779e7a5ad867150f3fd855d807f72faca603c8f304a1b39b9"
    },
    {
      "copied_manifest": "/home/malecada/master_thesis/TradingAgents-audit-fixes/research/onchain-paper-replication-2026-09-24/full_sources/financial-genuine-wrapper-recordfix-outcome-verifier-preparation01-2026-10-04/parent-review/MANIFEST01.json",
      "member": "source/MANIFEST01.json",
      "actual_original_body": "/home/malecada/master_thesis/TradingAgents-audit-fixes/research/onchain-paper-replication-2026-09-24/full_sources/financial-genuine-wrapper-recordfix-parent-review01-2026-10-04/source/MANIFEST01.json",
      "sha256": "b6b951e4d11311ae75b77e85d587836ddf4cf8f8a70f1f420b008dd21af4c377"
    },
    {
      "copied_manifest": "/home/malecada/master_thesis/TradingAgents-audit-fixes/research/onchain-paper-replication-2026-09-24/full_sources/financial-genuine-wrapper-recordfix-outcome-verifier-preparation01-2026-10-04/parent-review/MANIFEST01.json",
      "member": "source/PROTOCOL01.md",
      "actual_original_body": "/home/malecada/master_thesis/TradingAgents-audit-fixes/research/onchain-paper-replication-2026-09-24/full_sources/financial-genuine-wrapper-recordfix-parent-review01-2026-10-04/source/PROTOCOL01.md",
      "sha256": "01de0313e142b05102fffa33250d5faabc1c8f370a1a5b0d637ccef870bc9460"
    },
    {
      "copied_manifest": "/home/malecada/master_thesis/TradingAgents-audit-fixes/research/onchain-paper-replication-2026-09-24/full_sources/financial-genuine-wrapper-recordfix-outcome-verifier-preparation01-2026-10-04/parent-review/MANIFEST01.json",
      "member": "source/PROTOCOL_PINS01.json",
      "actual_original_body": "/home/malecada/master_thesis/TradingAgents-audit-fixes/research/onchain-paper-replication-2026-09-24/full_sources/financial-genuine-wrapper-recordfix-parent-review01-2026-10-04/source/PROTOCOL_PINS01.json",
      "sha256": "b55959d7fef0bf04b6eea80e4e83d1c262a2f0f9e778791814e52f2fe0325434"
    },
    {
      "copied_manifest": "/home/malecada/master_thesis/TradingAgents-audit-fixes/research/onchain-paper-replication-2026-09-24/full_sources/financial-genuine-wrapper-recordfix-outcome-verifier-preparation01-2026-10-04/parent-review/MANIFEST01.json",
      "member": "source/REPORT01.md",
      "actual_original_body": "/home/malecada/master_thesis/TradingAgents-audit-fixes/research/onchain-paper-replication-2026-09-24/full_sources/financial-genuine-wrapper-recordfix-parent-review01-2026-10-04/source/REPORT01.md",
      "sha256": "8064d7fa7c09b50154ccdd2883e66b83e64c474865249aeb0313cbc785af93be"
    },
    {
      "copied_manifest": "/home/malecada/master_thesis/TradingAgents-audit-fixes/research/onchain-paper-replication-2026-09-24/full_sources/financial-genuine-wrapper-recordfix-outcome-verifier-preparation01-2026-10-04/parent-review/MANIFEST01.json",
      "member": "source/REQUEST_TEMPLATE01.json",
      "actual_original_body": "/home/malecada/master_thesis/TradingAgents-audit-fixes/research/onchain-paper-replication-2026-09-24/full_sources/financial-genuine-wrapper-recordfix-parent-review01-2026-10-04/source/REQUEST_TEMPLATE01.json",
      "sha256": "c9ea77222c6dd5112407ab59513715d3168426e1bf9729859cd944ac5c30f251"
    },
    {
      "copied_manifest": "/home/malecada/master_thesis/TradingAgents-audit-fixes/research/onchain-paper-replication-2026-09-24/full_sources/financial-genuine-wrapper-recordfix-outcome-verifier-preparation01-2026-10-04/parent-review/MANIFEST01.json",
      "member": "source/bounded_git01.py",
      "actual_original_body": "/home/malecada/master_thesis/TradingAgents-audit-fixes/research/onchain-paper-replication-2026-09-24/full_sources/financial-genuine-wrapper-recordfix-parent-review01-2026-10-04/source/bounded_git01.py",
      "sha256": "db4a65a450bf9930abac04ab794539ebd952b07826d7314b4aea4e989dd9240f"
    },
    {
      "copied_manifest": "/home/malecada/master_thesis/TradingAgents-audit-fixes/research/onchain-paper-replication-2026-09-24/full_sources/financial-genuine-wrapper-recordfix-outcome-verifier-preparation01-2026-10-04/parent-review/MANIFEST01.json",
      "member": "source/check01.py",
      "actual_original_body": "/home/malecada/master_thesis/TradingAgents-audit-fixes/research/onchain-paper-replication-2026-09-24/full_sources/financial-genuine-wrapper-recordfix-parent-review01-2026-10-04/source/check01.py",
      "sha256": "870f4e5f0f93ff169899c3140cdd7da79428f3ccc6a22d6eb4cf4becd685ded9"
    },
    {
      "copied_manifest": "/home/malecada/master_thesis/TradingAgents-audit-fixes/research/onchain-paper-replication-2026-09-24/full_sources/financial-genuine-wrapper-recordfix-outcome-verifier-preparation01-2026-10-04/parent-review/MANIFEST01.json",
      "member": "source/descendants01.py",
      "actual_original_body": "/home/malecada/master_thesis/TradingAgents-audit-fixes/research/onchain-paper-replication-2026-09-24/full_sources/financial-genuine-wrapper-recordfix-parent-review01-2026-10-04/source/descendants01.py",
      "sha256": "7ce3c0b4aa5a89c8f74238e810a19b659e3aaf89fe67b86801127a2246d12ee9"
    },
    {
      "copied_manifest": "/home/malecada/master_thesis/TradingAgents-audit-fixes/research/onchain-paper-replication-2026-09-24/full_sources/financial-genuine-wrapper-recordfix-outcome-verifier-preparation01-2026-10-04/parent-review/MANIFEST01.json",
      "member": "source/original-admission.py",
      "actual_original_body": "/home/malecada/master_thesis/TradingAgents-audit-fixes/research/onchain-paper-replication-2026-09-24/full_sources/financial-genuine-wrapper-recordfix-parent-review01-2026-10-04/source/original-admission.py",
      "sha256": "585d66f526d88f8488c6efcc4989a09328006e393566a596fe9e95c6c7f60cfd"
    },
    {
      "copied_manifest": "/home/malecada/master_thesis/TradingAgents-audit-fixes/research/onchain-paper-replication-2026-09-24/full_sources/financial-genuine-wrapper-recordfix-outcome-verifier-preparation01-2026-10-04/parent-review/MANIFEST01.json",
      "member": "source/original-job.py",
      "actual_original_body": "/home/malecada/master_thesis/TradingAgents-audit-fixes/research/onchain-paper-replication-2026-09-24/full_sources/financial-genuine-wrapper-recordfix-parent-review01-2026-10-04/source/original-job.py",
      "sha256": "755cbbc9f22a8d9718ebb53211135d08b62e485dd3edeca2fbec29998c43b923"
    },
    {
      "copied_manifest": "/home/malecada/master_thesis/TradingAgents-audit-fixes/research/onchain-paper-replication-2026-09-24/full_sources/financial-genuine-wrapper-recordfix-outcome-verifier-preparation01-2026-10-04/parent-review/MANIFEST01.json",
      "member": "source/original-parent01.py",
      "actual_original_body": "/home/malecada/master_thesis/TradingAgents-audit-fixes/research/onchain-paper-replication-2026-09-24/full_sources/financial-genuine-wrapper-recordfix-parent-review01-2026-10-04/source/original-parent01.py",
      "sha256": "3546fadac261bf1853b0139466c296c351e568b3842658d2984ac0aa5bdb8843"
    },
    {
      "copied_manifest": "/home/malecada/master_thesis/TradingAgents-audit-fixes/research/onchain-paper-replication-2026-09-24/full_sources/financial-genuine-wrapper-recordfix-outcome-verifier-preparation01-2026-10-04/parent-review/MANIFEST01.json",
      "member": "source/original-resources.py",
      "actual_original_body": "/home/malecada/master_thesis/TradingAgents-audit-fixes/research/onchain-paper-replication-2026-09-24/full_sources/financial-genuine-wrapper-recordfix-parent-review01-2026-10-04/source/original-resources.py",
      "sha256": "e1d305e41938815d60ae2f465fcb2b543768c6862d176f4f6075ced53c8069c7"
    },
    {
      "copied_manifest": "/home/malecada/master_thesis/TradingAgents-audit-fixes/research/onchain-paper-replication-2026-09-24/full_sources/financial-genuine-wrapper-recordfix-outcome-verifier-preparation01-2026-10-04/parent-review/MANIFEST01.json",
      "member": "source/owned_io.py",
      "actual_original_body": "/home/malecada/master_thesis/TradingAgents-audit-fixes/research/onchain-paper-replication-2026-09-24/full_sources/financial-genuine-wrapper-recordfix-parent-review01-2026-10-04/source/owned_io.py",
      "sha256": "09d1fbcc03f2c9303db95f34ca6c07ddb47bfdb49b35452f4cb6829a5d667aeb"
    },
    {
      "copied_manifest": "/home/malecada/master_thesis/TradingAgents-audit-fixes/research/onchain-paper-replication-2026-09-24/full_sources/financial-genuine-wrapper-recordfix-outcome-verifier-preparation01-2026-10-04/parent-review/MANIFEST01.json",
      "member": "source/parent01.py",
      "actual_original_body": "/home/malecada/master_thesis/TradingAgents-audit-fixes/research/onchain-paper-replication-2026-09-24/full_sources/financial-genuine-wrapper-recordfix-parent-review01-2026-10-04/source/parent01.py",
      "sha256": "82d79e1a99cff7be02fcd402661034f18eda749de870b6aa3a51f4994df4f578"
    },
    {
      "copied_manifest": "/home/malecada/master_thesis/TradingAgents-audit-fixes/research/onchain-paper-replication-2026-09-24/full_sources/financial-genuine-wrapper-recordfix-outcome-verifier-preparation01-2026-10-04/parent-review/MANIFEST01.json",
      "member": "source/recovery04.py",
      "actual_original_body": "/home/malecada/master_thesis/TradingAgents-audit-fixes/research/onchain-paper-replication-2026-09-24/full_sources/financial-genuine-wrapper-recordfix-parent-review01-2026-10-04/source/recovery04.py",
      "sha256": "b40e5f06a0fd57b689e44ae82afd73ca8fe6721c43400beefe992ec12b17c18a"
    },
    {
      "copied_manifest": "/home/malecada/master_thesis/TradingAgents-audit-fixes/research/onchain-paper-replication-2026-09-24/full_sources/financial-genuine-wrapper-recordfix-outcome-verifier-preparation01-2026-10-04/parent-review/MANIFEST01.json",
      "member": "source/supervisor01.py",
      "actual_original_body": "/home/malecada/master_thesis/TradingAgents-audit-fixes/research/onchain-paper-replication-2026-09-24/full_sources/financial-genuine-wrapper-recordfix-parent-review01-2026-10-04/source/supervisor01.py",
      "sha256": "551850d2af69baf48bc582f8fc7da7e7eba931c2b58abec4987a09e9ec270db0"
    },
    {
      "copied_manifest": "/home/malecada/master_thesis/TradingAgents-audit-fixes/research/onchain-paper-replication-2026-09-24/full_sources/financial-genuine-wrapper-recordfix-outcome-verifier-review01-2026-10-04/source/parent-review/MANIFEST01.json",
      "member": "CHECK01.err",
      "actual_original_body": "/home/malecada/master_thesis/TradingAgents-audit-fixes/research/onchain-paper-replication-2026-09-24/full_sources/financial-genuine-wrapper-recordfix-parent-review01-2026-10-04/CHECK01.err",
      "sha256": "e3b0c44298fc1c149afbf4c8996fb92427ae41e4649b934ca495991b7852b855"
    },
    {
      "copied_manifest": "/home/malecada/master_thesis/TradingAgents-audit-fixes/research/onchain-paper-replication-2026-09-24/full_sources/financial-genuine-wrapper-recordfix-outcome-verifier-review01-2026-10-04/source/parent-review/MANIFEST01.json",
      "member": "CHECK01.out",
      "actual_original_body": "/home/malecada/master_thesis/TradingAgents-audit-fixes/research/onchain-paper-replication-2026-09-24/full_sources/financial-genuine-wrapper-recordfix-parent-review01-2026-10-04/CHECK01.out",
      "sha256": "894c3e167ab476006a59d62d036c50044b236c963e1c6b753585f2d7f63ba82a"
    },
    {
      "copied_manifest": "/home/malecada/master_thesis/TradingAgents-audit-fixes/research/onchain-paper-replication-2026-09-24/full_sources/financial-genuine-wrapper-recordfix-outcome-verifier-review01-2026-10-04/source/parent-review/MANIFEST01.json",
      "member": "CHECKS01.json",
      "actual_original_body": "/home/malecada/master_thesis/TradingAgents-audit-fixes/research/onchain-paper-replication-2026-09-24/full_sources/financial-genuine-wrapper-recordfix-parent-review01-2026-10-04/CHECKS01.json",
      "sha256": "26361e4191737cdeb0bfd24c349bb0546de46a7d06504efae1a8355f6e80f7fc"
    },
    {
      "copied_manifest": "/home/malecada/master_thesis/TradingAgents-audit-fixes/research/onchain-paper-replication-2026-09-24/full_sources/financial-genuine-wrapper-recordfix-outcome-verifier-review01-2026-10-04/source/parent-review/MANIFEST01.json",
      "member": "REVIEW01.md",
      "actual_original_body": "/home/malecada/master_thesis/TradingAgents-audit-fixes/research/onchain-paper-replication-2026-09-24/full_sources/financial-genuine-wrapper-recordfix-parent-review01-2026-10-04/REVIEW01.md",
      "sha256": "04d55041f755636886249cb94b5c7413ab9e64f6c5d09d9add42ffc8d5d7fdb4"
    },
    {
      "copied_manifest": "/home/malecada/master_thesis/TradingAgents-audit-fixes/research/onchain-paper-replication-2026-09-24/full_sources/financial-genuine-wrapper-recordfix-outcome-verifier-review01-2026-10-04/source/parent-review/MANIFEST01.json",
      "member": "check_review01.py",
      "actual_original_body": "/home/malecada/master_thesis/TradingAgents-audit-fixes/research/onchain-paper-replication-2026-09-24/full_sources/financial-genuine-wrapper-recordfix-parent-review01-2026-10-04/check_review01.py",
      "sha256": "864f132e7be0dffa6f43e24fc0ee9fa82376e94fa1bacccd6f71aae3e57fd3fb"
    },
    {
      "copied_manifest": "/home/malecada/master_thesis/TradingAgents-audit-fixes/research/onchain-paper-replication-2026-09-24/full_sources/financial-genuine-wrapper-recordfix-outcome-verifier-review01-2026-10-04/source/parent-review/MANIFEST01.json",
      "member": "corrected_wrapper.py",
      "actual_original_body": "/home/malecada/master_thesis/TradingAgents-audit-fixes/research/onchain-paper-replication-2026-09-24/full_sources/financial-genuine-wrapper-recordfix-parent-review01-2026-10-04/corrected_wrapper.py",
      "sha256": "e2d9208ac51fd5876b63b6a72f734fc4fedd28fa42ac9c7fa1014346feb8404c"
    },
    {
      "copied_manifest": "/home/malecada/master_thesis/TradingAgents-audit-fixes/research/onchain-paper-replication-2026-09-24/full_sources/financial-genuine-wrapper-recordfix-outcome-verifier-review01-2026-10-04/source/parent-review/MANIFEST01.json",
      "member": "source/API_AUTHENTICATION01.json",
      "actual_original_body": "/home/malecada/master_thesis/TradingAgents-audit-fixes/research/onchain-paper-replication-2026-09-24/full_sources/financial-genuine-wrapper-recordfix-parent-review01-2026-10-04/source/API_AUTHENTICATION01.json",
      "sha256": "601c177cdc601b2a5d3994ccf12a11f265090b71fc21b0cc661b8ec7168b1e0b"
    },
    {
      "copied_manifest": "/home/malecada/master_thesis/TradingAgents-audit-fixes/research/onchain-paper-replication-2026-09-24/full_sources/financial-genuine-wrapper-recordfix-outcome-verifier-review01-2026-10-04/source/parent-review/MANIFEST01.json",
      "member": "source/CHECK01.err",
      "actual_original_body": "/home/malecada/master_thesis/TradingAgents-audit-fixes/research/onchain-paper-replication-2026-09-24/full_sources/financial-genuine-wrapper-recordfix-parent-review01-2026-10-04/source/CHECK01.err",
      "sha256": "e3b0c44298fc1c149afbf4c8996fb92427ae41e4649b934ca495991b7852b855"
    },
    {
      "copied_manifest": "/home/malecada/master_thesis/TradingAgents-audit-fixes/research/onchain-paper-replication-2026-09-24/full_sources/financial-genuine-wrapper-recordfix-outcome-verifier-review01-2026-10-04/source/parent-review/MANIFEST01.json",
      "member": "source/CHECK01.out",
      "actual_original_body": "/home/malecada/master_thesis/TradingAgents-audit-fixes/research/onchain-paper-replication-2026-09-24/full_sources/financial-genuine-wrapper-recordfix-parent-review01-2026-10-04/source/CHECK01.out",
      "sha256": "e51de46b02f4265062f18fd3058deccc49a403e5918785ea3e6eedb6c5c8ef58"
    },
    {
      "copied_manifest": "/home/malecada/master_thesis/TradingAgents-audit-fixes/research/onchain-paper-replication-2026-09-24/full_sources/financial-genuine-wrapper-recordfix-outcome-verifier-review01-2026-10-04/source/parent-review/MANIFEST01.json",
      "member": "source/CHECKS01.json",
      "actual_original_body": "/home/malecada/master_thesis/TradingAgents-audit-fixes/research/onchain-paper-replication-2026-09-24/full_sources/financial-genuine-wrapper-recordfix-parent-review01-2026-10-04/source/CHECKS01.json",
      "sha256": "23d5af3ca5e03536c318cea48a0f5f1ff5c0e0645315efe96953093ef92fe4e0"
    },
    {
      "copied_manifest": "/home/malecada/master_thesis/TradingAgents-audit-fixes/research/onchain-paper-replication-2026-09-24/full_sources/financial-genuine-wrapper-recordfix-outcome-verifier-review01-2026-10-04/source/parent-review/MANIFEST01.json",
      "member": "source/INVERSE01.json",
      "actual_original_body": "/home/malecada/master_thesis/TradingAgents-audit-fixes/research/onchain-paper-replication-2026-09-24/full_sources/financial-genuine-wrapper-recordfix-parent-review01-2026-10-04/source/INVERSE01.json",
      "sha256": "df6214d62d6294f424d2ceb907e5486f4a9943cf397c0b76350841428c9eacc9"
    },
    {
      "copied_manifest": "/home/malecada/master_thesis/TradingAgents-audit-fixes/research/onchain-paper-replication-2026-09-24/full_sources/financial-genuine-wrapper-recordfix-outcome-verifier-review01-2026-10-04/source/parent-review/MANIFEST01.json",
      "member": "source/MACHINE01.json",
      "actual_original_body": "/home/malecada/master_thesis/TradingAgents-audit-fixes/research/onchain-paper-replication-2026-09-24/full_sources/financial-genuine-wrapper-recordfix-parent-review01-2026-10-04/source/MACHINE01.json",
      "sha256": "fa7e5e8e2a80219779e7a5ad867150f3fd855d807f72faca603c8f304a1b39b9"
    },
    {
      "copied_manifest": "/home/malecada/master_thesis/TradingAgents-audit-fixes/research/onchain-paper-replication-2026-09-24/full_sources/financial-genuine-wrapper-recordfix-outcome-verifier-review01-2026-10-04/source/parent-review/MANIFEST01.json",
      "member": "source/MANIFEST01.json",
      "actual_original_body": "/home/malecada/master_thesis/TradingAgents-audit-fixes/research/onchain-paper-replication-2026-09-24/full_sources/financial-genuine-wrapper-recordfix-parent-review01-2026-10-04/source/MANIFEST01.json",
      "sha256": "b6b951e4d11311ae75b77e85d587836ddf4cf8f8a70f1f420b008dd21af4c377"
    },
    {
      "copied_manifest": "/home/malecada/master_thesis/TradingAgents-audit-fixes/research/onchain-paper-replication-2026-09-24/full_sources/financial-genuine-wrapper-recordfix-outcome-verifier-review01-2026-10-04/source/parent-review/MANIFEST01.json",
      "member": "source/PROTOCOL01.md",
      "actual_original_body": "/home/malecada/master_thesis/TradingAgents-audit-fixes/research/onchain-paper-replication-2026-09-24/full_sources/financial-genuine-wrapper-recordfix-parent-review01-2026-10-04/source/PROTOCOL01.md",
      "sha256": "01de0313e142b05102fffa33250d5faabc1c8f370a1a5b0d637ccef870bc9460"
    },
    {
      "copied_manifest": "/home/malecada/master_thesis/TradingAgents-audit-fixes/research/onchain-paper-replication-2026-09-24/full_sources/financial-genuine-wrapper-recordfix-outcome-verifier-review01-2026-10-04/source/parent-review/MANIFEST01.json",
      "member": "source/PROTOCOL_PINS01.json",
      "actual_original_body": "/home/malecada/master_thesis/TradingAgents-audit-fixes/research/onchain-paper-replication-2026-09-24/full_sources/financial-genuine-wrapper-recordfix-parent-review01-2026-10-04/source/PROTOCOL_PINS01.json",
      "sha256": "b55959d7fef0bf04b6eea80e4e83d1c262a2f0f9e778791814e52f2fe0325434"
    },
    {
      "copied_manifest": "/home/malecada/master_thesis/TradingAgents-audit-fixes/research/onchain-paper-replication-2026-09-24/full_sources/financial-genuine-wrapper-recordfix-outcome-verifier-review01-2026-10-04/source/parent-review/MANIFEST01.json",
      "member": "source/REPORT01.md",
      "actual_original_body": "/home/malecada/master_thesis/TradingAgents-audit-fixes/research/onchain-paper-replication-2026-09-24/full_sources/financial-genuine-wrapper-recordfix-parent-review01-2026-10-04/source/REPORT01.md",
      "sha256": "8064d7fa7c09b50154ccdd2883e66b83e64c474865249aeb0313cbc785af93be"
    },
    {
      "copied_manifest": "/home/malecada/master_thesis/TradingAgents-audit-fixes/research/onchain-paper-replication-2026-09-24/full_sources/financial-genuine-wrapper-recordfix-outcome-verifier-review01-2026-10-04/source/parent-review/MANIFEST01.json",
      "member": "source/REQUEST_TEMPLATE01.json",
      "actual_original_body": "/home/malecada/master_thesis/TradingAgents-audit-fixes/research/onchain-paper-replication-2026-09-24/full_sources/financial-genuine-wrapper-recordfix-parent-review01-2026-10-04/source/REQUEST_TEMPLATE01.json",
      "sha256": "c9ea77222c6dd5112407ab59513715d3168426e1bf9729859cd944ac5c30f251"
    },
    {
      "copied_manifest": "/home/malecada/master_thesis/TradingAgents-audit-fixes/research/onchain-paper-replication-2026-09-24/full_sources/financial-genuine-wrapper-recordfix-outcome-verifier-review01-2026-10-04/source/parent-review/MANIFEST01.json",
      "member": "source/bounded_git01.py",
      "actual_original_body": "/home/malecada/master_thesis/TradingAgents-audit-fixes/research/onchain-paper-replication-2026-09-24/full_sources/financial-genuine-wrapper-recordfix-parent-review01-2026-10-04/source/bounded_git01.py",
      "sha256": "db4a65a450bf9930abac04ab794539ebd952b07826d7314b4aea4e989dd9240f"
    },
    {
      "copied_manifest": "/home/malecada/master_thesis/TradingAgents-audit-fixes/research/onchain-paper-replication-2026-09-24/full_sources/financial-genuine-wrapper-recordfix-outcome-verifier-review01-2026-10-04/source/parent-review/MANIFEST01.json",
      "member": "source/check01.py",
      "actual_original_body": "/home/malecada/master_thesis/TradingAgents-audit-fixes/research/onchain-paper-replication-2026-09-24/full_sources/financial-genuine-wrapper-recordfix-parent-review01-2026-10-04/source/check01.py",
      "sha256": "870f4e5f0f93ff169899c3140cdd7da79428f3ccc6a22d6eb4cf4becd685ded9"
    },
    {
      "copied_manifest": "/home/malecada/master_thesis/TradingAgents-audit-fixes/research/onchain-paper-replication-2026-09-24/full_sources/financial-genuine-wrapper-recordfix-outcome-verifier-review01-2026-10-04/source/parent-review/MANIFEST01.json",
      "member": "source/descendants01.py",
      "actual_original_body": "/home/malecada/master_thesis/TradingAgents-audit-fixes/research/onchain-paper-replication-2026-09-24/full_sources/financial-genuine-wrapper-recordfix-parent-review01-2026-10-04/source/descendants01.py",
      "sha256": "7ce3c0b4aa5a89c8f74238e810a19b659e3aaf89fe67b86801127a2246d12ee9"
    },
    {
      "copied_manifest": "/home/malecada/master_thesis/TradingAgents-audit-fixes/research/onchain-paper-replication-2026-09-24/full_sources/financial-genuine-wrapper-recordfix-outcome-verifier-review01-2026-10-04/source/parent-review/MANIFEST01.json",
      "member": "source/original-admission.py",
      "actual_original_body": "/home/malecada/master_thesis/TradingAgents-audit-fixes/research/onchain-paper-replication-2026-09-24/full_sources/financial-genuine-wrapper-recordfix-parent-review01-2026-10-04/source/original-admission.py",
      "sha256": "585d66f526d88f8488c6efcc4989a09328006e393566a596fe9e95c6c7f60cfd"
    },
    {
      "copied_manifest": "/home/malecada/master_thesis/TradingAgents-audit-fixes/research/onchain-paper-replication-2026-09-24/full_sources/financial-genuine-wrapper-recordfix-outcome-verifier-review01-2026-10-04/source/parent-review/MANIFEST01.json",
      "member": "source/original-job.py",
      "actual_original_body": "/home/malecada/master_thesis/TradingAgents-audit-fixes/research/onchain-paper-replication-2026-09-24/full_sources/financial-genuine-wrapper-recordfix-parent-review01-2026-10-04/source/original-job.py",
      "sha256": "755cbbc9f22a8d9718ebb53211135d08b62e485dd3edeca2fbec29998c43b923"
    },
    {
      "copied_manifest": "/home/malecada/master_thesis/TradingAgents-audit-fixes/research/onchain-paper-replication-2026-09-24/full_sources/financial-genuine-wrapper-recordfix-outcome-verifier-review01-2026-10-04/source/parent-review/MANIFEST01.json",
      "member": "source/original-parent01.py",
      "actual_original_body": "/home/malecada/master_thesis/TradingAgents-audit-fixes/research/onchain-paper-replication-2026-09-24/full_sources/financial-genuine-wrapper-recordfix-parent-review01-2026-10-04/source/original-parent01.py",
      "sha256": "3546fadac261bf1853b0139466c296c351e568b3842658d2984ac0aa5bdb8843"
    },
    {
      "copied_manifest": "/home/malecada/master_thesis/TradingAgents-audit-fixes/research/onchain-paper-replication-2026-09-24/full_sources/financial-genuine-wrapper-recordfix-outcome-verifier-review01-2026-10-04/source/parent-review/MANIFEST01.json",
      "member": "source/original-resources.py",
      "actual_original_body": "/home/malecada/master_thesis/TradingAgents-audit-fixes/research/onchain-paper-replication-2026-09-24/full_sources/financial-genuine-wrapper-recordfix-parent-review01-2026-10-04/source/original-resources.py",
      "sha256": "e1d305e41938815d60ae2f465fcb2b543768c6862d176f4f6075ced53c8069c7"
    },
    {
      "copied_manifest": "/home/malecada/master_thesis/TradingAgents-audit-fixes/research/onchain-paper-replication-2026-09-24/full_sources/financial-genuine-wrapper-recordfix-outcome-verifier-review01-2026-10-04/source/parent-review/MANIFEST01.json",
      "member": "source/owned_io.py",
      "actual_original_body": "/home/malecada/master_thesis/TradingAgents-audit-fixes/research/onchain-paper-replication-2026-09-24/full_sources/financial-genuine-wrapper-recordfix-parent-review01-2026-10-04/source/owned_io.py",
      "sha256": "09d1fbcc03f2c9303db95f34ca6c07ddb47bfdb49b35452f4cb6829a5d667aeb"
    },
    {
      "copied_manifest": "/home/malecada/master_thesis/TradingAgents-audit-fixes/research/onchain-paper-replication-2026-09-24/full_sources/financial-genuine-wrapper-recordfix-outcome-verifier-review01-2026-10-04/source/parent-review/MANIFEST01.json",
      "member": "source/parent01.py",
      "actual_original_body": "/home/malecada/master_thesis/TradingAgents-audit-fixes/research/onchain-paper-replication-2026-09-24/full_sources/financial-genuine-wrapper-recordfix-parent-review01-2026-10-04/source/parent01.py",
      "sha256": "82d79e1a99cff7be02fcd402661034f18eda749de870b6aa3a51f4994df4f578"
    },
    {
      "copied_manifest": "/home/malecada/master_thesis/TradingAgents-audit-fixes/research/onchain-paper-replication-2026-09-24/full_sources/financial-genuine-wrapper-recordfix-outcome-verifier-review01-2026-10-04/source/parent-review/MANIFEST01.json",
      "member": "source/recovery04.py",
      "actual_original_body": "/home/malecada/master_thesis/TradingAgents-audit-fixes/research/onchain-paper-replication-2026-09-24/full_sources/financial-genuine-wrapper-recordfix-parent-review01-2026-10-04/source/recovery04.py",
      "sha256": "b40e5f06a0fd57b689e44ae82afd73ca8fe6721c43400beefe992ec12b17c18a"
    },
    {
      "copied_manifest": "/home/malecada/master_thesis/TradingAgents-audit-fixes/research/onchain-paper-replication-2026-09-24/full_sources/financial-genuine-wrapper-recordfix-outcome-verifier-review01-2026-10-04/source/parent-review/MANIFEST01.json",
      "member": "source/supervisor01.py",
      "actual_original_body": "/home/malecada/master_thesis/TradingAgents-audit-fixes/research/onchain-paper-replication-2026-09-24/full_sources/financial-genuine-wrapper-recordfix-parent-review01-2026-10-04/source/supervisor01.py",
      "sha256": "551850d2af69baf48bc582f8fc7da7e7eba931c2b58abec4987a09e9ec270db0"
    },
    {
      "copied_manifest": "/home/malecada/master_thesis/TradingAgents-audit-fixes/research/onchain-paper-replication-2026-09-24/full_sources/financial-genuine-wrapper-root-recordfix-verifier-binding01-2026-10-04/parent-review/MANIFEST01.json",
      "member": "CHECK01.err",
      "actual_original_body": "/home/malecada/master_thesis/TradingAgents-audit-fixes/research/onchain-paper-replication-2026-09-24/full_sources/financial-genuine-wrapper-recordfix-parent-review01-2026-10-04/CHECK01.err",
      "sha256": "e3b0c44298fc1c149afbf4c8996fb92427ae41e4649b934ca495991b7852b855"
    },
    {
      "copied_manifest": "/home/malecada/master_thesis/TradingAgents-audit-fixes/research/onchain-paper-replication-2026-09-24/full_sources/financial-genuine-wrapper-root-recordfix-verifier-binding01-2026-10-04/parent-review/MANIFEST01.json",
      "member": "CHECK01.out",
      "actual_original_body": "/home/malecada/master_thesis/TradingAgents-audit-fixes/research/onchain-paper-replication-2026-09-24/full_sources/financial-genuine-wrapper-recordfix-parent-review01-2026-10-04/CHECK01.out",
      "sha256": "894c3e167ab476006a59d62d036c50044b236c963e1c6b753585f2d7f63ba82a"
    },
    {
      "copied_manifest": "/home/malecada/master_thesis/TradingAgents-audit-fixes/research/onchain-paper-replication-2026-09-24/full_sources/financial-genuine-wrapper-root-recordfix-verifier-binding01-2026-10-04/parent-review/MANIFEST01.json",
      "member": "CHECKS01.json",
      "actual_original_body": "/home/malecada/master_thesis/TradingAgents-audit-fixes/research/onchain-paper-replication-2026-09-24/full_sources/financial-genuine-wrapper-recordfix-parent-review01-2026-10-04/CHECKS01.json",
      "sha256": "26361e4191737cdeb0bfd24c349bb0546de46a7d06504efae1a8355f6e80f7fc"
    },
    {
      "copied_manifest": "/home/malecada/master_thesis/TradingAgents-audit-fixes/research/onchain-paper-replication-2026-09-24/full_sources/financial-genuine-wrapper-root-recordfix-verifier-binding01-2026-10-04/parent-review/MANIFEST01.json",
      "member": "REVIEW01.md",
      "actual_original_body": "/home/malecada/master_thesis/TradingAgents-audit-fixes/research/onchain-paper-replication-2026-09-24/full_sources/financial-genuine-wrapper-recordfix-parent-review01-2026-10-04/REVIEW01.md",
      "sha256": "04d55041f755636886249cb94b5c7413ab9e64f6c5d09d9add42ffc8d5d7fdb4"
    },
    {
      "copied_manifest": "/home/malecada/master_thesis/TradingAgents-audit-fixes/research/onchain-paper-replication-2026-09-24/full_sources/financial-genuine-wrapper-root-recordfix-verifier-binding01-2026-10-04/parent-review/MANIFEST01.json",
      "member": "check_review01.py",
      "actual_original_body": "/home/malecada/master_thesis/TradingAgents-audit-fixes/research/onchain-paper-replication-2026-09-24/full_sources/financial-genuine-wrapper-recordfix-parent-review01-2026-10-04/check_review01.py",
      "sha256": "864f132e7be0dffa6f43e24fc0ee9fa82376e94fa1bacccd6f71aae3e57fd3fb"
    },
    {
      "copied_manifest": "/home/malecada/master_thesis/TradingAgents-audit-fixes/research/onchain-paper-replication-2026-09-24/full_sources/financial-genuine-wrapper-root-recordfix-verifier-binding01-2026-10-04/parent-review/MANIFEST01.json",
      "member": "corrected_wrapper.py",
      "actual_original_body": "/home/malecada/master_thesis/TradingAgents-audit-fixes/research/onchain-paper-replication-2026-09-24/full_sources/financial-genuine-wrapper-recordfix-parent-review01-2026-10-04/corrected_wrapper.py",
      "sha256": "e2d9208ac51fd5876b63b6a72f734fc4fedd28fa42ac9c7fa1014346feb8404c"
    },
    {
      "copied_manifest": "/home/malecada/master_thesis/TradingAgents-audit-fixes/research/onchain-paper-replication-2026-09-24/full_sources/financial-genuine-wrapper-root-recordfix-verifier-binding01-2026-10-04/parent-review/MANIFEST01.json",
      "member": "source/API_AUTHENTICATION01.json",
      "actual_original_body": "/home/malecada/master_thesis/TradingAgents-audit-fixes/research/onchain-paper-replication-2026-09-24/full_sources/financial-genuine-wrapper-recordfix-parent-review01-2026-10-04/source/API_AUTHENTICATION01.json",
      "sha256": "601c177cdc601b2a5d3994ccf12a11f265090b71fc21b0cc661b8ec7168b1e0b"
    },
    {
      "copied_manifest": "/home/malecada/master_thesis/TradingAgents-audit-fixes/research/onchain-paper-replication-2026-09-24/full_sources/financial-genuine-wrapper-root-recordfix-verifier-binding01-2026-10-04/parent-review/MANIFEST01.json",
      "member": "source/CHECK01.err",
      "actual_original_body": "/home/malecada/master_thesis/TradingAgents-audit-fixes/research/onchain-paper-replication-2026-09-24/full_sources/financial-genuine-wrapper-recordfix-parent-review01-2026-10-04/source/CHECK01.err",
      "sha256": "e3b0c44298fc1c149afbf4c8996fb92427ae41e4649b934ca495991b7852b855"
    },
    {
      "copied_manifest": "/home/malecada/master_thesis/TradingAgents-audit-fixes/research/onchain-paper-replication-2026-09-24/full_sources/financial-genuine-wrapper-root-recordfix-verifier-binding01-2026-10-04/parent-review/MANIFEST01.json",
      "member": "source/CHECK01.out",
      "actual_original_body": "/home/malecada/master_thesis/TradingAgents-audit-fixes/research/onchain-paper-replication-2026-09-24/full_sources/financial-genuine-wrapper-recordfix-parent-review01-2026-10-04/source/CHECK01.out",
      "sha256": "e51de46b02f4265062f18fd3058deccc49a403e5918785ea3e6eedb6c5c8ef58"
    },
    {
      "copied_manifest": "/home/malecada/master_thesis/TradingAgents-audit-fixes/research/onchain-paper-replication-2026-09-24/full_sources/financial-genuine-wrapper-root-recordfix-verifier-binding01-2026-10-04/parent-review/MANIFEST01.json",
      "member": "source/CHECKS01.json",
      "actual_original_body": "/home/malecada/master_thesis/TradingAgents-audit-fixes/research/onchain-paper-replication-2026-09-24/full_sources/financial-genuine-wrapper-recordfix-parent-review01-2026-10-04/source/CHECKS01.json",
      "sha256": "23d5af3ca5e03536c318cea48a0f5f1ff5c0e0645315efe96953093ef92fe4e0"
    },
    {
      "copied_manifest": "/home/malecada/master_thesis/TradingAgents-audit-fixes/research/onchain-paper-replication-2026-09-24/full_sources/financial-genuine-wrapper-root-recordfix-verifier-binding01-2026-10-04/parent-review/MANIFEST01.json",
      "member": "source/INVERSE01.json",
      "actual_original_body": "/home/malecada/master_thesis/TradingAgents-audit-fixes/research/onchain-paper-replication-2026-09-24/full_sources/financial-genuine-wrapper-recordfix-parent-review01-2026-10-04/source/INVERSE01.json",
      "sha256": "df6214d62d6294f424d2ceb907e5486f4a9943cf397c0b76350841428c9eacc9"
    },
    {
      "copied_manifest": "/home/malecada/master_thesis/TradingAgents-audit-fixes/research/onchain-paper-replication-2026-09-24/full_sources/financial-genuine-wrapper-root-recordfix-verifier-binding01-2026-10-04/parent-review/MANIFEST01.json",
      "member": "source/MACHINE01.json",
      "actual_original_body": "/home/malecada/master_thesis/TradingAgents-audit-fixes/research/onchain-paper-replication-2026-09-24/full_sources/financial-genuine-wrapper-recordfix-parent-review01-2026-10-04/source/MACHINE01.json",
      "sha256": "fa7e5e8e2a80219779e7a5ad867150f3fd855d807f72faca603c8f304a1b39b9"
    },
    {
      "copied_manifest": "/home/malecada/master_thesis/TradingAgents-audit-fixes/research/onchain-paper-replication-2026-09-24/full_sources/financial-genuine-wrapper-root-recordfix-verifier-binding01-2026-10-04/parent-review/MANIFEST01.json",
      "member": "source/MANIFEST01.json",
      "actual_original_body": "/home/malecada/master_thesis/TradingAgents-audit-fixes/research/onchain-paper-replication-2026-09-24/full_sources/financial-genuine-wrapper-recordfix-parent-review01-2026-10-04/source/MANIFEST01.json",
      "sha256": "b6b951e4d11311ae75b77e85d587836ddf4cf8f8a70f1f420b008dd21af4c377"
    },
    {
      "copied_manifest": "/home/malecada/master_thesis/TradingAgents-audit-fixes/research/onchain-paper-replication-2026-09-24/full_sources/financial-genuine-wrapper-root-recordfix-verifier-binding01-2026-10-04/parent-review/MANIFEST01.json",
      "member": "source/PROTOCOL01.md",
      "actual_original_body": "/home/malecada/master_thesis/TradingAgents-audit-fixes/research/onchain-paper-replication-2026-09-24/full_sources/financial-genuine-wrapper-recordfix-parent-review01-2026-10-04/source/PROTOCOL01.md",
      "sha256": "01de0313e142b05102fffa33250d5faabc1c8f370a1a5b0d637ccef870bc9460"
    },
    {
      "copied_manifest": "/home/malecada/master_thesis/TradingAgents-audit-fixes/research/onchain-paper-replication-2026-09-24/full_sources/financial-genuine-wrapper-root-recordfix-verifier-binding01-2026-10-04/parent-review/MANIFEST01.json",
      "member": "source/PROTOCOL_PINS01.json",
      "actual_original_body": "/home/malecada/master_thesis/TradingAgents-audit-fixes/research/onchain-paper-replication-2026-09-24/full_sources/financial-genuine-wrapper-recordfix-parent-review01-2026-10-04/source/PROTOCOL_PINS01.json",
      "sha256": "b55959d7fef0bf04b6eea80e4e83d1c262a2f0f9e778791814e52f2fe0325434"
    },
    {
      "copied_manifest": "/home/malecada/master_thesis/TradingAgents-audit-fixes/research/onchain-paper-replication-2026-09-24/full_sources/financial-genuine-wrapper-root-recordfix-verifier-binding01-2026-10-04/parent-review/MANIFEST01.json",
      "member": "source/REPORT01.md",
      "actual_original_body": "/home/malecada/master_thesis/TradingAgents-audit-fixes/research/onchain-paper-replication-2026-09-24/full_sources/financial-genuine-wrapper-recordfix-parent-review01-2026-10-04/source/REPORT01.md",
      "sha256": "8064d7fa7c09b50154ccdd2883e66b83e64c474865249aeb0313cbc785af93be"
    },
    {
      "copied_manifest": "/home/malecada/master_thesis/TradingAgents-audit-fixes/research/onchain-paper-replication-2026-09-24/full_sources/financial-genuine-wrapper-root-recordfix-verifier-binding01-2026-10-04/parent-review/MANIFEST01.json",
      "member": "source/REQUEST_TEMPLATE01.json",
      "actual_original_body": "/home/malecada/master_thesis/TradingAgents-audit-fixes/research/onchain-paper-replication-2026-09-24/full_sources/financial-genuine-wrapper-recordfix-parent-review01-2026-10-04/source/REQUEST_TEMPLATE01.json",
      "sha256": "c9ea77222c6dd5112407ab59513715d3168426e1bf9729859cd944ac5c30f251"
    },
    {
      "copied_manifest": "/home/malecada/master_thesis/TradingAgents-audit-fixes/research/onchain-paper-replication-2026-09-24/full_sources/financial-genuine-wrapper-root-recordfix-verifier-binding01-2026-10-04/parent-review/MANIFEST01.json",
      "member": "source/bounded_git01.py",
      "actual_original_body": "/home/malecada/master_thesis/TradingAgents-audit-fixes/research/onchain-paper-replication-2026-09-24/full_sources/financial-genuine-wrapper-recordfix-parent-review01-2026-10-04/source/bounded_git01.py",
      "sha256": "db4a65a450bf9930abac04ab794539ebd952b07826d7314b4aea4e989dd9240f"
    },
    {
      "copied_manifest": "/home/malecada/master_thesis/TradingAgents-audit-fixes/research/onchain-paper-replication-2026-09-24/full_sources/financial-genuine-wrapper-root-recordfix-verifier-binding01-2026-10-04/parent-review/MANIFEST01.json",
      "member": "source/check01.py",
      "actual_original_body": "/home/malecada/master_thesis/TradingAgents-audit-fixes/research/onchain-paper-replication-2026-09-24/full_sources/financial-genuine-wrapper-recordfix-parent-review01-2026-10-04/source/check01.py",
      "sha256": "870f4e5f0f93ff169899c3140cdd7da79428f3ccc6a22d6eb4cf4becd685ded9"
    },
    {
      "copied_manifest": "/home/malecada/master_thesis/TradingAgents-audit-fixes/research/onchain-paper-replication-2026-09-24/full_sources/financial-genuine-wrapper-root-recordfix-verifier-binding01-2026-10-04/parent-review/MANIFEST01.json",
      "member": "source/descendants01.py",
      "actual_original_body": "/home/malecada/master_thesis/TradingAgents-audit-fixes/research/onchain-paper-replication-2026-09-24/full_sources/financial-genuine-wrapper-recordfix-parent-review01-2026-10-04/source/descendants01.py",
      "sha256": "7ce3c0b4aa5a89c8f74238e810a19b659e3aaf89fe67b86801127a2246d12ee9"
    },
    {
      "copied_manifest": "/home/malecada/master_thesis/TradingAgents-audit-fixes/research/onchain-paper-replication-2026-09-24/full_sources/financial-genuine-wrapper-root-recordfix-verifier-binding01-2026-10-04/parent-review/MANIFEST01.json",
      "member": "source/original-admission.py",
      "actual_original_body": "/home/malecada/master_thesis/TradingAgents-audit-fixes/research/onchain-paper-replication-2026-09-24/full_sources/financial-genuine-wrapper-recordfix-parent-review01-2026-10-04/source/original-admission.py",
      "sha256": "585d66f526d88f8488c6efcc4989a09328006e393566a596fe9e95c6c7f60cfd"
    },
    {
      "copied_manifest": "/home/malecada/master_thesis/TradingAgents-audit-fixes/research/onchain-paper-replication-2026-09-24/full_sources/financial-genuine-wrapper-root-recordfix-verifier-binding01-2026-10-04/parent-review/MANIFEST01.json",
      "member": "source/original-job.py",
      "actual_original_body": "/home/malecada/master_thesis/TradingAgents-audit-fixes/research/onchain-paper-replication-2026-09-24/full_sources/financial-genuine-wrapper-recordfix-parent-review01-2026-10-04/source/original-job.py",
      "sha256": "755cbbc9f22a8d9718ebb53211135d08b62e485dd3edeca2fbec29998c43b923"
    },
    {
      "copied_manifest": "/home/malecada/master_thesis/TradingAgents-audit-fixes/research/onchain-paper-replication-2026-09-24/full_sources/financial-genuine-wrapper-root-recordfix-verifier-binding01-2026-10-04/parent-review/MANIFEST01.json",
      "member": "source/original-parent01.py",
      "actual_original_body": "/home/malecada/master_thesis/TradingAgents-audit-fixes/research/onchain-paper-replication-2026-09-24/full_sources/financial-genuine-wrapper-recordfix-parent-review01-2026-10-04/source/original-parent01.py",
      "sha256": "3546fadac261bf1853b0139466c296c351e568b3842658d2984ac0aa5bdb8843"
    },
    {
      "copied_manifest": "/home/malecada/master_thesis/TradingAgents-audit-fixes/research/onchain-paper-replication-2026-09-24/full_sources/financial-genuine-wrapper-root-recordfix-verifier-binding01-2026-10-04/parent-review/MANIFEST01.json",
      "member": "source/original-resources.py",
      "actual_original_body": "/home/malecada/master_thesis/TradingAgents-audit-fixes/research/onchain-paper-replication-2026-09-24/full_sources/financial-genuine-wrapper-recordfix-parent-review01-2026-10-04/source/original-resources.py",
      "sha256": "e1d305e41938815d60ae2f465fcb2b543768c6862d176f4f6075ced53c8069c7"
    },
    {
      "copied_manifest": "/home/malecada/master_thesis/TradingAgents-audit-fixes/research/onchain-paper-replication-2026-09-24/full_sources/financial-genuine-wrapper-root-recordfix-verifier-binding01-2026-10-04/parent-review/MANIFEST01.json",
      "member": "source/owned_io.py",
      "actual_original_body": "/home/malecada/master_thesis/TradingAgents-audit-fixes/research/onchain-paper-replication-2026-09-24/full_sources/financial-genuine-wrapper-recordfix-parent-review01-2026-10-04/source/owned_io.py",
      "sha256": "09d1fbcc03f2c9303db95f34ca6c07ddb47bfdb49b35452f4cb6829a5d667aeb"
    },
    {
      "copied_manifest": "/home/malecada/master_thesis/TradingAgents-audit-fixes/research/onchain-paper-replication-2026-09-24/full_sources/financial-genuine-wrapper-root-recordfix-verifier-binding01-2026-10-04/parent-review/MANIFEST01.json",
      "member": "source/parent01.py",
      "actual_original_body": "/home/malecada/master_thesis/TradingAgents-audit-fixes/research/onchain-paper-replication-2026-09-24/full_sources/financial-genuine-wrapper-recordfix-parent-review01-2026-10-04/source/parent01.py",
      "sha256": "82d79e1a99cff7be02fcd402661034f18eda749de870b6aa3a51f4994df4f578"
    },
    {
      "copied_manifest": "/home/malecada/master_thesis/TradingAgents-audit-fixes/research/onchain-paper-replication-2026-09-24/full_sources/financial-genuine-wrapper-root-recordfix-verifier-binding01-2026-10-04/parent-review/MANIFEST01.json",
      "member": "source/recovery04.py",
      "actual_original_body": "/home/malecada/master_thesis/TradingAgents-audit-fixes/research/onchain-paper-replication-2026-09-24/full_sources/financial-genuine-wrapper-recordfix-parent-review01-2026-10-04/source/recovery04.py",
      "sha256": "b40e5f06a0fd57b689e44ae82afd73ca8fe6721c43400beefe992ec12b17c18a"
    },
    {
      "copied_manifest": "/home/malecada/master_thesis/TradingAgents-audit-fixes/research/onchain-paper-replication-2026-09-24/full_sources/financial-genuine-wrapper-root-recordfix-verifier-binding01-2026-10-04/parent-review/MANIFEST01.json",
      "member": "source/supervisor01.py",
      "actual_original_body": "/home/malecada/master_thesis/TradingAgents-audit-fixes/research/onchain-paper-replication-2026-09-24/full_sources/financial-genuine-wrapper-recordfix-parent-review01-2026-10-04/source/supervisor01.py",
      "sha256": "551850d2af69baf48bc582f8fc7da7e7eba931c2b58abec4987a09e9ec270db0"
    }
  ],
  "observed_free_bytes": 18341056512,
  "claims": 0,
  "actual_remote_or_flat_recovery": false,
  "numerical_or_runtime_capacity_authority": false
}
