Reviewed offline profile: 260 modules; legacy/unreviewed modules excluded.
Isolated standard runtime: 186 modules.
........................................................................ [  2%]
.................................................... [  4%]
........................................................................ [  7%]
........................................................................ [  9%]
........................................................................ [ 12%]
........................................................................ [ 14%]
........................................................................ [ 17%]
........................................................................ [ 20%]
........................................................................ [ 22%]
........................................................................ [ 25%]
........................................................................ [ 27%]
........................................................................ [ 30%]
........................................................................ [ 33%]
........................................................................ [ 35%]
........................................................................ [ 38%]
........................................................................ [ 40%]
........................................................................ [ 43%]
........................................................................ [ 45%]
........................................................................ [ 48%]
........................................................................ [ 51%]
........................................................................ [ 53%]
........................................................................ [ 56%]
........................................................................ [ 58%]
........................................................................ [ 61%]
........................................................................ [ 64%]
........................................................................ [ 66%]
........................................................................ [ 69%]
........................................................ [ 71%]
........................................................................ [ 73%]
........................................................................ [ 76%]
........................................................................ [ 79%]
.............................................................. [ 81%]
........................................................................ [ 83%]
........................................................................ [ 86%]
........................................................................ [ 89%]
............................................................. [ 91%]
........................................................... [ 93%]
........................................................................ [ 96%]
............................................. [ 97%]
...............................................................          [100%]
- reviewed profile: 75 encountered files withheld; this is not the full legacy suite -
2774 passed, 97 subtests passed in 1035.13s (0:17:15)
Isolated neural runtime: 74 modules.
...........s............................................................ [  9%]
........................................................................ [ 18%]
........................................................................ [ 28%]
........................................................................ [ 37%]
........................................................................ [ 46%]
s....................................................................... [ 56%]
........................................................................ [ 65%]
........................................................................ [ 75%]
........................................................................ [ 84%]
........................................................................ [ 93%]
................................................                         [100%]
- reviewed profile: 26 encountered files withheld; this is not the full legacy suite -
766 passed, 2 skipped in 554.99s (0:09:14)
