test_explicit_199_plus_five_auxiliary_pins (__main__.Tests.test_explicit_199_plus_five_auxiliary_pins) ... ERROR
test_missing_extra_hash_and_count (__main__.Tests.test_missing_extra_hash_and_count) ... ok
test_null_template_no_authority (__main__.Tests.test_null_template_no_authority) ... ERROR

======================================================================
ERROR: test_explicit_199_plus_five_auxiliary_pins (__main__.Tests.test_explicit_199_plus_five_auxiliary_pins)
----------------------------------------------------------------------
Traceback (most recent call last):
  File "/home/malecada/master_thesis/TradingAgents-audit-fixes/research/onchain-paper-replication-2026-09-24/full_sources/held-consumer-auxiliary-source-pins-preparation01-2026-10-03/test_auxiliary01.py", line 26, in test_explicit_199_plus_five_auxiliary_pins
    s,r=fixture();out=G['held_input_plan'](r,s);self.assertEqual(out['source_count'],199);self.assertEqual(out['package_count'],148);self.assertEqual(out['auxiliary_metadata']['auxiliary_count'],5);self.assertEqual(out['auxiliary_metadata']['admission_source_count'],204);self.assertFalse(out['execution_admitted'])
                      ~~~~~~~~~~~~~~~~~~~~^^^^^
  File "/home/malecada/master_thesis/TradingAgents-audit-fixes/research/onchain-paper-replication-2026-09-24/full_sources/held-consumer-auxiliary-source-pins-preparation01-2026-10-03/generate_inputs01.py.baseline04.txt", line 117, in held_input_plan
    require(type(roles) is dict and set(roles)<=set(HELD_ROLES),'unknown held metadata role')
    ~~~~~~~^^^^^^^^^^^^^^^^^^^^^^^^^^^^^^^^^^^^^^^^^^^^^^^^^^^^^^^^^^^^^^^^^^^^^^^^^^^^^^^^^^
  File "/home/malecada/master_thesis/TradingAgents-audit-fixes/research/onchain-paper-replication-2026-09-24/full_sources/held-consumer-auxiliary-source-pins-preparation01-2026-10-03/generate_inputs01.py.baseline04.txt", line 8, in require
    if not v:raise ValueError(m)
             ^^^^^^^^^^^^^^^^^^^
ValueError: unknown held metadata role

======================================================================
ERROR: test_null_template_no_authority (__main__.Tests.test_null_template_no_authority)
----------------------------------------------------------------------
Traceback (most recent call last):
  File "/home/malecada/master_thesis/TradingAgents-audit-fixes/research/onchain-paper-replication-2026-09-24/full_sources/held-consumer-auxiliary-source-pins-preparation01-2026-10-03/test_auxiliary01.py", line 28, in test_null_template_no_authority
    s,r=fixture();out=G['held_input_plan']({},s);self.assertIsNone(out['auxiliary_metadata']);self.assertIn('budget_allocation',out['remaining_roles']);self.assertIn('auxiliary_sources',out['remaining_roles'])
                                                                   ~~~^^^^^^^^^^^^^^^^^^^^^^
KeyError: 'auxiliary_metadata'

----------------------------------------------------------------------
Ran 3 tests in 0.005s

FAILED (errors=2)
