both journals have 2026-08-04 — pre-fetch skip
both journals have 2026-08-04 — pre-fetch skip
both journals have 2026-08-04 — pre-fetch skip
both journals have 2026-08-04 — pre-fetch skip
both journals have 2026-08-04 — pre-fetch skip
both journals have 2026-08-04 — pre-fetch skip
both journals have 2026-08-04 — pre-fetch skip
both journals have 2026-08-04 — pre-fetch skip
journal.jsonl 2026-08-05: book 40L/40S, realized_prev -0.0681, turn 0.4, vt10_scale None
journal_champion.jsonl 2026-08-05: book 40L/40S, realized_prev -0.0749, turn 0.15, vt15_b100_scale None
both journals have 2026-08-05 — pre-fetch skip
both journals have 2026-08-05 — pre-fetch skip
both journals have 2026-08-05 — pre-fetch skip
both journals have 2026-08-05 — pre-fetch skip
both journals have 2026-08-05 — pre-fetch skip
both journals have 2026-08-05 — pre-fetch skip
both journals have 2026-08-05 — pre-fetch skip
both journals have 2026-08-05 — pre-fetch skip
both journals have 2026-08-05 — pre-fetch skip
both journals have 2026-08-05 — pre-fetch skip
both journals have 2026-08-05 — pre-fetch skip
both journals have 2026-08-05 — pre-fetch skip
both journals have 2026-08-05 — pre-fetch skip
both journals have 2026-08-05 — pre-fetch skip
both journals have 2026-08-05 — pre-fetch skip
both journals have 2026-08-05 — pre-fetch skip
both journals have 2026-08-05 — pre-fetch skip
both journals have 2026-08-05 — pre-fetch skip
both journals have 2026-08-05 — pre-fetch skip
both journals have 2026-08-05 — pre-fetch skip
both journals have 2026-08-05 — pre-fetch skip
both journals have 2026-08-05 — pre-fetch skip
both journals have 2026-08-05 — pre-fetch skip
journal.jsonl 2026-08-06: book 40L/40S, realized_prev -0.0301, turn 0.4, vt10_scale None
journal_champion.jsonl 2026-08-06: book 40L/40S, realized_prev -0.0179, turn 0.1, vt15_b100_scale None
both journals have 2026-08-06 — pre-fetch skip
both journals have 2026-08-06 — pre-fetch skip
both journals have 2026-08-06 — pre-fetch skip
both journals have 2026-08-06 — pre-fetch skip
both journals have 2026-08-06 — pre-fetch skip
both journals have 2026-08-06 — pre-fetch skip
both journals have 2026-08-06 — pre-fetch skip
both journals have 2026-08-06 — pre-fetch skip
both journals have 2026-08-06 — pre-fetch skip
both journals have 2026-08-06 — pre-fetch skip
both journals have 2026-08-06 — pre-fetch skip
both journals have 2026-08-06 — pre-fetch skip
both journals have 2026-08-06 — pre-fetch skip
both journals have 2026-08-06 — pre-fetch skip
both journals have 2026-08-06 — pre-fetch skip
both journals have 2026-08-06 — pre-fetch skip
both journals have 2026-08-06 — pre-fetch skip
both journals have 2026-08-06 — pre-fetch skip
both journals have 2026-08-06 — pre-fetch skip
both journals have 2026-08-06 — pre-fetch skip
both journals have 2026-08-06 — pre-fetch skip
both journals have 2026-08-06 — pre-fetch skip
both journals have 2026-08-06 — pre-fetch skip
journal.jsonl 2026-08-07: book 40L/40S, realized_prev +0.0097, turn 0.30000000000000004, vt10_scale None
journal_champion.jsonl 2026-08-07: book 40L/40S, realized_prev -0.0002, turn 0.1, vt15_b100_scale None
both journals have 2026-08-07 — pre-fetch skip
both journals have 2026-08-07 — pre-fetch skip
both journals have 2026-08-07 — pre-fetch skip
both journals have 2026-08-07 — pre-fetch skip
both journals have 2026-08-07 — pre-fetch skip
both journals have 2026-08-07 — pre-fetch skip
both journals have 2026-08-07 — pre-fetch skip
both journals have 2026-08-07 — pre-fetch skip
both journals have 2026-08-07 — pre-fetch skip
both journals have 2026-08-07 — pre-fetch skip
both journals have 2026-08-07 — pre-fetch skip
both journals have 2026-08-07 — pre-fetch skip
both journals have 2026-08-07 — pre-fetch skip
both journals have 2026-08-07 — pre-fetch skip
both journals have 2026-08-07 — pre-fetch skip
both journals have 2026-08-07 — pre-fetch skip
both journals have 2026-08-07 — pre-fetch skip
both journals have 2026-08-07 — pre-fetch skip
both journals have 2026-08-07 — pre-fetch skip
both journals have 2026-08-07 — pre-fetch skip
both journals have 2026-08-07 — pre-fetch skip
both journals have 2026-08-07 — pre-fetch skip
both journals have 2026-08-07 — pre-fetch skip
journal.jsonl 2026-08-08: book 40L/40S, realized_prev +0.0286, turn 0.55, vt10_scale None
journal_champion.jsonl 2026-08-08: book 40L/40S, realized_prev +0.0275, turn 0.2, vt15_b100_scale None
both journals have 2026-08-08 — pre-fetch skip
both journals have 2026-08-08 — pre-fetch skip
both journals have 2026-08-08 — pre-fetch skip
both journals have 2026-08-08 — pre-fetch skip
both journals have 2026-08-08 — pre-fetch skip
both journals have 2026-08-08 — pre-fetch skip
both journals have 2026-08-08 — pre-fetch skip
both journals have 2026-08-08 — pre-fetch skip
both journals have 2026-08-08 — pre-fetch skip
both journals have 2026-08-08 — pre-fetch skip
both journals have 2026-08-08 — pre-fetch skip
both journals have 2026-08-08 — pre-fetch skip
both journals have 2026-08-08 — pre-fetch skip
both journals have 2026-08-08 — pre-fetch skip
both journals have 2026-08-08 — pre-fetch skip
both journals have 2026-08-08 — pre-fetch skip
both journals have 2026-08-08 — pre-fetch skip
both journals have 2026-08-08 — pre-fetch skip
both journals have 2026-08-08 — pre-fetch skip
both journals have 2026-08-08 — pre-fetch skip
both journals have 2026-08-08 — pre-fetch skip
both journals have 2026-08-08 — pre-fetch skip
both journals have 2026-08-08 — pre-fetch skip
journal.jsonl 2026-08-09: book 40L/40S, realized_prev +0.0518, turn 0.5, vt10_scale None
journal_champion.jsonl 2026-08-09: book 40L/40S, realized_prev +0.0486, turn 0.2, vt15_b100_scale None
both journals have 2026-08-09 — pre-fetch skip
both journals have 2026-08-09 — pre-fetch skip
both journals have 2026-08-09 — pre-fetch skip
both journals have 2026-08-09 — pre-fetch skip
both journals have 2026-08-09 — pre-fetch skip
both journals have 2026-08-09 — pre-fetch skip
both journals have 2026-08-09 — pre-fetch skip
both journals have 2026-08-09 — pre-fetch skip
both journals have 2026-08-09 — pre-fetch skip
both journals have 2026-08-09 — pre-fetch skip
both journals have 2026-08-09 — pre-fetch skip
both journals have 2026-08-09 — pre-fetch skip
both journals have 2026-08-09 — pre-fetch skip
both journals have 2026-08-09 — pre-fetch skip
both journals have 2026-08-09 — pre-fetch skip
both journals have 2026-08-09 — pre-fetch skip
both journals have 2026-08-09 — pre-fetch skip
both journals have 2026-08-09 — pre-fetch skip
both journals have 2026-08-09 — pre-fetch skip
both journals have 2026-08-09 — pre-fetch skip
both journals have 2026-08-09 — pre-fetch skip
both journals have 2026-08-09 — pre-fetch skip
both journals have 2026-08-09 — pre-fetch skip
journal.jsonl 2026-08-10: book 40L/40S, realized_prev +0.0053, turn 0.35000000000000003, vt10_scale None
journal_champion.jsonl 2026-08-10: book 40L/40S, realized_prev +0.0059, turn 0.15, vt15_b100_scale None
both journals have 2026-08-10 — pre-fetch skip
both journals have 2026-08-10 — pre-fetch skip
both journals have 2026-08-10 — pre-fetch skip
both journals have 2026-08-10 — pre-fetch skip
both journals have 2026-08-10 — pre-fetch skip
both journals have 2026-08-10 — pre-fetch skip
both journals have 2026-08-10 — pre-fetch skip
both journals have 2026-08-10 — pre-fetch skip
both journals have 2026-08-10 — pre-fetch skip
both journals have 2026-08-10 — pre-fetch skip
both journals have 2026-08-10 — pre-fetch skip
both journals have 2026-08-10 — pre-fetch skip
both journals have 2026-08-10 — pre-fetch skip
both journals have 2026-08-10 — pre-fetch skip
both journals have 2026-08-10 — pre-fetch skip
both journals have 2026-08-10 — pre-fetch skip
both journals have 2026-08-10 — pre-fetch skip
both journals have 2026-08-10 — pre-fetch skip
both journals have 2026-08-10 — pre-fetch skip
both journals have 2026-08-10 — pre-fetch skip
both journals have 2026-08-10 — pre-fetch skip
both journals have 2026-08-10 — pre-fetch skip
both journals have 2026-08-10 — pre-fetch skip
journal.jsonl 2026-08-11: book 40L/40S, realized_prev +0.0396, turn 0.4, vt10_scale None
journal_champion.jsonl 2026-08-11: book 40L/40S, realized_prev +0.0304, turn 0.15, vt15_b100_scale None
both journals have 2026-08-11 — pre-fetch skip
both journals have 2026-08-11 — pre-fetch skip
both journals have 2026-08-11 — pre-fetch skip
both journals have 2026-08-11 — pre-fetch skip
both journals have 2026-08-11 — pre-fetch skip
both journals have 2026-08-11 — pre-fetch skip
both journals have 2026-08-11 — pre-fetch skip
both journals have 2026-08-11 — pre-fetch skip
both journals have 2026-08-11 — pre-fetch skip
both journals have 2026-08-11 — pre-fetch skip
both journals have 2026-08-11 — pre-fetch skip
both journals have 2026-08-11 — pre-fetch skip
both journals have 2026-08-11 — pre-fetch skip
both journals have 2026-08-11 — pre-fetch skip
both journals have 2026-08-11 — pre-fetch skip
both journals have 2026-08-11 — pre-fetch skip
both journals have 2026-08-11 — pre-fetch skip
both journals have 2026-08-11 — pre-fetch skip
both journals have 2026-08-11 — pre-fetch skip
both journals have 2026-08-11 — pre-fetch skip
both journals have 2026-08-11 — pre-fetch skip
both journals have 2026-08-11 — pre-fetch skip
both journals have 2026-08-11 — pre-fetch skip
journal.jsonl 2026-08-12: book 40L/40S, realized_prev +0.0132, turn 0.5, vt10_scale None
journal_champion.jsonl 2026-08-12: book 40L/40S, realized_prev +0.0075, turn 0.1, vt15_b100_scale None
both journals have 2026-08-12 — pre-fetch skip
both journals have 2026-08-12 — pre-fetch skip
both journals have 2026-08-12 — pre-fetch skip
both journals have 2026-08-12 — pre-fetch skip
both journals have 2026-08-12 — pre-fetch skip
both journals have 2026-08-12 — pre-fetch skip
both journals have 2026-08-12 — pre-fetch skip
both journals have 2026-08-12 — pre-fetch skip
both journals have 2026-08-12 — pre-fetch skip
both journals have 2026-08-12 — pre-fetch skip
both journals have 2026-08-12 — pre-fetch skip
both journals have 2026-08-12 — pre-fetch skip
both journals have 2026-08-12 — pre-fetch skip
both journals have 2026-08-12 — pre-fetch skip
both journals have 2026-08-12 — pre-fetch skip
both journals have 2026-08-12 — pre-fetch skip
both journals have 2026-08-12 — pre-fetch skip
both journals have 2026-08-12 — pre-fetch skip
both journals have 2026-08-12 — pre-fetch skip
both journals have 2026-08-12 — pre-fetch skip
both journals have 2026-08-12 — pre-fetch skip
both journals have 2026-08-12 — pre-fetch skip
both journals have 2026-08-12 — pre-fetch skip
journal.jsonl 2026-08-13: book 40L/40S, realized_prev +0.0089, turn 0.55, vt10_scale None
journal_champion.jsonl 2026-08-13: book 40L/40S, realized_prev +0.0178, turn 0.15, vt15_b100_scale None
both journals have 2026-08-13 — pre-fetch skip
both journals have 2026-08-13 — pre-fetch skip
both journals have 2026-08-13 — pre-fetch skip
both journals have 2026-08-13 — pre-fetch skip
both journals have 2026-08-13 — pre-fetch skip
both journals have 2026-08-13 — pre-fetch skip
both journals have 2026-08-13 — pre-fetch skip
both journals have 2026-08-13 — pre-fetch skip
both journals have 2026-08-13 — pre-fetch skip
both journals have 2026-08-13 — pre-fetch skip
both journals have 2026-08-13 — pre-fetch skip
both journals have 2026-08-13 — pre-fetch skip
both journals have 2026-08-13 — pre-fetch skip
both journals have 2026-08-13 — pre-fetch skip
both journals have 2026-08-13 — pre-fetch skip
both journals have 2026-08-13 — pre-fetch skip
both journals have 2026-08-13 — pre-fetch skip
both journals have 2026-08-13 — pre-fetch skip
both journals have 2026-08-13 — pre-fetch skip
both journals have 2026-08-13 — pre-fetch skip
both journals have 2026-08-13 — pre-fetch skip
both journals have 2026-08-13 — pre-fetch skip
both journals have 2026-08-13 — pre-fetch skip
journal.jsonl 2026-08-14: book 40L/40S, realized_prev -0.0056, turn 0.6, vt10_scale None
journal_champion.jsonl 2026-08-14: book 40L/40S, realized_prev -0.0054, turn 0.2, vt15_b100_scale None
both journals have 2026-08-14 — pre-fetch skip
both journals have 2026-08-14 — pre-fetch skip
both journals have 2026-08-14 — pre-fetch skip
both journals have 2026-08-14 — pre-fetch skip
both journals have 2026-08-14 — pre-fetch skip
both journals have 2026-08-14 — pre-fetch skip
both journals have 2026-08-14 — pre-fetch skip
both journals have 2026-08-14 — pre-fetch skip
both journals have 2026-08-14 — pre-fetch skip
both journals have 2026-08-14 — pre-fetch skip
both journals have 2026-08-14 — pre-fetch skip
both journals have 2026-08-14 — pre-fetch skip
both journals have 2026-08-14 — pre-fetch skip
both journals have 2026-08-14 — pre-fetch skip
both journals have 2026-08-14 — pre-fetch skip
both journals have 2026-08-14 — pre-fetch skip
both journals have 2026-08-14 — pre-fetch skip
both journals have 2026-08-14 — pre-fetch skip
both journals have 2026-08-14 — pre-fetch skip
both journals have 2026-08-14 — pre-fetch skip
both journals have 2026-08-14 — pre-fetch skip
both journals have 2026-08-14 — pre-fetch skip
both journals have 2026-08-14 — pre-fetch skip
journal.jsonl 2026-08-15: book 40L/40S, realized_prev +0.0442, turn 0.45000000000000007, vt10_scale None
journal_champion.jsonl 2026-08-15: book 40L/40S, realized_prev +0.0701, turn 0.2, vt15_b100_scale None
both journals have 2026-08-15 — pre-fetch skip
both journals have 2026-08-15 — pre-fetch skip
both journals have 2026-08-15 — pre-fetch skip
both journals have 2026-08-15 — pre-fetch skip
both journals have 2026-08-15 — pre-fetch skip
both journals have 2026-08-15 — pre-fetch skip
both journals have 2026-08-15 — pre-fetch skip
both journals have 2026-08-15 — pre-fetch skip
both journals have 2026-08-15 — pre-fetch skip
both journals have 2026-08-15 — pre-fetch skip
both journals have 2026-08-15 — pre-fetch skip
both journals have 2026-08-15 — pre-fetch skip
both journals have 2026-08-15 — pre-fetch skip
both journals have 2026-08-15 — pre-fetch skip
both journals have 2026-08-15 — pre-fetch skip
both journals have 2026-08-15 — pre-fetch skip
both journals have 2026-08-15 — pre-fetch skip
both journals have 2026-08-15 — pre-fetch skip
both journals have 2026-08-15 — pre-fetch skip
both journals have 2026-08-15 — pre-fetch skip
both journals have 2026-08-15 — pre-fetch skip
both journals have 2026-08-15 — pre-fetch skip
both journals have 2026-08-15 — pre-fetch skip
journal.jsonl 2026-08-16: book 40L/40S, realized_prev -0.0177, turn 0.5000000000000001, vt10_scale None
journal_champion.jsonl 2026-08-16: book 40L/40S, realized_prev -0.0216, turn 0.1, vt15_b100_scale None
both journals have 2026-08-16 — pre-fetch skip
both journals have 2026-08-16 — pre-fetch skip
both journals have 2026-08-16 — pre-fetch skip
both journals have 2026-08-16 — pre-fetch skip
both journals have 2026-08-16 — pre-fetch skip
both journals have 2026-08-16 — pre-fetch skip
both journals have 2026-08-16 — pre-fetch skip
both journals have 2026-08-16 — pre-fetch skip
both journals have 2026-08-16 — pre-fetch skip
both journals have 2026-08-16 — pre-fetch skip
both journals have 2026-08-16 — pre-fetch skip
both journals have 2026-08-16 — pre-fetch skip
both journals have 2026-08-16 — pre-fetch skip
both journals have 2026-08-16 — pre-fetch skip
both journals have 2026-08-16 — pre-fetch skip
both journals have 2026-08-16 — pre-fetch skip
both journals have 2026-08-16 — pre-fetch skip
both journals have 2026-08-16 — pre-fetch skip
both journals have 2026-08-16 — pre-fetch skip
both journals have 2026-08-16 — pre-fetch skip
both journals have 2026-08-16 — pre-fetch skip
both journals have 2026-08-16 — pre-fetch skip
both journals have 2026-08-16 — pre-fetch skip
journal.jsonl 2026-08-17: book 40L/40S, realized_prev +0.0614, turn 0.6000000000000001, vt10_scale None
journal_champion.jsonl 2026-08-17: book 40L/40S, realized_prev +0.0575, turn 0.05, vt15_b100_scale None
both journals have 2026-08-17 — pre-fetch skip
both journals have 2026-08-17 — pre-fetch skip
both journals have 2026-08-17 — pre-fetch skip
both journals have 2026-08-17 — pre-fetch skip
both journals have 2026-08-17 — pre-fetch skip
both journals have 2026-08-17 — pre-fetch skip
both journals have 2026-08-17 — pre-fetch skip
both journals have 2026-08-17 — pre-fetch skip
both journals have 2026-08-17 — pre-fetch skip
both journals have 2026-08-17 — pre-fetch skip
both journals have 2026-08-17 — pre-fetch skip
both journals have 2026-08-17 — pre-fetch skip
both journals have 2026-08-17 — pre-fetch skip
both journals have 2026-08-17 — pre-fetch skip
both journals have 2026-08-17 — pre-fetch skip
both journals have 2026-08-17 — pre-fetch skip
both journals have 2026-08-17 — pre-fetch skip
both journals have 2026-08-17 — pre-fetch skip
both journals have 2026-08-17 — pre-fetch skip
both journals have 2026-08-17 — pre-fetch skip
both journals have 2026-08-17 — pre-fetch skip
both journals have 2026-08-17 — pre-fetch skip
both journals have 2026-08-17 — pre-fetch skip
journal.jsonl 2026-08-18: book 40L/40S, realized_prev +0.0162, turn 0.65, vt10_scale None
journal_champion.jsonl 2026-08-18: book 40L/40S, realized_prev +0.0070, turn 0.15, vt15_b100_scale None
both journals have 2026-08-18 — pre-fetch skip
both journals have 2026-08-18 — pre-fetch skip
both journals have 2026-08-18 — pre-fetch skip
both journals have 2026-08-18 — pre-fetch skip
both journals have 2026-08-18 — pre-fetch skip
both journals have 2026-08-18 — pre-fetch skip
both journals have 2026-08-18 — pre-fetch skip
both journals have 2026-08-18 — pre-fetch skip
both journals have 2026-08-18 — pre-fetch skip
both journals have 2026-08-18 — pre-fetch skip
both journals have 2026-08-18 — pre-fetch skip
both journals have 2026-08-18 — pre-fetch skip
both journals have 2026-08-18 — pre-fetch skip
both journals have 2026-08-18 — pre-fetch skip
both journals have 2026-08-18 — pre-fetch skip
both journals have 2026-08-18 — pre-fetch skip
both journals have 2026-08-18 — pre-fetch skip
both journals have 2026-08-18 — pre-fetch skip
both journals have 2026-08-18 — pre-fetch skip
both journals have 2026-08-18 — pre-fetch skip
both journals have 2026-08-18 — pre-fetch skip
both journals have 2026-08-18 — pre-fetch skip
both journals have 2026-08-18 — pre-fetch skip
journal.jsonl 2026-08-19: book 40L/40S, realized_prev +0.0582, turn 1.0, vt10_scale None
journal_champion.jsonl 2026-08-19: book 40L/40S, realized_prev +0.0672, turn 0.5, vt15_b100_scale None
both journals have 2026-08-19 — pre-fetch skip
both journals have 2026-08-19 — pre-fetch skip
both journals have 2026-08-19 — pre-fetch skip
both journals have 2026-08-19 — pre-fetch skip
both journals have 2026-08-19 — pre-fetch skip
both journals have 2026-08-19 — pre-fetch skip
both journals have 2026-08-19 — pre-fetch skip
both journals have 2026-08-19 — pre-fetch skip
both journals have 2026-08-19 — pre-fetch skip
both journals have 2026-08-19 — pre-fetch skip
both journals have 2026-08-19 — pre-fetch skip
both journals have 2026-08-19 — pre-fetch skip
both journals have 2026-08-19 — pre-fetch skip
both journals have 2026-08-19 — pre-fetch skip
both journals have 2026-08-19 — pre-fetch skip
both journals have 2026-08-19 — pre-fetch skip
both journals have 2026-08-19 — pre-fetch skip
both journals have 2026-08-19 — pre-fetch skip
both journals have 2026-08-19 — pre-fetch skip
both journals have 2026-08-19 — pre-fetch skip
both journals have 2026-08-19 — pre-fetch skip
both journals have 2026-08-19 — pre-fetch skip
both journals have 2026-08-19 — pre-fetch skip
journal.jsonl 2026-08-20: book 40L/40S, realized_prev +0.0143, turn 0.8500000000000001, vt10_scale None
journal_champion.jsonl 2026-08-20: book 40L/40S, realized_prev +0.0377, turn 0.45000000000000007, vt15_b100_scale None
both journals have 2026-08-20 — pre-fetch skip
both journals have 2026-08-20 — pre-fetch skip
both journals have 2026-08-20 — pre-fetch skip
both journals have 2026-08-20 — pre-fetch skip
both journals have 2026-08-20 — pre-fetch skip
both journals have 2026-08-20 — pre-fetch skip
both journals have 2026-08-20 — pre-fetch skip
both journals have 2026-08-20 — pre-fetch skip
both journals have 2026-08-20 — pre-fetch skip
both journals have 2026-08-20 — pre-fetch skip
both journals have 2026-08-20 — pre-fetch skip
both journals have 2026-08-20 — pre-fetch skip
both journals have 2026-08-20 — pre-fetch skip
both journals have 2026-08-20 — pre-fetch skip
both journals have 2026-08-20 — pre-fetch skip
both journals have 2026-08-20 — pre-fetch skip
both journals have 2026-08-20 — pre-fetch skip
both journals have 2026-08-20 — pre-fetch skip
both journals have 2026-08-20 — pre-fetch skip
both journals have 2026-08-20 — pre-fetch skip
both journals have 2026-08-20 — pre-fetch skip
both journals have 2026-08-20 — pre-fetch skip
both journals have 2026-08-20 — pre-fetch skip
journal.jsonl 2026-08-21: book 40L/40S, realized_prev -0.0233, turn 1.0999999999999996, vt10_scale None
journal_champion.jsonl 2026-08-21: book 40L/40S, realized_prev +0.0198, turn 0.5, vt15_b100_scale None
both journals have 2026-08-21 — pre-fetch skip
both journals have 2026-08-21 — pre-fetch skip
both journals have 2026-08-21 — pre-fetch skip
both journals have 2026-08-21 — pre-fetch skip
both journals have 2026-08-21 — pre-fetch skip
both journals have 2026-08-21 — pre-fetch skip
both journals have 2026-08-21 — pre-fetch skip
both journals have 2026-08-21 — pre-fetch skip
both journals have 2026-08-21 — pre-fetch skip
both journals have 2026-08-21 — pre-fetch skip
both journals have 2026-08-21 — pre-fetch skip
both journals have 2026-08-21 — pre-fetch skip
both journals have 2026-08-21 — pre-fetch skip
both journals have 2026-08-21 — pre-fetch skip
both journals have 2026-08-21 — pre-fetch skip
both journals have 2026-08-21 — pre-fetch skip
both journals have 2026-08-21 — pre-fetch skip
both journals have 2026-08-21 — pre-fetch skip
both journals have 2026-08-21 — pre-fetch skip
both journals have 2026-08-21 — pre-fetch skip
both journals have 2026-08-21 — pre-fetch skip
both journals have 2026-08-21 — pre-fetch skip
both journals have 2026-08-21 — pre-fetch skip
journal.jsonl 2026-08-22: book 40L/40S, realized_prev +0.0066, turn 1.4499999999999997, vt10_scale None
journal_champion.jsonl 2026-08-22: book 40L/40S, realized_prev +0.0631, turn 0.6000000000000001, vt15_b100_scale None
both journals have 2026-08-22 — pre-fetch skip
both journals have 2026-08-22 — pre-fetch skip
both journals have 2026-08-22 — pre-fetch skip
both journals have 2026-08-22 — pre-fetch skip
both journals have 2026-08-22 — pre-fetch skip
both journals have 2026-08-22 — pre-fetch skip
both journals have 2026-08-22 — pre-fetch skip
both journals have 2026-08-22 — pre-fetch skip
both journals have 2026-08-22 — pre-fetch skip
both journals have 2026-08-22 — pre-fetch skip
both journals have 2026-08-22 — pre-fetch skip
both journals have 2026-08-22 — pre-fetch skip
both journals have 2026-08-22 — pre-fetch skip
both journals have 2026-08-22 — pre-fetch skip
both journals have 2026-08-22 — pre-fetch skip
both journals have 2026-08-22 — pre-fetch skip
both journals have 2026-08-22 — pre-fetch skip
both journals have 2026-08-22 — pre-fetch skip
both journals have 2026-08-22 — pre-fetch skip
both journals have 2026-08-22 — pre-fetch skip
both journals have 2026-08-22 — pre-fetch skip
both journals have 2026-08-22 — pre-fetch skip
both journals have 2026-08-22 — pre-fetch skip
journal.jsonl 2026-08-23: book 40L/40S, realized_prev +0.0237, turn 0.4, vt10_scale None
journal_champion.jsonl 2026-08-23: book 40L/40S, realized_prev +0.0287, turn 0.2, vt15_b100_scale None
both journals have 2026-08-23 — pre-fetch skip
both journals have 2026-08-23 — pre-fetch skip
both journals have 2026-08-23 — pre-fetch skip
both journals have 2026-08-23 — pre-fetch skip
both journals have 2026-08-23 — pre-fetch skip
both journals have 2026-08-23 — pre-fetch skip
both journals have 2026-08-23 — pre-fetch skip
both journals have 2026-08-23 — pre-fetch skip
both journals have 2026-08-23 — pre-fetch skip
both journals have 2026-08-23 — pre-fetch skip
both journals have 2026-08-23 — pre-fetch skip
both journals have 2026-08-23 — pre-fetch skip
both journals have 2026-08-23 — pre-fetch skip
both journals have 2026-08-23 — pre-fetch skip
both journals have 2026-08-23 — pre-fetch skip
both journals have 2026-08-23 — pre-fetch skip
both journals have 2026-08-23 — pre-fetch skip
both journals have 2026-08-23 — pre-fetch skip
both journals have 2026-08-23 — pre-fetch skip
both journals have 2026-08-23 — pre-fetch skip
both journals have 2026-08-23 — pre-fetch skip
both journals have 2026-08-23 — pre-fetch skip
both journals have 2026-08-23 — pre-fetch skip
journal.jsonl 2026-08-24: book 40L/40S, realized_prev +0.0046, turn 0.2, vt10_scale 0.16481204957286788
journal_champion.jsonl 2026-08-24: book 40L/40S, realized_prev +0.0355, turn 0.1, vt15_b100_scale 0.22390493680022436
both journals have 2026-08-24 — pre-fetch skip
both journals have 2026-08-24 — pre-fetch skip
both journals have 2026-08-24 — pre-fetch skip
both journals have 2026-08-24 — pre-fetch skip
both journals have 2026-08-24 — pre-fetch skip
both journals have 2026-08-24 — pre-fetch skip
both journals have 2026-08-24 — pre-fetch skip
both journals have 2026-08-24 — pre-fetch skip
both journals have 2026-08-24 — pre-fetch skip
both journals have 2026-08-24 — pre-fetch skip
both journals have 2026-08-24 — pre-fetch skip
both journals have 2026-08-24 — pre-fetch skip
both journals have 2026-08-24 — pre-fetch skip
both journals have 2026-08-24 — pre-fetch skip
both journals have 2026-08-24 — pre-fetch skip
both journals have 2026-08-24 — pre-fetch skip
both journals have 2026-08-24 — pre-fetch skip
both journals have 2026-08-24 — pre-fetch skip
both journals have 2026-08-24 — pre-fetch skip
both journals have 2026-08-24 — pre-fetch skip
both journals have 2026-08-24 — pre-fetch skip
both journals have 2026-08-24 — pre-fetch skip
both journals have 2026-08-24 — pre-fetch skip
journal.jsonl 2026-08-25: book 40L/40S, realized_prev +0.0301, turn 0.45000000000000007, vt10_scale 0.20344028583450596
journal_champion.jsonl 2026-08-25: book 40L/40S, realized_prev +0.0122, turn 0.1, vt15_b100_scale 0.2892826149638939
both journals have 2026-08-25 — pre-fetch skip
both journals have 2026-08-25 — pre-fetch skip
both journals have 2026-08-25 — pre-fetch skip
both journals have 2026-08-25 — pre-fetch skip
both journals have 2026-08-25 — pre-fetch skip
both journals have 2026-08-25 — pre-fetch skip
both journals have 2026-08-25 — pre-fetch skip
both journals have 2026-08-25 — pre-fetch skip
both journals have 2026-08-25 — pre-fetch skip
both journals have 2026-08-25 — pre-fetch skip
both journals have 2026-08-25 — pre-fetch skip
both journals have 2026-08-25 — pre-fetch skip
both journals have 2026-08-25 — pre-fetch skip
both journals have 2026-08-25 — pre-fetch skip
both journals have 2026-08-25 — pre-fetch skip
both journals have 2026-08-25 — pre-fetch skip
both journals have 2026-08-25 — pre-fetch skip
both journals have 2026-08-25 — pre-fetch skip
both journals have 2026-08-25 — pre-fetch skip
both journals have 2026-08-25 — pre-fetch skip
both journals have 2026-08-25 — pre-fetch skip
both journals have 2026-08-25 — pre-fetch skip
both journals have 2026-08-25 — pre-fetch skip
journal.jsonl 2026-08-26: book 40L/40S, realized_prev -0.0284, turn 0.55, vt10_scale 0.20472185769543444
journal_champion.jsonl 2026-08-26: book 40L/40S, realized_prev -0.0224, turn 0.2, vt15_b100_scale 0.2851961356606209
both journals have 2026-08-26 — pre-fetch skip
both journals have 2026-08-26 — pre-fetch skip
both journals have 2026-08-26 — pre-fetch skip
both journals have 2026-08-26 — pre-fetch skip
both journals have 2026-08-26 — pre-fetch skip
both journals have 2026-08-26 — pre-fetch skip
both journals have 2026-08-26 — pre-fetch skip
both journals have 2026-08-26 — pre-fetch skip
both journals have 2026-08-26 — pre-fetch skip
both journals have 2026-08-26 — pre-fetch skip
both journals have 2026-08-26 — pre-fetch skip
both journals have 2026-08-26 — pre-fetch skip
both journals have 2026-08-26 — pre-fetch skip
both journals have 2026-08-26 — pre-fetch skip
both journals have 2026-08-26 — pre-fetch skip
both journals have 2026-08-26 — pre-fetch skip
both journals have 2026-08-26 — pre-fetch skip
both journals have 2026-08-26 — pre-fetch skip
both journals have 2026-08-26 — pre-fetch skip
both journals have 2026-08-26 — pre-fetch skip
both journals have 2026-08-26 — pre-fetch skip
both journals have 2026-08-26 — pre-fetch skip
both journals have 2026-08-26 — pre-fetch skip
journal.jsonl 2026-08-27: book 40L/40S, realized_prev -0.0086, turn 1.5499999999999998, vt10_scale 0.20006360915166616
journal_champion.jsonl 2026-08-27: book 40L/40S, realized_prev -0.0160, turn 0.1, vt15_b100_scale 0.27570910686845695
both journals have 2026-08-27 — pre-fetch skip
both journals have 2026-08-27 — pre-fetch skip
both journals have 2026-08-27 — pre-fetch skip
both journals have 2026-08-27 — pre-fetch skip
both journals have 2026-08-27 — pre-fetch skip
both journals have 2026-08-27 — pre-fetch skip
both journals have 2026-08-27 — pre-fetch skip
both journals have 2026-08-27 — pre-fetch skip
both journals have 2026-08-27 — pre-fetch skip
both journals have 2026-08-27 — pre-fetch skip
both journals have 2026-08-27 — pre-fetch skip
both journals have 2026-08-27 — pre-fetch skip
both journals have 2026-08-27 — pre-fetch skip
both journals have 2026-08-27 — pre-fetch skip
both journals have 2026-08-27 — pre-fetch skip
both journals have 2026-08-27 — pre-fetch skip
both journals have 2026-08-27 — pre-fetch skip
both journals have 2026-08-27 — pre-fetch skip
both journals have 2026-08-27 — pre-fetch skip
both journals have 2026-08-27 — pre-fetch skip
both journals have 2026-08-27 — pre-fetch skip
both journals have 2026-08-27 — pre-fetch skip
both journals have 2026-08-27 — pre-fetch skip
journal.jsonl 2026-08-28: book 40L/40S, realized_prev +0.0060, turn 0.6500000000000001, vt10_scale 0.20065853126991
journal_champion.jsonl 2026-08-28: book 40L/40S, realized_prev -0.0306, turn 0.2, vt15_b100_scale 0.25399090513785394
both journals have 2026-08-28 — pre-fetch skip
both journals have 2026-08-28 — pre-fetch skip
both journals have 2026-08-28 — pre-fetch skip
both journals have 2026-08-28 — pre-fetch skip
both journals have 2026-08-28 — pre-fetch skip
both journals have 2026-08-28 — pre-fetch skip
both journals have 2026-08-28 — pre-fetch skip
both journals have 2026-08-28 — pre-fetch skip
both journals have 2026-08-28 — pre-fetch skip
both journals have 2026-08-28 — pre-fetch skip
both journals have 2026-08-28 — pre-fetch skip
both journals have 2026-08-28 — pre-fetch skip
both journals have 2026-08-28 — pre-fetch skip
both journals have 2026-08-28 — pre-fetch skip
both journals have 2026-08-28 — pre-fetch skip
both journals have 2026-08-28 — pre-fetch skip
both journals have 2026-08-28 — pre-fetch skip
both journals have 2026-08-28 — pre-fetch skip
both journals have 2026-08-28 — pre-fetch skip
both journals have 2026-08-28 — pre-fetch skip
both journals have 2026-08-28 — pre-fetch skip
both journals have 2026-08-28 — pre-fetch skip
both journals have 2026-08-28 — pre-fetch skip
journal.jsonl 2026-08-29: book 40L/40S, realized_prev -0.0080, turn 0.4, vt10_scale 0.20889111607713415
journal_champion.jsonl 2026-08-29: book 40L/40S, realized_prev -0.0067, turn 0.05, vt15_b100_scale 0.25533271047380374
both journals have 2026-08-29 — pre-fetch skip
both journals have 2026-08-29 — pre-fetch skip
both journals have 2026-08-29 — pre-fetch skip
both journals have 2026-08-29 — pre-fetch skip
both journals have 2026-08-29 — pre-fetch skip
both journals have 2026-08-29 — pre-fetch skip
both journals have 2026-08-29 — pre-fetch skip
both journals have 2026-08-29 — pre-fetch skip
both journals have 2026-08-29 — pre-fetch skip
both journals have 2026-08-29 — pre-fetch skip
both journals have 2026-08-29 — pre-fetch skip
both journals have 2026-08-29 — pre-fetch skip
both journals have 2026-08-29 — pre-fetch skip
both journals have 2026-08-29 — pre-fetch skip
both journals have 2026-08-29 — pre-fetch skip
both journals have 2026-08-29 — pre-fetch skip
both journals have 2026-08-29 — pre-fetch skip
both journals have 2026-08-29 — pre-fetch skip
both journals have 2026-08-29 — pre-fetch skip
both journals have 2026-08-29 — pre-fetch skip
both journals have 2026-08-29 — pre-fetch skip
both journals have 2026-08-29 — pre-fetch skip
both journals have 2026-08-29 — pre-fetch skip
journal.jsonl 2026-08-30: book 40L/40S, realized_prev +0.0341, turn 0.7500000000000001, vt10_scale 0.20546830275131164
journal_champion.jsonl 2026-08-30: book 40L/40S, realized_prev +0.0275, turn 0.1, vt15_b100_scale 0.25586282238393826
both journals have 2026-08-30 — pre-fetch skip
both journals have 2026-08-30 — pre-fetch skip
both journals have 2026-08-30 — pre-fetch skip
both journals have 2026-08-30 — pre-fetch skip
both journals have 2026-08-30 — pre-fetch skip
both journals have 2026-08-30 — pre-fetch skip
both journals have 2026-08-30 — pre-fetch skip
both journals have 2026-08-30 — pre-fetch skip
both journals have 2026-08-30 — pre-fetch skip
both journals have 2026-08-30 — pre-fetch skip
both journals have 2026-08-30 — pre-fetch skip
both journals have 2026-08-30 — pre-fetch skip
both journals have 2026-08-30 — pre-fetch skip
both journals have 2026-08-30 — pre-fetch skip
both journals have 2026-08-30 — pre-fetch skip
both journals have 2026-08-30 — pre-fetch skip
both journals have 2026-08-30 — pre-fetch skip
both journals have 2026-08-30 — pre-fetch skip
both journals have 2026-08-30 — pre-fetch skip
both journals have 2026-08-30 — pre-fetch skip
both journals have 2026-08-30 — pre-fetch skip
both journals have 2026-08-30 — pre-fetch skip
both journals have 2026-08-30 — pre-fetch skip
journal.jsonl 2026-08-31: book 40L/40S, realized_prev -0.0085, turn 0.45000000000000007, vt10_scale 0.20811193656323632
journal_champion.jsonl 2026-08-31: book 40L/40S, realized_prev -0.0074, turn 0.1, vt15_b100_scale 0.2524154275443798
both journals have 2026-08-31 — pre-fetch skip
both journals have 2026-08-31 — pre-fetch skip
both journals have 2026-08-31 — pre-fetch skip
both journals have 2026-08-31 — pre-fetch skip
both journals have 2026-08-31 — pre-fetch skip
both journals have 2026-08-31 — pre-fetch skip
both journals have 2026-08-31 — pre-fetch skip
both journals have 2026-08-31 — pre-fetch skip
both journals have 2026-08-31 — pre-fetch skip
both journals have 2026-08-31 — pre-fetch skip
both journals have 2026-08-31 — pre-fetch skip
both journals have 2026-08-31 — pre-fetch skip
both journals have 2026-08-31 — pre-fetch skip
both journals have 2026-08-31 — pre-fetch skip
both journals have 2026-08-31 — pre-fetch skip
both journals have 2026-08-31 — pre-fetch skip
both journals have 2026-08-31 — pre-fetch skip
both journals have 2026-08-31 — pre-fetch skip
both journals have 2026-08-31 — pre-fetch skip
both journals have 2026-08-31 — pre-fetch skip
both journals have 2026-08-31 — pre-fetch skip
both journals have 2026-08-31 — pre-fetch skip
both journals have 2026-08-31 — pre-fetch skip
journal.jsonl 2026-09-01: book 40L/40S, realized_prev +0.0036, turn 1.65, vt10_scale 0.20770749512295694
journal_champion.jsonl 2026-09-01: book 40L/40S, realized_prev +0.0048, turn 1.6499999999999997, vt15_b100_scale 0.252012107096849
both journals have 2026-09-01 — pre-fetch skip
both journals have 2026-09-01 — pre-fetch skip
both journals have 2026-09-01 — pre-fetch skip
both journals have 2026-09-01 — pre-fetch skip
both journals have 2026-09-01 — pre-fetch skip
both journals have 2026-09-01 — pre-fetch skip
both journals have 2026-09-01 — pre-fetch skip
both journals have 2026-09-01 — pre-fetch skip
both journals have 2026-09-01 — pre-fetch skip
both journals have 2026-09-01 — pre-fetch skip
both journals have 2026-09-01 — pre-fetch skip
both journals have 2026-09-01 — pre-fetch skip
both journals have 2026-09-01 — pre-fetch skip
both journals have 2026-09-01 — pre-fetch skip
both journals have 2026-09-01 — pre-fetch skip
both journals have 2026-09-01 — pre-fetch skip
both journals have 2026-09-01 — pre-fetch skip
both journals have 2026-09-01 — pre-fetch skip
both journals have 2026-09-01 — pre-fetch skip
both journals have 2026-09-01 — pre-fetch skip
both journals have 2026-09-01 — pre-fetch skip
both journals have 2026-09-01 — pre-fetch skip
both journals have 2026-09-01 — pre-fetch skip
journal.jsonl 2026-09-02: book 40L/40S, realized_prev +0.0040, turn 0.8, vt10_scale 0.20737303665832454
journal_champion.jsonl 2026-09-02: book 40L/40S, realized_prev -0.0039, turn 0.2, vt15_b100_scale 0.24925182093540538
both journals have 2026-09-02 — pre-fetch skip
both journals have 2026-09-02 — pre-fetch skip
both journals have 2026-09-02 — pre-fetch skip
both journals have 2026-09-02 — pre-fetch skip
both journals have 2026-09-02 — pre-fetch skip
both journals have 2026-09-02 — pre-fetch skip
both journals have 2026-09-02 — pre-fetch skip
both journals have 2026-09-02 — pre-fetch skip
both journals have 2026-09-02 — pre-fetch skip
both journals have 2026-09-02 — pre-fetch skip
both journals have 2026-09-02 — pre-fetch skip
both journals have 2026-09-02 — pre-fetch skip
both journals have 2026-09-02 — pre-fetch skip
both journals have 2026-09-02 — pre-fetch skip
both journals have 2026-09-02 — pre-fetch skip
both journals have 2026-09-02 — pre-fetch skip
both journals have 2026-09-02 — pre-fetch skip
both journals have 2026-09-02 — pre-fetch skip
both journals have 2026-09-02 — pre-fetch skip
both journals have 2026-09-02 — pre-fetch skip
both journals have 2026-09-02 — pre-fetch skip
both journals have 2026-09-02 — pre-fetch skip
both journals have 2026-09-02 — pre-fetch skip
journal.jsonl 2026-09-03: book 40L/40S, realized_prev +0.0052, turn 0.85, vt10_scale 0.2094037243063197
journal_champion.jsonl 2026-09-03: book 40L/40S, realized_prev +0.0129, turn 0.45000000000000007, vt15_b100_scale 0.2523401988534238
both journals have 2026-09-03 — pre-fetch skip
both journals have 2026-09-03 — pre-fetch skip
both journals have 2026-09-03 — pre-fetch skip
both journals have 2026-09-03 — pre-fetch skip
both journals have 2026-09-03 — pre-fetch skip
both journals have 2026-09-03 — pre-fetch skip
both journals have 2026-09-03 — pre-fetch skip
both journals have 2026-09-03 — pre-fetch skip
both journals have 2026-09-03 — pre-fetch skip
both journals have 2026-09-03 — pre-fetch skip
both journals have 2026-09-03 — pre-fetch skip
both journals have 2026-09-03 — pre-fetch skip
both journals have 2026-09-03 — pre-fetch skip
both journals have 2026-09-03 — pre-fetch skip
both journals have 2026-09-03 — pre-fetch skip
both journals have 2026-09-03 — pre-fetch skip
both journals have 2026-09-03 — pre-fetch skip
both journals have 2026-09-03 — pre-fetch skip
both journals have 2026-09-03 — pre-fetch skip
both journals have 2026-09-03 — pre-fetch skip
both journals have 2026-09-03 — pre-fetch skip
both journals have 2026-09-03 — pre-fetch skip
both journals have 2026-09-03 — pre-fetch skip
journal.jsonl 2026-09-04: book 40L/40S, realized_prev -0.0162, turn 0.6500000000000001, vt10_scale 0.21450621589989924
journal_champion.jsonl 2026-09-04: book 40L/40S, realized_prev +0.0006, turn 0.1, vt15_b100_scale 0.2742468611050132
both journals have 2026-09-04 — pre-fetch skip
both journals have 2026-09-04 — pre-fetch skip
both journals have 2026-09-04 — pre-fetch skip
both journals have 2026-09-04 — pre-fetch skip
both journals have 2026-09-04 — pre-fetch skip
both journals have 2026-09-04 — pre-fetch skip
both journals have 2026-09-04 — pre-fetch skip
both journals have 2026-09-04 — pre-fetch skip
both journals have 2026-09-04 — pre-fetch skip
both journals have 2026-09-04 — pre-fetch skip
both journals have 2026-09-04 — pre-fetch skip
both journals have 2026-09-04 — pre-fetch skip
both journals have 2026-09-04 — pre-fetch skip
both journals have 2026-09-04 — pre-fetch skip
both journals have 2026-09-04 — pre-fetch skip
both journals have 2026-09-04 — pre-fetch skip
both journals have 2026-09-04 — pre-fetch skip
both journals have 2026-09-04 — pre-fetch skip
both journals have 2026-09-04 — pre-fetch skip
both journals have 2026-09-04 — pre-fetch skip
both journals have 2026-09-04 — pre-fetch skip
both journals have 2026-09-04 — pre-fetch skip
both journals have 2026-09-04 — pre-fetch skip
journal.jsonl 2026-09-05: book 40L/40S, realized_prev -0.0320, turn 0.6000000000000001, vt10_scale 0.2062294587119409
journal_champion.jsonl 2026-09-05: book 40L/40S, realized_prev -0.0154, turn 0.2, vt15_b100_scale 0.2778260708204099
both journals have 2026-09-05 — pre-fetch skip
both journals have 2026-09-05 — pre-fetch skip
both journals have 2026-09-05 — pre-fetch skip
both journals have 2026-09-05 — pre-fetch skip
both journals have 2026-09-05 — pre-fetch skip
both journals have 2026-09-05 — pre-fetch skip
both journals have 2026-09-05 — pre-fetch skip
both journals have 2026-09-05 — pre-fetch skip
both journals have 2026-09-05 — pre-fetch skip
both journals have 2026-09-05 — pre-fetch skip
both journals have 2026-09-05 — pre-fetch skip
both journals have 2026-09-05 — pre-fetch skip
both journals have 2026-09-05 — pre-fetch skip
both journals have 2026-09-05 — pre-fetch skip
both journals have 2026-09-05 — pre-fetch skip
both journals have 2026-09-05 — pre-fetch skip
both journals have 2026-09-05 — pre-fetch skip
both journals have 2026-09-05 — pre-fetch skip
both journals have 2026-09-05 — pre-fetch skip
both journals have 2026-09-05 — pre-fetch skip
both journals have 2026-09-05 — pre-fetch skip
both journals have 2026-09-05 — pre-fetch skip
both journals have 2026-09-05 — pre-fetch skip
journal.jsonl 2026-09-06: book 40L/40S, realized_prev +0.0428, turn 0.6500000000000001, vt10_scale 0.22205748921450674
journal_champion.jsonl 2026-09-06: book 40L/40S, realized_prev +0.0625, turn 0.1, vt15_b100_scale 0.27368350194342406
both journals have 2026-09-06 — pre-fetch skip
both journals have 2026-09-06 — pre-fetch skip
both journals have 2026-09-06 — pre-fetch skip
both journals have 2026-09-06 — pre-fetch skip
both journals have 2026-09-06 — pre-fetch skip
both journals have 2026-09-06 — pre-fetch skip
both journals have 2026-09-06 — pre-fetch skip
both journals have 2026-09-06 — pre-fetch skip
both journals have 2026-09-06 — pre-fetch skip
both journals have 2026-09-06 — pre-fetch skip
both journals have 2026-09-06 — pre-fetch skip
both journals have 2026-09-06 — pre-fetch skip
both journals have 2026-09-06 — pre-fetch skip
both journals have 2026-09-06 — pre-fetch skip
both journals have 2026-09-06 — pre-fetch skip
both journals have 2026-09-06 — pre-fetch skip
both journals have 2026-09-06 — pre-fetch skip
both journals have 2026-09-06 — pre-fetch skip
both journals have 2026-09-06 — pre-fetch skip
both journals have 2026-09-06 — pre-fetch skip
both journals have 2026-09-06 — pre-fetch skip
both journals have 2026-09-06 — pre-fetch skip
both journals have 2026-09-06 — pre-fetch skip
Traceback (most recent call last):
  File "/opt/tradingagents/predlab/scripts/predlab_s1_paper.py", line 296, in <module>
    main()
  File "/opt/tradingagents/predlab/scripts/predlab_s1_paper.py", line 284, in main
    panels = load_panels_offline() if args.offline else load_panels_online()
                                                        ^^^^^^^^^^^^^^^^^^^^
  File "/opt/tradingagents/predlab/scripts/predlab_s1_paper.py", line 108, in load_panels_online
    syms = _perp_symbols()
           ^^^^^^^^^^^^^^^
  File "/opt/tradingagents/predlab/scripts/predlab_s1_paper.py", line 84, in _perp_symbols
    with urllib.request.urlopen(f"{FAPI}/fapi/v1/exchangeInfo", timeout=20) as r:
         ^^^^^^^^^^^^^^^^^^^^^^^^^^^^^^^^^^^^^^^^^^^^^^^^^^^^^^^^^^^^^^^^^^
  File "/usr/lib/python3.12/urllib/request.py", line 215, in urlopen
    return opener.open(url, data, timeout)
           ^^^^^^^^^^^^^^^^^^^^^^^^^^^^^^^
  File "/usr/lib/python3.12/urllib/request.py", line 521, in open
    response = meth(req, response)
               ^^^^^^^^^^^^^^^^^^^
  File "/usr/lib/python3.12/urllib/request.py", line 630, in http_response
    response = self.parent.error(
               ^^^^^^^^^^^^^^^^^^
  File "/usr/lib/python3.12/urllib/request.py", line 559, in error
    return self._call_chain(*args)
           ^^^^^^^^^^^^^^^^^^^^^^^
  File "/usr/lib/python3.12/urllib/request.py", line 492, in _call_chain
    result = func(*args)
             ^^^^^^^^^^^
  File "/usr/lib/python3.12/urllib/request.py", line 639, in http_error_default
    raise HTTPError(req.full_url, code, msg, hdrs, fp)
urllib.error.HTTPError: HTTP Error 503: Service Temporarily Unavailable
journal.jsonl 2026-09-07: book 40L/40S, realized_prev +0.0087, turn 0.4, vt10_scale 0.2230661182147509
journal_champion.jsonl 2026-09-07: book 40L/40S, realized_prev -0.0050, turn 0.1, vt15_b100_scale 0.2710716984796837
both journals have 2026-09-07 — pre-fetch skip
both journals have 2026-09-07 — pre-fetch skip
both journals have 2026-09-07 — pre-fetch skip
both journals have 2026-09-07 — pre-fetch skip
both journals have 2026-09-07 — pre-fetch skip
both journals have 2026-09-07 — pre-fetch skip
both journals have 2026-09-07 — pre-fetch skip
both journals have 2026-09-07 — pre-fetch skip
both journals have 2026-09-07 — pre-fetch skip
both journals have 2026-09-07 — pre-fetch skip
both journals have 2026-09-07 — pre-fetch skip
both journals have 2026-09-07 — pre-fetch skip
both journals have 2026-09-07 — pre-fetch skip
both journals have 2026-09-07 — pre-fetch skip
both journals have 2026-09-07 — pre-fetch skip
both journals have 2026-09-07 — pre-fetch skip
both journals have 2026-09-07 — pre-fetch skip
both journals have 2026-09-07 — pre-fetch skip
both journals have 2026-09-07 — pre-fetch skip
both journals have 2026-09-07 — pre-fetch skip
both journals have 2026-09-07 — pre-fetch skip
both journals have 2026-09-07 — pre-fetch skip
journal.jsonl 2026-09-08: book 40L/40S, realized_prev +0.0092, turn 0.6500000000000001, vt10_scale 0.2615719777747613
journal_champion.jsonl 2026-09-08: book 40L/40S, realized_prev +0.0267, turn 0.15000000000000002, vt15_b100_scale 0.2986282206326078
both journals have 2026-09-08 — pre-fetch skip
both journals have 2026-09-08 — pre-fetch skip
both journals have 2026-09-08 — pre-fetch skip
both journals have 2026-09-08 — pre-fetch skip
both journals have 2026-09-08 — pre-fetch skip
both journals have 2026-09-08 — pre-fetch skip
both journals have 2026-09-08 — pre-fetch skip
both journals have 2026-09-08 — pre-fetch skip
both journals have 2026-09-08 — pre-fetch skip
both journals have 2026-09-08 — pre-fetch skip
both journals have 2026-09-08 — pre-fetch skip
both journals have 2026-09-08 — pre-fetch skip
both journals have 2026-09-08 — pre-fetch skip
both journals have 2026-09-08 — pre-fetch skip
both journals have 2026-09-08 — pre-fetch skip
both journals have 2026-09-08 — pre-fetch skip
both journals have 2026-09-08 — pre-fetch skip
both journals have 2026-09-08 — pre-fetch skip
both journals have 2026-09-08 — pre-fetch skip
both journals have 2026-09-08 — pre-fetch skip
both journals have 2026-09-08 — pre-fetch skip
both journals have 2026-09-08 — pre-fetch skip
both journals have 2026-09-08 — pre-fetch skip
journal.jsonl 2026-09-09: book 40L/40S, realized_prev +0.0303, turn 1.1999999999999997, vt10_scale 0.25193876494621154
journal_champion.jsonl 2026-09-09: book 40L/40S, realized_prev +0.0563, turn 0.5, vt15_b100_scale 0.28476111872085313
