test_conflicting_dictionary_proof_refuses_before_pair_consumer (__main__.Tests.test_conflicting_dictionary_proof_refuses_before_pair_consumer) ... FAIL
test_dictionary_drift_after_first_mcm_pair_stops_next_reservation (__main__.Tests.test_dictionary_drift_after_first_mcm_pair_stops_next_reservation) ... FAIL
test_every_mcm_cell_matches_scalar_and_completed_pairs_are_reused (__main__.Tests.test_every_mcm_cell_matches_scalar_and_completed_pairs_are_reused) ... FAIL
test_foreign_graph_refuses_before_dictionary_loading (__main__.Tests.test_foreign_graph_refuses_before_dictionary_loading) ... FAIL

======================================================================
FAIL: test_conflicting_dictionary_proof_refuses_before_pair_consumer (__main__.Tests.test_conflicting_dictionary_proof_refuses_before_pair_consumer)
----------------------------------------------------------------------
Traceback (most recent call last):
  File "/home/malecada/master_thesis/TradingAgents-audit-fixes/research/onchain-paper-replication-2026-09-24/full_sources/mcm-dictionary-driver-2026-10-01/test_driver.py", line 50, in test_conflicting_dictionary_proof_refuses_before_pair_consumer
    f=self.fixture();before=f.owned.journal.reservations
  File "/home/malecada/master_thesis/TradingAgents-audit-fixes/research/onchain-paper-replication-2026-09-24/full_sources/mcm-dictionary-driver-2026-10-01/test_driver.py", line 20, in fixture
    self.m=api();m=self.m;f=base.Tests('test_current_dictionary_reuse_does_not_enter_numerical_workload');self.addCleanup(f.doCleanups)
           ~~~^^
  File "/home/malecada/master_thesis/TradingAgents-audit-fixes/research/onchain-paper-replication-2026-09-24/full_sources/mcm-dictionary-driver-2026-10-01/test_driver.py", line 15, in api
    assert (HERE/'driver.py').is_file(),'admitted-dictionary MCM driver missing'
           ~~~~~~~~~~~~~~~~~~~~~~~~~~^^
AssertionError: admitted-dictionary MCM driver missing

======================================================================
FAIL: test_dictionary_drift_after_first_mcm_pair_stops_next_reservation (__main__.Tests.test_dictionary_drift_after_first_mcm_pair_stops_next_reservation)
----------------------------------------------------------------------
Traceback (most recent call last):
  File "/home/malecada/master_thesis/TradingAgents-audit-fixes/research/onchain-paper-replication-2026-09-24/full_sources/mcm-dictionary-driver-2026-10-01/test_driver.py", line 55, in test_dictionary_drift_after_first_mcm_pair_stops_next_reservation
    f=self.fixture();original=self.m.serial.Serial.__call__;calls=[]
  File "/home/malecada/master_thesis/TradingAgents-audit-fixes/research/onchain-paper-replication-2026-09-24/full_sources/mcm-dictionary-driver-2026-10-01/test_driver.py", line 20, in fixture
    self.m=api();m=self.m;f=base.Tests('test_current_dictionary_reuse_does_not_enter_numerical_workload');self.addCleanup(f.doCleanups)
           ~~~^^
  File "/home/malecada/master_thesis/TradingAgents-audit-fixes/research/onchain-paper-replication-2026-09-24/full_sources/mcm-dictionary-driver-2026-10-01/test_driver.py", line 15, in api
    assert (HERE/'driver.py').is_file(),'admitted-dictionary MCM driver missing'
           ~~~~~~~~~~~~~~~~~~~~~~~~~~^^
AssertionError: admitted-dictionary MCM driver missing

======================================================================
FAIL: test_every_mcm_cell_matches_scalar_and_completed_pairs_are_reused (__main__.Tests.test_every_mcm_cell_matches_scalar_and_completed_pairs_are_reused)
----------------------------------------------------------------------
Traceback (most recent call last):
  File "/home/malecada/master_thesis/TradingAgents-audit-fixes/research/onchain-paper-replication-2026-09-24/full_sources/mcm-dictionary-driver-2026-10-01/test_driver.py", line 30, in test_every_mcm_cell_matches_scalar_and_completed_pairs_are_reused
    f=self.fixture();admitted=self.f.admit();dictionary=admitted.dictionary
  File "/home/malecada/master_thesis/TradingAgents-audit-fixes/research/onchain-paper-replication-2026-09-24/full_sources/mcm-dictionary-driver-2026-10-01/test_driver.py", line 20, in fixture
    self.m=api();m=self.m;f=base.Tests('test_current_dictionary_reuse_does_not_enter_numerical_workload');self.addCleanup(f.doCleanups)
           ~~~^^
  File "/home/malecada/master_thesis/TradingAgents-audit-fixes/research/onchain-paper-replication-2026-09-24/full_sources/mcm-dictionary-driver-2026-10-01/test_driver.py", line 15, in api
    assert (HERE/'driver.py').is_file(),'admitted-dictionary MCM driver missing'
           ~~~~~~~~~~~~~~~~~~~~~~~~~~^^
AssertionError: admitted-dictionary MCM driver missing

======================================================================
FAIL: test_foreign_graph_refuses_before_dictionary_loading (__main__.Tests.test_foreign_graph_refuses_before_dictionary_loading)
----------------------------------------------------------------------
Traceback (most recent call last):
  File "/home/malecada/master_thesis/TradingAgents-audit-fixes/research/onchain-paper-replication-2026-09-24/full_sources/mcm-dictionary-driver-2026-10-01/test_driver.py", line 46, in test_foreign_graph_refuses_before_dictionary_loading
    f=self.fixture();before=f.owned.journal.reservations
  File "/home/malecada/master_thesis/TradingAgents-audit-fixes/research/onchain-paper-replication-2026-09-24/full_sources/mcm-dictionary-driver-2026-10-01/test_driver.py", line 20, in fixture
    self.m=api();m=self.m;f=base.Tests('test_current_dictionary_reuse_does_not_enter_numerical_workload');self.addCleanup(f.doCleanups)
           ~~~^^
  File "/home/malecada/master_thesis/TradingAgents-audit-fixes/research/onchain-paper-replication-2026-09-24/full_sources/mcm-dictionary-driver-2026-10-01/test_driver.py", line 15, in api
    assert (HERE/'driver.py').is_file(),'admitted-dictionary MCM driver missing'
           ~~~~~~~~~~~~~~~~~~~~~~~~~~^^
AssertionError: admitted-dictionary MCM driver missing

----------------------------------------------------------------------
Ran 4 tests in 0.001s

FAILED (failures=4)
