FFFFFFFFFFFFFFFFFFFFFFFFFFFF                                             [100%]
=================================== FAILURES ===================================
_____ test_v2_net_streams_use_saved_states_without_gross_or_second_scaling _____

    def test_v2_net_streams_use_saved_states_without_gross_or_second_scaling():
        rows = v2_rows()
        base = derive_book(rows, 'vt15_b100_scale')
        overlay = derive_nav(rows, 'vt15_b100_scale')
>       assert [p['value'] for p in base['equity']] == pytest.approx([100., 110., 99.])
E       assert [100.0, 190.0, 361.0] == approx([100.0....0 ± 9.9e-05])
E         
E         comparison failed. Mismatched elements: 2 / 3:
E         Max absolute difference: 262.0
E         Max relative difference: 0.7257617728531855
E         Index | Obtained | Expected       
E         1     | 190.0    | 110.0 ± 1.1e-04
E         2     | 361.0    | 99.0 ± 9.9e-05

tests/monitor/test_predlab_v2.py:45: AssertionError
__________ test_unknown_interval_is_never_dropped_or_reconnected[gap] __________

problem = 'gap'

    @pytest.mark.parametrize('problem', ['gap', 'null', 'state_mismatch', 'later_baseline'])
    def test_unknown_interval_is_never_dropped_or_reconnected(problem):
        rows = v2_rows()
        if problem == 'gap':
            rows.pop(1)
        elif problem == 'null':
            rows[1]['realized_base_net_ret'] = None
            rows[1]['realized_net_ret'] = None
        elif problem == 'state_mismatch':
            rows[1]['base_state']['nav'] = 2.
            rows[1]['overlay_state']['nav'] = 2.
        else:
            rows[1] = {**rows[0], 'asof': rows[1]['asof']}
        for block, series, card in [(derive_book(rows, 'vt15_b100_scale'), 'equity', 'cum_return'),
                                    (derive_nav(rows, 'vt15_b100_scale'), 'series', 'nav_cum_return')]:
>           assert [p['ts'] for p in block[series]] == ['2026-09-01', '2026-09-02', '2026-09-03']
E           AssertionError: assert ['2026-09-01', '2026-09-03'] == ['2026-09-01'... '2026-09-03']
E             
E             At index 1 diff: '2026-09-03' != '2026-09-02'
E             Right contains one more item: '2026-09-03'
E             Use -v to get more diff

tests/monitor/test_predlab_v2.py:67: AssertionError
_________ test_unknown_interval_is_never_dropped_or_reconnected[null] __________

problem = 'null'

    @pytest.mark.parametrize('problem', ['gap', 'null', 'state_mismatch', 'later_baseline'])
    def test_unknown_interval_is_never_dropped_or_reconnected(problem):
        rows = v2_rows()
        if problem == 'gap':
            rows.pop(1)
        elif problem == 'null':
            rows[1]['realized_base_net_ret'] = None
            rows[1]['realized_net_ret'] = None
        elif problem == 'state_mismatch':
            rows[1]['base_state']['nav'] = 2.
            rows[1]['overlay_state']['nav'] = 2.
        else:
            rows[1] = {**rows[0], 'asof': rows[1]['asof']}
        for block, series, card in [(derive_book(rows, 'vt15_b100_scale'), 'equity', 'cum_return'),
                                    (derive_nav(rows, 'vt15_b100_scale'), 'series', 'nav_cum_return')]:
            assert [p['ts'] for p in block[series]] == ['2026-09-01', '2026-09-02', '2026-09-03']
>           assert [p['value'] for p in block[series]][1:] == [None, None]
E           assert [190.0, 361.0] == [None, None]
E             
E             At index 0 diff: 190.0 != None
E             Use -v to get more diff

tests/monitor/test_predlab_v2.py:68: AssertionError
____ test_unknown_interval_is_never_dropped_or_reconnected[state_mismatch] _____

problem = 'state_mismatch'

    @pytest.mark.parametrize('problem', ['gap', 'null', 'state_mismatch', 'later_baseline'])
    def test_unknown_interval_is_never_dropped_or_reconnected(problem):
        rows = v2_rows()
        if problem == 'gap':
            rows.pop(1)
        elif problem == 'null':
            rows[1]['realized_base_net_ret'] = None
            rows[1]['realized_net_ret'] = None
        elif problem == 'state_mismatch':
            rows[1]['base_state']['nav'] = 2.
            rows[1]['overlay_state']['nav'] = 2.
        else:
            rows[1] = {**rows[0], 'asof': rows[1]['asof']}
        for block, series, card in [(derive_book(rows, 'vt15_b100_scale'), 'equity', 'cum_return'),
                                    (derive_nav(rows, 'vt15_b100_scale'), 'series', 'nav_cum_return')]:
            assert [p['ts'] for p in block[series]] == ['2026-09-01', '2026-09-02', '2026-09-03']
>           assert [p['value'] for p in block[series]][1:] == [None, None]
E           assert [190.0, 361.0] == [None, None]
E             
E             At index 0 diff: 190.0 != None
E             Use -v to get more diff

tests/monitor/test_predlab_v2.py:68: AssertionError
____ test_unknown_interval_is_never_dropped_or_reconnected[later_baseline] _____

problem = 'later_baseline'

    @pytest.mark.parametrize('problem', ['gap', 'null', 'state_mismatch', 'later_baseline'])
    def test_unknown_interval_is_never_dropped_or_reconnected(problem):
        rows = v2_rows()
        if problem == 'gap':
            rows.pop(1)
        elif problem == 'null':
            rows[1]['realized_base_net_ret'] = None
            rows[1]['realized_net_ret'] = None
        elif problem == 'state_mismatch':
            rows[1]['base_state']['nav'] = 2.
            rows[1]['overlay_state']['nav'] = 2.
        else:
            rows[1] = {**rows[0], 'asof': rows[1]['asof']}
        for block, series, card in [(derive_book(rows, 'vt15_b100_scale'), 'equity', 'cum_return'),
                                    (derive_nav(rows, 'vt15_b100_scale'), 'series', 'nav_cum_return')]:
>           assert [p['ts'] for p in block[series]] == ['2026-09-01', '2026-09-02', '2026-09-03']
E           AssertionError: assert ['2026-09-01', '2026-09-03'] == ['2026-09-01'... '2026-09-03']
E             
E             At index 1 diff: '2026-09-03' != '2026-09-02'
E             Right contains one more item: '2026-09-03'
E             Use -v to get more diff

tests/monitor/test_predlab_v2.py:67: AssertionError
_________ test_invalid_v2_cannot_claim_complete_measurement[duplicate] _________

tmp_path = PosixPath('/tmp/pytest-of-malecada/pytest-132/test_invalid_v2_cannot_claim_c0')
problem = 'duplicate'

    @pytest.mark.parametrize('problem', ['duplicate', 'mixed_version', 'nan', 'inf', 'bad_state', 'bad_weights'])
    def test_invalid_v2_cannot_claim_complete_measurement(tmp_path, problem):
        rows = v2_rows()
        if problem == 'duplicate': rows.insert(2, copy.deepcopy(rows[1]))
        elif problem == 'mixed_version': rows[1].pop('journal_version')
        elif problem == 'nan': rows[1]['realized_base_net_ret'] = float('nan')
        elif problem == 'inf': rows[1]['base_state']['notionals']['A'] = float('inf')
        elif problem == 'bad_state': rows[1]['base_state'] = []
        else: rows[1]['weights'] = ['A']
        write_rows(paper_path(tmp_path), rows)
        payload = PredlabSource(str(tmp_path)).payload()
>       assert payload['performance']['measurement']['books']['champion']['status'] in {'invalid', 'incomplete'}
               ^^^^^^^^^^^^^^^^^^^^^^^^^^^^^^^^^^^^^
E       KeyError: 'measurement'

tests/monitor/test_predlab_v2.py:84: KeyError
_______ test_invalid_v2_cannot_claim_complete_measurement[mixed_version] _______

tmp_path = PosixPath('/tmp/pytest-of-malecada/pytest-132/test_invalid_v2_cannot_claim_c1')
problem = 'mixed_version'

    @pytest.mark.parametrize('problem', ['duplicate', 'mixed_version', 'nan', 'inf', 'bad_state', 'bad_weights'])
    def test_invalid_v2_cannot_claim_complete_measurement(tmp_path, problem):
        rows = v2_rows()
        if problem == 'duplicate': rows.insert(2, copy.deepcopy(rows[1]))
        elif problem == 'mixed_version': rows[1].pop('journal_version')
        elif problem == 'nan': rows[1]['realized_base_net_ret'] = float('nan')
        elif problem == 'inf': rows[1]['base_state']['notionals']['A'] = float('inf')
        elif problem == 'bad_state': rows[1]['base_state'] = []
        else: rows[1]['weights'] = ['A']
        write_rows(paper_path(tmp_path), rows)
        payload = PredlabSource(str(tmp_path)).payload()
>       assert payload['performance']['measurement']['books']['champion']['status'] in {'invalid', 'incomplete'}
               ^^^^^^^^^^^^^^^^^^^^^^^^^^^^^^^^^^^^^
E       KeyError: 'measurement'

tests/monitor/test_predlab_v2.py:84: KeyError
____________ test_invalid_v2_cannot_claim_complete_measurement[nan] ____________

tmp_path = PosixPath('/tmp/pytest-of-malecada/pytest-132/test_invalid_v2_cannot_claim_c2')
problem = 'nan'

    @pytest.mark.parametrize('problem', ['duplicate', 'mixed_version', 'nan', 'inf', 'bad_state', 'bad_weights'])
    def test_invalid_v2_cannot_claim_complete_measurement(tmp_path, problem):
        rows = v2_rows()
        if problem == 'duplicate': rows.insert(2, copy.deepcopy(rows[1]))
        elif problem == 'mixed_version': rows[1].pop('journal_version')
        elif problem == 'nan': rows[1]['realized_base_net_ret'] = float('nan')
        elif problem == 'inf': rows[1]['base_state']['notionals']['A'] = float('inf')
        elif problem == 'bad_state': rows[1]['base_state'] = []
        else: rows[1]['weights'] = ['A']
        write_rows(paper_path(tmp_path), rows)
        payload = PredlabSource(str(tmp_path)).payload()
>       assert payload['performance']['measurement']['books']['champion']['status'] in {'invalid', 'incomplete'}
               ^^^^^^^^^^^^^^^^^^^^^^^^^^^^^^^^^^^^^
E       KeyError: 'measurement'

tests/monitor/test_predlab_v2.py:84: KeyError
____________ test_invalid_v2_cannot_claim_complete_measurement[inf] ____________

tmp_path = PosixPath('/tmp/pytest-of-malecada/pytest-132/test_invalid_v2_cannot_claim_c3')
problem = 'inf'

    @pytest.mark.parametrize('problem', ['duplicate', 'mixed_version', 'nan', 'inf', 'bad_state', 'bad_weights'])
    def test_invalid_v2_cannot_claim_complete_measurement(tmp_path, problem):
        rows = v2_rows()
        if problem == 'duplicate': rows.insert(2, copy.deepcopy(rows[1]))
        elif problem == 'mixed_version': rows[1].pop('journal_version')
        elif problem == 'nan': rows[1]['realized_base_net_ret'] = float('nan')
        elif problem == 'inf': rows[1]['base_state']['notionals']['A'] = float('inf')
        elif problem == 'bad_state': rows[1]['base_state'] = []
        else: rows[1]['weights'] = ['A']
        write_rows(paper_path(tmp_path), rows)
        payload = PredlabSource(str(tmp_path)).payload()
>       assert payload['performance']['measurement']['books']['champion']['status'] in {'invalid', 'incomplete'}
               ^^^^^^^^^^^^^^^^^^^^^^^^^^^^^^^^^^^^^
E       KeyError: 'measurement'

tests/monitor/test_predlab_v2.py:84: KeyError
_________ test_invalid_v2_cannot_claim_complete_measurement[bad_state] _________

tmp_path = PosixPath('/tmp/pytest-of-malecada/pytest-132/test_invalid_v2_cannot_claim_c4')
problem = 'bad_state'

    @pytest.mark.parametrize('problem', ['duplicate', 'mixed_version', 'nan', 'inf', 'bad_state', 'bad_weights'])
    def test_invalid_v2_cannot_claim_complete_measurement(tmp_path, problem):
        rows = v2_rows()
        if problem == 'duplicate': rows.insert(2, copy.deepcopy(rows[1]))
        elif problem == 'mixed_version': rows[1].pop('journal_version')
        elif problem == 'nan': rows[1]['realized_base_net_ret'] = float('nan')
        elif problem == 'inf': rows[1]['base_state']['notionals']['A'] = float('inf')
        elif problem == 'bad_state': rows[1]['base_state'] = []
        else: rows[1]['weights'] = ['A']
        write_rows(paper_path(tmp_path), rows)
        payload = PredlabSource(str(tmp_path)).payload()
>       assert payload['performance']['measurement']['books']['champion']['status'] in {'invalid', 'incomplete'}
               ^^^^^^^^^^^^^^^^^^^^^^^^^^^^^^^^^^^^^
E       KeyError: 'measurement'

tests/monitor/test_predlab_v2.py:84: KeyError
________ test_invalid_v2_cannot_claim_complete_measurement[bad_weights] ________

tmp_path = PosixPath('/tmp/pytest-of-malecada/pytest-132/test_invalid_v2_cannot_claim_c5')
problem = 'bad_weights'

    @pytest.mark.parametrize('problem', ['duplicate', 'mixed_version', 'nan', 'inf', 'bad_state', 'bad_weights'])
    def test_invalid_v2_cannot_claim_complete_measurement(tmp_path, problem):
        rows = v2_rows()
        if problem == 'duplicate': rows.insert(2, copy.deepcopy(rows[1]))
        elif problem == 'mixed_version': rows[1].pop('journal_version')
        elif problem == 'nan': rows[1]['realized_base_net_ret'] = float('nan')
        elif problem == 'inf': rows[1]['base_state']['notionals']['A'] = float('inf')
        elif problem == 'bad_state': rows[1]['base_state'] = []
        else: rows[1]['weights'] = ['A']
        write_rows(paper_path(tmp_path), rows)
        payload = PredlabSource(str(tmp_path)).payload()
>       assert payload['performance']['measurement']['books']['champion']['status'] in {'invalid', 'incomplete'}
               ^^^^^^^^^^^^^^^^^^^^^^^^^^^^^^^^^^^^^
E       KeyError: 'measurement'

tests/monitor/test_predlab_v2.py:84: KeyError
________ test_existing_empty_or_corrupt_v2_never_falls_back_to_legacy[] ________

tmp_path = PosixPath('/tmp/pytest-of-malecada/pytest-132/test_existing_empty_or_corrupt0')
v2_content = ''

    @pytest.mark.parametrize('v2_content', ['', '{bad json\n', '{"asof":"bad"}\n'])
    def test_existing_empty_or_corrupt_v2_never_falls_back_to_legacy(tmp_path, v2_content):
        write_rows(paper_path(tmp_path, 'journal_champion.jsonl'), [{'asof': '2026-09-01', 'weights': {}, 'realized_book_ret': .9}])
        path = paper_path(tmp_path)
        path.write_text(v2_content)
        payload = PredlabSource(str(tmp_path)).payload()
>       descriptor = payload['performance']['measurement']['books']['champion']
                     ^^^^^^^^^^^^^^^^^^^^^^^^^^^^^^^^^^^^^
E       KeyError: 'measurement'

tests/monitor/test_predlab_v2.py:95: KeyError
__ test_existing_empty_or_corrupt_v2_never_falls_back_to_legacy[{bad json\n] ___

tmp_path = PosixPath('/tmp/pytest-of-malecada/pytest-132/test_existing_empty_or_corrupt1')
v2_content = '{bad json\n'

    @pytest.mark.parametrize('v2_content', ['', '{bad json\n', '{"asof":"bad"}\n'])
    def test_existing_empty_or_corrupt_v2_never_falls_back_to_legacy(tmp_path, v2_content):
        write_rows(paper_path(tmp_path, 'journal_champion.jsonl'), [{'asof': '2026-09-01', 'weights': {}, 'realized_book_ret': .9}])
        path = paper_path(tmp_path)
        path.write_text(v2_content)
        payload = PredlabSource(str(tmp_path)).payload()
>       descriptor = payload['performance']['measurement']['books']['champion']
                     ^^^^^^^^^^^^^^^^^^^^^^^^^^^^^^^^^^^^^
E       KeyError: 'measurement'

tests/monitor/test_predlab_v2.py:95: KeyError
_ test_existing_empty_or_corrupt_v2_never_falls_back_to_legacy[{"asof":"bad"}\n] _

tmp_path = PosixPath('/tmp/pytest-of-malecada/pytest-132/test_existing_empty_or_corrupt2')
v2_content = '{"asof":"bad"}\n'

    @pytest.mark.parametrize('v2_content', ['', '{bad json\n', '{"asof":"bad"}\n'])
    def test_existing_empty_or_corrupt_v2_never_falls_back_to_legacy(tmp_path, v2_content):
        write_rows(paper_path(tmp_path, 'journal_champion.jsonl'), [{'asof': '2026-09-01', 'weights': {}, 'realized_book_ret': .9}])
        path = paper_path(tmp_path)
        path.write_text(v2_content)
        payload = PredlabSource(str(tmp_path)).payload()
>       descriptor = payload['performance']['measurement']['books']['champion']
                     ^^^^^^^^^^^^^^^^^^^^^^^^^^^^^^^^^^^^^
E       KeyError: 'measurement'

tests/monitor/test_predlab_v2.py:95: KeyError
__ test_malformed_line_invalidates_whole_complete_claim_even_with_valid_rows ___

tmp_path = PosixPath('/tmp/pytest-of-malecada/pytest-132/test_malformed_line_invalidate0')

    def test_malformed_line_invalidates_whole_complete_claim_even_with_valid_rows(tmp_path):
        write_rows(paper_path(tmp_path), v2_rows())
        with paper_path(tmp_path).open('a') as fh: fh.write('{bad json\n')
        payload = PredlabSource(str(tmp_path)).payload()
>       assert payload['performance']['measurement']['books']['champion']['status'] == 'invalid'
               ^^^^^^^^^^^^^^^^^^^^^^^^^^^^^^^^^^^^^
E       KeyError: 'measurement'

tests/monitor/test_predlab_v2.py:107: KeyError
______ test_legacy_only_has_composition_and_health_but_no_net_performance ______

tmp_path = PosixPath('/tmp/pytest-of-malecada/pytest-132/test_legacy_only_has_compositi0')

    def test_legacy_only_has_composition_and_health_but_no_net_performance(tmp_path):
        write_rows(paper_path(tmp_path, 'journal_champion.jsonl'), [
            {'asof': '2026-09-01', 'weights': {'A': 1.}, 'realized_book_ret': None},
            {'asof': '2026-09-02', 'weights': {'A': 1.}, 'realized_book_ret': .9}])
        payload = PredlabSource(str(tmp_path)).payload()
        assert payload['books']['champion']['longs'] == [{'symbol': 'A', 'weight': 1.}]
        assert payload['health']['books']['champion']['rows'] == 2
>       assert payload['performance']['books']['champion'] is None
E       AssertionError: assert {'equity': [{'ts': '2026-09-01', 'value': 100.0}, {'ts': '2026-09-02', 'value': 190.0}], 'drawdown': [{'ts': '2026-09-01', 'value': 0.0}, {'ts': '2026-09-02', 'value': 0.0}], 'rolling_sharpe': [], 'slippage': None, ...} is None

tests/monitor/test_predlab_v2.py:119: AssertionError
_________ test_overlay_warmup_is_known_state_but_not_zero_performance __________

    def test_overlay_warmup_is_known_state_but_not_zero_performance():
        rows = v2_rows()
        for row in rows:
            row.update(executed_scale=None, measurement_scale=None, realized_net_ret=None,
                       overlay_measurement=None, overlay_state={'nav': 1., 'notionals': {}},
                       measurement_status='incomplete', measurement_reason='scale warmup')
        rows[-1]['executed_scale'] = 2.
        base, overlay = derive_book(rows, 'vt15_b100_scale'), derive_nav(rows, 'vt15_b100_scale')
>       assert base['measurement_status'] == 'corrected_v2'
               ^^^^^^^^^^^^^^^^^^^^^^^^^^
E       KeyError: 'measurement_status'

tests/monitor/test_predlab_v2.py:132: KeyError
_______ test_current_quote_incomplete_cannot_be_served_as_fully_complete _______

    def test_current_quote_incomplete_cannot_be_served_as_fully_complete():
        rows = v2_rows()
        rows[-1].update(measurement_status='incomplete', mark_coverage='incomplete', measurement_reason='current quotes incomplete')
        block = derive_book(rows, 'vt15_b100_scale')
>       assert block['measurement_status'] == 'incomplete'
               ^^^^^^^^^^^^^^^^^^^^^^^^^^^
E       KeyError: 'measurement_status'

tests/monitor/test_predlab_v2.py:144: KeyError
__ test_suspended_gate_and_removed_reference_do_not_serve_invalidated_scores ___

tmp_path = PosixPath('/tmp/pytest-of-malecada/pytest-132/test_suspended_gate_and_remove0')

    def test_suspended_gate_and_removed_reference_do_not_serve_invalidated_scores(tmp_path):
        write_rows(paper_path(tmp_path), v2_rows())
        (tmp_path / 'predlab' / 'gates.json').write_text(json.dumps({'predlab_opt': {'final_champion': {'dev_metrics': {'ovl_sr_full': 1.892}}}}))
        (tmp_path / 'predlab' / 'champion_backtest.json').write_text(json.dumps({'systems': {'new': {'yearly_ovl': {'2025': {'sr': 9.}}}}}))
        payload = PredlabSource(str(tmp_path)).payload()
>       assert payload['performance']['reference'] is None
E       AssertionError: assert {'ovl_sr_full': 1.892} is None

tests/monitor/test_predlab_v2.py:153: AssertionError
_______ test_account_intent_then_reconciled_update_is_one_verified_cycle _______

    def test_account_intent_then_reconciled_update_is_one_verified_cycle():
        rows = [account_row('2026-09-01', 'intent', orders_placed=0), account_row('2026-09-01'),
                account_row('2026-09-02', equity_before=1050.)]
        block = derive_account(rows, False)
>       assert block['measurement_status'] == 'reconciled'
               ^^^^^^^^^^^^^^^^^^^^^^^^^^^
E       KeyError: 'measurement_status'

tests/monitor/test_predlab_v2.py:172: KeyError
___ test_account_unknown_execution_is_not_inferred_from_journal_date[intent] ___

problem = 'intent'

    @pytest.mark.parametrize('problem', ['intent', 'incomplete', 'dry_run', 'residual', 'missing_positions', 'date_only', 'gap'])
    def test_account_unknown_execution_is_not_inferred_from_journal_date(problem):
        rows = [account_row('2026-09-01'), account_row('2026-09-02')]
        if problem in {'intent', 'incomplete'}: rows[1]['status'] = problem
        elif problem == 'dry_run': rows[1]['dry_run'] = True
        elif problem == 'residual': rows[1]['residual_qty'] = {'A': .1}
        elif problem == 'missing_positions': rows[1].pop('actual_positions')
        elif problem == 'date_only': rows[1].pop('status')
        else: rows[1]['asof'] = '2026-09-03'
        block = derive_account(rows, False)
>       assert block['measurement_status'] in {'pending', 'incomplete', 'invalid'}
               ^^^^^^^^^^^^^^^^^^^^^^^^^^^
E       KeyError: 'measurement_status'

tests/monitor/test_predlab_v2.py:188: KeyError
_ test_account_unknown_execution_is_not_inferred_from_journal_date[incomplete] _

problem = 'incomplete'

    @pytest.mark.parametrize('problem', ['intent', 'incomplete', 'dry_run', 'residual', 'missing_positions', 'date_only', 'gap'])
    def test_account_unknown_execution_is_not_inferred_from_journal_date(problem):
        rows = [account_row('2026-09-01'), account_row('2026-09-02')]
        if problem in {'intent', 'incomplete'}: rows[1]['status'] = problem
        elif problem == 'dry_run': rows[1]['dry_run'] = True
        elif problem == 'residual': rows[1]['residual_qty'] = {'A': .1}
        elif problem == 'missing_positions': rows[1].pop('actual_positions')
        elif problem == 'date_only': rows[1].pop('status')
        else: rows[1]['asof'] = '2026-09-03'
        block = derive_account(rows, False)
>       assert block['measurement_status'] in {'pending', 'incomplete', 'invalid'}
               ^^^^^^^^^^^^^^^^^^^^^^^^^^^
E       KeyError: 'measurement_status'

tests/monitor/test_predlab_v2.py:188: KeyError
__ test_account_unknown_execution_is_not_inferred_from_journal_date[dry_run] ___

problem = 'dry_run'

    @pytest.mark.parametrize('problem', ['intent', 'incomplete', 'dry_run', 'residual', 'missing_positions', 'date_only', 'gap'])
    def test_account_unknown_execution_is_not_inferred_from_journal_date(problem):
        rows = [account_row('2026-09-01'), account_row('2026-09-02')]
        if problem in {'intent', 'incomplete'}: rows[1]['status'] = problem
        elif problem == 'dry_run': rows[1]['dry_run'] = True
        elif problem == 'residual': rows[1]['residual_qty'] = {'A': .1}
        elif problem == 'missing_positions': rows[1].pop('actual_positions')
        elif problem == 'date_only': rows[1].pop('status')
        else: rows[1]['asof'] = '2026-09-03'
        block = derive_account(rows, False)
>       assert block['measurement_status'] in {'pending', 'incomplete', 'invalid'}
               ^^^^^^^^^^^^^^^^^^^^^^^^^^^
E       KeyError: 'measurement_status'

tests/monitor/test_predlab_v2.py:188: KeyError
__ test_account_unknown_execution_is_not_inferred_from_journal_date[residual] __

problem = 'residual'

    @pytest.mark.parametrize('problem', ['intent', 'incomplete', 'dry_run', 'residual', 'missing_positions', 'date_only', 'gap'])
    def test_account_unknown_execution_is_not_inferred_from_journal_date(problem):
        rows = [account_row('2026-09-01'), account_row('2026-09-02')]
        if problem in {'intent', 'incomplete'}: rows[1]['status'] = problem
        elif problem == 'dry_run': rows[1]['dry_run'] = True
        elif problem == 'residual': rows[1]['residual_qty'] = {'A': .1}
        elif problem == 'missing_positions': rows[1].pop('actual_positions')
        elif problem == 'date_only': rows[1].pop('status')
        else: rows[1]['asof'] = '2026-09-03'
        block = derive_account(rows, False)
>       assert block['measurement_status'] in {'pending', 'incomplete', 'invalid'}
               ^^^^^^^^^^^^^^^^^^^^^^^^^^^
E       KeyError: 'measurement_status'

tests/monitor/test_predlab_v2.py:188: KeyError
_ test_account_unknown_execution_is_not_inferred_from_journal_date[missing_positions] _

problem = 'missing_positions'

    @pytest.mark.parametrize('problem', ['intent', 'incomplete', 'dry_run', 'residual', 'missing_positions', 'date_only', 'gap'])
    def test_account_unknown_execution_is_not_inferred_from_journal_date(problem):
        rows = [account_row('2026-09-01'), account_row('2026-09-02')]
        if problem in {'intent', 'incomplete'}: rows[1]['status'] = problem
        elif problem == 'dry_run': rows[1]['dry_run'] = True
        elif problem == 'residual': rows[1]['residual_qty'] = {'A': .1}
        elif problem == 'missing_positions': rows[1].pop('actual_positions')
        elif problem == 'date_only': rows[1].pop('status')
        else: rows[1]['asof'] = '2026-09-03'
        block = derive_account(rows, False)
>       assert block['measurement_status'] in {'pending', 'incomplete', 'invalid'}
               ^^^^^^^^^^^^^^^^^^^^^^^^^^^
E       KeyError: 'measurement_status'

tests/monitor/test_predlab_v2.py:188: KeyError
_ test_account_unknown_execution_is_not_inferred_from_journal_date[date_only] __

problem = 'date_only'

    @pytest.mark.parametrize('problem', ['intent', 'incomplete', 'dry_run', 'residual', 'missing_positions', 'date_only', 'gap'])
    def test_account_unknown_execution_is_not_inferred_from_journal_date(problem):
        rows = [account_row('2026-09-01'), account_row('2026-09-02')]
        if problem in {'intent', 'incomplete'}: rows[1]['status'] = problem
        elif problem == 'dry_run': rows[1]['dry_run'] = True
        elif problem == 'residual': rows[1]['residual_qty'] = {'A': .1}
        elif problem == 'missing_positions': rows[1].pop('actual_positions')
        elif problem == 'date_only': rows[1].pop('status')
        else: rows[1]['asof'] = '2026-09-03'
        block = derive_account(rows, False)
>       assert block['measurement_status'] in {'pending', 'incomplete', 'invalid'}
               ^^^^^^^^^^^^^^^^^^^^^^^^^^^
E       KeyError: 'measurement_status'

tests/monitor/test_predlab_v2.py:188: KeyError
____ test_account_unknown_execution_is_not_inferred_from_journal_date[gap] _____

problem = 'gap'

    @pytest.mark.parametrize('problem', ['intent', 'incomplete', 'dry_run', 'residual', 'missing_positions', 'date_only', 'gap'])
    def test_account_unknown_execution_is_not_inferred_from_journal_date(problem):
        rows = [account_row('2026-09-01'), account_row('2026-09-02')]
        if problem in {'intent', 'incomplete'}: rows[1]['status'] = problem
        elif problem == 'dry_run': rows[1]['dry_run'] = True
        elif problem == 'residual': rows[1]['residual_qty'] = {'A': .1}
        elif problem == 'missing_positions': rows[1].pop('actual_positions')
        elif problem == 'date_only': rows[1].pop('status')
        else: rows[1]['asof'] = '2026-09-03'
        block = derive_account(rows, False)
>       assert block['measurement_status'] in {'pending', 'incomplete', 'invalid'}
               ^^^^^^^^^^^^^^^^^^^^^^^^^^^
E       KeyError: 'measurement_status'

tests/monitor/test_predlab_v2.py:188: KeyError
________________ test_live_v2_file_is_selected_even_when_empty _________________

tmp_path = PosixPath('/tmp/pytest-of-malecada/pytest-132/test_live_v2_file_is_selected_0')

    def test_live_v2_file_is_selected_even_when_empty(tmp_path):
        root = tmp_path / 'predlab' / 's1_live'
        write_rows(root / 'journal_live.jsonl', [{'asof': '2026-09-01', 'equity_before': 9999.}])
        (root / 'journal_live_v2.jsonl').write_text('')
        payload = PredlabSource(str(tmp_path)).payload()
        block = payload['performance']['account']['live']
>       assert block['measurement_status'] == 'incomplete'
               ^^^^^^^^^^^^^^^^^^^^^^^^^^^
E       KeyError: 'measurement_status'

tests/monitor/test_predlab_v2.py:199: KeyError
=========================== short test summary info ============================
FAILED tests/monitor/test_predlab_v2.py::test_v2_net_streams_use_saved_states_without_gross_or_second_scaling
FAILED tests/monitor/test_predlab_v2.py::test_unknown_interval_is_never_dropped_or_reconnected[gap]
FAILED tests/monitor/test_predlab_v2.py::test_unknown_interval_is_never_dropped_or_reconnected[null]
FAILED tests/monitor/test_predlab_v2.py::test_unknown_interval_is_never_dropped_or_reconnected[state_mismatch]
FAILED tests/monitor/test_predlab_v2.py::test_unknown_interval_is_never_dropped_or_reconnected[later_baseline]
FAILED tests/monitor/test_predlab_v2.py::test_invalid_v2_cannot_claim_complete_measurement[duplicate]
FAILED tests/monitor/test_predlab_v2.py::test_invalid_v2_cannot_claim_complete_measurement[mixed_version]
FAILED tests/monitor/test_predlab_v2.py::test_invalid_v2_cannot_claim_complete_measurement[nan]
FAILED tests/monitor/test_predlab_v2.py::test_invalid_v2_cannot_claim_complete_measurement[inf]
FAILED tests/monitor/test_predlab_v2.py::test_invalid_v2_cannot_claim_complete_measurement[bad_state]
FAILED tests/monitor/test_predlab_v2.py::test_invalid_v2_cannot_claim_complete_measurement[bad_weights]
FAILED tests/monitor/test_predlab_v2.py::test_existing_empty_or_corrupt_v2_never_falls_back_to_legacy[]
FAILED tests/monitor/test_predlab_v2.py::test_existing_empty_or_corrupt_v2_never_falls_back_to_legacy[{bad json\n]
FAILED tests/monitor/test_predlab_v2.py::test_existing_empty_or_corrupt_v2_never_falls_back_to_legacy[{"asof":"bad"}\n]
FAILED tests/monitor/test_predlab_v2.py::test_malformed_line_invalidates_whole_complete_claim_even_with_valid_rows
FAILED tests/monitor/test_predlab_v2.py::test_legacy_only_has_composition_and_health_but_no_net_performance
FAILED tests/monitor/test_predlab_v2.py::test_overlay_warmup_is_known_state_but_not_zero_performance
FAILED tests/monitor/test_predlab_v2.py::test_current_quote_incomplete_cannot_be_served_as_fully_complete
FAILED tests/monitor/test_predlab_v2.py::test_suspended_gate_and_removed_reference_do_not_serve_invalidated_scores
FAILED tests/monitor/test_predlab_v2.py::test_account_intent_then_reconciled_update_is_one_verified_cycle
FAILED tests/monitor/test_predlab_v2.py::test_account_unknown_execution_is_not_inferred_from_journal_date[intent]
FAILED tests/monitor/test_predlab_v2.py::test_account_unknown_execution_is_not_inferred_from_journal_date[incomplete]
FAILED tests/monitor/test_predlab_v2.py::test_account_unknown_execution_is_not_inferred_from_journal_date[dry_run]
FAILED tests/monitor/test_predlab_v2.py::test_account_unknown_execution_is_not_inferred_from_journal_date[residual]
FAILED tests/monitor/test_predlab_v2.py::test_account_unknown_execution_is_not_inferred_from_journal_date[missing_positions]
FAILED tests/monitor/test_predlab_v2.py::test_account_unknown_execution_is_not_inferred_from_journal_date[date_only]
FAILED tests/monitor/test_predlab_v2.py::test_account_unknown_execution_is_not_inferred_from_journal_date[gap]
FAILED tests/monitor/test_predlab_v2.py::test_live_v2_file_is_selected_even_when_empty
28 failed in 0.28s
