{
  "status": "PASS",
  "baseline": "fb40355a31193639b6301361e293f608f5e769cb",
  "prior_local_artifacts_verified": 2476,
  "external_original_inputs_verified": 222,
  "frozen_paths_unchanged": [
    "data",
    "tradingagents/accounting.py",
    "tradingagents/event_accounting.py",
    "tradingagents/xsect",
    "tradingagents/predlab",
    "scripts/predlab_s1_paper.py",
    "scripts/predlab_s1_live.py",
    "tests/test_event_accounting.py",
    "docs/event-accounting",
    "docs/audit",
    "docs/reevaluation",
    "docs/data-recovery",
    "docs/settlement-evidence"
  ],
  "financial_ledger": {
    "sha256": "710a4f087325bfb408ed8d051963a473e8d8a47b445ffae0238c565aff6dc791",
    "bytes": 428150,
    "new_rows": 0
  },
  "new_financial_runs": 0,
  "historical_terminal_prices_admitted": 0,
  "remote_mutations": 0,
  "source_sha256": {
    "tradingagents/event_accounting.py": "204519c8d31a3b21be9f33acd16090b378733f37a679a27671693feeadc10f03",
    "tests/test_event_accounting.py": "210f15fd207651494d9cd3c95f565abc77a91822f7f6ce66463d9767fdf01ef3"
  },
  "script_sha256": "61873127fe40488c5925b9cefd85e92cfdff7008d0249bf95d91c3931f0d2c70"
}
