{
  "schema_version": 1,
  "decision": "ACCEPTED_UNRELEASED_ACTUAL_COMPOSITION_AND_CAPTURE_SOURCE_ONLY",
  "checks": 2852,
  "source": "d4e56ba9ed968e9c24b2813656c2ca65a3dbd7a0",
  "source_members": 878,
  "parent_members": 15,
  "tracked": 290,
  "source_pins": 289,
  "implementation": 194,
  "package": 149,
  "copied_helpers": 7,
  "copied_proofs": 5,
  "draft_request_sha256": "524e5819e71cd826bf8426c9ce3ec416f14ccdb5a2944d645701a6a73d9241f4",
  "composition_sha256": "e9a54a4f86774ace7582a198689efab934d82f876979e54e29406f13a1fbbf0b",
  "capture_source_sha256": "e0255ce2b84afaa1a0365a1a3fc661eef0d69619c77eb0161f5327cb9a072c21",
  "source_manifest_sha256": "ebe3ade50a6bd106105001a615144a2e4ef1d649755989bc63937063ed9c258c",
  "parent_manifest_sha256": "7f608e9877086f961f4f8a998ba5faa50d42b8fd65808e2cf3ba2756eb28b77e",
  "runtime_executable_bytes": 31510904,
  "current_Torch_API_equality": null,
  "actualdraftrefused": true,
  "claims": 0,
  "capture_or_recovery_executed": false,
  "final_review_full_recovery_null": true,
  "native_resource_capacity_release": false
}
