test_body_limits_before_open (__main__.Cases.test_body_limits_before_open) ... FAIL
test_bounded_read_mutation_hash_link_secret_refuse (__main__.Cases.test_bounded_read_mutation_hash_link_secret_refuse) ... FAIL
test_cell_receipt_is_not_catalogue (__main__.Cases.test_cell_receipt_is_not_catalogue) ... FAIL
test_exact_fifteen_and_leap_boundaries (__main__.Cases.test_exact_fifteen_and_leap_boundaries) ... FAIL
test_full_year_and_original_object_byte_scope (__main__.Cases.test_full_year_and_original_object_byte_scope) ... FAIL
test_gap_wrong_date_etag_boolean_and_total_refusal (__main__.Cases.test_gap_wrong_date_etag_boolean_and_total_refusal) ... FAIL
test_missing_release_not_promoted_by_caller_booleans (__main__.Cases.test_missing_release_not_promoted_by_caller_booleans) ... FAIL
test_no_daily_new_identity_or_outside_population (__main__.Cases.test_no_daily_new_identity_or_outside_population) ... FAIL
test_policy_real_function_and_strict_caps (__main__.Cases.test_policy_real_function_and_strict_caps) ... FAIL
test_unknown_caps_not_inferred_from_object_bytes (__main__.Cases.test_unknown_caps_not_inferred_from_object_bytes) ... FAIL

======================================================================
FAIL: test_body_limits_before_open (__main__.Cases.test_body_limits_before_open)
----------------------------------------------------------------------
Traceback (most recent call last):
  File "/home/malecada/master_thesis/TradingAgents-audit-fixes/research/onchain-paper-replication-2026-09-24/full_sources/neural-cold-feature-handoff-broader-coverage-source-release-preparation01-2026-10-03/test_adapter01.py", line 10, in setUp
    def setUp(self):self.assertIsNotNone(module,'bounded acquisition preparation implementation absent')
                    ~~~~~~~~~~~~~~~~~~~~^^^^^^^^^^^^^^^^^^^^^^^^^^^^^^^^^^^^^^^^^^^^^^^^^^^^^^^^^^^^^^^^
AssertionError: unexpectedly None : bounded acquisition preparation implementation absent

======================================================================
FAIL: test_bounded_read_mutation_hash_link_secret_refuse (__main__.Cases.test_bounded_read_mutation_hash_link_secret_refuse)
----------------------------------------------------------------------
Traceback (most recent call last):
  File "/home/malecada/master_thesis/TradingAgents-audit-fixes/research/onchain-paper-replication-2026-09-24/full_sources/neural-cold-feature-handoff-broader-coverage-source-release-preparation01-2026-10-03/test_adapter01.py", line 10, in setUp
    def setUp(self):self.assertIsNotNone(module,'bounded acquisition preparation implementation absent')
                    ~~~~~~~~~~~~~~~~~~~~^^^^^^^^^^^^^^^^^^^^^^^^^^^^^^^^^^^^^^^^^^^^^^^^^^^^^^^^^^^^^^^^
AssertionError: unexpectedly None : bounded acquisition preparation implementation absent

======================================================================
FAIL: test_cell_receipt_is_not_catalogue (__main__.Cases.test_cell_receipt_is_not_catalogue)
----------------------------------------------------------------------
Traceback (most recent call last):
  File "/home/malecada/master_thesis/TradingAgents-audit-fixes/research/onchain-paper-replication-2026-09-24/full_sources/neural-cold-feature-handoff-broader-coverage-source-release-preparation01-2026-10-03/test_adapter01.py", line 10, in setUp
    def setUp(self):self.assertIsNotNone(module,'bounded acquisition preparation implementation absent')
                    ~~~~~~~~~~~~~~~~~~~~^^^^^^^^^^^^^^^^^^^^^^^^^^^^^^^^^^^^^^^^^^^^^^^^^^^^^^^^^^^^^^^^
AssertionError: unexpectedly None : bounded acquisition preparation implementation absent

======================================================================
FAIL: test_exact_fifteen_and_leap_boundaries (__main__.Cases.test_exact_fifteen_and_leap_boundaries)
----------------------------------------------------------------------
Traceback (most recent call last):
  File "/home/malecada/master_thesis/TradingAgents-audit-fixes/research/onchain-paper-replication-2026-09-24/full_sources/neural-cold-feature-handoff-broader-coverage-source-release-preparation01-2026-10-03/test_adapter01.py", line 10, in setUp
    def setUp(self):self.assertIsNotNone(module,'bounded acquisition preparation implementation absent')
                    ~~~~~~~~~~~~~~~~~~~~^^^^^^^^^^^^^^^^^^^^^^^^^^^^^^^^^^^^^^^^^^^^^^^^^^^^^^^^^^^^^^^^
AssertionError: unexpectedly None : bounded acquisition preparation implementation absent

======================================================================
FAIL: test_full_year_and_original_object_byte_scope (__main__.Cases.test_full_year_and_original_object_byte_scope)
----------------------------------------------------------------------
Traceback (most recent call last):
  File "/home/malecada/master_thesis/TradingAgents-audit-fixes/research/onchain-paper-replication-2026-09-24/full_sources/neural-cold-feature-handoff-broader-coverage-source-release-preparation01-2026-10-03/test_adapter01.py", line 10, in setUp
    def setUp(self):self.assertIsNotNone(module,'bounded acquisition preparation implementation absent')
                    ~~~~~~~~~~~~~~~~~~~~^^^^^^^^^^^^^^^^^^^^^^^^^^^^^^^^^^^^^^^^^^^^^^^^^^^^^^^^^^^^^^^^
AssertionError: unexpectedly None : bounded acquisition preparation implementation absent

======================================================================
FAIL: test_gap_wrong_date_etag_boolean_and_total_refusal (__main__.Cases.test_gap_wrong_date_etag_boolean_and_total_refusal)
----------------------------------------------------------------------
Traceback (most recent call last):
  File "/home/malecada/master_thesis/TradingAgents-audit-fixes/research/onchain-paper-replication-2026-09-24/full_sources/neural-cold-feature-handoff-broader-coverage-source-release-preparation01-2026-10-03/test_adapter01.py", line 10, in setUp
    def setUp(self):self.assertIsNotNone(module,'bounded acquisition preparation implementation absent')
                    ~~~~~~~~~~~~~~~~~~~~^^^^^^^^^^^^^^^^^^^^^^^^^^^^^^^^^^^^^^^^^^^^^^^^^^^^^^^^^^^^^^^^
AssertionError: unexpectedly None : bounded acquisition preparation implementation absent

======================================================================
FAIL: test_missing_release_not_promoted_by_caller_booleans (__main__.Cases.test_missing_release_not_promoted_by_caller_booleans)
----------------------------------------------------------------------
Traceback (most recent call last):
  File "/home/malecada/master_thesis/TradingAgents-audit-fixes/research/onchain-paper-replication-2026-09-24/full_sources/neural-cold-feature-handoff-broader-coverage-source-release-preparation01-2026-10-03/test_adapter01.py", line 10, in setUp
    def setUp(self):self.assertIsNotNone(module,'bounded acquisition preparation implementation absent')
                    ~~~~~~~~~~~~~~~~~~~~^^^^^^^^^^^^^^^^^^^^^^^^^^^^^^^^^^^^^^^^^^^^^^^^^^^^^^^^^^^^^^^^
AssertionError: unexpectedly None : bounded acquisition preparation implementation absent

======================================================================
FAIL: test_no_daily_new_identity_or_outside_population (__main__.Cases.test_no_daily_new_identity_or_outside_population)
----------------------------------------------------------------------
Traceback (most recent call last):
  File "/home/malecada/master_thesis/TradingAgents-audit-fixes/research/onchain-paper-replication-2026-09-24/full_sources/neural-cold-feature-handoff-broader-coverage-source-release-preparation01-2026-10-03/test_adapter01.py", line 10, in setUp
    def setUp(self):self.assertIsNotNone(module,'bounded acquisition preparation implementation absent')
                    ~~~~~~~~~~~~~~~~~~~~^^^^^^^^^^^^^^^^^^^^^^^^^^^^^^^^^^^^^^^^^^^^^^^^^^^^^^^^^^^^^^^^
AssertionError: unexpectedly None : bounded acquisition preparation implementation absent

======================================================================
FAIL: test_policy_real_function_and_strict_caps (__main__.Cases.test_policy_real_function_and_strict_caps)
----------------------------------------------------------------------
Traceback (most recent call last):
  File "/home/malecada/master_thesis/TradingAgents-audit-fixes/research/onchain-paper-replication-2026-09-24/full_sources/neural-cold-feature-handoff-broader-coverage-source-release-preparation01-2026-10-03/test_adapter01.py", line 10, in setUp
    def setUp(self):self.assertIsNotNone(module,'bounded acquisition preparation implementation absent')
                    ~~~~~~~~~~~~~~~~~~~~^^^^^^^^^^^^^^^^^^^^^^^^^^^^^^^^^^^^^^^^^^^^^^^^^^^^^^^^^^^^^^^^
AssertionError: unexpectedly None : bounded acquisition preparation implementation absent

======================================================================
FAIL: test_unknown_caps_not_inferred_from_object_bytes (__main__.Cases.test_unknown_caps_not_inferred_from_object_bytes)
----------------------------------------------------------------------
Traceback (most recent call last):
  File "/home/malecada/master_thesis/TradingAgents-audit-fixes/research/onchain-paper-replication-2026-09-24/full_sources/neural-cold-feature-handoff-broader-coverage-source-release-preparation01-2026-10-03/test_adapter01.py", line 10, in setUp
    def setUp(self):self.assertIsNotNone(module,'bounded acquisition preparation implementation absent')
                    ~~~~~~~~~~~~~~~~~~~~^^^^^^^^^^^^^^^^^^^^^^^^^^^^^^^^^^^^^^^^^^^^^^^^^^^^^^^^^^^^^^^^
AssertionError: unexpectedly None : bounded acquisition preparation implementation absent

----------------------------------------------------------------------
Ran 10 tests in 0.002s

FAILED (failures=10)
