PASS valid_control
UNEXPECTED_ACCEPT correctness_missing_cases
UNEXPECTED_ACCEPT correctness_wrong_cases
UNEXPECTED_ACCEPT correctness_missing_phase_count
UNEXPECTED_ACCEPT correctness_wrong_phase_count
UNEXPECTED_ACCEPT correctness_missing_phase_file
UNEXPECTED_ACCEPT correctness_wrong_phase_index
UNEXPECTED_ACCEPT correctness_wrong_phase_mode
UNEXPECTED_ACCEPT correctness_wrong_phase_phase
UNEXPECTED_ACCEPT correctness_wrong_intent_mode
UNEXPECTED_ACCEPT correctness_wrong_intent_run_id
UNEXPECTED_ACCEPT correctness_wrong_intent_source_commit
UNEXPECTED_ACCEPT correctness_wrong_intent_manifest_sha256
UNEXPECTED_ACCEPT profile_false_missing_cases
UNEXPECTED_ACCEPT profile_false_wrong_cases
UNEXPECTED_ACCEPT profile_false_missing_phase_count
UNEXPECTED_ACCEPT profile_false_wrong_phase_count
UNEXPECTED_ACCEPT profile_false_missing_phase_file
UNEXPECTED_ACCEPT profile_false_wrong_phase_index
UNEXPECTED_ACCEPT profile_false_wrong_phase_mode
UNEXPECTED_ACCEPT profile_false_wrong_phase_phase
UNEXPECTED_ACCEPT profile_false_wrong_intent_mode
UNEXPECTED_ACCEPT profile_false_wrong_intent_run_id
UNEXPECTED_ACCEPT profile_false_wrong_intent_source_commit
UNEXPECTED_ACCEPT profile_false_wrong_intent_manifest_sha256
UNEXPECTED_ACCEPT profile_true_missing_cases
UNEXPECTED_ACCEPT profile_true_wrong_cases
UNEXPECTED_ACCEPT profile_true_missing_phase_count
UNEXPECTED_ACCEPT profile_true_wrong_phase_count
UNEXPECTED_ACCEPT profile_true_missing_phase_file
UNEXPECTED_ACCEPT profile_true_wrong_phase_index
UNEXPECTED_ACCEPT profile_true_wrong_phase_mode
UNEXPECTED_ACCEPT profile_true_wrong_phase_phase
UNEXPECTED_ACCEPT profile_true_wrong_intent_mode
UNEXPECTED_ACCEPT profile_true_wrong_intent_run_id
UNEXPECTED_ACCEPT profile_true_wrong_intent_source_commit
UNEXPECTED_ACCEPT profile_true_wrong_intent_manifest_sha256
UNEXPECTED_ACCEPT coordinator_intent_wrong_source_commit
UNEXPECTED_ACCEPT coordinator_intent_wrong_manifest_sha256
UNEXPECTED_ACCEPT coordinator_terminal_wrong_source_commit
UNEXPECTED_ACCEPT coordinator_terminal_wrong_manifest_sha256
{"cases": 41, "unexpected_accepts": 40, "unexpected_rejections": 0, "passed": false}
