test_all_marker_failures_stay_pending_nonzero (__main__.Tests.test_all_marker_failures_stay_pending_nonzero) ... FAIL
test_already_fatal_survives_later_tail_failure (__main__.Tests.test_already_fatal_survives_later_tail_failure) ... ok
test_exact_old_final_watch_counterexample (__main__.Tests.test_exact_old_final_watch_counterexample) ... FAIL
test_failed_marker_fallback (__main__.Tests.test_failed_marker_fallback) ... FAIL
test_final_fatal_exact_identity (__main__.Tests.test_final_fatal_exact_identity) ... FAIL
test_success_requires_last_seal (__main__.Tests.test_success_requires_last_seal) ... FAIL

======================================================================
FAIL: test_all_marker_failures_stay_pending_nonzero (__main__.Tests.test_all_marker_failures_stay_pending_nonzero)
----------------------------------------------------------------------
Traceback (most recent call last):
  File "/home/malecada/master_thesis/TradingAgents-audit-fixes/research/onchain-paper-replication-2026-09-24/full_sources/neural-cold-feature-handoff-root-launcher-preparation02-2026-10-03/test_tail02.py", line 42, in test_all_marker_failures_stay_pending_nonzero
    self.assertIs(selected,f);self.assertIn('tail-intent.json',files);self.assertNotIn('tail-complete.json',files)
                              ~~~~~~~~~~~~~^^^^^^^^^^^^^^^^^^^^^^^^^^
AssertionError: 'tail-intent.json' not found in {'observation.json': b'{"automatic_retry": false, "disposition": "unclaimed", "identity": "synthetic-tail-only", "kind": "root-observation-not-child-terminal", "original_receipts": {}, "phase": "materialize", "request": {"synthetic": true}, "result": {"synthetic_success_observation": true}, "root_output_before_own_tail": {"allocated_bytes": 0, "files": 0}, "schema_version": 1, "source": "bbbbbbbbbbbbbbbbbbbbbbbbbbbbbbbbbbbbbbbb", "supervisor_exit_code": null}\n'}

======================================================================
FAIL: test_exact_old_final_watch_counterexample (__main__.Tests.test_exact_old_final_watch_counterexample)
----------------------------------------------------------------------
Traceback (most recent call last):
  File "/home/malecada/master_thesis/TradingAgents-audit-fixes/research/onchain-paper-replication-2026-09-24/full_sources/neural-cold-feature-handoff-root-launcher-preparation02-2026-10-03/test_tail02.py", line 33, in test_exact_old_final_watch_counterexample
    self.assertTrue(any(n in files for n in ('failure.json','late-failure.json','tail-write-failure.json')),'success observation left without additive revocation')
    ~~~~~~~~~~~~~~~^^^^^^^^^^^^^^^^^^^^^^^^^^^^^^^^^^^^^^^^^^^^^^^^^^^^^^^^^^^^^^^^^^^^^^^^^^^^^^^^^^^^^^^^^^^^^^^^^^^^^^^^^^^^^^^^^^^^^^^^^^^^^^^^^^^^^^^^^^^^^^^^
AssertionError: False is not true : success observation left without additive revocation

======================================================================
FAIL: test_failed_marker_fallback (__main__.Tests.test_failed_marker_fallback)
----------------------------------------------------------------------
Traceback (most recent call last):
  File "/home/malecada/master_thesis/TradingAgents-audit-fixes/research/onchain-paper-replication-2026-09-24/full_sources/neural-cold-feature-handoff-root-launcher-preparation02-2026-10-03/test_tail02.py", line 39, in test_failed_marker_fallback
    self.assertIs(selected,f);self.assertIn('late-failure.json',files);self.assertIn('failure.json',writes)
                              ~~~~~~~~~~~~~^^^^^^^^^^^^^^^^^^^^^^^^^^^
AssertionError: 'late-failure.json' not found in {'observation.json': b'{"automatic_retry": false, "disposition": "unclaimed", "identity": "synthetic-tail-only", "kind": "root-observation-not-child-terminal", "original_receipts": {}, "phase": "materialize", "request": {"synthetic": true}, "result": {"synthetic_success_observation": true}, "root_output_before_own_tail": {"allocated_bytes": 0, "files": 0}, "schema_version": 1, "source": "bbbbbbbbbbbbbbbbbbbbbbbbbbbbbbbbbbbbbbbb", "supervisor_exit_code": null}\n'}

======================================================================
FAIL: test_final_fatal_exact_identity (__main__.Tests.test_final_fatal_exact_identity)
----------------------------------------------------------------------
Traceback (most recent call last):
  File "/home/malecada/master_thesis/TradingAgents-audit-fixes/research/onchain-paper-replication-2026-09-24/full_sources/neural-cold-feature-handoff-root-launcher-preparation02-2026-10-03/test_tail02.py", line 36, in test_final_fatal_exact_identity
    selected,files,_,_=self.case(late=f);self.assertIs(selected,f);self.assertIn('failure.json',files)
                                                                   ~~~~~~~~~~~~~^^^^^^^^^^^^^^^^^^^^^^
AssertionError: 'failure.json' not found in {'observation.json': b'{"automatic_retry": false, "disposition": "unclaimed", "identity": "synthetic-tail-only", "kind": "root-observation-not-child-terminal", "original_receipts": {}, "phase": "materialize", "request": {"synthetic": true}, "result": {"synthetic_success_observation": true}, "root_output_before_own_tail": {"allocated_bytes": 0, "files": 0}, "schema_version": 1, "source": "bbbbbbbbbbbbbbbbbbbbbbbbbbbbbbbbbbbbbbbb", "supervisor_exit_code": null}\n'}

======================================================================
FAIL: test_success_requires_last_seal (__main__.Tests.test_success_requires_last_seal)
----------------------------------------------------------------------
Traceback (most recent call last):
  File "/home/malecada/master_thesis/TradingAgents-audit-fixes/research/onchain-paper-replication-2026-09-24/full_sources/neural-cold-feature-handoff-root-launcher-preparation02-2026-10-03/test_tail02.py", line 44, in test_success_requires_last_seal
    selected,files,_,_=self.case();self.assertIsNone(selected);self.assertIn('tail-complete.json',files);self.assertTrue(json.loads(files['observation.json'])['requires_root_tail_complete'])
                                                               ~~~~~~~~~~~~~^^^^^^^^^^^^^^^^^^^^^^^^^^^^
AssertionError: 'tail-complete.json' not found in {'observation.json': b'{"automatic_retry": false, "disposition": "unclaimed", "identity": "synthetic-tail-only", "kind": "root-observation-not-child-terminal", "original_receipts": {}, "phase": "materialize", "request": {"synthetic": true}, "result": {"synthetic_success_observation": true}, "root_output_before_own_tail": {"allocated_bytes": 0, "files": 0}, "schema_version": 1, "source": "bbbbbbbbbbbbbbbbbbbbbbbbbbbbbbbbbbbbbbbb", "supervisor_exit_code": null}\n'}

----------------------------------------------------------------------
Ran 6 tests in 0.052s

FAILED (failures=5)
