{
  "status": "passed-prospective-request-and-capsule-metadata-only",
  "observed_at": "2026-10-03T06:15:07.148954+00:00",
  "request_sha256": "ef024344fba338a34208686ef55f64a784a68571d0194d0e5a14040daa067836",
  "command_sha256": "3f20df217e73eb249140687d755ed984c41a0029e868cfcc3ffc544ec16814ac",
  "source_A2": "9742c6ec817dd0917f9f35a52e4b83965ca1cd29",
  "anchor_S2": "fb9fad1d93836b4f92f2be8111da4adf22b7e069",
  "metadata_T2": "095fd51e4d65318f4ee92de9873edf98cbee6c9b",
  "source_pins": 195,
  "anchor_pins": 147,
  "inputs": 9,
  "runtime_RECORDs_checked": 251,
  "runtime_package_origins": 139,
  "full_recovery_nonroot_rows": 733,
  "full_retained_members": 734,
  "files": 508,
  "directories_including_root": 226,
  "logical_bytes": 5107186,
  "installed_envelope_SHA": "28fd3602199eedeceae99208f84a8b923fbb457aef99a9c28b69cadf30842306",
  "old_main_new_namespace_absences": 30,
  "known_PIDs_absent": [
    2413150,
    2413154,
    2413318,
    2414328,
    2415326,
    2415330,
    2417343,
    2418034,
    2418042,
    3273614,
    3361898,
    3361899
  ],
  "fixed_global_output_parent": "/home/malecada/master_thesis/onchain-fixture-isolation/compact-cold-root-launches-20261003",
  "extracted_actual_job_commands_NOT_EXECUTED": {
    "launch": [
      "/home/malecada/master_thesis/TradingAgents-audit-fixes/.venv/bin/python",
      "-B",
      "-m",
      "tradingagents.research.onchain_replication.job",
      "--mode",
      "launch",
      "--root",
      "/home/malecada/master_thesis/onchain-fixture-isolation/neural-cold-proof-native-20261003-02/source",
      "--registration",
      "cold-registration.json",
      "--experiment",
      "compact-cold-inputs-20261003-01",
      "--source",
      "9742c6ec817dd0917f9f35a52e4b83965ca1cd29"
    ],
    "worker": [
      "/home/malecada/master_thesis/TradingAgents-audit-fixes/.venv/bin/python",
      "-B",
      "-m",
      "tradingagents.research.onchain_replication.job",
      "--mode",
      "worker",
      "--root",
      "/home/malecada/master_thesis/onchain-fixture-isolation/neural-cold-proof-native-20261003-02/source",
      "--registration",
      "cold-registration.json",
      "--experiment",
      "compact-cold-inputs-20261003-01",
      "--source",
      "9742c6ec817dd0917f9f35a52e4b83965ca1cd29"
    ]
  },
  "full_check_release_or_admit_called": false,
  "numerical_imports": false,
  "parent_wait_wrapper_review_pending": true
}
