test_actual_run_is_required (__main__.Tests.test_actual_run_is_required) ... FAIL
test_native_reuse_or_omitted_required_routes_refuse (__main__.Tests.test_native_reuse_or_omitted_required_routes_refuse) ... FAIL
test_old_route_is_not_silently_changed (__main__.Tests.test_old_route_is_not_silently_changed) ... FAIL
test_one_sided_or_unknown_engine_refuses_before_loading (__main__.Tests.test_one_sided_or_unknown_engine_refuses_before_loading) ... FAIL

======================================================================
FAIL: test_actual_run_is_required (__main__.Tests.test_actual_run_is_required)
----------------------------------------------------------------------
Traceback (most recent call last):
  File "/home/malecada/master_thesis/TradingAgents-audit-fixes/tests/research/onchain_replication/test_native_producer.py", line 38, in test_actual_run_is_required
    m=self.api()
  File "/home/malecada/master_thesis/TradingAgents-audit-fixes/tests/research/onchain_replication/test_native_producer.py", line 13, in api
    self.assertIsNotNone(importlib.util.find_spec(name),'maintained native producer missing')
    ~~~~~~~~~~~~~~~~~~~~^^^^^^^^^^^^^^^^^^^^^^^^^^^^^^^^^^^^^^^^^^^^^^^^^^^^^^^^^^^^^^^^^^^^^
AssertionError: unexpectedly None : maintained native producer missing

======================================================================
FAIL: test_native_reuse_or_omitted_required_routes_refuse (__main__.Tests.test_native_reuse_or_omitted_required_routes_refuse)
----------------------------------------------------------------------
Traceback (most recent call last):
  File "/home/malecada/master_thesis/TradingAgents-audit-fixes/tests/research/onchain_replication/test_native_producer.py", line 32, in test_native_reuse_or_omitted_required_routes_refuse
    m=self.api()
  File "/home/malecada/master_thesis/TradingAgents-audit-fixes/tests/research/onchain_replication/test_native_producer.py", line 13, in api
    self.assertIsNotNone(importlib.util.find_spec(name),'maintained native producer missing')
    ~~~~~~~~~~~~~~~~~~~~^^^^^^^^^^^^^^^^^^^^^^^^^^^^^^^^^^^^^^^^^^^^^^^^^^^^^^^^^^^^^^^^^^^^^
AssertionError: unexpectedly None : maintained native producer missing

======================================================================
FAIL: test_old_route_is_not_silently_changed (__main__.Tests.test_old_route_is_not_silently_changed)
----------------------------------------------------------------------
Traceback (most recent call last):
  File "/home/malecada/master_thesis/TradingAgents-audit-fixes/tests/research/onchain_replication/test_native_producer.py", line 22, in test_old_route_is_not_silently_changed
    m=self.api();job={'operation':'produce','plan_input':'plan','producer':'p'}
  File "/home/malecada/master_thesis/TradingAgents-audit-fixes/tests/research/onchain_replication/test_native_producer.py", line 13, in api
    self.assertIsNotNone(importlib.util.find_spec(name),'maintained native producer missing')
    ~~~~~~~~~~~~~~~~~~~~^^^^^^^^^^^^^^^^^^^^^^^^^^^^^^^^^^^^^^^^^^^^^^^^^^^^^^^^^^^^^^^^^^^^^
AssertionError: unexpectedly None : maintained native producer missing

======================================================================
FAIL: test_one_sided_or_unknown_engine_refuses_before_loading (__main__.Tests.test_one_sided_or_unknown_engine_refuses_before_loading)
----------------------------------------------------------------------
Traceback (most recent call last):
  File "/home/malecada/master_thesis/TradingAgents-audit-fixes/tests/research/onchain_replication/test_native_producer.py", line 25, in test_one_sided_or_unknown_engine_refuses_before_loading
    m=self.api()
  File "/home/malecada/master_thesis/TradingAgents-audit-fixes/tests/research/onchain_replication/test_native_producer.py", line 13, in api
    self.assertIsNotNone(importlib.util.find_spec(name),'maintained native producer missing')
    ~~~~~~~~~~~~~~~~~~~~^^^^^^^^^^^^^^^^^^^^^^^^^^^^^^^^^^^^^^^^^^^^^^^^^^^^^^^^^^^^^^^^^^^^^
AssertionError: unexpectedly None : maintained native producer missing

----------------------------------------------------------------------
Ran 4 tests in 0.002s

FAILED (failures=4)
