FF
======================================================================
FAIL: test_numeric_extent_uses_original_order_no_allocations (__main__.Contract.test_numeric_extent_uses_original_order_no_allocations)
----------------------------------------------------------------------
Traceback (most recent call last):
  File "/home/malecada/master_thesis/TradingAgents-audit-fixes/research/onchain-paper-replication-2026-09-24/full_sources/original-dictionary-import-implementation-2026-10-02/test_contract01.py", line 24, in test_numeric_extent_uses_original_order_no_allocations
    f=load()['materialization_bytes'];g={'node_ids':['a','b'],'node_features':[[1.,2.,3.,4.],[0.,0.,0.,0.]],'edge_index':[[0],[1]],'edge_features':[[1.,2.]],'edge_width':2}
      ~~~~^^
  File "/home/malecada/master_thesis/TradingAgents-audit-fixes/research/onchain-paper-replication-2026-09-24/full_sources/original-dictionary-import-implementation-2026-10-02/test_contract01.py", line 9, in load
    if not file.exists():raise AssertionError('typed preparation source absent')
                         ^^^^^^^^^^^^^^^^^^^^^^^^^^^^^^^^^^^^^^^^^^^^^^^^^^^^^^^
AssertionError: typed preparation source absent

======================================================================
FAIL: test_prebirth_exact_stage_order (__main__.Contract.test_prebirth_exact_stage_order)
----------------------------------------------------------------------
Traceback (most recent call last):
  File "/home/malecada/master_thesis/TradingAgents-audit-fixes/research/onchain-paper-replication-2026-09-24/full_sources/original-dictionary-import-implementation-2026-10-02/test_contract01.py", line 18, in test_prebirth_exact_stage_order
    f=load()['required_stages']
      ~~~~^^
  File "/home/malecada/master_thesis/TradingAgents-audit-fixes/research/onchain-paper-replication-2026-09-24/full_sources/original-dictionary-import-implementation-2026-10-02/test_contract01.py", line 9, in load
    if not file.exists():raise AssertionError('typed preparation source absent')
                         ^^^^^^^^^^^^^^^^^^^^^^^^^^^^^^^^^^^^^^^^^^^^^^^^^^^^^^^
AssertionError: typed preparation source absent

----------------------------------------------------------------------
Ran 2 tests in 0.001s

FAILED (failures=2)
