FFFFFFFFFFFFFF
======================================================================
FAIL: test_active_monitor_refused (test_death.DeathTests.test_active_monitor_refused)
----------------------------------------------------------------------
Traceback (most recent call last):
  File "/home/malecada/master_thesis/TradingAgents-audit-fixes/research/onchain-paper-replication-2026-09-24/full_sources/pair-death-2026-09-30/test_death.py", line 19, in setUp
    self.m=api();self.temp=tempfile.TemporaryDirectory();self.addCleanup(self.temp.cleanup)
           ~~~^^
  File "/home/malecada/master_thesis/TradingAgents-audit-fixes/research/onchain-paper-replication-2026-09-24/full_sources/pair-death-2026-09-30/test_death.py", line 13, in api
    assert (HERE/'death.py').is_file(),'failed-owner death verifier missing'
           ~~~~~~~~~~~~~~~~~~~~~~~~~^^
AssertionError: failed-owner death verifier missing

======================================================================
FAIL: test_changed_hash_refused (test_death.DeathTests.test_changed_hash_refused)
----------------------------------------------------------------------
Traceback (most recent call last):
  File "/home/malecada/master_thesis/TradingAgents-audit-fixes/research/onchain-paper-replication-2026-09-24/full_sources/pair-death-2026-09-30/test_death.py", line 19, in setUp
    self.m=api();self.temp=tempfile.TemporaryDirectory();self.addCleanup(self.temp.cleanup)
           ~~~^^
  File "/home/malecada/master_thesis/TradingAgents-audit-fixes/research/onchain-paper-replication-2026-09-24/full_sources/pair-death-2026-09-30/test_death.py", line 13, in api
    assert (HERE/'death.py').is_file(),'failed-owner death verifier missing'
           ~~~~~~~~~~~~~~~~~~~~~~~~~^^
AssertionError: failed-owner death verifier missing

======================================================================
FAIL: test_complete_parent_refused (test_death.DeathTests.test_complete_parent_refused)
----------------------------------------------------------------------
Traceback (most recent call last):
  File "/home/malecada/master_thesis/TradingAgents-audit-fixes/research/onchain-paper-replication-2026-09-24/full_sources/pair-death-2026-09-30/test_death.py", line 19, in setUp
    self.m=api();self.temp=tempfile.TemporaryDirectory();self.addCleanup(self.temp.cleanup)
           ~~~^^
  File "/home/malecada/master_thesis/TradingAgents-audit-fixes/research/onchain-paper-replication-2026-09-24/full_sources/pair-death-2026-09-30/test_death.py", line 13, in api
    assert (HERE/'death.py').is_file(),'failed-owner death verifier missing'
           ~~~~~~~~~~~~~~~~~~~~~~~~~^^
AssertionError: failed-owner death verifier missing

======================================================================
FAIL: test_copied_claim_outside_fixed_layout_refused (test_death.DeathTests.test_copied_claim_outside_fixed_layout_refused)
----------------------------------------------------------------------
Traceback (most recent call last):
  File "/home/malecada/master_thesis/TradingAgents-audit-fixes/research/onchain-paper-replication-2026-09-24/full_sources/pair-death-2026-09-30/test_death.py", line 19, in setUp
    self.m=api();self.temp=tempfile.TemporaryDirectory();self.addCleanup(self.temp.cleanup)
           ~~~^^
  File "/home/malecada/master_thesis/TradingAgents-audit-fixes/research/onchain-paper-replication-2026-09-24/full_sources/pair-death-2026-09-30/test_death.py", line 13, in api
    assert (HERE/'death.py').is_file(),'failed-owner death verifier missing'
           ~~~~~~~~~~~~~~~~~~~~~~~~~^^
AssertionError: failed-owner death verifier missing

======================================================================
FAIL: test_different_boot_refused (test_death.DeathTests.test_different_boot_refused)
----------------------------------------------------------------------
Traceback (most recent call last):
  File "/home/malecada/master_thesis/TradingAgents-audit-fixes/research/onchain-paper-replication-2026-09-24/full_sources/pair-death-2026-09-30/test_death.py", line 19, in setUp
    self.m=api();self.temp=tempfile.TemporaryDirectory();self.addCleanup(self.temp.cleanup)
           ~~~^^
  File "/home/malecada/master_thesis/TradingAgents-audit-fixes/research/onchain-paper-replication-2026-09-24/full_sources/pair-death-2026-09-30/test_death.py", line 13, in api
    assert (HERE/'death.py').is_file(),'failed-owner death verifier missing'
           ~~~~~~~~~~~~~~~~~~~~~~~~~^^
AssertionError: failed-owner death verifier missing

======================================================================
FAIL: test_existing_supervisor_refused (test_death.DeathTests.test_existing_supervisor_refused)
----------------------------------------------------------------------
Traceback (most recent call last):
  File "/home/malecada/master_thesis/TradingAgents-audit-fixes/research/onchain-paper-replication-2026-09-24/full_sources/pair-death-2026-09-30/test_death.py", line 19, in setUp
    self.m=api();self.temp=tempfile.TemporaryDirectory();self.addCleanup(self.temp.cleanup)
           ~~~^^
  File "/home/malecada/master_thesis/TradingAgents-audit-fixes/research/onchain-paper-replication-2026-09-24/full_sources/pair-death-2026-09-30/test_death.py", line 13, in api
    assert (HERE/'death.py').is_file(),'failed-owner death verifier missing'
           ~~~~~~~~~~~~~~~~~~~~~~~~~^^
AssertionError: failed-owner death verifier missing

======================================================================
FAIL: test_foreign_monitor_receipt_refused (test_death.DeathTests.test_foreign_monitor_receipt_refused)
----------------------------------------------------------------------
Traceback (most recent call last):
  File "/home/malecada/master_thesis/TradingAgents-audit-fixes/research/onchain-paper-replication-2026-09-24/full_sources/pair-death-2026-09-30/test_death.py", line 19, in setUp
    self.m=api();self.temp=tempfile.TemporaryDirectory();self.addCleanup(self.temp.cleanup)
           ~~~^^
  File "/home/malecada/master_thesis/TradingAgents-audit-fixes/research/onchain-paper-replication-2026-09-24/full_sources/pair-death-2026-09-30/test_death.py", line 13, in api
    assert (HERE/'death.py').is_file(),'failed-owner death verifier missing'
           ~~~~~~~~~~~~~~~~~~~~~~~~~^^
AssertionError: failed-owner death verifier missing

======================================================================
FAIL: test_foreign_source_refused (test_death.DeathTests.test_foreign_source_refused)
----------------------------------------------------------------------
Traceback (most recent call last):
  File "/home/malecada/master_thesis/TradingAgents-audit-fixes/research/onchain-paper-replication-2026-09-24/full_sources/pair-death-2026-09-30/test_death.py", line 19, in setUp
    self.m=api();self.temp=tempfile.TemporaryDirectory();self.addCleanup(self.temp.cleanup)
           ~~~^^
  File "/home/malecada/master_thesis/TradingAgents-audit-fixes/research/onchain-paper-replication-2026-09-24/full_sources/pair-death-2026-09-30/test_death.py", line 13, in api
    assert (HERE/'death.py').is_file(),'failed-owner death verifier missing'
           ~~~~~~~~~~~~~~~~~~~~~~~~~^^
AssertionError: failed-owner death verifier missing

======================================================================
FAIL: test_joined_failed_owner_is_read_only (test_death.DeathTests.test_joined_failed_owner_is_read_only)
----------------------------------------------------------------------
Traceback (most recent call last):
  File "/home/malecada/master_thesis/TradingAgents-audit-fixes/research/onchain-paper-replication-2026-09-24/full_sources/pair-death-2026-09-30/test_death.py", line 19, in setUp
    self.m=api();self.temp=tempfile.TemporaryDirectory();self.addCleanup(self.temp.cleanup)
           ~~~^^
  File "/home/malecada/master_thesis/TradingAgents-audit-fixes/research/onchain-paper-replication-2026-09-24/full_sources/pair-death-2026-09-30/test_death.py", line 13, in api
    assert (HERE/'death.py').is_file(),'failed-owner death verifier missing'
           ~~~~~~~~~~~~~~~~~~~~~~~~~^^
AssertionError: failed-owner death verifier missing

======================================================================
FAIL: test_linked_evidence_refused (test_death.DeathTests.test_linked_evidence_refused)
----------------------------------------------------------------------
Traceback (most recent call last):
  File "/home/malecada/master_thesis/TradingAgents-audit-fixes/research/onchain-paper-replication-2026-09-24/full_sources/pair-death-2026-09-30/test_death.py", line 19, in setUp
    self.m=api();self.temp=tempfile.TemporaryDirectory();self.addCleanup(self.temp.cleanup)
           ~~~^^
  File "/home/malecada/master_thesis/TradingAgents-audit-fixes/research/onchain-paper-replication-2026-09-24/full_sources/pair-death-2026-09-30/test_death.py", line 13, in api
    assert (HERE/'death.py').is_file(),'failed-owner death verifier missing'
           ~~~~~~~~~~~~~~~~~~~~~~~~~^^
AssertionError: failed-owner death verifier missing

======================================================================
FAIL: test_missing_observer_refused (test_death.DeathTests.test_missing_observer_refused)
----------------------------------------------------------------------
Traceback (most recent call last):
  File "/home/malecada/master_thesis/TradingAgents-audit-fixes/research/onchain-paper-replication-2026-09-24/full_sources/pair-death-2026-09-30/test_death.py", line 19, in setUp
    self.m=api();self.temp=tempfile.TemporaryDirectory();self.addCleanup(self.temp.cleanup)
           ~~~^^
  File "/home/malecada/master_thesis/TradingAgents-audit-fixes/research/onchain-paper-replication-2026-09-24/full_sources/pair-death-2026-09-30/test_death.py", line 13, in api
    assert (HERE/'death.py').is_file(),'failed-owner death verifier missing'
           ~~~~~~~~~~~~~~~~~~~~~~~~~^^
AssertionError: failed-owner death verifier missing

======================================================================
FAIL: test_observer_terminal_join_refused (test_death.DeathTests.test_observer_terminal_join_refused)
----------------------------------------------------------------------
Traceback (most recent call last):
  File "/home/malecada/master_thesis/TradingAgents-audit-fixes/research/onchain-paper-replication-2026-09-24/full_sources/pair-death-2026-09-30/test_death.py", line 19, in setUp
    self.m=api();self.temp=tempfile.TemporaryDirectory();self.addCleanup(self.temp.cleanup)
           ~~~^^
  File "/home/malecada/master_thesis/TradingAgents-audit-fixes/research/onchain-paper-replication-2026-09-24/full_sources/pair-death-2026-09-30/test_death.py", line 13, in api
    assert (HERE/'death.py').is_file(),'failed-owner death verifier missing'
           ~~~~~~~~~~~~~~~~~~~~~~~~~^^
AssertionError: failed-owner death verifier missing

======================================================================
FAIL: test_oversized_metadata_refused (test_death.DeathTests.test_oversized_metadata_refused)
----------------------------------------------------------------------
Traceback (most recent call last):
  File "/home/malecada/master_thesis/TradingAgents-audit-fixes/research/onchain-paper-replication-2026-09-24/full_sources/pair-death-2026-09-30/test_death.py", line 19, in setUp
    self.m=api();self.temp=tempfile.TemporaryDirectory();self.addCleanup(self.temp.cleanup)
           ~~~^^
  File "/home/malecada/master_thesis/TradingAgents-audit-fixes/research/onchain-paper-replication-2026-09-24/full_sources/pair-death-2026-09-30/test_death.py", line 13, in api
    assert (HERE/'death.py').is_file(),'failed-owner death verifier missing'
           ~~~~~~~~~~~~~~~~~~~~~~~~~^^
AssertionError: failed-owner death verifier missing

======================================================================
FAIL: test_populated_group_refused (test_death.DeathTests.test_populated_group_refused)
----------------------------------------------------------------------
Traceback (most recent call last):
  File "/home/malecada/master_thesis/TradingAgents-audit-fixes/research/onchain-paper-replication-2026-09-24/full_sources/pair-death-2026-09-30/test_death.py", line 19, in setUp
    self.m=api();self.temp=tempfile.TemporaryDirectory();self.addCleanup(self.temp.cleanup)
           ~~~^^
  File "/home/malecada/master_thesis/TradingAgents-audit-fixes/research/onchain-paper-replication-2026-09-24/full_sources/pair-death-2026-09-30/test_death.py", line 13, in api
    assert (HERE/'death.py').is_file(),'failed-owner death verifier missing'
           ~~~~~~~~~~~~~~~~~~~~~~~~~^^
AssertionError: failed-owner death verifier missing

----------------------------------------------------------------------
Ran 14 tests in 0.004s

FAILED (failures=14)
