FFFFF                                                                    [100%]
=================================== FAILURES ===================================
_ test_component_references_verify_and_hash_without_copying_numeric_payload[False] _

tmp_path = PosixPath('/tmp/pytest-of-malecada/pytest-21/test_component_references_veri0')
monkeypatch = <_pytest.monkeypatch.MonkeyPatch object at 0x7a99fc823100>
fortran = False

    @pytest.mark.parametrize('fortran',[False,True])
    def test_component_references_verify_and_hash_without_copying_numeric_payload(tmp_path,monkeypatch,fortran):
>       api()

tests/research/onchain_replication/test_feature_residency.py:29: 
_ _ _ _ _ _ _ _ _ _ _ _ _ _ _ _ _ _ _ _ _ _ _ _ _ _ _ _ _ _ _ _ _ _ _ _ _ _ _ _ 

    def api():
>       assert importlib.util.find_spec('tradingagents.research.onchain_replication.feature_residency'), 'bounded feature residency missing'
E       AssertionError: bounded feature residency missing
E       assert None
E        +  where None = <function find_spec at 0x7a99fe8a8860>('tradingagents.research.onchain_replication.feature_residency')
E        +    where <function find_spec at 0x7a99fe8a8860> = <module 'importlib.util' (frozen)>.find_spec
E        +      where <module 'importlib.util' (frozen)> = importlib.util

tests/research/onchain_replication/test_feature_residency.py:16: AssertionError
_ test_component_references_verify_and_hash_without_copying_numeric_payload[True] _

tmp_path = PosixPath('/tmp/pytest-of-malecada/pytest-21/test_component_references_veri1')
monkeypatch = <_pytest.monkeypatch.MonkeyPatch object at 0x7a99fc823230>
fortran = True

    @pytest.mark.parametrize('fortran',[False,True])
    def test_component_references_verify_and_hash_without_copying_numeric_payload(tmp_path,monkeypatch,fortran):
>       api()

tests/research/onchain_replication/test_feature_residency.py:29: 
_ _ _ _ _ _ _ _ _ _ _ _ _ _ _ _ _ _ _ _ _ _ _ _ _ _ _ _ _ _ _ _ _ _ _ _ _ _ _ _ 

    def api():
>       assert importlib.util.find_spec('tradingagents.research.onchain_replication.feature_residency'), 'bounded feature residency missing'
E       AssertionError: bounded feature residency missing
E       assert None
E        +  where None = <function find_spec at 0x7a99fe8a8860>('tradingagents.research.onchain_replication.feature_residency')
E        +    where <function find_spec at 0x7a99fe8a8860> = <module 'importlib.util' (frozen)>.find_spec
E        +      where <module 'importlib.util' (frozen)> = importlib.util

tests/research/onchain_replication/test_feature_residency.py:16: AssertionError
_ test_lazy_batch_deduplicates_graphs_releases_arrays_and_rechecks_corruption __

tmp_path = PosixPath('/tmp/pytest-of-malecada/pytest-21/test_lazy_batch_deduplicates_g0')

    def test_lazy_batch_deduplicates_graphs_releases_arrays_and_rechecks_corruption(tmp_path):
>       Map=api()
            ^^^^^

tests/research/onchain_replication/test_feature_residency.py:45: 
_ _ _ _ _ _ _ _ _ _ _ _ _ _ _ _ _ _ _ _ _ _ _ _ _ _ _ _ _ _ _ _ _ _ _ _ _ _ _ _ 

    def api():
>       assert importlib.util.find_spec('tradingagents.research.onchain_replication.feature_residency'), 'bounded feature residency missing'
E       AssertionError: bounded feature residency missing
E       assert None
E        +  where None = <function find_spec at 0x7a99fe8a8860>('tradingagents.research.onchain_replication.feature_residency')
E        +    where <function find_spec at 0x7a99fe8a8860> = <module 'importlib.util' (frozen)>.find_spec
E        +      where <module 'importlib.util' (frozen)> = importlib.util

tests/research/onchain_replication/test_feature_residency.py:16: AssertionError
_______ test_batch_numeric_limit_is_enforced_before_any_materialization ________

tmp_path = PosixPath('/tmp/pytest-of-malecada/pytest-21/test_batch_numeric_limit_is_en0')
monkeypatch = <_pytest.monkeypatch.MonkeyPatch object at 0x7a98c2fc0a70>

    def test_batch_numeric_limit_is_enforced_before_any_materialization(tmp_path,monkeypatch):
>       Map=api()
            ^^^^^

tests/research/onchain_replication/test_feature_residency.py:72: 
_ _ _ _ _ _ _ _ _ _ _ _ _ _ _ _ _ _ _ _ _ _ _ _ _ _ _ _ _ _ _ _ _ _ _ _ _ _ _ _ 

    def api():
>       assert importlib.util.find_spec('tradingagents.research.onchain_replication.feature_residency'), 'bounded feature residency missing'
E       AssertionError: bounded feature residency missing
E       assert None
E        +  where None = <function find_spec at 0x7a99fe8a8860>('tradingagents.research.onchain_replication.feature_residency')
E        +    where <function find_spec at 0x7a99fe8a8860> = <module 'importlib.util' (frozen)>.find_spec
E        +      where <module 'importlib.util' (frozen)> = importlib.util

tests/research/onchain_replication/test_feature_residency.py:16: AssertionError
_________ test_streamed_producer_does_not_keep_previous_graph_tensors __________

tmp_path = PosixPath('/tmp/pytest-of-malecada/pytest-21/test_streamed_producer_does_no0')

    def test_streamed_producer_does_not_keep_previous_graph_tensors(tmp_path):
>       api()

tests/research/onchain_replication/test_feature_residency.py:85: 
_ _ _ _ _ _ _ _ _ _ _ _ _ _ _ _ _ _ _ _ _ _ _ _ _ _ _ _ _ _ _ _ _ _ _ _ _ _ _ _ 

    def api():
>       assert importlib.util.find_spec('tradingagents.research.onchain_replication.feature_residency'), 'bounded feature residency missing'
E       AssertionError: bounded feature residency missing
E       assert None
E        +  where None = <function find_spec at 0x7a99fe8a8860>('tradingagents.research.onchain_replication.feature_residency')
E        +    where <function find_spec at 0x7a99fe8a8860> = <module 'importlib.util' (frozen)>.find_spec
E        +      where <module 'importlib.util' (frozen)> = importlib.util

tests/research/onchain_replication/test_feature_residency.py:16: AssertionError
- reviewed profile: 26 encountered files withheld; this is not the full legacy suite -
=========================== short test summary info ============================
FAILED tests/research/onchain_replication/test_feature_residency.py::test_component_references_verify_and_hash_without_copying_numeric_payload[False]
FAILED tests/research/onchain_replication/test_feature_residency.py::test_component_references_verify_and_hash_without_copying_numeric_payload[True]
FAILED tests/research/onchain_replication/test_feature_residency.py::test_lazy_batch_deduplicates_graphs_releases_arrays_and_rechecks_corruption
FAILED tests/research/onchain_replication/test_feature_residency.py::test_batch_numeric_limit_is_enforced_before_any_materialization
FAILED tests/research/onchain_replication/test_feature_residency.py::test_streamed_producer_does_not_keep_previous_graph_tensors
5 failed in 2.20s
