Reviewed offline profile: 246 modules; legacy/unreviewed modules excluded.
Isolated standard runtime: 184 modules.
........................................................................ [  2%]
.................................................... [  4%]
........................................................................ [  7%]
........................................................................ [  9%]
........................................................................ [ 12%]
........................................................................ [ 14%]
........................................................................ [ 17%]
........................................................................ [ 20%]
........................................................................ [ 22%]
........................................................................ [ 25%]
........................................................................ [ 28%]
........................................................................ [ 30%]
........................................................................ [ 33%]
........................................................................ [ 35%]
........................................................................ [ 38%]
........................................................................ [ 41%]
........................................................................ [ 43%]
........................................................................ [ 46%]
........................................................................ [ 49%]
........................................................................ [ 51%]
........................................................................ [ 54%]
........................................................................ [ 56%]
........................................................................ [ 59%]
........................................................................ [ 62%]
........................................................................ [ 64%]
........................................................................ [ 67%]
........................................................................ [ 70%]
........................................................ [ 72%]
........................................................................ [ 74%]
........................................................................ [ 77%]
........................................................................ [ 79%]
.............................................................. [ 82%]
........................................................................ [ 84%]
........................................................................ [ 87%]
........................................................................ [ 90%]
...................................................... [ 92%]
.................................................................. [ 94%]
..................................................................................................................... [ 98%]
....................................                                     [100%]
- reviewed profile: 75 encountered files withheld; this is not the full legacy suite -
2747 passed, 97 subtests passed in 1114.07s (0:18:34)
Isolated neural runtime: 62 modules.
...........s............................................................ [ 13%]
........................................................................ [ 27%]
........................................................................ [ 40%]
........................................s............................... [ 54%]
........................................................................ [ 68%]
........................................................................ [ 81%]
........................................................................ [ 95%]
.......................                                                  [100%]
- reviewed profile: 26 encountered files withheld; this is not the full legacy suite -
525 passed, 2 skipped in 422.10s (0:07:02)
