Reviewed offline profile: 169 modules; legacy/unreviewed modules excluded.
........................................................................ [  2%]
.................................................... [  5%]
........................................................................ [  8%]
........................................................................ [ 11%]
........................................................................ [ 14%]
........................................................................ [ 17%]
........................................................................ [ 19%]
........................................................................ [ 22%]
........................................................................ [ 25%]
........................................................................ [ 28%]
........................................................................ [ 31%]
........................................................................ [ 34%]
........................................................................ [ 37%]
........................................................................ [ 40%]
........................................................................ [ 43%]
........................................................................ [ 46%]
........................................................................ [ 49%]
........................................................................ [ 52%]
........................................................................ [ 55%]
........................................................................ [ 58%]
........................................................................ [ 61%]
........................................................................ [ 64%]
................................................................................................................................ [ 69%]
........................................................................ [ 72%]
........................................................................ [ 75%]
...................................................................................................................................... [ 81%]
........................................................................ [ 84%]
........................................................................ [ 87%]
........................................................................................................................ [ 92%]
........................................................................ [ 95%]
............................................. [ 97%]
.......................................................................  [100%]
- reviewed profile: 75 encountered files withheld; this is not the full legacy suite -
2422 passed, 97 subtests passed in 1098.44s (0:18:18)
