{
  "remote_receipt_sha256": "bf87f10a5f53fc3716a6f486f23d050356950e25919c572658c01717d24466f9",
  "remote_commit": "1cdc42223108e6a04defc69954a63fcec94abaa5",
  "selected_blobs": 5,
  "archive_sha256": "21aaba1108437db3d2878df74b1f7f641f83226a5dc63f87dd2ec9d5f2138ddd",
  "members": 235,
  "files": 200,
  "directories": 35,
  "logical_bytes": 3403631,
  "original_allocated_bytes": 3952640,
  "genuine_initial_commit": "c65287a2c70fdc38fd6335a994dfd29fe97e26b4",
  "parent_count": 0,
  "tracked_files": 200,
  "current_source_origins": 195,
  "required_package": 147,
  "package_bytes": 1477313,
  "snapshot_receipt_sha256": "09229f9b936ccbd053f709d9e36c4f4fdca9e0bce7f43302431a6d66e2a612b8",
  "numerical_anchor_sha256": "2b3d725f642e1e4084d5f8e19c83d7268731f85f912ed849465c091d392213ac",
  "no_claim_or_artifact_namespace": true,
  "no_network_extraction_numerics_jobs": true
}
