{
  "manifest_sha256": "b7ea23268fbe29bf161851bcc3ee02073aca4b4d0cc8b768194e066abd86534a",
  "manifest_bodies": 30,
  "dependencies": 3,
  "source_count": 169,
  "package_count": 144,
  "unchanged_targets": 168,
  "only_changed_target": "fixture_tools/refusal_outer01.py",
  "inverse_tail_move_full_AST_equal": true,
  "independent_actual_tail_combinations": 9,
  "genuine_selected_cleanup_class": true,
  "prospective_variants": 27,
  "classes": 16,
  "preclaim": 4,
  "max_claims": 23,
  "max_owners": 17,
  "max_journals": 19,
  "prospective_identity_comparisons": 1088,
  "scored_pair_maximum": 129,
  "actual_attempts": 0,
  "numerical_imports": false
}
