Reviewed offline profile: 247 modules; legacy/unreviewed modules excluded.
Isolated standard runtime: 185 modules.
........................................................................ [  2%]
.................................................... [  4%]
........................................................................ [  7%]
........................................................................ [  9%]
........................................................................ [ 12%]
........................................................................ [ 14%]
........................................................................ [ 17%]
........................................................................ [ 20%]
........................................................................ [ 22%]
........................................................................ [ 25%]
........................................................................ [ 27%]
........................................................................ [ 30%]
........................................................................ [ 33%]
........................................................................ [ 35%]
......FFF....................FFF........................................ [ 38%]
........................................................................ [ 40%]
........................................................................ [ 43%]
..............F...........................F.........FFFFFFF....FFFFFF... [ 46%]
........................................................................ [ 48%]
.......................