.EE....
======================================================================
ERROR: test_chain_refuses_failed_middle_preservation (__main__.RequirementTests.test_chain_refuses_failed_middle_preservation)
----------------------------------------------------------------------
Traceback (most recent call last):
  File "/home/malecada/master_thesis/TradingAgents-audit-fixes/research/onchain-paper-replication-2026-09-24/full_sources/graph-successor-07-2026-09-30/test_preservation_requirement.py", line 94, in test_chain_refuses_failed_middle_preservation
    m.verify_chain(self.root)
    ^^^^^^^^^^^^^^
AttributeError: module 'preservation_requirement' has no attribute 'verify_chain'

======================================================================
ERROR: test_chain_requires_all_three_exact_preservation_identities (__main__.RequirementTests.test_chain_requires_all_three_exact_preservation_identities)
----------------------------------------------------------------------
Traceback (most recent call last):
  File "/home/malecada/master_thesis/TradingAgents-audit-fixes/research/onchain-paper-replication-2026-09-24/full_sources/graph-successor-07-2026-09-30/test_preservation_requirement.py", line 78, in test_chain_requires_all_three_exact_preservation_identities
    result = m.verify_chain(self.root)
             ^^^^^^^^^^^^^^
AttributeError: module 'preservation_requirement' has no attribute 'verify_chain'

----------------------------------------------------------------------
Ran 7 tests in 0.025s

FAILED (errors=2)
