PASS plan_only_selector: actual01 accepts, actual02 refuses
PASS plan_only_unknown_selector: actual01 accepts, actual02 refuses
PASS valid selected six outputs
PASS legacy both absent, four outputs
PASS job_only
PASS mismatch
PASS empty_both
PASS bool_both
PASS job_typo
PASS plan_typo
PASS output_alias
PASS missing_target
PASS missing_output
PASS extra_output
PASS MemoryError exact identity
PASS KeyboardInterrupt exact identity
PASS SystemExit exact identity
PASS inverse whole bytes and AST exact outside two new statements
PASS representation name retained; actual reserved predicate parity
PASS preflight line 264 precedes open_first line 302
PASS 20 bounded checks; 16 manifest members; no numerical imports, actual claims or Owner
