{
  "(4, 5)": {
    "route_medians": {
      "pair_executor": 0.013727370496781077,
      "memo_constructor": 0.0005787949994555674,
      "memo_begin": 0.00041883550147758797,
      "memo_miss": 0.013884815503843129,
      "memo_end": 0.00044310100201983005
    },
    "memo_hit_median": 0.0003085985008510761,
    "staged_medians": {
      "policy_check": 1.7618003766983747e-05,
      "create": 0.0001770670060068369,
      "session_constructor": 0.00017472750187152997,
      "advance": 0.012605056494066957,
      "score": 0.00043926850048592314,
      "session_close": 1.772998075466603e-06,
      "state_close": 2.8355061658658087e-06,
      "bare_annealing_advance": 0.012389458002871834
    },
    "independent_component_medians": {
      "memo_current": 3.366299642948434e-05,
      "validate_pair": 6.481699529103935e-05,
      "policy_check": 2.2872503905091435e-05,
      "numeric_key": 3.288699372205883e-05
    }
  },
  "(8, 7)": {
    "route_medians": {
      "pair_executor": 0.020109060002141632,
      "memo_constructor": 0.0005626045021926984,
      "memo_begin": 0.00041298950236523524,
      "memo_miss": 0.02039099399553379,
      "memo_end": 0.00048100650019478053
    },
    "memo_hit_median": 0.00036712849396280944,
    "staged_medians": {
      "policy_check": 1.747199712553993e-05,
      "create": 0.00024114200641633943,
      "session_constructor": 0.00024021550052566454,
      "advance": 0.01855459100625012,
      "score": 0.0008225569981732406,
      "session_close": 2.0635052351281047e-06,
      "state_close": 3.512002876959741e-06,
      "bare_annealing_advance": 0.01849072099867044
    },
    "independent_component_medians": {
      "memo_current": 3.2530995667912066e-05,
      "validate_pair": 8.694800635566935e-05,
      "policy_check": 2.3814995074644685e-05,
      "numeric_key": 3.303699486423284e-05
    }
  }
}
runtime_seconds 1.024791097996058
