test_actual_old_source_red_and_new_full_roundtrip (__main__.Paths.test_actual_old_source_red_and_new_full_roundtrip) ... ok
test_alternate_encoding_rejected_by_exact_reencoding (__main__.Paths.test_alternate_encoding_rejected_by_exact_reencoding) ... ERROR
test_pax_extent_bound_precedes_payload (__main__.Paths.test_pax_extent_bound_precedes_payload) ... ok
test_pax_paths_and_raw_slash_refusals (__main__.Paths.test_pax_paths_and_raw_slash_refusals) ... ok
test_single_dir_slash_only_after_real_type (__main__.Paths.test_single_dir_slash_only_after_real_type) ... ok

======================================================================
ERROR: test_alternate_encoding_rejected_by_exact_reencoding (__main__.Paths.test_alternate_encoding_rejected_by_exact_reencoding)
----------------------------------------------------------------------
Traceback (most recent call last):
  File "/home/malecada/master_thesis/TradingAgents-audit-fixes/research/onchain-paper-replication-2026-09-24/full_sources/held-consumer-final-recovery-preparation04-2026-10-03/owned_io.py", line 34, in _cleanup
    try:close()
        ~~~~~^^
  File "/home/malecada/.local/share/uv/python/cpython-3.13.13-linux-x86_64-gnu/lib/python3.13/gzip.py", line 373, in close
    fileobj.write(self.compress.flush())
    ~~~~~~~~~~~~~^^^^^^^^^^^^^^^^^^^^^^^
  File "/home/malecada/master_thesis/TradingAgents-audit-fixes/research/onchain-paper-replication-2026-09-24/full_sources/held-consumer-final-recovery-preparation04-2026-10-03/recovery04.py", line 174, in write
    def write(self,b):require(b==self.expected[self.count:self.count+len(b)],'noncanonical exact compressed bytes');return super().write(b)
                      ~~~~~~~^^^^^^^^^^^^^^^^^^^^^^^^^^^^^^^^^^^^^^^^^^^^^^^^^^^^^^^^^^^^^^^^^^^^^^^^^^^^^^^^^^^^^^
  File "/home/malecada/master_thesis/TradingAgents-audit-fixes/research/onchain-paper-replication-2026-09-24/full_sources/held-consumer-final-recovery-preparation04-2026-10-03/recovery04.py", line 11, in require
    if not v:raise ValueError(msg)
             ^^^^^^^^^^^^^^^^^^^^^
ValueError: noncanonical exact compressed bytes

The above exception was the direct cause of the following exception:

Traceback (most recent call last):
  File "/home/malecada/master_thesis/TradingAgents-audit-fixes/research/onchain-paper-replication-2026-09-24/full_sources/held-consumer-final-recovery-preparation04-2026-10-03/check_paths04.py", line 48, in test_alternate_encoding_rejected_by_exact_reencoding
    with self.assertRaises(ValueError):m.restore(a,info,man,dest)
                                       ~~~~~~~~~^^^^^^^^^^^^^^^^^
  File "/home/malecada/master_thesis/TradingAgents-audit-fixes/research/onchain-paper-replication-2026-09-24/full_sources/held-consumer-final-recovery-preparation04-2026-10-03/recovery04.py", line 199, in restore
    require(seen==set(expected),'missing tar member');sink=ExactSink(raw);flat_tar_stream(output,m,mapping,sink);require(sink.count==len(raw) and sink.hash.hexdigest()==digest(raw),'noncanonical/trailing archive framing')
                                                                          ~~~~~~~~~~~~~~~^^^^^^^^^^^^^^^^^^^^^^^
  File "/home/malecada/master_thesis/TradingAgents-audit-fixes/research/onchain-paper-replication-2026-09-24/full_sources/held-consumer-final-recovery-preparation04-2026-10-03/recovery04.py", line 185, in flat_tar_stream
    finally:_cleanup((() if tar is None else (tar.close,))+(() if gz is None else (gz.close,)))
            ~~~~~~~~^^^^^^^^^^^^^^^^^^^^^^^^^^^^^^^^^^^^^^^^^^^^^^^^^^^^^^^^^^^^^^^^^^^^^^^^^^^
  File "/home/malecada/master_thesis/TradingAgents-audit-fixes/research/onchain-paper-replication-2026-09-24/full_sources/held-consumer-final-recovery-preparation04-2026-10-03/owned_io.py", line 52, in _cleanup
    raise failure
owned_io.CleanupFailure: score storage cleanup unresolved; worker must stop

----------------------------------------------------------------------
Ran 5 tests in 0.023s

FAILED (errors=1)
