Exit code: 0
{
  "schema_version": 1,
  "source_only": true,
  "finite_path_callers": [
    {
      "source": "fixture_tools/outer_controller01.py",
      "line": 136,
      "target": "tradingagents/research/onchain_replication/resources.py"
    },
    {
      "source": "fixture_tools/outer_controller01.py",
      "line": 137,
      "target": "tradingagents/research/onchain_replication/workflow_storage.py"
    },
    {
      "source": "fixture_tools/outer_controller01.py",
      "line": 138,
      "target": "fixture_tools/runtime_gate01.py"
    },
    {
      "source": "proof_tools/proof_outer01.py",
      "line": 126,
      "target": "tradingagents/research/onchain_replication/resources.py"
    },
    {
      "source": "proof_tools/proof_outer01.py",
      "line": 127,
      "target": "tradingagents/research/onchain_replication/workflow_storage.py"
    },
    {
      "source": "proof_tools/proof_outer01.py",
      "line": 128,
      "target": "proof_tools/runtime_gate01.py"
    },
    {
      "source": "proof_tools/proof_release01.py",
      "line": 83,
      "target": "proof_tools/runtime_gate01.py"
    },
    {
      "source": "proof_tools/proof_supervise01.py",
      "line": 13,
      "target": "tradingagents/research/onchain_replication/resources.py"
    },
    {
      "source": "proof_tools/proof_supervise01.py",
      "line": 13,
      "target": "tradingagents/research/onchain_replication/workflow_storage.py"
    },
    {
      "source": "research/onchain-paper-replication-2026-09-24/full_sources/dictionary-publication-2026-10-01/driver.py",
      "line": 15,
      "target": "research/onchain-paper-replication-2026-09-24/full_sources/sampler-proof-route-2026-10-01/route.py"
    },
    {
      "source": "research/onchain-paper-replication-2026-09-24/full_sources/dictionary-publication-2026-10-01/driver.py",
      "line": 17,
      "target": "research/onchain-paper-replication-2026-09-24/full_sources/pair-workload-2026-09-30/workload.py"
    },
    {
      "source": "research/onchain-paper-replication-2026-09-24/full_sources/graph-feature-route-2026-10-01/route.py",
      "line": 17,
      "target": "research/onchain-paper-replication-2026-09-24/full_sources/mcm-artifact-route-2026-10-01/route.py"
    },
    {
      "source": "research/onchain-paper-replication-2026-09-24/full_sources/graph-feature-route-2026-10-01/route.py",
      "line": 18,
      "target": "research/onchain-paper-replication-2026-09-24/full_sources/graph-feature-boundary-2026-10-01/boundary.py"
    },
    {
      "source": "research/onchain-paper-replication-2026-09-24/full_sources/pair-consumer-route-2026-10-01/route.py",
      "line": 14,
      "target": "research/onchain-paper-replication-2026-09-24/full_sources/pair-owner-route-2026-09-30/ownership.py"
    },
    {
      "source": "research/onchain-paper-replication-2026-09-24/full_sources/pair-consumer-route-2026-10-01/route.py",
      "line": 15,
      "target": "research/onchain-paper-replication-2026-09-24/full_sources/pair-serial-composition-2026-09-30/serial.py"
    },
    {
      "source": "research/onchain-paper-replication-2026-09-24/full_sources/pair-owner-route-2026-09-30/ownership.py",
      "line": 20,
      "target": "research/onchain-paper-replication-2026-09-24/full_sources/pair-workload-route-2026-09-30/route.py"
    },
    {
      "source": "research/onchain-paper-replication-2026-09-24/full_sources/pair-owner-route-2026-09-30/ownership.py",
      "line": 21,
      "target": "research/onchain-paper-replication-2026-09-24/full_sources/pair-owner-route-2026-09-30/journal.py"
    },
    {
      "source": "research/onchain-paper-replication-2026-09-24/full_sources/representation-denominator-route-2026-10-01/route.py",
      "line": 18,
      "target": "research/onchain-paper-replication-2026-09-24/full_sources/graph-feature-artifact-route-2026-10-01/route.py"
    },
    {
      "source": "research/onchain-paper-replication-2026-09-24/full_sources/representation-denominator-route-2026-10-01/route.py",
      "line": 19,
      "target": "research/onchain-paper-replication-2026-09-24/full_sources/representation-denominator-2026-10-01/denominator.py"
    },
    {
      "source": "research/onchain-paper-replication-2026-09-24/full_sources/sample-artifact-route-2026-10-01/route.py",
      "line": 18,
      "target": "research/onchain-paper-replication-2026-09-24/full_sources/pair-consumer-route-2026-10-01/route.py"
    },
    {
      "source": "research/onchain-paper-replication-2026-09-24/full_sources/sample-artifact-route-2026-10-01/route.py",
      "line": 19,
      "target": "research/onchain-paper-replication-2026-09-24/full_sources/pair-component-reader-2026-10-01/reader.py"
    },
    {
      "source": "research/onchain-paper-replication-2026-09-24/full_sources/sampler-proof-route-2026-10-01/producer.py",
      "line": 21,
      "target": "research/onchain-paper-replication-2026-09-24/full_sources/sample-artifact-route-2026-10-01/route.py"
    },
    {
      "source": "research/onchain-paper-replication-2026-09-24/full_sources/sampler-proof-route-2026-10-01/producer.py",
      "line": 22,
      "target": "research/onchain-paper-replication-2026-09-24/full_sources/sampler-leased-core-2026-10-01/core.py"
    }
  ],
  "generic_load_functions_all_callers_resolved": true,
  "MCM_path_dispatch": {
    "scientific": "research/onchain-paper-replication-2026-09-24/full_sources/mcm-array-kernel-2026-10-01/kernel.py",
    "imported": "research/onchain-paper-replication-2026-09-24/full_sources/original-import-fixture-bridge-candidate-2026-10-02/imported_kernel.py",
    "scientific_proof_selects": "scientific"
  },
  "legacy_native_reuse": {
    "selected": false,
    "reason": "different explicit native_backend returns False before api; schema2 compatibility is not broadened",
    "legacy_api_not_admitted_by_this_closure": true
  }
}
