Exit code: 0
{
  "sources": 195,
  "package": 147,
  "external": 33,
  "local_import_edges": 881,
  "missing_local_imports": [],
  "actual_required_sources": 47,
  "SOURCES_declaration_modules": [
    "research/onchain-paper-replication-2026-09-24/full_sources/dictionary-artifact-route-2026-10-01/route.py",
    "research/onchain-paper-replication-2026-09-24/full_sources/dictionary-publication-2026-10-01/driver.py",
    "research/onchain-paper-replication-2026-09-24/full_sources/dictionary-publication-2026-10-01/publication.py",
    "research/onchain-paper-replication-2026-09-24/full_sources/graph-feature-artifact-route-2026-10-01/route.py",
    "research/onchain-paper-replication-2026-09-24/full_sources/graph-feature-boundary-2026-10-01/boundary.py",
    "research/onchain-paper-replication-2026-09-24/full_sources/graph-feature-publication-2026-10-01/encoded_hashes.py",
    "research/onchain-paper-replication-2026-09-24/full_sources/graph-feature-publication-2026-10-01/publication.py",
    "research/onchain-paper-replication-2026-09-24/full_sources/graph-feature-route-2026-10-01/route.py",
    "research/onchain-paper-replication-2026-09-24/full_sources/mcm-array-kernel-2026-10-01/kernel.py",
    "research/onchain-paper-replication-2026-09-24/full_sources/mcm-artifact-route-2026-10-01/route.py",
    "research/onchain-paper-replication-2026-09-24/full_sources/mcm-publication-2026-10-01/driver.py",
    "research/onchain-paper-replication-2026-09-24/full_sources/mcm-publication-2026-10-01/publication.py",
    "research/onchain-paper-replication-2026-09-24/full_sources/pair-component-reader-2026-10-01/reader.py",
    "research/onchain-paper-replication-2026-09-24/full_sources/pair-consumer-route-2026-10-01/route.py",
    "research/onchain-paper-replication-2026-09-24/full_sources/pair-extent-2026-09-30/extent.py",
    "research/onchain-paper-replication-2026-09-24/full_sources/pair-serial-composition-2026-09-30/serial.py",
    "research/onchain-paper-replication-2026-09-24/full_sources/pair-workload-2026-09-30/workload.py",
    "research/onchain-paper-replication-2026-09-24/full_sources/representation-closure-route-2026-10-01/closure.py",
    "research/onchain-paper-replication-2026-09-24/full_sources/representation-denominator-2026-10-01/denominator.py",
    "research/onchain-paper-replication-2026-09-24/full_sources/representation-denominator-route-2026-10-01/route.py",
    "research/onchain-paper-replication-2026-09-24/full_sources/representation-seal-2026-10-01/publication.py",
    "research/onchain-paper-replication-2026-09-24/full_sources/representation-seal-2026-10-01/records.py",
    "research/onchain-paper-replication-2026-09-24/full_sources/sample-artifact-route-2026-10-01/route.py",
    "research/onchain-paper-replication-2026-09-24/full_sources/sampler-leased-core-2026-10-01/core.py",
    "research/onchain-paper-replication-2026-09-24/full_sources/sampler-proof-route-2026-10-01/producer.py",
    "research/onchain-paper-replication-2026-09-24/full_sources/sampler-proof-route-2026-10-01/route.py",
    "research/onchain-paper-replication-2026-09-24/full_sources/terminal-output-lifetime-2026-10-01/native_map.py",
    "research/onchain-paper-replication-2026-09-24/full_sources/terminal-output-lifetime-2026-10-01/seal.py",
    "tradingagents/research/lifecycle.py",
    "tradingagents/research/onchain_replication/archive_owner_seal.py",
    "tradingagents/research/onchain_replication/array_neighborhoods.py",
    "tradingagents/research/onchain_replication/calendar.py",
    "tradingagents/research/onchain_replication/cold_files.py",
    "tradingagents/research/onchain_replication/compact_cold_features.py",
    "tradingagents/research/onchain_replication/compact_denominator.py",
    "tradingagents/research/onchain_replication/compact_dictionary.py",
    "tradingagents/research/onchain_replication/compact_features.py",
    "tradingagents/research/onchain_replication/compact_mcm.py",
    "tradingagents/research/onchain_replication/compact_native_features.py",
    "tradingagents/research/onchain_replication/compact_native_producer.py",
    "tradingagents/research/onchain_replication/compact_sampler.py",
    "tradingagents/research/onchain_replication/compact_samples.py",
    "tradingagents/research/onchain_replication/compact_stage.py",
    "tradingagents/research/onchain_replication/component_store.py",
    "tradingagents/research/onchain_replication/dataset.py",
    "tradingagents/research/onchain_replication/dictionary.py",
    "tradingagents/research/onchain_replication/feature_journal.py",
    "tradingagents/research/onchain_replication/feature_pipeline.py",
    "tradingagents/research/onchain_replication/feature_residency.py",
    "tradingagents/research/onchain_replication/neighborhood_policy.py",
    "tradingagents/research/onchain_replication/neighborhoods.py",
    "tradingagents/research/onchain_replication/serialization.py"
  ],
  "numeric_imports": false,
  "capsule": false,
  "authority": false
}
