FFFFFFFFF
======================================================================
FAIL: test_changed_nested_metadata_rejected_without_array_read (__main__.Tests.test_changed_nested_metadata_rejected_without_array_read)
----------------------------------------------------------------------
Traceback (most recent call last):
  File "/home/malecada/master_thesis/TradingAgents-audit-fixes/research/onchain-paper-replication-2026-09-24/full_sources/pair-extent-2026-09-30/test_extent.py", line 25, in setUp
    self.m=api();self.temp=tempfile.TemporaryDirectory();self.addCleanup(self.temp.cleanup)
           ~~~^^
  File "/home/malecada/master_thesis/TradingAgents-audit-fixes/research/onchain-paper-replication-2026-09-24/full_sources/pair-extent-2026-09-30/test_extent.py", line 18, in api
    assert (HERE/'extent.py').is_file(), 'policy-bound extent verifier missing'
           ~~~~~~~~~~~~~~~~~~~~~~~~~~^^
AssertionError: policy-bound extent verifier missing

======================================================================
FAIL: test_complete_publication_has_no_state (__main__.Tests.test_complete_publication_has_no_state)
----------------------------------------------------------------------
Traceback (most recent call last):
  File "/home/malecada/master_thesis/TradingAgents-audit-fixes/research/onchain-paper-replication-2026-09-24/full_sources/pair-extent-2026-09-30/test_extent.py", line 25, in setUp
    self.m=api();self.temp=tempfile.TemporaryDirectory();self.addCleanup(self.temp.cleanup)
           ~~~^^
  File "/home/malecada/master_thesis/TradingAgents-audit-fixes/research/onchain-paper-replication-2026-09-24/full_sources/pair-extent-2026-09-30/test_extent.py", line 18, in api
    assert (HERE/'extent.py').is_file(), 'policy-bound extent verifier missing'
           ~~~~~~~~~~~~~~~~~~~~~~~~~~^^
AssertionError: policy-bound extent verifier missing

======================================================================
FAIL: test_exact_owner_policy_identity_parent_and_manifest_hash (__main__.Tests.test_exact_owner_policy_identity_parent_and_manifest_hash)
----------------------------------------------------------------------
Traceback (most recent call last):
  File "/home/malecada/master_thesis/TradingAgents-audit-fixes/research/onchain-paper-replication-2026-09-24/full_sources/pair-extent-2026-09-30/test_extent.py", line 25, in setUp
    self.m=api();self.temp=tempfile.TemporaryDirectory();self.addCleanup(self.temp.cleanup)
           ~~~^^
  File "/home/malecada/master_thesis/TradingAgents-audit-fixes/research/onchain-paper-replication-2026-09-24/full_sources/pair-extent-2026-09-30/test_extent.py", line 18, in api
    assert (HERE/'extent.py').is_file(), 'policy-bound extent verifier missing'
           ~~~~~~~~~~~~~~~~~~~~~~~~~~^^
AssertionError: policy-bound extent verifier missing

======================================================================
FAIL: test_policy_values_cannot_be_boolean_or_nonpositive (__main__.Tests.test_policy_values_cannot_be_boolean_or_nonpositive)
----------------------------------------------------------------------
Traceback (most recent call last):
  File "/home/malecada/master_thesis/TradingAgents-audit-fixes/research/onchain-paper-replication-2026-09-24/full_sources/pair-extent-2026-09-30/test_extent.py", line 25, in setUp
    self.m=api();self.temp=tempfile.TemporaryDirectory();self.addCleanup(self.temp.cleanup)
           ~~~^^
  File "/home/malecada/master_thesis/TradingAgents-audit-fixes/research/onchain-paper-replication-2026-09-24/full_sources/pair-extent-2026-09-30/test_extent.py", line 18, in api
    assert (HERE/'extent.py').is_file(), 'policy-bound extent verifier missing'
           ~~~~~~~~~~~~~~~~~~~~~~~~~~^^
AssertionError: policy-bound extent verifier missing

======================================================================
FAIL: test_ranked_hardening_inventory (__main__.Tests.test_ranked_hardening_inventory)
----------------------------------------------------------------------
Traceback (most recent call last):
  File "/home/malecada/master_thesis/TradingAgents-audit-fixes/research/onchain-paper-replication-2026-09-24/full_sources/pair-extent-2026-09-30/test_extent.py", line 25, in setUp
    self.m=api();self.temp=tempfile.TemporaryDirectory();self.addCleanup(self.temp.cleanup)
           ~~~^^
  File "/home/malecada/master_thesis/TradingAgents-audit-fixes/research/onchain-paper-replication-2026-09-24/full_sources/pair-extent-2026-09-30/test_extent.py", line 18, in api
    assert (HERE/'extent.py').is_file(), 'policy-bound extent verifier missing'
           ~~~~~~~~~~~~~~~~~~~~~~~~~~^^
AssertionError: policy-bound extent verifier missing

======================================================================
FAIL: test_real_annealing_inventory_and_bytes_without_array_reads (__main__.Tests.test_real_annealing_inventory_and_bytes_without_array_reads)
----------------------------------------------------------------------
Traceback (most recent call last):
  File "/home/malecada/master_thesis/TradingAgents-audit-fixes/research/onchain-paper-replication-2026-09-24/full_sources/pair-extent-2026-09-30/test_extent.py", line 25, in setUp
    self.m=api();self.temp=tempfile.TemporaryDirectory();self.addCleanup(self.temp.cleanup)
           ~~~^^
  File "/home/malecada/master_thesis/TradingAgents-audit-fixes/research/onchain-paper-replication-2026-09-24/full_sources/pair-extent-2026-09-30/test_extent.py", line 18, in api
    assert (HERE/'extent.py').is_file(), 'policy-bound extent verifier missing'
           ~~~~~~~~~~~~~~~~~~~~~~~~~~^^
AssertionError: policy-bound extent verifier missing

======================================================================
FAIL: test_symlink_and_hardlink_extents_refused (__main__.Tests.test_symlink_and_hardlink_extents_refused)
----------------------------------------------------------------------
Traceback (most recent call last):
  File "/home/malecada/master_thesis/TradingAgents-audit-fixes/research/onchain-paper-replication-2026-09-24/full_sources/pair-extent-2026-09-30/test_extent.py", line 25, in setUp
    self.m=api();self.temp=tempfile.TemporaryDirectory();self.addCleanup(self.temp.cleanup)
           ~~~^^
  File "/home/malecada/master_thesis/TradingAgents-audit-fixes/research/onchain-paper-replication-2026-09-24/full_sources/pair-extent-2026-09-30/test_extent.py", line 18, in api
    assert (HERE/'extent.py').is_file(), 'policy-bound extent verifier missing'
           ~~~~~~~~~~~~~~~~~~~~~~~~~~^^
AssertionError: policy-bound extent verifier missing

======================================================================
FAIL: test_under_reservation_refused_before_any_metadata_read (__main__.Tests.test_under_reservation_refused_before_any_metadata_read)
----------------------------------------------------------------------
Traceback (most recent call last):
  File "/home/malecada/master_thesis/TradingAgents-audit-fixes/research/onchain-paper-replication-2026-09-24/full_sources/pair-extent-2026-09-30/test_extent.py", line 25, in setUp
    self.m=api();self.temp=tempfile.TemporaryDirectory();self.addCleanup(self.temp.cleanup)
           ~~~^^
  File "/home/malecada/master_thesis/TradingAgents-audit-fixes/research/onchain-paper-replication-2026-09-24/full_sources/pair-extent-2026-09-30/test_extent.py", line 18, in api
    assert (HERE/'extent.py').is_file(), 'policy-bound extent verifier missing'
           ~~~~~~~~~~~~~~~~~~~~~~~~~~^^
AssertionError: policy-bound extent verifier missing

======================================================================
FAIL: test_unexpected_file_missing_extent_and_wrong_size_refused (__main__.Tests.test_unexpected_file_missing_extent_and_wrong_size_refused)
----------------------------------------------------------------------
Traceback (most recent call last):
  File "/home/malecada/master_thesis/TradingAgents-audit-fixes/research/onchain-paper-replication-2026-09-24/full_sources/pair-extent-2026-09-30/test_extent.py", line 25, in setUp
    self.m=api();self.temp=tempfile.TemporaryDirectory();self.addCleanup(self.temp.cleanup)
           ~~~^^
  File "/home/malecada/master_thesis/TradingAgents-audit-fixes/research/onchain-paper-replication-2026-09-24/full_sources/pair-extent-2026-09-30/test_extent.py", line 18, in api
    assert (HERE/'extent.py').is_file(), 'policy-bound extent verifier missing'
           ~~~~~~~~~~~~~~~~~~~~~~~~~~^^
AssertionError: policy-bound extent verifier missing

----------------------------------------------------------------------
Ran 9 tests in 0.002s

FAILED (failures=9)
