test_accepts_complete_reviewed_preservation (test_preservation_requirement.RequirementTests.test_accepts_complete_reviewed_preservation) ... ok
test_chain_refuses_failed_middle_preservation (test_preservation_requirement.RequirementTests.test_chain_refuses_failed_middle_preservation) ... ok
test_chain_requires_all_five_exact_preservation_identities (test_preservation_requirement.RequirementTests.test_chain_requires_all_five_exact_preservation_identities) ... ERROR
test_rejects_incomplete_roundtrip_or_wrong_remote (test_preservation_requirement.RequirementTests.test_rejects_incomplete_roundtrip_or_wrong_remote) ... ok
test_rejects_live_owner_or_failed_terminal (test_preservation_requirement.RequirementTests.test_rejects_live_owner_or_failed_terminal) ... ok
test_rejects_retained_source_or_sidecar_disagreement (test_preservation_requirement.RequirementTests.test_rejects_retained_source_or_sidecar_disagreement) ... ok
test_rejects_unreviewed_or_drifted_evidence (test_preservation_requirement.RequirementTests.test_rejects_unreviewed_or_drifted_evidence) ... ok

======================================================================
ERROR: test_chain_requires_all_five_exact_preservation_identities (test_preservation_requirement.RequirementTests.test_chain_requires_all_five_exact_preservation_identities)
----------------------------------------------------------------------
Traceback (most recent call last):
  File "/home/malecada/master_thesis/TradingAgents-audit-fixes/research/onchain-paper-replication-2026-09-24/full_sources/graph-successor-09-2026-09-30/test_preservation_requirement.py", line 77, in test_chain_requires_all_five_exact_preservation_identities
    shutil.copytree(self.storage, self.root/p)
    ~~~~~~~~~~~~~~~^^^^^^^^^^^^^^^^^^^^^^^^^^^
  File "/home/malecada/.local/share/uv/python/cpython-3.13.13-linux-x86_64-gnu/lib/python3.13/shutil.py", line 593, in copytree
    return _copytree(entries=entries, src=src, dst=dst, symlinks=symlinks,
                     ignore=ignore, copy_function=copy_function,
                     ignore_dangling_symlinks=ignore_dangling_symlinks,
                     dirs_exist_ok=dirs_exist_ok)
  File "/home/malecada/.local/share/uv/python/cpython-3.13.13-linux-x86_64-gnu/lib/python3.13/shutil.py", line 491, in _copytree
    os.makedirs(dst, exist_ok=dirs_exist_ok)
    ~~~~~~~~~~~^^^^^^^^^^^^^^^^^^^^^^^^^^^^^
  File "<frozen os>", line 228, in makedirs
FileExistsError: [Errno 17] File exists: '/tmp/tmp_2zb99dv/research/onchain-paper-replication-2026-09-24/storage/closed-ledger-offload-2026-09-30-05'

----------------------------------------------------------------------
Ran 7 tests in 0.034s

FAILED (errors=1)
