{
  "source_sha256": "eed4786a2383cb99f426facdd00431d1bae85b1f1e5ad63f2fd3c1922eff2535",
  "actual_active_deadline_seconds": 1840,
  "synthetic_clock_before_watch": 1839.9,
  "synthetic_watch_seconds": 5,
  "actual_timer_refusal_at_fake_elapsed": 1844.9,
  "whole_closure_60_second_guard_in_finalbody": false,
  "separate_systemctl_wait_allowances_seconds": [
    10,
    10,
    10
  ],
  "separate_supervisor_wait_allowances_seconds": [
    20,
    5
  ],
  "separate_inventory_scan_seconds": 30,
  "sum_of_these_separate_allowances_seconds": 85,
  "hard_whole_invocation_bound_proved": false,
  "elapsed_wall_sleep_or_OS_job": false,
  "numerical_imports": false
}
