{
  "schema_version": 1,
  "decision": "ACCEPTED_EXACT_RECORDFIX_LOCAL_SELECTED_SCOPE_PENDING_ACTUAL_REMOTE",
  "checks": 63782,
  "selection_sha256": "3b0669d065ffa3aa33e7630a1a515ddb83d251a6bd11556bccba130cd153c745",
  "selected_commit": "2ac9383c2086003e27f28391340832184f9a7221",
  "selected_count": 467,
  "selected_logical_bytes": 14864671,
  "unique_git_objects": 206,
  "expected_git_operations": 945,
  "effective_maximum_rows": 506,
  "snapshots": [
    {
      "origin": "/home/malecada/master_thesis/TradingAgents-audit-fixes/research/onchain-paper-replication-2026-09-24/full_sources/financial-genuine-wrapper-recordfix-transport-flat-review01-2026-10-04",
      "typed_members_including_root": 1771,
      "regular_bodies": 1482,
      "archive_sha256": "2a1e449a69c3445573c2e991324e0d32244e6180e3285a4ab34f959a6d93aab4",
      "manifest_sha256": "734e2e8aa051dd51bc046927aee97547831ba945ad04bfb36756e324d678d8d2",
      "raw_headers": 1771,
      "pax_headers": 1,
      "literal_symlinks": 1,
      "canonical_recompression": true
    },
    {
      "origin": "/home/malecada/master_thesis/TradingAgents-audit-fixes/research/onchain-paper-replication-2026-09-24/full_sources/financial-genuine-wrapper-recordfix-capture-review01-2026-10-04",
      "typed_members_including_root": 38,
      "regular_bodies": 31,
      "archive_sha256": "32a190828815496ac88926201a047729bcf89e4b8dc041175ce82a60c19dcbed",
      "manifest_sha256": "1b83fb61c25409a28ab7782fc9d33a2fb193618c7df327c0a2086142246e5f74",
      "raw_headers": 38,
      "pax_headers": 1,
      "literal_symlinks": 1,
      "canonical_recompression": true
    }
  ],
  "whole_source_archive_sha256": "8d49d60b509bc9c95cd04274127b12387b8070295499dad3d24db63b9a376efb",
  "source": "649fb8a11089524aaef7843dffeeb90a3a55ca17",
  "tracked": 325,
  "source_pins": 324,
  "source_members": 986,
  "source_regular": 713,
  "observed_free_bytes": 18356830208,
  "fresh_remote_absent": true,
  "numerical_claims": 0,
  "external_or_flat_recovery": false,
  "runtime_store_POSIX_native_authority": false
}
