{
  "schema_version": 1,
  "decision": "ACCEPTED_EXACT_FINAL_LOCAL_SELECTED_UNION_PENDING_ACTUAL_REMOTE",
  "checks": 3711,
  "selection_sha256": "932033a5e2ebd0e09b3cfd72b10cc12643b8f8366f18d12bba07736253876e4d",
  "selected_commit": "81022cc2f30c4aa2bf58a076eb6cff8d03c30b69",
  "selected_count": 248,
  "selected_logical_bytes": 7767259,
  "expected_git_operations": 507,
  "unique_git_objects": 163,
  "effective_maximum_rows": 506,
  "source": "d4e56ba9ed968e9c24b2813656c2ca65a3dbd7a0",
  "capture_sha256": "8ac4415b12753cf985688359efe7210122321ce21130c4bc472df65f04da4823",
  "archives": {
    "parent": {
      "bytes": 187075,
      "manifest_sha256": "950037968a4276b55023af89a4f6a999c3dac5efafd8b8b6898b9244688671cb",
      "sha256": "839c8ae42993f85604879de67f31ac6c22958ced457e74d1e26a7355b0e41aab"
    },
    "review": {
      "bytes": 27103,
      "manifest_sha256": "22c51796c5327e7f68722c4069bb7451217f3e1d79b7ef72817f7a74f34dc1cf",
      "sha256": "4d33b80083de2514dff756e81bb7ece83f3633864526ed267771660425b97ea3"
    },
    "source": {
      "bytes": 2703524,
      "manifest_sha256": "ebe3ade50a6bd106105001a615144a2e4ef1d649755989bc63937063ed9c258c",
      "sha256": "4a483c2d9d1ed1c5f652e73bb818ca8bd11dbe79fa7acaae34b11248655a4e76"
    }
  },
  "disk_free_bytes": 18552561664,
  "fresh_namespaces_absent": true,
  "actual_remote_or_flat_recovery": false,
  "final_union_acceptance": false,
  "runtime_native_authority": false
}
