Raw receipts: 25/1043; 107060 bytes
Raw receipts: 50/1043; 204838 bytes
Raw receipts: 75/1043; 314058 bytes
Raw receipts: 100/1043; 418917 bytes
Raw receipts: 125/1043; 512145 bytes
Raw receipts: 150/1043; 611464 bytes
Raw receipts: 175/1043; 714777 bytes
Raw receipts: 200/1043; 801746 bytes
Raw receipts: 225/1043; 911750 bytes
Raw receipts: 250/1043; 1007875 bytes
Raw receipts: 275/1043; 1101105 bytes
Raw receipts: 300/1043; 1227649 bytes
Raw receipts: 325/1043; 1327896 bytes
Raw receipts: 350/1043; 1428859 bytes
Raw receipts: 375/1043; 1524568 bytes
Raw receipts: 400/1043; 1616880 bytes
Raw receipts: 425/1043; 1715303 bytes
Raw receipts: 450/1043; 1814023 bytes
Raw receipts: 475/1043; 1909326 bytes
Raw receipts: 500/1043; 2007096 bytes
Raw receipts: 525/1043; 2105355 bytes
Raw receipts: 550/1043; 2208590 bytes
Raw receipts: 575/1043; 2326392 bytes
Raw receipts: 600/1043; 2426903 bytes
Raw receipts: 625/1043; 2563325 bytes
Raw receipts: 650/1043; 2661521 bytes
Raw receipts: 675/1043; 2763769 bytes
Raw receipts: 700/1043; 2864232 bytes
Raw receipts: 725/1043; 2936435 bytes
Raw receipts: 750/1043; 3029448 bytes
Raw receipts: 775/1043; 3122541 bytes
Raw receipts: 800/1043; 3212867 bytes
Raw receipts: 825/1043; 3317100 bytes
Raw receipts: 850/1043; 3446726 bytes
Raw receipts: 875/1043; 3577000 bytes
Raw receipts: 900/1043; 3679892 bytes
Raw receipts: 925/1043; 3779720 bytes
Raw receipts: 950/1043; 3855393 bytes
Raw receipts: 975/1043; 3951266 bytes
Raw receipts: 1000/1043; 4052010 bytes
Raw receipts: 1025/1043; 4147213 bytes
BNXUSDT: 0 verified insertions
FLMUSDT: 120 verified insertions
FLOWUSDT: 120 verified insertions
FTMUSDT: 120 verified insertions
GMTUSDT: 48 verified insertions
GRTUSDT: 120 verified insertions
GTCUSDT: 120 verified insertions
HBARUSDT: 120 verified insertions
HOTUSDT: 120 verified insertions
ICPUSDT: 0 verified insertions
IMXUSDT: 120 verified insertions
IOTAUSDT: 120 verified insertions
KNCUSDT: 120 verified insertions
KSMUSDT: 120 verified insertions
LINAUSDT: 120 verified insertions
LRCUSDT: 120 verified insertions
LUNAUSDT: 120 verified insertions
MANAUSDT: 120 verified insertions
MASKUSDT: 120 verified insertions
MKRUSDT: 120 verified insertions
NEARUSDT: 120 verified insertions
OCEANUSDT: 120 verified insertions
OGNUSDT: 120 verified insertions
OMGUSDT: 120 verified insertions
ONEUSDT: 120 verified insertions
PEOPLEUSDT: 120 verified insertions
RLCUSDT: 120 verified insertions
ROSEUSDT: 120 verified insertions
RSRUSDT: 120 verified insertions
RVNUSDT: 120 verified insertions
SANDUSDT: 120 verified insertions
SKLUSDT: 120 verified insertions
SOLUSDT: 120 verified insertions
STORJUSDT: 120 verified insertions
SUSHIUSDT: 120 verified insertions
TRBUSDT: 120 verified insertions
UNFIUSDT: 120 verified insertions
VETUSDT: 120 verified insertions
WAVESUSDT: 120 verified insertions
XLMUSDT: 120 verified insertions
XRPUSDT: 120 verified insertions
YFIIUSDT: 120 verified insertions
YFIUSDT: 120 verified insertions
ZECUSDT: 120 verified insertions
ZENUSDT: 120 verified insertions
ZILUSDT: 120 verified insertions
/home/malecada/master_thesis/TradingAgents-audit-fixes/data/recovery/2026-09-10/hourly-extended/result.json
