test_first_actual_owner_lease_message_matches_registered_fragment (__main__.Review.test_first_actual_owner_lease_message_matches_registered_fragment) ... FAIL
test_gate_mutates_actual_selected_kernel (__main__.Review.test_gate_mutates_actual_selected_kernel) ... ERROR

======================================================================
ERROR: test_gate_mutates_actual_selected_kernel (__main__.Review.test_gate_mutates_actual_selected_kernel)
----------------------------------------------------------------------
Traceback (most recent call last):
  File "/home/malecada/master_thesis/TradingAgents-audit-fixes/research/onchain-paper-replication-2026-09-24/full_sources/original-import-native-refusal-candidate02-2026-10-03/test_review02.py", line 28, in test_gate_mutates_actual_selected_kernel
    result,_=mutate.draft_gate(gate,rendered,rows,{},**kwargs)
             ~~~~~~~~~~~~~~~~~^^^^^^^^^^^^^^^^^^^^^^^^^^^^^^^^
  File "/home/malecada/master_thesis/TradingAgents-audit-fixes/research/onchain-paper-replication-2026-09-24/full_sources/original-import-native-refusal-candidate01-2026-10-03/mutation_inputs.py", line 49, in draft_gate
    if target not in exp['source_files']:raise ValueError('negative source member missing')
                                         ^^^^^^^^^^^^^^^^^^^^^^^^^^^^^^^^^^^^^^^^^^^^^^^^^^
ValueError: negative source member missing

======================================================================
FAIL: test_first_actual_owner_lease_message_matches_registered_fragment (__main__.Review.test_first_actual_owner_lease_message_matches_registered_fragment)
----------------------------------------------------------------------
Traceback (most recent call last):
  File "/home/malecada/master_thesis/TradingAgents-audit-fixes/research/onchain-paper-replication-2026-09-24/full_sources/original-import-native-refusal-candidate02-2026-10-03/test_review02.py", line 22, in test_first_actual_owner_lease_message_matches_registered_fragment
    self.assertEqual(str(caught.exception),cases.FRAGMENTS['lease-terminal'])
    ~~~~~~~~~~~~~~~~^^^^^^^^^^^^^^^^^^^^^^^^^^^^^^^^^^^^^^^^^^^^^^^^^^^^^^^^^
AssertionError: 'representation terminal marker exists' != 'representation journal is terminal'
- representation terminal marker exists
+ representation journal is terminal


----------------------------------------------------------------------
Ran 2 tests in 0.008s

FAILED (failures=1, errors=1)
