.....FF.                                                                 [100%]
=================================== FAILURES ===================================
___ test_selected_metadata_context_bounds_real_lifecycle_writer_and_restores ___

tmp_path = PosixPath('/tmp/pytest-of-malecada/pytest-181/test_selected_metadata_context0')

    def test_selected_metadata_context_bounds_real_lifecycle_writer_and_restores(tmp_path):
        scope,base=fresh(tmp_path)
        from tradingagents.research import lifecycle
>       assert hasattr(lifecycle,'metadata_scope'),'opt-in lifecycle publication scope missing'
E       AssertionError: opt-in lifecycle publication scope missing
E       assert False
E        +  where False = hasattr(<module 'tradingagents.research.lifecycle' from '/home/malecada/master_thesis/TradingAgents-audit-fixes/tradingagents/research/lifecycle.py'>, 'metadata_scope')

tests/research/onchain_replication/test_neural_physical.py:71: AssertionError
________ test_selected_metadata_scope_refuses_nested_foreign_authority _________

tmp_path = PosixPath('/tmp/pytest-of-malecada/pytest-181/test_selected_metadata_scope_r0')

    def test_selected_metadata_scope_refuses_nested_foreign_authority(tmp_path):
        first,base=fresh(tmp_path);other=tmp_path/'other';other.mkdir();second,_=fresh(other)
        from tradingagents.research import lifecycle
>       assert hasattr(lifecycle,'metadata_scope'),'opt-in lifecycle publication scope missing'
E       AssertionError: opt-in lifecycle publication scope missing
E       assert False
E        +  where False = hasattr(<module 'tradingagents.research.lifecycle' from '/home/malecada/master_thesis/TradingAgents-audit-fixes/tradingagents/research/lifecycle.py'>, 'metadata_scope')

tests/research/onchain_replication/test_neural_physical.py:83: AssertionError
- reviewed profile: 26 encountered files withheld; this is not the full legacy suite -
=========================== short test summary info ============================
FAILED tests/research/onchain_replication/test_neural_physical.py::test_selected_metadata_context_bounds_real_lifecycle_writer_and_restores
FAILED tests/research/onchain_replication/test_neural_physical.py::test_selected_metadata_scope_refuses_nested_foreign_authority
2 failed, 6 passed in 0.41s
