.FFF                                                                     [100%]
=================================== FAILURES ===================================
_ test_scope_create_promotes_uncertain_cleanup_over_ordinary_primary[MemoryError] _

path = PosixPath('/tmp/pytest-of-malecada/pytest-6/test_scope_create_promotes_unc1/research_artifacts/onchain-paper-replication-2026-09-24/runs/invented/physical-anchor.json')
args = (b'{\n  "control_identity": [\n    66310,\n    11410720\n  ],\n  "experiment": "invented",\n  "launcher": {},\n  "lock...6-09-24/sources/invented"\n  },\n  "schema_version": 1,\n  "source": "aaaaaaaaaaaaaaaaaaaaaaaaaaaaaaaaaaaaaaaa"\n}\n',)
kwargs = {}

    def write(path,*args,**kwargs):
>       if path.name=='physical-anchor.json':raise primary
                                             ^^^^^^^^^^^^^
E       MemoryError: anchor-write-primary
E       physical authority close: PhysicalCleanupFailure('authority-close-uncertain')

tests/research/onchain_replication/test_neural_physical.py:566: MemoryError

The above exception was the direct cause of the following exception:

tmp_path = PosixPath('/tmp/pytest-of-malecada/pytest-6/test_scope_create_promotes_unc1')
monkeypatch = <_pytest.monkeypatch.MonkeyPatch object at 0x7dad7ed1a8b0>
primary_type = <class 'MemoryError'>

    @pytest.mark.parametrize('primary_type',[ValueError,MemoryError])
    def test_scope_create_promotes_uncertain_cleanup_over_ordinary_primary(tmp_path,monkeypatch,primary_type):
        from tradingagents.research.onchain_replication import neural_authority as a
        n=module();base=tmp_path/n.PREFIX/'runs/invented';base.mkdir(parents=True)
        (tmp_path/'research_runs').mkdir();(tmp_path/n.PREFIX/'sources').mkdir()
        original=n._write;primary=primary_type('anchor-write-primary');fatal=n.PhysicalCleanupFailure('authority-close-uncertain')
        def write(path,*args,**kwargs):
            if path.name=='physical-anchor.json':raise primary
            return original(path,*args,**kwargs)
        close=a.ParentAuthority.close
        def uncertain(self):close(self);raise fatal
        monkeypatch.setattr(n,'_write',write);monkeypatch.setattr(a.ParentAuthority,'close',uncertain)
>       with pytest.raises(n.PhysicalCleanupFailure if primary_type is ValueError else MemoryError) as caught:n.Scope.create(tmp_path,'invented','a'*40,limits(),{})
                                                                                                              ^^^^^^^^^^^^^^^^^^^^^^^^^^^^^^^^^^^^^^^^^^^^^^^^^^^^^^

tests/research/onchain_replication/test_neural_physical.py:571: 
_ _ _ _ _ _ _ _ _ _ _ _ _ _ _ _ _ _ _ _ _ _ _ _ _ _ _ _ _ _ _ _ _ _ _ _ _ _ _ _ 
tests/research/onchain_replication/test_neural_physical.py:22: in create
    result=original(*args,**kwargs);created.append(result);return result
           ^^^^^^^^^^^^^^^^^^^^^^^^
tradingagents/research/onchain_replication/neural_physical.py:197: in create
    if isinstance(primary,Exception) and (not isinstance(error,Exception) or isinstance(error,MemoryError)):raise error from primary
                                                                                                            ^^^^^^^^^^^^^^^^^^^^^^^^
tradingagents/research/onchain_replication/neural_physical.py:194: in create
    try:authority.close()
        ^^^^^^^^^^^^^^^^^
_ _ _ _ _ _ _ _ _ _ _ _ _ _ _ _ _ _ _ _ _ _ _ _ _ _ _ _ _ _ _ _ _ _ _ _ _ _ _ _ 

self = <tradingagents.research.onchain_replication.neural_authority.ParentAuthority object at 0x7dad7e9e91d0>

>   def uncertain(self):close(self);raise fatal
                                    ^^^^^^^^^^^
E   tradingagents.research.onchain_replication.neural_physical.PhysicalCleanupFailure: authority-close-uncertain

tests/research/onchain_replication/test_neural_physical.py:569: PhysicalCleanupFailure
______ test_parent_close_preserves_original_memoryerror_over_joined_fatal ______
MemoryError: original authority fatal

The above exception was the direct cause of the following exception:

monkeypatch = <_pytest.monkeypatch.MonkeyPatch object at 0x7dad7ea59910>

    def test_parent_close_preserves_original_memoryerror_over_joined_fatal(monkeypatch):
        from tradingagents.research.onchain_replication import neural_authority as a
        parent=a.ParentAuthority(8192,lambda value:{})
        primary=MemoryError('original authority fatal');later=SystemExit('later handler fatal')
        parent.failure=primary;join=parent.thread.join
        def joined(*args,**kwargs):
            join(*args,**kwargs);parent.failure=later
        monkeypatch.setattr(parent.thread,'join',joined)
>       with pytest.raises(MemoryError) as caught:parent.close()
                                                  ^^^^^^^^^^^^^^

tests/research/onchain_replication/test_neural_physical.py:702: 
_ _ _ _ _ _ _ _ _ _ _ _ _ _ _ _ _ _ _ _ _ _ _ _ _ _ _ _ _ _ _ _ _ _ _ _ _ _ _ _ 

self = <tradingagents.research.onchain_replication.neural_authority.ParentAuthority object at 0x7dad7e9e96d0>

    def close(self):
        if not self.closed:
            primary=self.failure;self.stopping.set();self.closed=True
            try:self.thread.join(timeout=3)
            except BaseException as error:
                if primary is None:primary=error
                else:primary.add_note('physical authority thread join failed: '+repr(error))
            # The handler may have failed after shutdown began but before join returned.
            joined=self.failure
            if joined is not None and joined is not primary:
                if primary is None:primary=joined
                elif isinstance(primary,Exception) and (not isinstance(joined,Exception) or isinstance(joined,MemoryError)):
                    joined.add_note('earlier authority shutdown failure: '+repr(primary));joined.__cause__=primary;primary=joined
                else:primary.add_note('in-flight authority failure: '+repr(joined))
            if self.thread.is_alive():
                error=RuntimeError('physical parent authority thread did not stop')
                if primary is None:primary=error
                else:primary.add_note(str(error))
            try:_close_socket(self.socket,primary)
            except BaseException as error:primary=error
            self.failure=primary
        if self.failure is not None:
>           if not isinstance(self.failure,Exception) or isinstance(self.failure,MemoryError):raise self.failure
                                                                                              ^^^^^^^^^^^^^^^^^^
E           SystemExit: later handler fatal
E           earlier authority shutdown failure: MemoryError('original authority fatal')

tradingagents/research/onchain_replication/neural_authority.py:123: SystemExit
_____ test_selected_launcher_preserves_memoryerror_over_authority_cleanup ______

a = namespace(root=PosixPath('/tmp/pytest-of-malecada/pytest-6/test_selected_launcher_preserv0'), experiment='invented', s...aaaaaaa', registration='synthetic', physical_anchor='16323dfc0d903b4128504e04825eb626aa5952d16e6c99b08b8dac3ed2aceb7c')

>   def reconcile(a):raise primary
                     ^^^^^^^^^^^^^
E   MemoryError: original reconcile fatal
E   physical authority shutdown: PhysicalCleanupFailure('later authority cleanup')

tests/research/onchain_replication/test_neural_physical.py:718: MemoryError

The above exception was the direct cause of the following exception:

tmp_path = PosixPath('/tmp/pytest-of-malecada/pytest-6/test_selected_launcher_preserv0')
monkeypatch = <_pytest.monkeypatch.MonkeyPatch object at 0x7dad7eaebf00>

    def test_selected_launcher_preserves_memoryerror_over_authority_cleanup(tmp_path,monkeypatch):
        from types import SimpleNamespace
        from tradingagents.research.onchain_replication import job
        n=module();(tmp_path/'research_runs').mkdir();(tmp_path/n.PREFIX/'sources').mkdir(parents=True)
        args=SimpleNamespace(root=tmp_path,experiment='invented',source='a'*40,registration='synthetic')
        monkeypatch.setattr(job,'_admitted',lambda a:(None,{'resources':{'physical_policy':limits()}}))
        monkeypatch.setattr(job.signal,'signal',lambda *a:None)
        class Monitor:
            def __init__(self,*a,**kw):pass
            def wait(self):return 0
            def poll(self):return 0
        primary=MemoryError('original reconcile fatal');fatal=n.PhysicalCleanupFailure('later authority cleanup')
        def reconcile(a):raise primary
        original=n.Scope.close_authority;closed=[]
        def close(self):
            original(self);closed.append(True);raise fatal
        monkeypatch.setattr(job.subprocess,'Popen',Monitor);monkeypatch.setattr(job,'reconcile',reconcile)
        monkeypatch.setattr(n.Scope,'close_authority',close)
>       with pytest.raises(MemoryError) as caught:job.launch(args)
                                                  ^^^^^^^^^^^^^^^^

tests/research/onchain_replication/test_neural_physical.py:724: 
_ _ _ _ _ _ _ _ _ _ _ _ _ _ _ _ _ _ _ _ _ _ _ _ _ _ _ _ _ _ _ _ _ _ _ _ _ _ _ _ 
tradingagents/research/onchain_replication/job.py:217: in launch
    if isinstance(primary,Exception) and (not isinstance(error,Exception) or isinstance(error,MemoryError)):raise error from primary
                                                                                                            ^^^^^^^^^^^^^^^^^^^^^^^^
tradingagents/research/onchain_replication/job.py:213: in launch
    try:scope.close_authority()
        ^^^^^^^^^^^^^^^^^^^^^^^
_ _ _ _ _ _ _ _ _ _ _ _ _ _ _ _ _ _ _ _ _ _ _ _ _ _ _ _ _ _ _ _ _ _ _ _ _ _ _ _ 

self = <tradingagents.research.onchain_replication.neural_physical.Scope object at 0x7dad7ea5dbe0>

    def close(self):
>       original(self);closed.append(True);raise fatal
                                           ^^^^^^^^^^^
E       tradingagents.research.onchain_replication.neural_physical.PhysicalCleanupFailure: later authority cleanup

tests/research/onchain_replication/test_neural_physical.py:721: PhysicalCleanupFailure
- reviewed profile: 26 encountered files withheld; this is not the full legacy suite -
=========================== short test summary info ============================
FAILED tests/research/onchain_replication/test_neural_physical.py::test_scope_create_promotes_uncertain_cleanup_over_ordinary_primary[MemoryError]
FAILED tests/research/onchain_replication/test_neural_physical.py::test_parent_close_preserves_original_memoryerror_over_joined_fatal
FAILED tests/research/onchain_replication/test_neural_physical.py::test_selected_launcher_preserves_memoryerror_over_authority_cleanup
3 failed, 1 passed, 48 deselected in 1.14s
