FFFF                                                                     [100%]
=================================== FAILURES ===================================
_______ test_daily_source_gaps_cannot_be_promoted_to_complete_weeks[ETH] _______

registered = (PosixPath('/tmp/pytest-of-malecada/pytest-8/test_daily_source_gaps_cannot_0'), {'schema_version': 1, 'program_id': 's...2-25T00:00:00Z', 'end': '2024-01-08T00:00:00Z', 'state': 'spent'}]}}, ...}, 'ae2b258876587bf2d25bc057722d0e8467ede177')
asset = 'ETH'

    @pytest.mark.parametrize('asset',['ETH','BTC'])
    def test_daily_source_gaps_cannot_be_promoted_to_complete_weeks(registered,asset):
        fixture=prepare(registered,asset=asset);root,spec,_=fixture;exp=spec['experiments']['example-a']
        plan_path=root/'graph_plan.json';plan=json.loads(plan_path.read_text())
        if asset=='ETH':
            for i,name in enumerate(plan['source_inputs']):
                path=root/exp['inputs'][name]['path'];source=json.loads(path.read_text())
                day='2023-12-31T00:00:00Z' if i==0 else '2024-01-01T00:00:00Z'
                end='2024-01-01T00:00:00Z' if i==0 else '2024-01-02T00:00:00Z'
                source['members'][0].update(start_utc=day,end_utc=end)
                path.write_text(json.dumps(source));exp['inputs'][name]['sha256']=file_hash(path)
        else:
            plan['source_inputs']=[name for name in plan['source_inputs'] if json.loads((root/exp['inputs'][name]['path']).read_text())['expected_rows']]
            plan_path.write_text(json.dumps(plan));exp['inputs']['graph_plan']['sha256']=file_hash(plan_path)
            exp['cells']=[*(f'source-{i:06d}' for i in range(len(plan['source_inputs']))),*('graph-'+w[:10] for w in WEEKS)]
        with start((root,spec,commit(root,spec))) as run:
            cells=execute_source_job(run,'graphs',{'plan_input':'graph_plan'})
>           assert all(c['status']=='unavailable' and 'coverage' in c['reason'] for c in cells)
E           assert False
E            +  where False = all(<generator object test_daily_source_gaps_cannot_be_promoted_to_complete_weeks.<locals>.<genexpr> at 0x79ac2ab1bac0>)

tests/research/onchain_replication/test_graph_production.py:252: AssertionError
_______ test_daily_source_gaps_cannot_be_promoted_to_complete_weeks[BTC] _______

registered = (PosixPath('/tmp/pytest-of-malecada/pytest-8/test_daily_source_gaps_cannot_1'), {'schema_version': 1, 'program_id': 's...2-25T00:00:00Z', 'end': '2024-01-08T00:00:00Z', 'state': 'spent'}]}}, ...}, '54d3106e00c9e5e52b9ba0f6b25cae5195908b54')
asset = 'BTC'

    @pytest.mark.parametrize('asset',['ETH','BTC'])
    def test_daily_source_gaps_cannot_be_promoted_to_complete_weeks(registered,asset):
        fixture=prepare(registered,asset=asset);root,spec,_=fixture;exp=spec['experiments']['example-a']
        plan_path=root/'graph_plan.json';plan=json.loads(plan_path.read_text())
        if asset=='ETH':
            for i,name in enumerate(plan['source_inputs']):
                path=root/exp['inputs'][name]['path'];source=json.loads(path.read_text())
                day='2023-12-31T00:00:00Z' if i==0 else '2024-01-01T00:00:00Z'
                end='2024-01-01T00:00:00Z' if i==0 else '2024-01-02T00:00:00Z'
                source['members'][0].update(start_utc=day,end_utc=end)
                path.write_text(json.dumps(source));exp['inputs'][name]['sha256']=file_hash(path)
        else:
            plan['source_inputs']=[name for name in plan['source_inputs'] if json.loads((root/exp['inputs'][name]['path']).read_text())['expected_rows']]
            plan_path.write_text(json.dumps(plan));exp['inputs']['graph_plan']['sha256']=file_hash(plan_path)
            exp['cells']=[*(f'source-{i:06d}' for i in range(len(plan['source_inputs']))),*('graph-'+w[:10] for w in WEEKS)]
>       with start((root,spec,commit(root,spec))) as run:
                              ^^^^^^^^^^^^^^^^^

tests/research/onchain_replication/test_graph_production.py:250: 
_ _ _ _ _ _ _ _ _ _ _ _ _ _ _ _ _ _ _ _ _ _ _ _ _ _ _ _ _ _ _ _ _ _ _ _ _ _ _ _ 
tests/research/test_lifecycle.py:27: in commit
    git(root, "-c", "user.name=Synthetic", "-c", "user.email=synthetic@example.invalid",
tests/research/test_lifecycle.py:21: in git
    return subprocess.check_output(["git", *args], cwd=root, text=True).strip()
           ^^^^^^^^^^^^^^^^^^^^^^^^^^^^^^^^^^^^^^^^^^^^^^^^^^^^^^^^^^^^
../../.local/share/uv/python/cpython-3.13.13-linux-x86_64-gnu/lib/python3.13/subprocess.py:472: in check_output
    return run(*popenargs, stdout=PIPE, timeout=timeout, check=True,
_ _ _ _ _ _ _ _ _ _ _ _ _ _ _ _ _ _ _ _ _ _ _ _ _ _ _ _ _ _ _ _ _ _ _ _ _ _ _ _ 

input = None, capture_output = False, timeout = None, check = True
popenargs = (['git', '-c', 'user.name=Synthetic', '-c', 'user.email=synthetic@example.invalid', 'commit', ...],)
kwargs = {'stdout': -1, 'cwd': PosixPath('/tmp/pytest-of-malecada/pytest-8/test_daily_source_gaps_cannot_1'), 'text': True}

    def run(*popenargs,
            input=None, capture_output=False, timeout=None, check=False, **kwargs):
        """Run command with arguments and return a CompletedProcess instance.
    
        The returned instance will have attributes args, returncode, stdout and
        stderr. By default, stdout and stderr are not captured, and those attributes
        will be None. Pass stdout=PIPE and/or stderr=PIPE in order to capture them,
        or pass capture_output=True to capture both.
    
        If check is True and the exit code was non-zero, it raises a
        CalledProcessError. The CalledProcessError object will have the return code
        in the returncode attribute, and output & stderr attributes if those streams
        were captured.
    
        If timeout (seconds) is given and the process takes too long,
         a TimeoutExpired exception will be raised.
    
        There is an optional argument "input", allowing you to
        pass bytes or a string to the subprocess's stdin.  If you use this argument
        you may not also use the Popen constructor's "stdin" argument, as
        it will be used internally.
    
        By default, all communication is in bytes, and therefore any "input" should
        be bytes, and the stdout and stderr will be bytes. If in text mode, any
        "input" should be a string, and stdout and stderr will be strings decoded
        according to locale encoding, or by "encoding" if set. Text mode is
        triggered by setting any of text, encoding, errors or universal_newlines.
    
        The other arguments are the same as for the Popen constructor.
        """
        if input is not None:
            if kwargs.get('stdin') is not None:
                raise ValueError('stdin and input arguments may not both be used.')
            kwargs['stdin'] = PIPE
    
        if capture_output:
            if kwargs.get('stdout') is not None or kwargs.get('stderr') is not None:
                raise ValueError('stdout and stderr arguments may not be used '
                                 'with capture_output.')
            kwargs['stdout'] = PIPE
            kwargs['stderr'] = PIPE
    
        with Popen(*popenargs, **kwargs) as process:
            try:
                stdout, stderr = process.communicate(input, timeout=timeout)
            except TimeoutExpired as exc:
                process.kill()
                if _mswindows:
                    # Windows accumulates the output in a single blocking
                    # read() call run on child threads, with the timeout
                    # being done in a join() on those threads.  communicate()
                    # _after_ kill() is required to collect that and add it
                    # to the exception.
                    exc.stdout, exc.stderr = process.communicate()
                else:
                    # POSIX _communicate already populated the output so
                    # far into the TimeoutExpired exception.
                    process.wait()
                raise
            except:  # Including KeyboardInterrupt, communicate handled that.
                process.kill()
                # We don't call process.wait() as .__exit__ does that for us.
                raise
            retcode = process.poll()
            if check and retcode:
>               raise CalledProcessError(retcode, process.args,
                                         output=stdout, stderr=stderr)
E               subprocess.CalledProcessError: Command '['git', '-c', 'user.name=Synthetic', '-c', 'user.email=synthetic@example.invalid', 'commit', '-qm', 'synthetic registration']' returned non-zero exit status 1.

../../.local/share/uv/python/cpython-3.13.13-linux-x86_64-gnu/lib/python3.13/subprocess.py:577: CalledProcessError
_ test_reuse_refuses_nonweekly_or_premature_graphs_even_with_valid_hashes[short_week] _

registered = (PosixPath('/tmp/pytest-of-malecada/pytest-8/test_reuse_refuses_nonweekly_o0'), {'schema_version': 1, 'program_id': 's...2-25T00:00:00Z', 'end': '2024-01-08T00:00:00Z', 'state': 'spent'}]}}, ...}, '54d3106e00c9e5e52b9ba0f6b25cae5195908b54')
clock = 'short_week'

    @pytest.mark.parametrize('clock',['short_week','early_publication'])
    def test_reuse_refuses_nonweekly_or_premature_graphs_even_with_valid_hashes(registered,clock):
        from copy import deepcopy
        from dataclasses import replace
        from tradingagents.research.onchain_replication.graph_store import load_graph,save_graph
        fixture=prepare(registered);root,spec,_=fixture
        with start(fixture) as run:
            cells=execute_source_job(run,'graphs',{'plan_input':'graph_plan'});run.finish(cells)
            summary=json.loads((run.directory/'outputs/source-summary.json').read_text())
        exp=deepcopy(spec['experiments']['example-a']);spec['experiments']['example-b']=exp
        exp['parent']='example-a';exp['cells']=['graph-'+w[:10] for w in WEEKS]
        refs={}
        for i,(week,ref) in enumerate(summary['graphs'].items()):
            path=root/ref['manifest_path'];graph=load_graph(path,ref['manifest_sha256'])
            if i==0:
                graph=replace(graph,**({'end_utc':'2023-12-26T00:00:00Z'} if clock=='short_week' else {'available_at':'2024-01-01T00:00:00Z'}))
                path=save_graph(root/'synthetic-invalid-graph',graph)
            name=f'graph_{i}';exp['inputs'][name]={'path':str(path.relative_to(root)),'sha256':file_hash(path),'dataset':'sample'}
            refs[week]={'input':name,'source_hashes':list(graph.source_hashes)}
        plan={'schema_version':1,'mode':'reuse','asset':'ETH','graph_config_input':'graph_config','coverage':[[WEEKS[0],END]],'expected_weeks':WEEKS,'graphs':refs}
        path=root/'reuse.json';path.write_text(json.dumps(plan));exp['inputs']['reuse']={'path':path.name,'sha256':file_hash(path),'dataset':'sample'}
        with start((root,spec,commit(root,spec)),experiment='example-b') as run:
            cells=execute_source_job(run,'graphs',{'plan_input':'reuse'})
>           assert cells[0]['status']=='unavailable' and 'interval' in cells[0]['reason']
E           AssertionError: assert ('complete' == 'unavailable'
E             
E             - unavailable
E             + complete)

tests/research/onchain_replication/test_graph_production.py:279: AssertionError
_ test_reuse_refuses_nonweekly_or_premature_graphs_even_with_valid_hashes[early_publication] _

registered = (PosixPath('/tmp/pytest-of-malecada/pytest-8/test_reuse_refuses_nonweekly_o1'), {'schema_version': 1, 'program_id': 's...2-25T00:00:00Z', 'end': '2024-01-08T00:00:00Z', 'state': 'spent'}]}}, ...}, '54d3106e00c9e5e52b9ba0f6b25cae5195908b54')
clock = 'early_publication'

    @pytest.mark.parametrize('clock',['short_week','early_publication'])
    def test_reuse_refuses_nonweekly_or_premature_graphs_even_with_valid_hashes(registered,clock):
        from copy import deepcopy
        from dataclasses import replace
        from tradingagents.research.onchain_replication.graph_store import load_graph,save_graph
        fixture=prepare(registered);root,spec,_=fixture
        with start(fixture) as run:
            cells=execute_source_job(run,'graphs',{'plan_input':'graph_plan'});run.finish(cells)
            summary=json.loads((run.directory/'outputs/source-summary.json').read_text())
        exp=deepcopy(spec['experiments']['example-a']);spec['experiments']['example-b']=exp
        exp['parent']='example-a';exp['cells']=['graph-'+w[:10] for w in WEEKS]
        refs={}
        for i,(week,ref) in enumerate(summary['graphs'].items()):
            path=root/ref['manifest_path'];graph=load_graph(path,ref['manifest_sha256'])
            if i==0:
                graph=replace(graph,**({'end_utc':'2023-12-26T00:00:00Z'} if clock=='short_week' else {'available_at':'2024-01-01T00:00:00Z'}))
                path=save_graph(root/'synthetic-invalid-graph',graph)
            name=f'graph_{i}';exp['inputs'][name]={'path':str(path.relative_to(root)),'sha256':file_hash(path),'dataset':'sample'}
            refs[week]={'input':name,'source_hashes':list(graph.source_hashes)}
        plan={'schema_version':1,'mode':'reuse','asset':'ETH','graph_config_input':'graph_config','coverage':[[WEEKS[0],END]],'expected_weeks':WEEKS,'graphs':refs}
        path=root/'reuse.json';path.write_text(json.dumps(plan));exp['inputs']['reuse']={'path':path.name,'sha256':file_hash(path),'dataset':'sample'}
        with start((root,spec,commit(root,spec)),experiment='example-b') as run:
            cells=execute_source_job(run,'graphs',{'plan_input':'reuse'})
>           assert cells[0]['status']=='unavailable' and 'interval' in cells[0]['reason']
E           AssertionError: assert ('complete' == 'unavailable'
E             
E             - unavailable
E             + complete)

tests/research/onchain_replication/test_graph_production.py:279: AssertionError
- reviewed profile: 26 encountered files withheld; this is not the full legacy suite -
=========================== short test summary info ============================
FAILED tests/research/onchain_replication/test_graph_production.py::test_daily_source_gaps_cannot_be_promoted_to_complete_weeks[ETH]
FAILED tests/research/onchain_replication/test_graph_production.py::test_daily_source_gaps_cannot_be_promoted_to_complete_weeks[BTC]
FAILED tests/research/onchain_replication/test_graph_production.py::test_reuse_refuses_nonweekly_or_premature_graphs_even_with_valid_hashes[short_week]
FAILED tests/research/onchain_replication/test_graph_production.py::test_reuse_refuses_nonweekly_or_premature_graphs_even_with_valid_hashes[early_publication]
4 failed, 12 deselected in 2.42s
