test_actual_failed_parent_child_retains_owner_charge_and_exact_reference (__main__.Tests.test_actual_failed_parent_child_retains_owner_charge_and_exact_reference) ... Traceback (most recent call last):
  File "/home/malecada/master_thesis/TradingAgents-audit-fixes/research/onchain-paper-replication-2026-09-24/full_sources/pair-owner-route-2026-09-30/test_ownership.py", line 198, in <module>
    if __name__=='__main__':unittest.main(verbosity=2)
                            ~~~~~~~~~~~~~^^^^^^^^^^^^^
  File "/home/malecada/.local/share/uv/python/cpython-3.13.13-linux-x86_64-gnu/lib/python3.13/unittest/main.py", line 104, in __init__
    self.runTests()
    ~~~~~~~~~~~~~^^
  File "/home/malecada/.local/share/uv/python/cpython-3.13.13-linux-x86_64-gnu/lib/python3.13/unittest/main.py", line 270, in runTests
    self.result = testRunner.run(self.test)
                  ~~~~~~~~~~~~~~^^^^^^^^^^^
  File "/home/malecada/.local/share/uv/python/cpython-3.13.13-linux-x86_64-gnu/lib/python3.13/unittest/runner.py", line 240, in run
    test(result)
    ~~~~^^^^^^^^
  File "/home/malecada/.local/share/uv/python/cpython-3.13.13-linux-x86_64-gnu/lib/python3.13/unittest/suite.py", line 84, in __call__
    return self.run(*args, **kwds)
           ~~~~~~~~^^^^^^^^^^^^^^^
  File "/home/malecada/.local/share/uv/python/cpython-3.13.13-linux-x86_64-gnu/lib/python3.13/unittest/suite.py", line 122, in run
    test(result)
    ~~~~^^^^^^^^
  File "/home/malecada/.local/share/uv/python/cpython-3.13.13-linux-x86_64-gnu/lib/python3.13/unittest/case.py", line 707, in __call__
    return self.run(*args, **kwds)
           ~~~~~~~~^^^^^^^^^^^^^^^
  File "/home/malecada/.local/share/uv/python/cpython-3.13.13-linux-x86_64-gnu/lib/python3.13/unittest/case.py", line 651, in run
    self._callTestMethod(testMethod)
    ~~~~~~~~~~~~~~~~~~~~^^^^^^^^^^^^
  File "/home/malecada/.local/share/uv/python/cpython-3.13.13-linux-x86_64-gnu/lib/python3.13/unittest/case.py", line 606, in _callTestMethod
    if method() is not None:
       ~~~~~~^^
  File "/home/malecada/master_thesis/TradingAgents-audit-fixes/research/onchain-paper-replication-2026-09-24/full_sources/pair-owner-route-2026-09-30/test_ownership.py", line 97, in test_actual_failed_parent_child_retains_owner_charge_and_exact_reference
    route=self.child_route();owned=self.m.open_journal(route,parent_input='pair_parent');owned.lease()
                                                                                         ~~~~~~~~~~~^^
  File "/home/malecada/master_thesis/TradingAgents-audit-fixes/research/onchain-paper-replication-2026-09-24/full_sources/pair-owner-route-2026-09-30/ownership.py", line 165, in lease
    self.workload.lease();sources(self.workload);j=self.journal;j.active()
    ~~~~~~~~~~~~~~~~~~~^^
  File "/home/malecada/master_thesis/TradingAgents-audit-fixes/research/onchain-paper-replication-2026-09-24/full_sources/pair-workload-route-2026-09-30/route.py", line 51, in lease
    self.bound.lease()
    ~~~~~~~~~~~~~~~~^^
  File "/home/malecada/master_thesis/TradingAgents-audit-fixes/tradingagents/research/onchain_replication/matching_owner.py", line 84, in lease
    ancestry.verify(run,**self._ancestry_arguments,current_journal=directory)
    ~~~~~~~~~~~~~~~^^^^^^^^^^^^^^^^^^^^^^^^^^^^^^^^^^^^^^^^^^^^^^^^^^^^^^^^^^
  File "/home/malecada/master_thesis/TradingAgents-audit-fixes/tradingagents/research/onchain_replication/matching_ancestry.py", line 237, in verify
    run._active();run._check_source()
                  ~~~~~~~~~~~~~~~~~^^
  File "/home/malecada/master_thesis/TradingAgents-audit-fixes/tradingagents/research/lifecycle.py", line 111, in _check_source
    current = admit(root=self.admission.root, registration=self.admission.registration,
                    experiment=self.admission.experiment_id, source=self.admission.source,
                    design_source=self.admission.design_source, bindings=self.admission.bindings,
                    _own_claim=self.admission.experiment_id)
  File "/home/malecada/master_thesis/TradingAgents-audit-fixes/tradingagents/research/admission.py", line 212, in admit
    prior = claims(root)
  File "/home/malecada/master_thesis/TradingAgents-audit-fixes/tradingagents/research/admission.py", line 93, in claims
    claim = verify_claim(child)
  File "/home/malecada/master_thesis/TradingAgents-audit-fixes/tradingagents/research/verify.py", line 82, in verify_claim
    if hashlib.sha256(_blob(root, commit, path)).hexdigest() != expected:
                      ~~~~~^^^^^^^^^^^^^^^^^^^^
  File "/home/malecada/master_thesis/TradingAgents-audit-fixes/tradingagents/research/verify.py", line 23, in _blob
    return subprocess.check_output(["git", "show", f"{commit}:{path}"], cwd=root, stderr=subprocess.PIPE)
           ~~~~~~~~~~~~~~~~~~~~~~~^^^^^^^^^^^^^^^^^^^^^^^^^^^^^^^^^^^^^^^^^^^^^^^^^^^^^^^^^^^^^^^^^^^^^^^
  File "/home/malecada/.local/share/uv/python/cpython-3.13.13-linux-x86_64-gnu/lib/python3.13/subprocess.py", line 472, in check_output
    return run(*popenargs, stdout=PIPE, timeout=timeout, check=True,
           ~~~^^^^^^^^^^^^^^^^^^^^^^^^^^^^^^^^^^^^^^^^^^^^^^^^^^^^^^
               **kwargs).stdout
               ^^^^^^^^^
  File "/home/malecada/.local/share/uv/python/cpython-3.13.13-linux-x86_64-gnu/lib/python3.13/subprocess.py", line 556, in run
    stdout, stderr = process.communicate(input, timeout=timeout)
                     ~~~~~~~~~~~~~~~~~~~^^^^^^^^^^^^^^^^^^^^^^^^
  File "/home/malecada/.local/share/uv/python/cpython-3.13.13-linux-x86_64-gnu/lib/python3.13/subprocess.py", line 1222, in communicate
    stdout, stderr = self._communicate(input, endtime, timeout)
                     ~~~~~~~~~~~~~~~~~^^^^^^^^^^^^^^^^^^^^^^^^^
  File "/home/malecada/.local/share/uv/python/cpython-3.13.13-linux-x86_64-gnu/lib/python3.13/subprocess.py", line 2154, in _communicate
    ready = selector.select(timeout)
  File "/home/malecada/.local/share/uv/python/cpython-3.13.13-linux-x86_64-gnu/lib/python3.13/selectors.py", line 398, in select
    fd_event_list = self._selector.poll(timeout)
KeyboardInterrupt
