test_actual_failed_parent_child_retains_owner_charge_and_exact_reference (__main__.Tests.test_actual_failed_parent_child_retains_owner_charge_and_exact_reference) ... FAIL
test_changed_certificate_and_foreign_owner_refused_on_live_lease (__main__.Tests.test_changed_certificate_and_foreign_owner_refused_on_live_lease) ... FAIL
test_first_owner_is_real_claim_bound_exclusive_and_metadata_charged (__main__.Tests.test_first_owner_is_real_claim_bound_exclusive_and_metadata_charged) ... FAIL
test_foreign_pair_owner_or_session_refused_before_child_allocation (__main__.Tests.test_foreign_pair_owner_or_session_refused_before_child_allocation) ... 
  test_foreign_pair_owner_or_session_refused_before_child_allocation (__main__.Tests.test_foreign_pair_owner_or_session_refused_before_child_allocation) (suffix='foreign-owner') ... FAIL
  test_foreign_pair_owner_or_session_refused_before_child_allocation (__main__.Tests.test_foreign_pair_owner_or_session_refused_before_child_allocation) (suffix='pairs/foreign-session') ... FAIL
test_forged_historical_binding_refused_before_child_pair_directory (__main__.Tests.test_forged_historical_binding_refused_before_child_pair_directory) ... FAIL
test_omitted_parent_route_refused_before_child_allocation (__main__.Tests.test_omitted_parent_route_refused_before_child_allocation) ... FAIL
test_parent_revives_after_child_open_and_blocks_further_work (__main__.Tests.test_parent_revives_after_child_open_and_blocks_further_work) ... FAIL
test_pending_parent_reservation_requires_reconciliation (__main__.Tests.test_pending_parent_reservation_requires_reconciliation) ... FAIL

======================================================================
FAIL: test_actual_failed_parent_child_retains_owner_charge_and_exact_reference (__main__.Tests.test_actual_failed_parent_child_retains_owner_charge_and_exact_reference)
----------------------------------------------------------------------
Traceback (most recent call last):
  File "/home/malecada/master_thesis/TradingAgents-audit-fixes/research/onchain-paper-replication-2026-09-24/full_sources/pair-owner-route-2026-09-30/test_ownership.py", line 86, in test_actual_failed_parent_child_retains_owner_charge_and_exact_reference
    self.fixture(child=True);p=self.parent;before=snapshot(p.owned.journal.root)
    ~~~~~~~~~~~~^^^^^^^^^^^^
  File "/home/malecada/master_thesis/TradingAgents-audit-fixes/research/onchain-paper-replication-2026-09-24/full_sources/pair-owner-route-2026-09-30/test_ownership.py", line 58, in fixture
    self.m=api()
           ~~~^^
  File "/home/malecada/master_thesis/TradingAgents-audit-fixes/research/onchain-paper-replication-2026-09-24/full_sources/pair-owner-route-2026-09-30/test_ownership.py", line 19, in api
    assert (HERE/'ownership.py').is_file(),'registered pair owner route missing'
           ~~~~~~~~~~~~~~~~~~~~~~~~~~~~~^^
AssertionError: registered pair owner route missing

======================================================================
FAIL: test_changed_certificate_and_foreign_owner_refused_on_live_lease (__main__.Tests.test_changed_certificate_and_foreign_owner_refused_on_live_lease)
----------------------------------------------------------------------
Traceback (most recent call last):
  File "/home/malecada/master_thesis/TradingAgents-audit-fixes/research/onchain-paper-replication-2026-09-24/full_sources/pair-owner-route-2026-09-30/test_ownership.py", line 114, in test_changed_certificate_and_foreign_owner_refused_on_live_lease
    p=self.fixture();certificate=p.owned.journal.directory/'binding.json'
  File "/home/malecada/master_thesis/TradingAgents-audit-fixes/research/onchain-paper-replication-2026-09-24/full_sources/pair-owner-route-2026-09-30/test_ownership.py", line 58, in fixture
    self.m=api()
           ~~~^^
  File "/home/malecada/master_thesis/TradingAgents-audit-fixes/research/onchain-paper-replication-2026-09-24/full_sources/pair-owner-route-2026-09-30/test_ownership.py", line 19, in api
    assert (HERE/'ownership.py').is_file(),'registered pair owner route missing'
           ~~~~~~~~~~~~~~~~~~~~~~~~~~~~~^^
AssertionError: registered pair owner route missing

======================================================================
FAIL: test_first_owner_is_real_claim_bound_exclusive_and_metadata_charged (__main__.Tests.test_first_owner_is_real_claim_bound_exclusive_and_metadata_charged)
----------------------------------------------------------------------
Traceback (most recent call last):
  File "/home/malecada/master_thesis/TradingAgents-audit-fixes/research/onchain-paper-replication-2026-09-24/full_sources/pair-owner-route-2026-09-30/test_ownership.py", line 75, in test_first_owner_is_real_claim_bound_exclusive_and_metadata_charged
    p=self.fixture();owned=p.owned
  File "/home/malecada/master_thesis/TradingAgents-audit-fixes/research/onchain-paper-replication-2026-09-24/full_sources/pair-owner-route-2026-09-30/test_ownership.py", line 58, in fixture
    self.m=api()
           ~~~^^
  File "/home/malecada/master_thesis/TradingAgents-audit-fixes/research/onchain-paper-replication-2026-09-24/full_sources/pair-owner-route-2026-09-30/test_ownership.py", line 19, in api
    assert (HERE/'ownership.py').is_file(),'registered pair owner route missing'
           ~~~~~~~~~~~~~~~~~~~~~~~~~~~~~^^
AssertionError: registered pair owner route missing

======================================================================
FAIL: test_foreign_pair_owner_or_session_refused_before_child_allocation (__main__.Tests.test_foreign_pair_owner_or_session_refused_before_child_allocation) (suffix='foreign-owner')
----------------------------------------------------------------------
Traceback (most recent call last):
  File "/home/malecada/master_thesis/TradingAgents-audit-fixes/research/onchain-paper-replication-2026-09-24/full_sources/pair-owner-route-2026-09-30/test_ownership.py", line 104, in test_foreign_pair_owner_or_session_refused_before_child_allocation
    f=self.fixture(child=True);route=self.child_route();p=self.parent
  File "/home/malecada/master_thesis/TradingAgents-audit-fixes/research/onchain-paper-replication-2026-09-24/full_sources/pair-owner-route-2026-09-30/test_ownership.py", line 58, in fixture
    self.m=api()
           ~~~^^
  File "/home/malecada/master_thesis/TradingAgents-audit-fixes/research/onchain-paper-replication-2026-09-24/full_sources/pair-owner-route-2026-09-30/test_ownership.py", line 19, in api
    assert (HERE/'ownership.py').is_file(),'registered pair owner route missing'
           ~~~~~~~~~~~~~~~~~~~~~~~~~~~~~^^
AssertionError: registered pair owner route missing

======================================================================
FAIL: test_foreign_pair_owner_or_session_refused_before_child_allocation (__main__.Tests.test_foreign_pair_owner_or_session_refused_before_child_allocation) (suffix='pairs/foreign-session')
----------------------------------------------------------------------
Traceback (most recent call last):
  File "/home/malecada/master_thesis/TradingAgents-audit-fixes/research/onchain-paper-replication-2026-09-24/full_sources/pair-owner-route-2026-09-30/test_ownership.py", line 104, in test_foreign_pair_owner_or_session_refused_before_child_allocation
    f=self.fixture(child=True);route=self.child_route();p=self.parent
  File "/home/malecada/master_thesis/TradingAgents-audit-fixes/research/onchain-paper-replication-2026-09-24/full_sources/pair-owner-route-2026-09-30/test_ownership.py", line 58, in fixture
    self.m=api()
           ~~~^^
  File "/home/malecada/master_thesis/TradingAgents-audit-fixes/research/onchain-paper-replication-2026-09-24/full_sources/pair-owner-route-2026-09-30/test_ownership.py", line 19, in api
    assert (HERE/'ownership.py').is_file(),'registered pair owner route missing'
           ~~~~~~~~~~~~~~~~~~~~~~~~~~~~~^^
AssertionError: registered pair owner route missing

======================================================================
FAIL: test_forged_historical_binding_refused_before_child_pair_directory (__main__.Tests.test_forged_historical_binding_refused_before_child_pair_directory)
----------------------------------------------------------------------
Traceback (most recent call last):
  File "/home/malecada/master_thesis/TradingAgents-audit-fixes/research/onchain-paper-replication-2026-09-24/full_sources/pair-owner-route-2026-09-30/test_ownership.py", line 96, in test_forged_historical_binding_refused_before_child_pair_directory
    self.fixture(child=True);route=self.child_route();p=self.parent
    ~~~~~~~~~~~~^^^^^^^^^^^^
  File "/home/malecada/master_thesis/TradingAgents-audit-fixes/research/onchain-paper-replication-2026-09-24/full_sources/pair-owner-route-2026-09-30/test_ownership.py", line 58, in fixture
    self.m=api()
           ~~~^^
  File "/home/malecada/master_thesis/TradingAgents-audit-fixes/research/onchain-paper-replication-2026-09-24/full_sources/pair-owner-route-2026-09-30/test_ownership.py", line 19, in api
    assert (HERE/'ownership.py').is_file(),'registered pair owner route missing'
           ~~~~~~~~~~~~~~~~~~~~~~~~~~~~~^^
AssertionError: registered pair owner route missing

======================================================================
FAIL: test_omitted_parent_route_refused_before_child_allocation (__main__.Tests.test_omitted_parent_route_refused_before_child_allocation)
----------------------------------------------------------------------
Traceback (most recent call last):
  File "/home/malecada/master_thesis/TradingAgents-audit-fixes/research/onchain-paper-replication-2026-09-24/full_sources/pair-owner-route-2026-09-30/test_ownership.py", line 118, in test_omitted_parent_route_refused_before_child_allocation
    self.fixture(child=True);route=self.child_route()
    ~~~~~~~~~~~~^^^^^^^^^^^^
  File "/home/malecada/master_thesis/TradingAgents-audit-fixes/research/onchain-paper-replication-2026-09-24/full_sources/pair-owner-route-2026-09-30/test_ownership.py", line 58, in fixture
    self.m=api()
           ~~~^^
  File "/home/malecada/master_thesis/TradingAgents-audit-fixes/research/onchain-paper-replication-2026-09-24/full_sources/pair-owner-route-2026-09-30/test_ownership.py", line 19, in api
    assert (HERE/'ownership.py').is_file(),'registered pair owner route missing'
           ~~~~~~~~~~~~~~~~~~~~~~~~~~~~~^^
AssertionError: registered pair owner route missing

======================================================================
FAIL: test_parent_revives_after_child_open_and_blocks_further_work (__main__.Tests.test_parent_revives_after_child_open_and_blocks_further_work)
----------------------------------------------------------------------
Traceback (most recent call last):
  File "/home/malecada/master_thesis/TradingAgents-audit-fixes/research/onchain-paper-replication-2026-09-24/full_sources/pair-owner-route-2026-09-30/test_ownership.py", line 122, in test_parent_revives_after_child_open_and_blocks_further_work
    self.fixture(child=True);route=self.child_route();owned=self.m.open_journal(route,parent_input='pair_parent')
    ~~~~~~~~~~~~^^^^^^^^^^^^
  File "/home/malecada/master_thesis/TradingAgents-audit-fixes/research/onchain-paper-replication-2026-09-24/full_sources/pair-owner-route-2026-09-30/test_ownership.py", line 58, in fixture
    self.m=api()
           ~~~^^
  File "/home/malecada/master_thesis/TradingAgents-audit-fixes/research/onchain-paper-replication-2026-09-24/full_sources/pair-owner-route-2026-09-30/test_ownership.py", line 19, in api
    assert (HERE/'ownership.py').is_file(),'registered pair owner route missing'
           ~~~~~~~~~~~~~~~~~~~~~~~~~~~~~^^
AssertionError: registered pair owner route missing

======================================================================
FAIL: test_pending_parent_reservation_requires_reconciliation (__main__.Tests.test_pending_parent_reservation_requires_reconciliation)
----------------------------------------------------------------------
Traceback (most recent call last):
  File "/home/malecada/master_thesis/TradingAgents-audit-fixes/research/onchain-paper-replication-2026-09-24/full_sources/pair-owner-route-2026-09-30/test_ownership.py", line 109, in test_pending_parent_reservation_requires_reconciliation
    self.fixture(child=True,pending=True);route=self.child_route();root=self.parent.owned.journal.root
    ~~~~~~~~~~~~^^^^^^^^^^^^^^^^^^^^^^^^^
  File "/home/malecada/master_thesis/TradingAgents-audit-fixes/research/onchain-paper-replication-2026-09-24/full_sources/pair-owner-route-2026-09-30/test_ownership.py", line 58, in fixture
    self.m=api()
           ~~~^^
  File "/home/malecada/master_thesis/TradingAgents-audit-fixes/research/onchain-paper-replication-2026-09-24/full_sources/pair-owner-route-2026-09-30/test_ownership.py", line 19, in api
    assert (HERE/'ownership.py').is_file(),'registered pair owner route missing'
           ~~~~~~~~~~~~~~~~~~~~~~~~~~~~~^^
AssertionError: registered pair owner route missing

----------------------------------------------------------------------
Ran 8 tests in 0.003s

FAILED (failures=9)
