test_bound_death_input_drift_refused (test_ancestry.AncestryTests.test_bound_death_input_drift_refused) ... ok
test_changed_historical_lifecycle_claim_refused (test_ancestry.AncestryTests.test_changed_historical_lifecycle_claim_refused) ... ok
test_changed_historical_representation_claim_refused (test_ancestry.AncestryTests.test_changed_historical_representation_claim_refused) ... ok
test_changed_parent_journal_refused (test_ancestry.AncestryTests.test_changed_parent_journal_refused) ... ok
test_completed_representation_refused (test_ancestry.AncestryTests.test_completed_representation_refused) ... ok
test_current_journal_must_not_exist_before_ancestry_check (test_ancestry.AncestryTests.test_current_journal_must_not_exist_before_ancestry_check) ... ok
test_fake_run_refused (test_ancestry.AncestryTests.test_fake_run_refused) ... ok
test_foreign_sibling_refused (test_ancestry.AncestryTests.test_foreign_sibling_refused) ... ok
test_historical_claim_changing_during_death_check_refused (test_ancestry.AncestryTests.test_historical_claim_changing_during_death_check_refused) ... ok
test_historical_symlink_refused (test_ancestry.AncestryTests.test_historical_symlink_refused) ... ok
test_live_ancestor_monitor_refused (test_ancestry.AncestryTests.test_live_ancestor_monitor_refused) ... ok
test_older_ancestor_live_cannot_hide_behind_dead_parent (test_ancestry.AncestryTests.test_older_ancestor_live_cannot_hide_behind_dead_parent) ... ok
test_real_failed_chain_joins_current_admitted_successor_without_writes (test_ancestry.AncestryTests.test_real_failed_chain_joins_current_admitted_successor_without_writes) ... ok
test_sibling_appearing_during_death_check_refused (test_ancestry.AncestryTests.test_sibling_appearing_during_death_check_refused) ... ok
test_source_drift_refused (test_ancestry.AncestryTests.test_source_drift_refused) ... ok
test_terminal_current_run_refused (test_ancestry.AncestryTests.test_terminal_current_run_refused) ... ok
test_unregistered_routing_refused (test_ancestry.AncestryTests.test_unregistered_routing_refused) ... ok

----------------------------------------------------------------------
Ran 17 tests in 6.745s

OK
