test_bound_death_input_drift_refused (test_ancestry.AncestryTests.test_bound_death_input_drift_refused) ... ok
test_changed_historical_lifecycle_claim_refused (test_ancestry.AncestryTests.test_changed_historical_lifecycle_claim_refused) ... ok
test_changed_historical_representation_claim_refused (test_ancestry.AncestryTests.test_changed_historical_representation_claim_refused) ... ok
test_changed_parent_journal_refused (test_ancestry.AncestryTests.test_changed_parent_journal_refused) ... ok
test_completed_representation_refused (test_ancestry.AncestryTests.test_completed_representation_refused) ... ok
test_current_journal_must_not_exist_before_ancestry_check (test_ancestry.AncestryTests.test_current_journal_must_not_exist_before_ancestry_check) ... ok
test_earlier_final_appearing_during_later_death_check_refused (test_ancestry.AncestryTests.test_earlier_final_appearing_during_later_death_check_refused) ... ok
test_earlier_parent_completing_during_later_death_check_refused (test_ancestry.AncestryTests.test_earlier_parent_completing_during_later_death_check_refused) ... ok
test_fake_run_refused (test_ancestry.AncestryTests.test_fake_run_refused) ... ok
test_foreign_parent_path_refused_before_read (test_ancestry.AncestryTests.test_foreign_parent_path_refused_before_read) ... ok
test_foreign_sibling_refused (test_ancestry.AncestryTests.test_foreign_sibling_refused) ... ok
test_historical_claim_changing_during_death_check_refused (test_ancestry.AncestryTests.test_historical_claim_changing_during_death_check_refused) ... ok
test_historical_symlink_refused (test_ancestry.AncestryTests.test_historical_symlink_refused) ... ok
test_live_ancestor_monitor_refused (test_ancestry.AncestryTests.test_live_ancestor_monitor_refused) ... ok
test_liveness_is_rechecked_for_entire_chain (test_ancestry.AncestryTests.test_liveness_is_rechecked_for_entire_chain) ... ok
test_older_ancestor_live_cannot_hide_behind_dead_parent (test_ancestry.AncestryTests.test_older_ancestor_live_cannot_hide_behind_dead_parent) ... ok
test_real_failed_chain_joins_current_admitted_successor_without_writes (test_ancestry.AncestryTests.test_real_failed_chain_joins_current_admitted_successor_without_writes) ... ok
test_registered_boolean_schema_refused (test_ancestry.AncestryTests.test_registered_boolean_schema_refused) ... ok
test_registered_duplicate_ancestry_refused (test_ancestry.AncestryTests.test_registered_duplicate_ancestry_refused) ... ok
test_registered_excessive_depth_refused (test_ancestry.AncestryTests.test_registered_excessive_depth_refused) ... ok
test_registered_historical_parent_cannot_be_erased (test_ancestry.AncestryTests.test_registered_historical_parent_cannot_be_erased) ... ok
test_registered_omitted_older_proof_refused (test_ancestry.AncestryTests.test_registered_omitted_older_proof_refused) ... ok
test_registered_policy_change_refused (test_ancestry.AncestryTests.test_registered_policy_change_refused) ... ok
test_registered_reversed_ancestry_refused (test_ancestry.AncestryTests.test_registered_reversed_ancestry_refused) ... ok
test_sibling_appearing_during_death_check_refused (test_ancestry.AncestryTests.test_sibling_appearing_during_death_check_refused) ... ok
test_source_drift_refused (test_ancestry.AncestryTests.test_source_drift_refused) ... ok
test_terminal_current_run_refused (test_ancestry.AncestryTests.test_terminal_current_run_refused) ... ok
test_unregistered_routing_refused (test_ancestry.AncestryTests.test_unregistered_routing_refused) ... ok

----------------------------------------------------------------------
Ran 28 tests in 10.966s

OK
