{
  "manifest_files": 13,
  "source_origins": 7,
  "native_or_research_execution": false,
  "canonical_class_reducer_gap_only": {
    "reproduced": true,
    "production_reachability_not_established": true
  },
  "late_tail_failure": {
    "reproduced": true,
    "original_observation_result_not_revoked": true,
    "failure_marker_absent": true,
    "would_raise_nonzero": true
  },
  "read_firstfatal_closeonce_cases": 3,
  "start-receipt-fatal": {
    "pid": 3347771,
    "exit": -15,
    "absent": true,
    "original_signal_handlers_restored": true,
    "permanent_synthetic_reservation": true
  },
  "actual-SIGTERM-cancellation": {
    "pid": 3347772,
    "exit": -15,
    "absent": true,
    "original_signal_handlers_restored": true,
    "permanent_synthetic_reservation": true
  }
}
