{
  "cases": 12,
  "rows": [
    {
      "case": "same-hash-set-target-path-swap",
      "refused": "Unavailable"
    },
    {
      "case": "helper-pin-substitution",
      "refused": "Unavailable"
    },
    {
      "case": "unresolved-policy",
      "refused": "Unavailable"
    },
    {
      "case": "prediction-policy-gap",
      "witness": true
    },
    {
      "case": "science",
      "refused": "Unavailable"
    },
    {
      "case": "old-map",
      "refused": "Unavailable"
    },
    {
      "case": "reverse",
      "refused": "Unavailable"
    },
    {
      "case": "real-reader-under-owned-flock",
      "passed": true
    },
    {
      "case": "held-graph-_require_parent_under_fit_lock",
      "calls": [
        "_parent_predicate"
      ]
    },
    {
      "case": "held-graph-_parent_predicate",
      "calls": [
        "_context",
        "require",
        "require",
        "validate_relation",
        "verify_claim",
        "read",
        "read",
        "require",
        "require",
        "json.loads",
        "require",
        "require",
        "require",
        "read",
        "json.loads",
        "fixture.schema",
        "require",
        "read",
        "json.loads",
        "fixture.validate_plan",
        "require",
        "require",
        "require",
        "read",
        "json.loads",
        "require",
        "read",
        "require",
        "json.loads",
        "require",
        "require",
        "json.loads",
        "require",
        "require",
        "require",
        "require",
        "require",
        "manifest['members'].items",
        "all",
        "require",
        "read",
        "read",
        "require",
        "json.loads",
        "str",
        "require",
        "read",
        "require",
        "sha",
        "sha",
        "sha",
        "sha",
        "sha",
        "sha",
        "all",
        "sha",
        "cp.is_relative_to",
        "(expected / 'failed.json').is_file",
        "original",
        "original",
        "original",
        "original",
        "path.relative_to",
        "canonical",
        "canonical",
        "canonical",
        "canonical",
        "_read",
        "sha",
        "json.loads",
        "_read",
        "sha",
        "(directory / 'complete.json').exists",
        "sha",
        "Path(checkpoint).resolve",
        "cp.resolve",
        "sha",
        "set",
        "plan['cell_id'].encode",
        "(expected / 'complete.json').exists",
        "str",
        "str",
        "json.loads",
        "ad.inputs.items",
        "claim['experiment']['source_files'].get",
        "hist['installed'].items",
        "_read",
        "read",
        "len",
        "sha",
        "Path"
      ]
    },
    {
      "case": "held-graph-_context",
      "calls": [
        "require",
        "require",
        "run._active",
        "run._check_source",
        "require",
        "require",
        "read",
        "json.loads",
        "require",
        "sha",
        "validate_contract",
        "require",
        "json.loads",
        "fixture.schema",
        "json.loads",
        "fixture.validate_plan",
        "require",
        "require",
        "require",
        "json.loads",
        "require",
        "require",
        "require",
        "target['installed'].items",
        "time.monotonic",
        "reader",
        "_read",
        "read",
        "read",
        "read",
        "require",
        "read",
        "json.loads",
        "require",
        "require",
        "require",
        "sha",
        "ad.experiment['source_files'].get",
        "sha",
        "Path",
        "type",
        "type",
        "Path(__file__).resolve",
        "Path(fixture.__file__).resolve",
        "type",
        "set",
        "sha",
        "sha",
        "ad.experiment['source_files'].get",
        "sha",
        "read",
        "read",
        "ad.experiment['source_files'].get",
        "sha",
        "set",
        "sha",
        "sha",
        "sha",
        "Path",
        "Path",
        "_read",
        "canonical",
        "canonical",
        "relative"
      ]
    },
    {
      "case": "held-graph-_registered_unlocked",
      "calls": [
        "run.admission.inputs.get",
        "require",
        "_read",
        "require",
        "relative",
        "digest",
        "sha",
        "type",
        "info.get"
      ]
    }
  ],
  "finding": "OPC-PREDICT-POLICY-01"
}
