E
======================================================================
ERROR: test_first_fatal_must_survive_old_iterator_cleanup (__main__.OldInventory.test_first_fatal_must_survive_old_iterator_cleanup)
----------------------------------------------------------------------
Traceback (most recent call last):
  File "/home/malecada/master_thesis/TradingAgents-audit-fixes/research/onchain-paper-replication-2026-09-24/full_sources/original-dictionary-import-authority-correction03-2026-10-02/compact_owner.py", line 101, in entries
    for entry in iterator:
                 ^^^^^^^^
  File "/home/malecada/master_thesis/TradingAgents-audit-fixes/research/onchain-paper-replication-2026-09-24/full_sources/original-dictionary-import-authority-correction04-2026-10-02/test_red_inventory03.py", line 14, in __next__
    def __next__(self):raise fatal
                       ^^^^^^^^^^^
MemoryError: traversal primary

During handling of the above exception, another exception occurred:

Traceback (most recent call last):
  File "/home/malecada/master_thesis/TradingAgents-audit-fixes/research/onchain-paper-replication-2026-09-24/full_sources/original-dictionary-import-authority-correction04-2026-10-02/test_red_inventory03.py", line 19, in test_first_fatal_must_survive_old_iterator_cleanup
    with self.assertRaises(MemoryError) as got:ns['entries'](Path(tmp),{'x'},required=set())
                                               ~~~~~~~~~~~~~^^^^^^^^^^^^^^^^^^^^^^^^^^^^^^^^
  File "/home/malecada/master_thesis/TradingAgents-audit-fixes/research/onchain-paper-replication-2026-09-24/full_sources/original-dictionary-import-authority-correction03-2026-10-02/compact_owner.py", line 100, in entries
    with os.scandir(fd) as iterator:
         ~~~~~~~~~~^^^^
  File "/home/malecada/master_thesis/TradingAgents-audit-fixes/research/onchain-paper-replication-2026-09-24/full_sources/original-dictionary-import-authority-correction04-2026-10-02/test_red_inventory03.py", line 16, in __exit__
    def __exit__(self,*args):closed.append('iterator');raise OSError('iterator cleanup')
                                                       ^^^^^^^^^^^^^^^^^^^^^^^^^^^^^^^^^
OSError: iterator cleanup

----------------------------------------------------------------------
Ran 1 test in 0.023s

FAILED (errors=1)
