test_actual_post_tail_check_enforces_disk_floor (test_caller_correction01.CallerCorrection.test_actual_post_tail_check_enforces_disk_floor) ... ok
test_disk_floor_is_checked_after_readback_publication (test_caller_correction01.CallerCorrection.test_disk_floor_is_checked_after_readback_publication) ... ok
test_final_tail_parser_refuses_below_floor_evidence (test_caller_correction01.CallerCorrection.test_final_tail_parser_refuses_below_floor_evidence) ... ok
test_missing_positive_native_observations_are_refused (test_caller_correction01.CallerCorrection.test_missing_positive_native_observations_are_refused) ... ok
test_partial_stop_observations_survive_first_inspection_failure (test_caller_correction01.CallerCorrection.test_partial_stop_observations_survive_first_inspection_failure) ... ok
test_receipt_cleanup_class_cannot_mask_later_actual_fatal (test_caller_correction01.CallerCorrection.test_receipt_cleanup_class_cannot_mask_later_actual_fatal) ... ok
test_all_independent_actions_run_after_fatal (test_native_firstfatal01.SelectedNative.test_all_independent_actions_run_after_fatal) ... ERROR
test_body_ordinary_retained_without_cleanup_failure (test_native_firstfatal01.SelectedNative.test_body_ordinary_retained_without_cleanup_failure) ... ERROR
test_cleanup_wrapper_embedded_fatal_is_preserved (test_native_firstfatal01.SelectedNative.test_cleanup_wrapper_embedded_fatal_is_preserved) ... ERROR
test_diagnostic_fatal_cannot_replace_original_fatal (test_native_firstfatal01.SelectedNative.test_diagnostic_fatal_cannot_replace_original_fatal) ... ERROR
test_each_cleanup_position_fails_without_skipping_other_actions (test_native_firstfatal01.SelectedNative.test_each_cleanup_position_fails_without_skipping_other_actions) ... 
  test_each_cleanup_position_fails_without_skipping_other_actions (test_native_firstfatal01.SelectedNative.test_each_cleanup_position_fails_without_skipping_other_actions) (fail_at='ignore-term') ... ERROR
  test_each_cleanup_position_fails_without_skipping_other_actions (test_native_firstfatal01.SelectedNative.test_each_cleanup_position_fails_without_skipping_other_actions) (fail_at='ignore-int') ... ERROR
  test_each_cleanup_position_fails_without_skipping_other_actions (test_native_firstfatal01.SelectedNative.test_each_cleanup_position_fails_without_skipping_other_actions) (fail_at='stop') ... ERROR
  test_each_cleanup_position_fails_without_skipping_other_actions (test_native_firstfatal01.SelectedNative.test_each_cleanup_position_fails_without_skipping_other_actions) (fail_at='readback') ... ERROR
  test_each_cleanup_position_fails_without_skipping_other_actions (test_native_firstfatal01.SelectedNative.test_each_cleanup_position_fails_without_skipping_other_actions) (fail_at='storage') ... ERROR
  test_each_cleanup_position_fails_without_skipping_other_actions (test_native_firstfatal01.SelectedNative.test_each_cleanup_position_fails_without_skipping_other_actions) (fail_at='publish') ... ERROR
  test_each_cleanup_position_fails_without_skipping_other_actions (test_native_firstfatal01.SelectedNative.test_each_cleanup_position_fails_without_skipping_other_actions) (fail_at='final') ... ERROR
  test_each_cleanup_position_fails_without_skipping_other_actions (test_native_firstfatal01.SelectedNative.test_each_cleanup_position_fails_without_skipping_other_actions) (fail_at='sync') ... ERROR
  test_each_cleanup_position_fails_without_skipping_other_actions (test_native_firstfatal01.SelectedNative.test_each_cleanup_position_fails_without_skipping_other_actions) (fail_at='restore-term') ... ERROR
  test_each_cleanup_position_fails_without_skipping_other_actions (test_native_firstfatal01.SelectedNative.test_each_cleanup_position_fails_without_skipping_other_actions) (fail_at='restore-int') ... ERROR
test_first_actual_fatal_identity_survives_later_fatal (test_native_firstfatal01.SelectedNative.test_first_actual_fatal_identity_survives_later_fatal) ... ERROR
test_genuine_cleanup_uncertainty_does_not_disappear (test_native_firstfatal01.SelectedNative.test_genuine_cleanup_uncertainty_does_not_disappear) ... ERROR
test_later_first_fatal_promotes_over_ordinary (test_native_firstfatal01.SelectedNative.test_later_first_fatal_promotes_over_ordinary) ... ERROR
test_success_actions_observe_no_invented_failure (test_native_firstfatal01.SelectedNative.test_success_actions_observe_no_invented_failure) ... ERROR
test_all_existing_other_functions_identical (test_native_parity03.Parity.test_all_existing_other_functions_identical) ... ok
test_native_systemd_properties_and_worker_ready_unchanged (test_native_parity03.Parity.test_native_systemd_properties_and_worker_ready_unchanged) ... ok
test_none_and_physical_guard_control_ast_identical (test_native_parity03.Parity.test_none_and_physical_guard_control_ast_identical) ... ok
test_first_cleanup_fatal_promotes_over_ordinary_body (test_native_tail02.Tail.test_first_cleanup_fatal_promotes_over_ordinary_body) ... ok
test_original_body_fatal_survives_stop_fatal_with_later_actions (test_native_tail02.Tail.test_original_body_fatal_survives_stop_fatal_with_later_actions) ... ok
test_both_fixed_lifecycle_dispositions_accept_complete_fake_observations (test_positive_observations01.PositiveObservations.test_both_fixed_lifecycle_dispositions_accept_complete_fake_observations) ... ok
test_final_tail_is_joined_and_late_failure_remains_fatal (test_positive_observations01.PositiveObservations.test_final_tail_is_joined_and_late_failure_remains_fatal) ... ok
test_missing_breached_or_wrong_positive_evidence_is_refused (test_positive_observations01.PositiveObservations.test_missing_breached_or_wrong_positive_evidence_is_refused) ... ok
test_missing_child_snapshot_error_field_is_not_assumed_success (test_positive_observations01.PositiveObservations.test_missing_child_snapshot_error_field_is_not_assumed_success) ... ok
test_native_late_failure_marker_overrides_earlier_complete_body (test_positive_observations01.PositiveObservations.test_native_late_failure_marker_overrides_earlier_complete_body) ... ok

======================================================================
ERROR: test_all_independent_actions_run_after_fatal (test_native_firstfatal01.SelectedNative.test_all_independent_actions_run_after_fatal)
----------------------------------------------------------------------
Traceback (most recent call last):
  File "/home/malecada/master_thesis/TradingAgents-audit-fixes/research/onchain-paper-replication-2026-09-24/full_sources/original-import-fixture-native-preparation03-2026-10-03/test_native_firstfatal01.py", line 34, in test_all_independent_actions_run_after_fatal
    ns,io=namespace();seen=[];first=MemoryError('stop');later=KeyboardInterrupt('storage');state={'phase':'running','limit_reason':None}
          ~~~~~~~~~^^
  File "/home/malecada/master_thesis/TradingAgents-audit-fixes/research/onchain-paper-replication-2026-09-24/full_sources/original-import-fixture-native-preparation03-2026-10-03/test_native_firstfatal01.py", line 12, in namespace
    t=ast.parse(SOURCE.read_text());names={'_native_select','_native_reason','_native_finalize'};nodes=[n for n in t.body if isinstance(n,ast.FunctionDef) and n.name in names]
                ~~~~~~~~~~~~~~~~^^
  File "/home/malecada/.local/share/uv/python/cpython-3.13.13-linux-x86_64-gnu/lib/python3.13/pathlib/_local.py", line 546, in read_text
    return PathBase.read_text(self, encoding, errors, newline)
           ~~~~~~~~~~~~~~~~~~^^^^^^^^^^^^^^^^^^^^^^^^^^^^^^^^^
  File "/home/malecada/.local/share/uv/python/cpython-3.13.13-linux-x86_64-gnu/lib/python3.13/pathlib/_abc.py", line 632, in read_text
    with self.open(mode='r', encoding=encoding, errors=errors, newline=newline) as f:
         ~~~~~~~~~^^^^^^^^^^^^^^^^^^^^^^^^^^^^^^^^^^^^^^^^^^^^^^^^^^^^^^^^^^^^^
  File "/home/malecada/.local/share/uv/python/cpython-3.13.13-linux-x86_64-gnu/lib/python3.13/pathlib/_local.py", line 537, in open
    return io.open(self, mode, buffering, encoding, errors, newline)
           ~~~~~~~^^^^^^^^^^^^^^^^^^^^^^^^^^^^^^^^^^^^^^^^^^^^^^^^^^
FileNotFoundError: [Errno 2] No such file or directory: 'discover'

======================================================================
ERROR: test_body_ordinary_retained_without_cleanup_failure (test_native_firstfatal01.SelectedNative.test_body_ordinary_retained_without_cleanup_failure)
----------------------------------------------------------------------
Traceback (most recent call last):
  File "/home/malecada/master_thesis/TradingAgents-audit-fixes/research/onchain-paper-replication-2026-09-24/full_sources/original-import-fixture-native-preparation03-2026-10-03/test_native_firstfatal01.py", line 56, in test_body_ordinary_retained_without_cleanup_failure
    ns,io=namespace();first=ValueError('body');state={'phase':'failed','limit_reason':'body'}
          ~~~~~~~~~^^
  File "/home/malecada/master_thesis/TradingAgents-audit-fixes/research/onchain-paper-replication-2026-09-24/full_sources/original-import-fixture-native-preparation03-2026-10-03/test_native_firstfatal01.py", line 12, in namespace
    t=ast.parse(SOURCE.read_text());names={'_native_select','_native_reason','_native_finalize'};nodes=[n for n in t.body if isinstance(n,ast.FunctionDef) and n.name in names]
                ~~~~~~~~~~~~~~~~^^
  File "/home/malecada/.local/share/uv/python/cpython-3.13.13-linux-x86_64-gnu/lib/python3.13/pathlib/_local.py", line 546, in read_text
    return PathBase.read_text(self, encoding, errors, newline)
           ~~~~~~~~~~~~~~~~~~^^^^^^^^^^^^^^^^^^^^^^^^^^^^^^^^^
  File "/home/malecada/.local/share/uv/python/cpython-3.13.13-linux-x86_64-gnu/lib/python3.13/pathlib/_abc.py", line 632, in read_text
    with self.open(mode='r', encoding=encoding, errors=errors, newline=newline) as f:
         ~~~~~~~~~^^^^^^^^^^^^^^^^^^^^^^^^^^^^^^^^^^^^^^^^^^^^^^^^^^^^^^^^^^^^^
  File "/home/malecada/.local/share/uv/python/cpython-3.13.13-linux-x86_64-gnu/lib/python3.13/pathlib/_local.py", line 537, in open
    return io.open(self, mode, buffering, encoding, errors, newline)
           ~~~~~~~^^^^^^^^^^^^^^^^^^^^^^^^^^^^^^^^^^^^^^^^^^^^^^^^^^
FileNotFoundError: [Errno 2] No such file or directory: 'discover'

======================================================================
ERROR: test_cleanup_wrapper_embedded_fatal_is_preserved (test_native_firstfatal01.SelectedNative.test_cleanup_wrapper_embedded_fatal_is_preserved)
----------------------------------------------------------------------
Traceback (most recent call last):
  File "/home/malecada/master_thesis/TradingAgents-audit-fixes/research/onchain-paper-replication-2026-09-24/full_sources/original-import-fixture-native-preparation03-2026-10-03/test_native_firstfatal01.py", line 23, in test_cleanup_wrapper_embedded_fatal_is_preserved
    ns,io=namespace();first=MemoryError('inside');wrapper=io.CleanupFailure();wrapper.failures=(ValueError(),first)
          ~~~~~~~~~^^
  File "/home/malecada/master_thesis/TradingAgents-audit-fixes/research/onchain-paper-replication-2026-09-24/full_sources/original-import-fixture-native-preparation03-2026-10-03/test_native_firstfatal01.py", line 12, in namespace
    t=ast.parse(SOURCE.read_text());names={'_native_select','_native_reason','_native_finalize'};nodes=[n for n in t.body if isinstance(n,ast.FunctionDef) and n.name in names]
                ~~~~~~~~~~~~~~~~^^
  File "/home/malecada/.local/share/uv/python/cpython-3.13.13-linux-x86_64-gnu/lib/python3.13/pathlib/_local.py", line 546, in read_text
    return PathBase.read_text(self, encoding, errors, newline)
           ~~~~~~~~~~~~~~~~~~^^^^^^^^^^^^^^^^^^^^^^^^^^^^^^^^^
  File "/home/malecada/.local/share/uv/python/cpython-3.13.13-linux-x86_64-gnu/lib/python3.13/pathlib/_abc.py", line 632, in read_text
    with self.open(mode='r', encoding=encoding, errors=errors, newline=newline) as f:
         ~~~~~~~~~^^^^^^^^^^^^^^^^^^^^^^^^^^^^^^^^^^^^^^^^^^^^^^^^^^^^^^^^^^^^^
  File "/home/malecada/.local/share/uv/python/cpython-3.13.13-linux-x86_64-gnu/lib/python3.13/pathlib/_local.py", line 537, in open
    return io.open(self, mode, buffering, encoding, errors, newline)
           ~~~~~~~^^^^^^^^^^^^^^^^^^^^^^^^^^^^^^^^^^^^^^^^^^^^^^^^^^
FileNotFoundError: [Errno 2] No such file or directory: 'discover'

======================================================================
ERROR: test_diagnostic_fatal_cannot_replace_original_fatal (test_native_firstfatal01.SelectedNative.test_diagnostic_fatal_cannot_replace_original_fatal)
----------------------------------------------------------------------
Traceback (most recent call last):
  File "/home/malecada/master_thesis/TradingAgents-audit-fixes/research/onchain-paper-replication-2026-09-24/full_sources/original-import-fixture-native-preparation03-2026-10-03/test_native_firstfatal01.py", line 28, in test_diagnostic_fatal_cannot_replace_original_fatal
    ns,io=namespace()
          ~~~~~~~~~^^
  File "/home/malecada/master_thesis/TradingAgents-audit-fixes/research/onchain-paper-replication-2026-09-24/full_sources/original-import-fixture-native-preparation03-2026-10-03/test_native_firstfatal01.py", line 12, in namespace
    t=ast.parse(SOURCE.read_text());names={'_native_select','_native_reason','_native_finalize'};nodes=[n for n in t.body if isinstance(n,ast.FunctionDef) and n.name in names]
                ~~~~~~~~~~~~~~~~^^
  File "/home/malecada/.local/share/uv/python/cpython-3.13.13-linux-x86_64-gnu/lib/python3.13/pathlib/_local.py", line 546, in read_text
    return PathBase.read_text(self, encoding, errors, newline)
           ~~~~~~~~~~~~~~~~~~^^^^^^^^^^^^^^^^^^^^^^^^^^^^^^^^^
  File "/home/malecada/.local/share/uv/python/cpython-3.13.13-linux-x86_64-gnu/lib/python3.13/pathlib/_abc.py", line 632, in read_text
    with self.open(mode='r', encoding=encoding, errors=errors, newline=newline) as f:
         ~~~~~~~~~^^^^^^^^^^^^^^^^^^^^^^^^^^^^^^^^^^^^^^^^^^^^^^^^^^^^^^^^^^^^^
  File "/home/malecada/.local/share/uv/python/cpython-3.13.13-linux-x86_64-gnu/lib/python3.13/pathlib/_local.py", line 537, in open
    return io.open(self, mode, buffering, encoding, errors, newline)
           ~~~~~~~^^^^^^^^^^^^^^^^^^^^^^^^^^^^^^^^^^^^^^^^^^^^^^^^^^
FileNotFoundError: [Errno 2] No such file or directory: 'discover'

======================================================================
ERROR: test_each_cleanup_position_fails_without_skipping_other_actions (test_native_firstfatal01.SelectedNative.test_each_cleanup_position_fails_without_skipping_other_actions) (fail_at='ignore-term')
----------------------------------------------------------------------
Traceback (most recent call last):
  File "/home/malecada/master_thesis/TradingAgents-audit-fixes/research/onchain-paper-replication-2026-09-24/full_sources/original-import-fixture-native-preparation03-2026-10-03/test_native_firstfatal01.py", line 47, in test_each_cleanup_position_fails_without_skipping_other_actions
    ns,io=namespace();seen=[];first=MemoryError(fail_at);state={'phase':'running','limit_reason':None}
          ~~~~~~~~~^^
  File "/home/malecada/master_thesis/TradingAgents-audit-fixes/research/onchain-paper-replication-2026-09-24/full_sources/original-import-fixture-native-preparation03-2026-10-03/test_native_firstfatal01.py", line 12, in namespace
    t=ast.parse(SOURCE.read_text());names={'_native_select','_native_reason','_native_finalize'};nodes=[n for n in t.body if isinstance(n,ast.FunctionDef) and n.name in names]
                ~~~~~~~~~~~~~~~~^^
  File "/home/malecada/.local/share/uv/python/cpython-3.13.13-linux-x86_64-gnu/lib/python3.13/pathlib/_local.py", line 546, in read_text
    return PathBase.read_text(self, encoding, errors, newline)
           ~~~~~~~~~~~~~~~~~~^^^^^^^^^^^^^^^^^^^^^^^^^^^^^^^^^
  File "/home/malecada/.local/share/uv/python/cpython-3.13.13-linux-x86_64-gnu/lib/python3.13/pathlib/_abc.py", line 632, in read_text
    with self.open(mode='r', encoding=encoding, errors=errors, newline=newline) as f:
         ~~~~~~~~~^^^^^^^^^^^^^^^^^^^^^^^^^^^^^^^^^^^^^^^^^^^^^^^^^^^^^^^^^^^^^
  File "/home/malecada/.local/share/uv/python/cpython-3.13.13-linux-x86_64-gnu/lib/python3.13/pathlib/_local.py", line 537, in open
    return io.open(self, mode, buffering, encoding, errors, newline)
           ~~~~~~~^^^^^^^^^^^^^^^^^^^^^^^^^^^^^^^^^^^^^^^^^^^^^^^^^^
FileNotFoundError: [Errno 2] No such file or directory: 'discover'

======================================================================
ERROR: test_each_cleanup_position_fails_without_skipping_other_actions (test_native_firstfatal01.SelectedNative.test_each_cleanup_position_fails_without_skipping_other_actions) (fail_at='ignore-int')
----------------------------------------------------------------------
Traceback (most recent call last):
  File "/home/malecada/master_thesis/TradingAgents-audit-fixes/research/onchain-paper-replication-2026-09-24/full_sources/original-import-fixture-native-preparation03-2026-10-03/test_native_firstfatal01.py", line 47, in test_each_cleanup_position_fails_without_skipping_other_actions
    ns,io=namespace();seen=[];first=MemoryError(fail_at);state={'phase':'running','limit_reason':None}
          ~~~~~~~~~^^
  File "/home/malecada/master_thesis/TradingAgents-audit-fixes/research/onchain-paper-replication-2026-09-24/full_sources/original-import-fixture-native-preparation03-2026-10-03/test_native_firstfatal01.py", line 12, in namespace
    t=ast.parse(SOURCE.read_text());names={'_native_select','_native_reason','_native_finalize'};nodes=[n for n in t.body if isinstance(n,ast.FunctionDef) and n.name in names]
                ~~~~~~~~~~~~~~~~^^
  File "/home/malecada/.local/share/uv/python/cpython-3.13.13-linux-x86_64-gnu/lib/python3.13/pathlib/_local.py", line 546, in read_text
    return PathBase.read_text(self, encoding, errors, newline)
           ~~~~~~~~~~~~~~~~~~^^^^^^^^^^^^^^^^^^^^^^^^^^^^^^^^^
  File "/home/malecada/.local/share/uv/python/cpython-3.13.13-linux-x86_64-gnu/lib/python3.13/pathlib/_abc.py", line 632, in read_text
    with self.open(mode='r', encoding=encoding, errors=errors, newline=newline) as f:
         ~~~~~~~~~^^^^^^^^^^^^^^^^^^^^^^^^^^^^^^^^^^^^^^^^^^^^^^^^^^^^^^^^^^^^^
  File "/home/malecada/.local/share/uv/python/cpython-3.13.13-linux-x86_64-gnu/lib/python3.13/pathlib/_local.py", line 537, in open
    return io.open(self, mode, buffering, encoding, errors, newline)
           ~~~~~~~^^^^^^^^^^^^^^^^^^^^^^^^^^^^^^^^^^^^^^^^^^^^^^^^^^
FileNotFoundError: [Errno 2] No such file or directory: 'discover'

======================================================================
ERROR: test_each_cleanup_position_fails_without_skipping_other_actions (test_native_firstfatal01.SelectedNative.test_each_cleanup_position_fails_without_skipping_other_actions) (fail_at='stop')
----------------------------------------------------------------------
Traceback (most recent call last):
  File "/home/malecada/master_thesis/TradingAgents-audit-fixes/research/onchain-paper-replication-2026-09-24/full_sources/original-import-fixture-native-preparation03-2026-10-03/test_native_firstfatal01.py", line 47, in test_each_cleanup_position_fails_without_skipping_other_actions
    ns,io=namespace();seen=[];first=MemoryError(fail_at);state={'phase':'running','limit_reason':None}
          ~~~~~~~~~^^
  File "/home/malecada/master_thesis/TradingAgents-audit-fixes/research/onchain-paper-replication-2026-09-24/full_sources/original-import-fixture-native-preparation03-2026-10-03/test_native_firstfatal01.py", line 12, in namespace
    t=ast.parse(SOURCE.read_text());names={'_native_select','_native_reason','_native_finalize'};nodes=[n for n in t.body if isinstance(n,ast.FunctionDef) and n.name in names]
                ~~~~~~~~~~~~~~~~^^
  File "/home/malecada/.local/share/uv/python/cpython-3.13.13-linux-x86_64-gnu/lib/python3.13/pathlib/_local.py", line 546, in read_text
    return PathBase.read_text(self, encoding, errors, newline)
           ~~~~~~~~~~~~~~~~~~^^^^^^^^^^^^^^^^^^^^^^^^^^^^^^^^^
  File "/home/malecada/.local/share/uv/python/cpython-3.13.13-linux-x86_64-gnu/lib/python3.13/pathlib/_abc.py", line 632, in read_text
    with self.open(mode='r', encoding=encoding, errors=errors, newline=newline) as f:
         ~~~~~~~~~^^^^^^^^^^^^^^^^^^^^^^^^^^^^^^^^^^^^^^^^^^^^^^^^^^^^^^^^^^^^^
  File "/home/malecada/.local/share/uv/python/cpython-3.13.13-linux-x86_64-gnu/lib/python3.13/pathlib/_local.py", line 537, in open
    return io.open(self, mode, buffering, encoding, errors, newline)
           ~~~~~~~^^^^^^^^^^^^^^^^^^^^^^^^^^^^^^^^^^^^^^^^^^^^^^^^^^
FileNotFoundError: [Errno 2] No such file or directory: 'discover'

======================================================================
ERROR: test_each_cleanup_position_fails_without_skipping_other_actions (test_native_firstfatal01.SelectedNative.test_each_cleanup_position_fails_without_skipping_other_actions) (fail_at='readback')
----------------------------------------------------------------------
Traceback (most recent call last):
  File "/home/malecada/master_thesis/TradingAgents-audit-fixes/research/onchain-paper-replication-2026-09-24/full_sources/original-import-fixture-native-preparation03-2026-10-03/test_native_firstfatal01.py", line 47, in test_each_cleanup_position_fails_without_skipping_other_actions
    ns,io=namespace();seen=[];first=MemoryError(fail_at);state={'phase':'running','limit_reason':None}
          ~~~~~~~~~^^
  File "/home/malecada/master_thesis/TradingAgents-audit-fixes/research/onchain-paper-replication-2026-09-24/full_sources/original-import-fixture-native-preparation03-2026-10-03/test_native_firstfatal01.py", line 12, in namespace
    t=ast.parse(SOURCE.read_text());names={'_native_select','_native_reason','_native_finalize'};nodes=[n for n in t.body if isinstance(n,ast.FunctionDef) and n.name in names]
                ~~~~~~~~~~~~~~~~^^
  File "/home/malecada/.local/share/uv/python/cpython-3.13.13-linux-x86_64-gnu/lib/python3.13/pathlib/_local.py", line 546, in read_text
    return PathBase.read_text(self, encoding, errors, newline)
           ~~~~~~~~~~~~~~~~~~^^^^^^^^^^^^^^^^^^^^^^^^^^^^^^^^^
  File "/home/malecada/.local/share/uv/python/cpython-3.13.13-linux-x86_64-gnu/lib/python3.13/pathlib/_abc.py", line 632, in read_text
    with self.open(mode='r', encoding=encoding, errors=errors, newline=newline) as f:
         ~~~~~~~~~^^^^^^^^^^^^^^^^^^^^^^^^^^^^^^^^^^^^^^^^^^^^^^^^^^^^^^^^^^^^^
  File "/home/malecada/.local/share/uv/python/cpython-3.13.13-linux-x86_64-gnu/lib/python3.13/pathlib/_local.py", line 537, in open
    return io.open(self, mode, buffering, encoding, errors, newline)
           ~~~~~~~^^^^^^^^^^^^^^^^^^^^^^^^^^^^^^^^^^^^^^^^^^^^^^^^^^
FileNotFoundError: [Errno 2] No such file or directory: 'discover'

======================================================================
ERROR: test_each_cleanup_position_fails_without_skipping_other_actions (test_native_firstfatal01.SelectedNative.test_each_cleanup_position_fails_without_skipping_other_actions) (fail_at='storage')
----------------------------------------------------------------------
Traceback (most recent call last):
  File "/home/malecada/master_thesis/TradingAgents-audit-fixes/research/onchain-paper-replication-2026-09-24/full_sources/original-import-fixture-native-preparation03-2026-10-03/test_native_firstfatal01.py", line 47, in test_each_cleanup_position_fails_without_skipping_other_actions
    ns,io=namespace();seen=[];first=MemoryError(fail_at);state={'phase':'running','limit_reason':None}
          ~~~~~~~~~^^
  File "/home/malecada/master_thesis/TradingAgents-audit-fixes/research/onchain-paper-replication-2026-09-24/full_sources/original-import-fixture-native-preparation03-2026-10-03/test_native_firstfatal01.py", line 12, in namespace
    t=ast.parse(SOURCE.read_text());names={'_native_select','_native_reason','_native_finalize'};nodes=[n for n in t.body if isinstance(n,ast.FunctionDef) and n.name in names]
                ~~~~~~~~~~~~~~~~^^
  File "/home/malecada/.local/share/uv/python/cpython-3.13.13-linux-x86_64-gnu/lib/python3.13/pathlib/_local.py", line 546, in read_text
    return PathBase.read_text(self, encoding, errors, newline)
           ~~~~~~~~~~~~~~~~~~^^^^^^^^^^^^^^^^^^^^^^^^^^^^^^^^^
  File "/home/malecada/.local/share/uv/python/cpython-3.13.13-linux-x86_64-gnu/lib/python3.13/pathlib/_abc.py", line 632, in read_text
    with self.open(mode='r', encoding=encoding, errors=errors, newline=newline) as f:
         ~~~~~~~~~^^^^^^^^^^^^^^^^^^^^^^^^^^^^^^^^^^^^^^^^^^^^^^^^^^^^^^^^^^^^^
  File "/home/malecada/.local/share/uv/python/cpython-3.13.13-linux-x86_64-gnu/lib/python3.13/pathlib/_local.py", line 537, in open
    return io.open(self, mode, buffering, encoding, errors, newline)
           ~~~~~~~^^^^^^^^^^^^^^^^^^^^^^^^^^^^^^^^^^^^^^^^^^^^^^^^^^
FileNotFoundError: [Errno 2] No such file or directory: 'discover'

======================================================================
ERROR: test_each_cleanup_position_fails_without_skipping_other_actions (test_native_firstfatal01.SelectedNative.test_each_cleanup_position_fails_without_skipping_other_actions) (fail_at='publish')
----------------------------------------------------------------------
Traceback (most recent call last):
  File "/home/malecada/master_thesis/TradingAgents-audit-fixes/research/onchain-paper-replication-2026-09-24/full_sources/original-import-fixture-native-preparation03-2026-10-03/test_native_firstfatal01.py", line 47, in test_each_cleanup_position_fails_without_skipping_other_actions
    ns,io=namespace();seen=[];first=MemoryError(fail_at);state={'phase':'running','limit_reason':None}
          ~~~~~~~~~^^
  File "/home/malecada/master_thesis/TradingAgents-audit-fixes/research/onchain-paper-replication-2026-09-24/full_sources/original-import-fixture-native-preparation03-2026-10-03/test_native_firstfatal01.py", line 12, in namespace
    t=ast.parse(SOURCE.read_text());names={'_native_select','_native_reason','_native_finalize'};nodes=[n for n in t.body if isinstance(n,ast.FunctionDef) and n.name in names]
                ~~~~~~~~~~~~~~~~^^
  File "/home/malecada/.local/share/uv/python/cpython-3.13.13-linux-x86_64-gnu/lib/python3.13/pathlib/_local.py", line 546, in read_text
    return PathBase.read_text(self, encoding, errors, newline)
           ~~~~~~~~~~~~~~~~~~^^^^^^^^^^^^^^^^^^^^^^^^^^^^^^^^^
  File "/home/malecada/.local/share/uv/python/cpython-3.13.13-linux-x86_64-gnu/lib/python3.13/pathlib/_abc.py", line 632, in read_text
    with self.open(mode='r', encoding=encoding, errors=errors, newline=newline) as f:
         ~~~~~~~~~^^^^^^^^^^^^^^^^^^^^^^^^^^^^^^^^^^^^^^^^^^^^^^^^^^^^^^^^^^^^^
  File "/home/malecada/.local/share/uv/python/cpython-3.13.13-linux-x86_64-gnu/lib/python3.13/pathlib/_local.py", line 537, in open
    return io.open(self, mode, buffering, encoding, errors, newline)
           ~~~~~~~^^^^^^^^^^^^^^^^^^^^^^^^^^^^^^^^^^^^^^^^^^^^^^^^^^
FileNotFoundError: [Errno 2] No such file or directory: 'discover'

======================================================================
ERROR: test_each_cleanup_position_fails_without_skipping_other_actions (test_native_firstfatal01.SelectedNative.test_each_cleanup_position_fails_without_skipping_other_actions) (fail_at='final')
----------------------------------------------------------------------
Traceback (most recent call last):
  File "/home/malecada/master_thesis/TradingAgents-audit-fixes/research/onchain-paper-replication-2026-09-24/full_sources/original-import-fixture-native-preparation03-2026-10-03/test_native_firstfatal01.py", line 47, in test_each_cleanup_position_fails_without_skipping_other_actions
    ns,io=namespace();seen=[];first=MemoryError(fail_at);state={'phase':'running','limit_reason':None}
          ~~~~~~~~~^^
  File "/home/malecada/master_thesis/TradingAgents-audit-fixes/research/onchain-paper-replication-2026-09-24/full_sources/original-import-fixture-native-preparation03-2026-10-03/test_native_firstfatal01.py", line 12, in namespace
    t=ast.parse(SOURCE.read_text());names={'_native_select','_native_reason','_native_finalize'};nodes=[n for n in t.body if isinstance(n,ast.FunctionDef) and n.name in names]
                ~~~~~~~~~~~~~~~~^^
  File "/home/malecada/.local/share/uv/python/cpython-3.13.13-linux-x86_64-gnu/lib/python3.13/pathlib/_local.py", line 546, in read_text
    return PathBase.read_text(self, encoding, errors, newline)
           ~~~~~~~~~~~~~~~~~~^^^^^^^^^^^^^^^^^^^^^^^^^^^^^^^^^
  File "/home/malecada/.local/share/uv/python/cpython-3.13.13-linux-x86_64-gnu/lib/python3.13/pathlib/_abc.py", line 632, in read_text
    with self.open(mode='r', encoding=encoding, errors=errors, newline=newline) as f:
         ~~~~~~~~~^^^^^^^^^^^^^^^^^^^^^^^^^^^^^^^^^^^^^^^^^^^^^^^^^^^^^^^^^^^^^
  File "/home/malecada/.local/share/uv/python/cpython-3.13.13-linux-x86_64-gnu/lib/python3.13/pathlib/_local.py", line 537, in open
    return io.open(self, mode, buffering, encoding, errors, newline)
           ~~~~~~~^^^^^^^^^^^^^^^^^^^^^^^^^^^^^^^^^^^^^^^^^^^^^^^^^^
FileNotFoundError: [Errno 2] No such file or directory: 'discover'

======================================================================
ERROR: test_each_cleanup_position_fails_without_skipping_other_actions (test_native_firstfatal01.SelectedNative.test_each_cleanup_position_fails_without_skipping_other_actions) (fail_at='sync')
----------------------------------------------------------------------
Traceback (most recent call last):
  File "/home/malecada/master_thesis/TradingAgents-audit-fixes/research/onchain-paper-replication-2026-09-24/full_sources/original-import-fixture-native-preparation03-2026-10-03/test_native_firstfatal01.py", line 47, in test_each_cleanup_position_fails_without_skipping_other_actions
    ns,io=namespace();seen=[];first=MemoryError(fail_at);state={'phase':'running','limit_reason':None}
          ~~~~~~~~~^^
  File "/home/malecada/master_thesis/TradingAgents-audit-fixes/research/onchain-paper-replication-2026-09-24/full_sources/original-import-fixture-native-preparation03-2026-10-03/test_native_firstfatal01.py", line 12, in namespace
    t=ast.parse(SOURCE.read_text());names={'_native_select','_native_reason','_native_finalize'};nodes=[n for n in t.body if isinstance(n,ast.FunctionDef) and n.name in names]
                ~~~~~~~~~~~~~~~~^^
  File "/home/malecada/.local/share/uv/python/cpython-3.13.13-linux-x86_64-gnu/lib/python3.13/pathlib/_local.py", line 546, in read_text
    return PathBase.read_text(self, encoding, errors, newline)
           ~~~~~~~~~~~~~~~~~~^^^^^^^^^^^^^^^^^^^^^^^^^^^^^^^^^
  File "/home/malecada/.local/share/uv/python/cpython-3.13.13-linux-x86_64-gnu/lib/python3.13/pathlib/_abc.py", line 632, in read_text
    with self.open(mode='r', encoding=encoding, errors=errors, newline=newline) as f:
         ~~~~~~~~~^^^^^^^^^^^^^^^^^^^^^^^^^^^^^^^^^^^^^^^^^^^^^^^^^^^^^^^^^^^^^
  File "/home/malecada/.local/share/uv/python/cpython-3.13.13-linux-x86_64-gnu/lib/python3.13/pathlib/_local.py", line 537, in open
    return io.open(self, mode, buffering, encoding, errors, newline)
           ~~~~~~~^^^^^^^^^^^^^^^^^^^^^^^^^^^^^^^^^^^^^^^^^^^^^^^^^^
FileNotFoundError: [Errno 2] No such file or directory: 'discover'

======================================================================
ERROR: test_each_cleanup_position_fails_without_skipping_other_actions (test_native_firstfatal01.SelectedNative.test_each_cleanup_position_fails_without_skipping_other_actions) (fail_at='restore-term')
----------------------------------------------------------------------
Traceback (most recent call last):
  File "/home/malecada/master_thesis/TradingAgents-audit-fixes/research/onchain-paper-replication-2026-09-24/full_sources/original-import-fixture-native-preparation03-2026-10-03/test_native_firstfatal01.py", line 47, in test_each_cleanup_position_fails_without_skipping_other_actions
    ns,io=namespace();seen=[];first=MemoryError(fail_at);state={'phase':'running','limit_reason':None}
          ~~~~~~~~~^^
  File "/home/malecada/master_thesis/TradingAgents-audit-fixes/research/onchain-paper-replication-2026-09-24/full_sources/original-import-fixture-native-preparation03-2026-10-03/test_native_firstfatal01.py", line 12, in namespace
    t=ast.parse(SOURCE.read_text());names={'_native_select','_native_reason','_native_finalize'};nodes=[n for n in t.body if isinstance(n,ast.FunctionDef) and n.name in names]
                ~~~~~~~~~~~~~~~~^^
  File "/home/malecada/.local/share/uv/python/cpython-3.13.13-linux-x86_64-gnu/lib/python3.13/pathlib/_local.py", line 546, in read_text
    return PathBase.read_text(self, encoding, errors, newline)
           ~~~~~~~~~~~~~~~~~~^^^^^^^^^^^^^^^^^^^^^^^^^^^^^^^^^
  File "/home/malecada/.local/share/uv/python/cpython-3.13.13-linux-x86_64-gnu/lib/python3.13/pathlib/_abc.py", line 632, in read_text
    with self.open(mode='r', encoding=encoding, errors=errors, newline=newline) as f:
         ~~~~~~~~~^^^^^^^^^^^^^^^^^^^^^^^^^^^^^^^^^^^^^^^^^^^^^^^^^^^^^^^^^^^^^
  File "/home/malecada/.local/share/uv/python/cpython-3.13.13-linux-x86_64-gnu/lib/python3.13/pathlib/_local.py", line 537, in open
    return io.open(self, mode, buffering, encoding, errors, newline)
           ~~~~~~~^^^^^^^^^^^^^^^^^^^^^^^^^^^^^^^^^^^^^^^^^^^^^^^^^^
FileNotFoundError: [Errno 2] No such file or directory: 'discover'

======================================================================
ERROR: test_each_cleanup_position_fails_without_skipping_other_actions (test_native_firstfatal01.SelectedNative.test_each_cleanup_position_fails_without_skipping_other_actions) (fail_at='restore-int')
----------------------------------------------------------------------
Traceback (most recent call last):
  File "/home/malecada/master_thesis/TradingAgents-audit-fixes/research/onchain-paper-replication-2026-09-24/full_sources/original-import-fixture-native-preparation03-2026-10-03/test_native_firstfatal01.py", line 47, in test_each_cleanup_position_fails_without_skipping_other_actions
    ns,io=namespace();seen=[];first=MemoryError(fail_at);state={'phase':'running','limit_reason':None}
          ~~~~~~~~~^^
  File "/home/malecada/master_thesis/TradingAgents-audit-fixes/research/onchain-paper-replication-2026-09-24/full_sources/original-import-fixture-native-preparation03-2026-10-03/test_native_firstfatal01.py", line 12, in namespace
    t=ast.parse(SOURCE.read_text());names={'_native_select','_native_reason','_native_finalize'};nodes=[n for n in t.body if isinstance(n,ast.FunctionDef) and n.name in names]
                ~~~~~~~~~~~~~~~~^^
  File "/home/malecada/.local/share/uv/python/cpython-3.13.13-linux-x86_64-gnu/lib/python3.13/pathlib/_local.py", line 546, in read_text
    return PathBase.read_text(self, encoding, errors, newline)
           ~~~~~~~~~~~~~~~~~~^^^^^^^^^^^^^^^^^^^^^^^^^^^^^^^^^
  File "/home/malecada/.local/share/uv/python/cpython-3.13.13-linux-x86_64-gnu/lib/python3.13/pathlib/_abc.py", line 632, in read_text
    with self.open(mode='r', encoding=encoding, errors=errors, newline=newline) as f:
         ~~~~~~~~~^^^^^^^^^^^^^^^^^^^^^^^^^^^^^^^^^^^^^^^^^^^^^^^^^^^^^^^^^^^^^
  File "/home/malecada/.local/share/uv/python/cpython-3.13.13-linux-x86_64-gnu/lib/python3.13/pathlib/_local.py", line 537, in open
    return io.open(self, mode, buffering, encoding, errors, newline)
           ~~~~~~~^^^^^^^^^^^^^^^^^^^^^^^^^^^^^^^^^^^^^^^^^^^^^^^^^^
FileNotFoundError: [Errno 2] No such file or directory: 'discover'

======================================================================
ERROR: test_first_actual_fatal_identity_survives_later_fatal (test_native_firstfatal01.SelectedNative.test_first_actual_fatal_identity_survives_later_fatal)
----------------------------------------------------------------------
Traceback (most recent call last):
  File "/home/malecada/master_thesis/TradingAgents-audit-fixes/research/onchain-paper-replication-2026-09-24/full_sources/original-import-fixture-native-preparation03-2026-10-03/test_native_firstfatal01.py", line 18, in test_first_actual_fatal_identity_survives_later_fatal
    ns,io=namespace();first=MemoryError('first');later=KeyboardInterrupt()
          ~~~~~~~~~^^
  File "/home/malecada/master_thesis/TradingAgents-audit-fixes/research/onchain-paper-replication-2026-09-24/full_sources/original-import-fixture-native-preparation03-2026-10-03/test_native_firstfatal01.py", line 12, in namespace
    t=ast.parse(SOURCE.read_text());names={'_native_select','_native_reason','_native_finalize'};nodes=[n for n in t.body if isinstance(n,ast.FunctionDef) and n.name in names]
                ~~~~~~~~~~~~~~~~^^
  File "/home/malecada/.local/share/uv/python/cpython-3.13.13-linux-x86_64-gnu/lib/python3.13/pathlib/_local.py", line 546, in read_text
    return PathBase.read_text(self, encoding, errors, newline)
           ~~~~~~~~~~~~~~~~~~^^^^^^^^^^^^^^^^^^^^^^^^^^^^^^^^^
  File "/home/malecada/.local/share/uv/python/cpython-3.13.13-linux-x86_64-gnu/lib/python3.13/pathlib/_abc.py", line 632, in read_text
    with self.open(mode='r', encoding=encoding, errors=errors, newline=newline) as f:
         ~~~~~~~~~^^^^^^^^^^^^^^^^^^^^^^^^^^^^^^^^^^^^^^^^^^^^^^^^^^^^^^^^^^^^^
  File "/home/malecada/.local/share/uv/python/cpython-3.13.13-linux-x86_64-gnu/lib/python3.13/pathlib/_local.py", line 537, in open
    return io.open(self, mode, buffering, encoding, errors, newline)
           ~~~~~~~^^^^^^^^^^^^^^^^^^^^^^^^^^^^^^^^^^^^^^^^^^^^^^^^^^
FileNotFoundError: [Errno 2] No such file or directory: 'discover'

======================================================================
ERROR: test_genuine_cleanup_uncertainty_does_not_disappear (test_native_firstfatal01.SelectedNative.test_genuine_cleanup_uncertainty_does_not_disappear)
----------------------------------------------------------------------
Traceback (most recent call last):
  File "/home/malecada/master_thesis/TradingAgents-audit-fixes/research/onchain-paper-replication-2026-09-24/full_sources/original-import-fixture-native-preparation03-2026-10-03/test_native_firstfatal01.py", line 26, in test_genuine_cleanup_uncertainty_does_not_disappear
    ns,io=namespace();wrapper=io.CleanupFailure();self.assertIs(ns['_native_select'](ValueError(),wrapper,io),wrapper)
          ~~~~~~~~~^^
  File "/home/malecada/master_thesis/TradingAgents-audit-fixes/research/onchain-paper-replication-2026-09-24/full_sources/original-import-fixture-native-preparation03-2026-10-03/test_native_firstfatal01.py", line 12, in namespace
    t=ast.parse(SOURCE.read_text());names={'_native_select','_native_reason','_native_finalize'};nodes=[n for n in t.body if isinstance(n,ast.FunctionDef) and n.name in names]
                ~~~~~~~~~~~~~~~~^^
  File "/home/malecada/.local/share/uv/python/cpython-3.13.13-linux-x86_64-gnu/lib/python3.13/pathlib/_local.py", line 546, in read_text
    return PathBase.read_text(self, encoding, errors, newline)
           ~~~~~~~~~~~~~~~~~~^^^^^^^^^^^^^^^^^^^^^^^^^^^^^^^^^
  File "/home/malecada/.local/share/uv/python/cpython-3.13.13-linux-x86_64-gnu/lib/python3.13/pathlib/_abc.py", line 632, in read_text
    with self.open(mode='r', encoding=encoding, errors=errors, newline=newline) as f:
         ~~~~~~~~~^^^^^^^^^^^^^^^^^^^^^^^^^^^^^^^^^^^^^^^^^^^^^^^^^^^^^^^^^^^^^
  File "/home/malecada/.local/share/uv/python/cpython-3.13.13-linux-x86_64-gnu/lib/python3.13/pathlib/_local.py", line 537, in open
    return io.open(self, mode, buffering, encoding, errors, newline)
           ~~~~~~~^^^^^^^^^^^^^^^^^^^^^^^^^^^^^^^^^^^^^^^^^^^^^^^^^^
FileNotFoundError: [Errno 2] No such file or directory: 'discover'

======================================================================
ERROR: test_later_first_fatal_promotes_over_ordinary (test_native_firstfatal01.SelectedNative.test_later_first_fatal_promotes_over_ordinary)
----------------------------------------------------------------------
Traceback (most recent call last):
  File "/home/malecada/master_thesis/TradingAgents-audit-fixes/research/onchain-paper-replication-2026-09-24/full_sources/original-import-fixture-native-preparation03-2026-10-03/test_native_firstfatal01.py", line 21, in test_later_first_fatal_promotes_over_ordinary
    ns,io=namespace();later=MemoryError('first');self.assertIs(ns['_native_select'](ValueError(),later,io),later)
          ~~~~~~~~~^^
  File "/home/malecada/master_thesis/TradingAgents-audit-fixes/research/onchain-paper-replication-2026-09-24/full_sources/original-import-fixture-native-preparation03-2026-10-03/test_native_firstfatal01.py", line 12, in namespace
    t=ast.parse(SOURCE.read_text());names={'_native_select','_native_reason','_native_finalize'};nodes=[n for n in t.body if isinstance(n,ast.FunctionDef) and n.name in names]
                ~~~~~~~~~~~~~~~~^^
  File "/home/malecada/.local/share/uv/python/cpython-3.13.13-linux-x86_64-gnu/lib/python3.13/pathlib/_local.py", line 546, in read_text
    return PathBase.read_text(self, encoding, errors, newline)
           ~~~~~~~~~~~~~~~~~~^^^^^^^^^^^^^^^^^^^^^^^^^^^^^^^^^
  File "/home/malecada/.local/share/uv/python/cpython-3.13.13-linux-x86_64-gnu/lib/python3.13/pathlib/_abc.py", line 632, in read_text
    with self.open(mode='r', encoding=encoding, errors=errors, newline=newline) as f:
         ~~~~~~~~~^^^^^^^^^^^^^^^^^^^^^^^^^^^^^^^^^^^^^^^^^^^^^^^^^^^^^^^^^^^^^
  File "/home/malecada/.local/share/uv/python/cpython-3.13.13-linux-x86_64-gnu/lib/python3.13/pathlib/_local.py", line 537, in open
    return io.open(self, mode, buffering, encoding, errors, newline)
           ~~~~~~~^^^^^^^^^^^^^^^^^^^^^^^^^^^^^^^^^^^^^^^^^^^^^^^^^^
FileNotFoundError: [Errno 2] No such file or directory: 'discover'

======================================================================
ERROR: test_success_actions_observe_no_invented_failure (test_native_firstfatal01.SelectedNative.test_success_actions_observe_no_invented_failure)
----------------------------------------------------------------------
Traceback (most recent call last):
  File "/home/malecada/master_thesis/TradingAgents-audit-fixes/research/onchain-paper-replication-2026-09-24/full_sources/original-import-fixture-native-preparation03-2026-10-03/test_native_firstfatal01.py", line 60, in test_success_actions_observe_no_invented_failure
    ns,io=namespace();state={'phase':'running','limit_reason':None};seen=[]
          ~~~~~~~~~^^
  File "/home/malecada/master_thesis/TradingAgents-audit-fixes/research/onchain-paper-replication-2026-09-24/full_sources/original-import-fixture-native-preparation03-2026-10-03/test_native_firstfatal01.py", line 12, in namespace
    t=ast.parse(SOURCE.read_text());names={'_native_select','_native_reason','_native_finalize'};nodes=[n for n in t.body if isinstance(n,ast.FunctionDef) and n.name in names]
                ~~~~~~~~~~~~~~~~^^
  File "/home/malecada/.local/share/uv/python/cpython-3.13.13-linux-x86_64-gnu/lib/python3.13/pathlib/_local.py", line 546, in read_text
    return PathBase.read_text(self, encoding, errors, newline)
           ~~~~~~~~~~~~~~~~~~^^^^^^^^^^^^^^^^^^^^^^^^^^^^^^^^^
  File "/home/malecada/.local/share/uv/python/cpython-3.13.13-linux-x86_64-gnu/lib/python3.13/pathlib/_abc.py", line 632, in read_text
    with self.open(mode='r', encoding=encoding, errors=errors, newline=newline) as f:
         ~~~~~~~~~^^^^^^^^^^^^^^^^^^^^^^^^^^^^^^^^^^^^^^^^^^^^^^^^^^^^^^^^^^^^^
  File "/home/malecada/.local/share/uv/python/cpython-3.13.13-linux-x86_64-gnu/lib/python3.13/pathlib/_local.py", line 537, in open
    return io.open(self, mode, buffering, encoding, errors, newline)
           ~~~~~~~^^^^^^^^^^^^^^^^^^^^^^^^^^^^^^^^^^^^^^^^^^^^^^^^^^
FileNotFoundError: [Errno 2] No such file or directory: 'discover'

----------------------------------------------------------------------
Ran 25 tests in 0.215s

FAILED (errors=18)
