test_actual_post_tail_check_enforces_disk_floor (test_caller_correction01.CallerCorrection.test_actual_post_tail_check_enforces_disk_floor) ... ok
test_disk_floor_is_checked_after_readback_publication (test_caller_correction01.CallerCorrection.test_disk_floor_is_checked_after_readback_publication) ... ok
test_final_tail_parser_refuses_below_floor_evidence (test_caller_correction01.CallerCorrection.test_final_tail_parser_refuses_below_floor_evidence) ... ok
test_missing_positive_native_observations_are_refused (test_caller_correction01.CallerCorrection.test_missing_positive_native_observations_are_refused) ... ok
test_partial_stop_observations_survive_first_inspection_failure (test_caller_correction01.CallerCorrection.test_partial_stop_observations_survive_first_inspection_failure) ... ok
test_receipt_cleanup_class_cannot_mask_later_actual_fatal (test_caller_correction01.CallerCorrection.test_receipt_cleanup_class_cannot_mask_later_actual_fatal) ... ok
test_all_independent_actions_run_after_fatal (test_native_firstfatal01.SelectedNative.test_all_independent_actions_run_after_fatal) ... ok
test_body_ordinary_retained_without_cleanup_failure (test_native_firstfatal01.SelectedNative.test_body_ordinary_retained_without_cleanup_failure) ... ok
test_cleanup_wrapper_embedded_fatal_is_preserved (test_native_firstfatal01.SelectedNative.test_cleanup_wrapper_embedded_fatal_is_preserved) ... ok
test_diagnostic_fatal_cannot_replace_original_fatal (test_native_firstfatal01.SelectedNative.test_diagnostic_fatal_cannot_replace_original_fatal) ... ok
test_each_cleanup_position_fails_without_skipping_other_actions (test_native_firstfatal01.SelectedNative.test_each_cleanup_position_fails_without_skipping_other_actions) ... ok
test_first_actual_fatal_identity_survives_later_fatal (test_native_firstfatal01.SelectedNative.test_first_actual_fatal_identity_survives_later_fatal) ... ok
test_genuine_cleanup_uncertainty_does_not_disappear (test_native_firstfatal01.SelectedNative.test_genuine_cleanup_uncertainty_does_not_disappear) ... ok
test_later_first_fatal_promotes_over_ordinary (test_native_firstfatal01.SelectedNative.test_later_first_fatal_promotes_over_ordinary) ... ok
test_success_actions_observe_no_invented_failure (test_native_firstfatal01.SelectedNative.test_success_actions_observe_no_invented_failure) ... ok
test_all_existing_other_functions_identical (test_native_parity03.Parity.test_all_existing_other_functions_identical) ... ok
test_native_systemd_properties_and_worker_ready_unchanged (test_native_parity03.Parity.test_native_systemd_properties_and_worker_ready_unchanged) ... ok
test_none_and_physical_guard_control_ast_identical (test_native_parity03.Parity.test_none_and_physical_guard_control_ast_identical) ... ok
test_first_cleanup_fatal_promotes_over_ordinary_body (test_native_tail02.Tail.test_first_cleanup_fatal_promotes_over_ordinary_body) ... ok
test_original_body_fatal_survives_stop_fatal_with_later_actions (test_native_tail02.Tail.test_original_body_fatal_survives_stop_fatal_with_later_actions) ... ok
test_both_fixed_lifecycle_dispositions_accept_complete_fake_observations (test_positive_observations01.PositiveObservations.test_both_fixed_lifecycle_dispositions_accept_complete_fake_observations) ... ok
test_final_tail_is_joined_and_late_failure_remains_fatal (test_positive_observations01.PositiveObservations.test_final_tail_is_joined_and_late_failure_remains_fatal) ... ok
test_missing_breached_or_wrong_positive_evidence_is_refused (test_positive_observations01.PositiveObservations.test_missing_breached_or_wrong_positive_evidence_is_refused) ... ok
test_missing_child_snapshot_error_field_is_not_assumed_success (test_positive_observations01.PositiveObservations.test_missing_child_snapshot_error_field_is_not_assumed_success) ... ok
test_native_late_failure_marker_overrides_earlier_complete_body (test_positive_observations01.PositiveObservations.test_native_late_failure_marker_overrides_earlier_complete_body) ... ok

----------------------------------------------------------------------
Ran 25 tests in 0.340s

OK
