test_all_independent_actions_run_after_fatal (__main__.SelectedNative.test_all_independent_actions_run_after_fatal) ... FAIL
test_body_ordinary_retained_without_cleanup_failure (__main__.SelectedNative.test_body_ordinary_retained_without_cleanup_failure) ... FAIL
test_cleanup_wrapper_embedded_fatal_is_preserved (__main__.SelectedNative.test_cleanup_wrapper_embedded_fatal_is_preserved) ... FAIL
test_diagnostic_fatal_cannot_replace_original_fatal (__main__.SelectedNative.test_diagnostic_fatal_cannot_replace_original_fatal) ... FAIL
test_first_actual_fatal_identity_survives_later_fatal (__main__.SelectedNative.test_first_actual_fatal_identity_survives_later_fatal) ... FAIL
test_genuine_cleanup_uncertainty_does_not_disappear (__main__.SelectedNative.test_genuine_cleanup_uncertainty_does_not_disappear) ... FAIL
test_later_first_fatal_promotes_over_ordinary (__main__.SelectedNative.test_later_first_fatal_promotes_over_ordinary) ... FAIL
test_success_actions_observe_no_invented_failure (__main__.SelectedNative.test_success_actions_observe_no_invented_failure) ... FAIL

======================================================================
FAIL: test_all_independent_actions_run_after_fatal (__main__.SelectedNative.test_all_independent_actions_run_after_fatal)
----------------------------------------------------------------------
Traceback (most recent call last):
  File "/home/malecada/master_thesis/TradingAgents-audit-fixes/research/onchain-paper-replication-2026-09-24/full_sources/original-import-fixture-native-preparation03-2026-10-03/test_native_firstfatal01.py", line 34, in test_all_independent_actions_run_after_fatal
    ns,io=namespace();seen=[];first=MemoryError('stop');later=KeyboardInterrupt('storage');state={'phase':'running','limit_reason':None}
          ~~~~~~~~~^^
  File "/home/malecada/master_thesis/TradingAgents-audit-fixes/research/onchain-paper-replication-2026-09-24/full_sources/original-import-fixture-native-preparation03-2026-10-03/test_native_firstfatal01.py", line 13, in namespace
    if len(nodes)!=3:raise AssertionError('selected-native fatal/finalization helpers are absent')
                     ^^^^^^^^^^^^^^^^^^^^^^^^^^^^^^^^^^^^^^^^^^^^^^^^^^^^^^^^^^^^^^^^^^^^^^^^^^^^^
AssertionError: selected-native fatal/finalization helpers are absent

======================================================================
FAIL: test_body_ordinary_retained_without_cleanup_failure (__main__.SelectedNative.test_body_ordinary_retained_without_cleanup_failure)
----------------------------------------------------------------------
Traceback (most recent call last):
  File "/home/malecada/master_thesis/TradingAgents-audit-fixes/research/onchain-paper-replication-2026-09-24/full_sources/original-import-fixture-native-preparation03-2026-10-03/test_native_firstfatal01.py", line 44, in test_body_ordinary_retained_without_cleanup_failure
    ns,io=namespace();first=ValueError('body');state={'phase':'failed','limit_reason':'body'}
          ~~~~~~~~~^^
  File "/home/malecada/master_thesis/TradingAgents-audit-fixes/research/onchain-paper-replication-2026-09-24/full_sources/original-import-fixture-native-preparation03-2026-10-03/test_native_firstfatal01.py", line 13, in namespace
    if len(nodes)!=3:raise AssertionError('selected-native fatal/finalization helpers are absent')
                     ^^^^^^^^^^^^^^^^^^^^^^^^^^^^^^^^^^^^^^^^^^^^^^^^^^^^^^^^^^^^^^^^^^^^^^^^^^^^^
AssertionError: selected-native fatal/finalization helpers are absent

======================================================================
FAIL: test_cleanup_wrapper_embedded_fatal_is_preserved (__main__.SelectedNative.test_cleanup_wrapper_embedded_fatal_is_preserved)
----------------------------------------------------------------------
Traceback (most recent call last):
  File "/home/malecada/master_thesis/TradingAgents-audit-fixes/research/onchain-paper-replication-2026-09-24/full_sources/original-import-fixture-native-preparation03-2026-10-03/test_native_firstfatal01.py", line 23, in test_cleanup_wrapper_embedded_fatal_is_preserved
    ns,io=namespace();first=MemoryError('inside');wrapper=io.CleanupFailure();wrapper.failures=(ValueError(),first)
          ~~~~~~~~~^^
  File "/home/malecada/master_thesis/TradingAgents-audit-fixes/research/onchain-paper-replication-2026-09-24/full_sources/original-import-fixture-native-preparation03-2026-10-03/test_native_firstfatal01.py", line 13, in namespace
    if len(nodes)!=3:raise AssertionError('selected-native fatal/finalization helpers are absent')
                     ^^^^^^^^^^^^^^^^^^^^^^^^^^^^^^^^^^^^^^^^^^^^^^^^^^^^^^^^^^^^^^^^^^^^^^^^^^^^^
AssertionError: selected-native fatal/finalization helpers are absent

======================================================================
FAIL: test_diagnostic_fatal_cannot_replace_original_fatal (__main__.SelectedNative.test_diagnostic_fatal_cannot_replace_original_fatal)
----------------------------------------------------------------------
Traceback (most recent call last):
  File "/home/malecada/master_thesis/TradingAgents-audit-fixes/research/onchain-paper-replication-2026-09-24/full_sources/original-import-fixture-native-preparation03-2026-10-03/test_native_firstfatal01.py", line 28, in test_diagnostic_fatal_cannot_replace_original_fatal
    ns,io=namespace()
          ~~~~~~~~~^^
  File "/home/malecada/master_thesis/TradingAgents-audit-fixes/research/onchain-paper-replication-2026-09-24/full_sources/original-import-fixture-native-preparation03-2026-10-03/test_native_firstfatal01.py", line 13, in namespace
    if len(nodes)!=3:raise AssertionError('selected-native fatal/finalization helpers are absent')
                     ^^^^^^^^^^^^^^^^^^^^^^^^^^^^^^^^^^^^^^^^^^^^^^^^^^^^^^^^^^^^^^^^^^^^^^^^^^^^^
AssertionError: selected-native fatal/finalization helpers are absent

======================================================================
FAIL: test_first_actual_fatal_identity_survives_later_fatal (__main__.SelectedNative.test_first_actual_fatal_identity_survives_later_fatal)
----------------------------------------------------------------------
Traceback (most recent call last):
  File "/home/malecada/master_thesis/TradingAgents-audit-fixes/research/onchain-paper-replication-2026-09-24/full_sources/original-import-fixture-native-preparation03-2026-10-03/test_native_firstfatal01.py", line 18, in test_first_actual_fatal_identity_survives_later_fatal
    ns,io=namespace();first=MemoryError('first');later=KeyboardInterrupt()
          ~~~~~~~~~^^
  File "/home/malecada/master_thesis/TradingAgents-audit-fixes/research/onchain-paper-replication-2026-09-24/full_sources/original-import-fixture-native-preparation03-2026-10-03/test_native_firstfatal01.py", line 13, in namespace
    if len(nodes)!=3:raise AssertionError('selected-native fatal/finalization helpers are absent')
                     ^^^^^^^^^^^^^^^^^^^^^^^^^^^^^^^^^^^^^^^^^^^^^^^^^^^^^^^^^^^^^^^^^^^^^^^^^^^^^
AssertionError: selected-native fatal/finalization helpers are absent

======================================================================
FAIL: test_genuine_cleanup_uncertainty_does_not_disappear (__main__.SelectedNative.test_genuine_cleanup_uncertainty_does_not_disappear)
----------------------------------------------------------------------
Traceback (most recent call last):
  File "/home/malecada/master_thesis/TradingAgents-audit-fixes/research/onchain-paper-replication-2026-09-24/full_sources/original-import-fixture-native-preparation03-2026-10-03/test_native_firstfatal01.py", line 26, in test_genuine_cleanup_uncertainty_does_not_disappear
    ns,io=namespace();wrapper=io.CleanupFailure();self.assertIs(ns['_native_select'](ValueError(),wrapper,io),wrapper)
          ~~~~~~~~~^^
  File "/home/malecada/master_thesis/TradingAgents-audit-fixes/research/onchain-paper-replication-2026-09-24/full_sources/original-import-fixture-native-preparation03-2026-10-03/test_native_firstfatal01.py", line 13, in namespace
    if len(nodes)!=3:raise AssertionError('selected-native fatal/finalization helpers are absent')
                     ^^^^^^^^^^^^^^^^^^^^^^^^^^^^^^^^^^^^^^^^^^^^^^^^^^^^^^^^^^^^^^^^^^^^^^^^^^^^^
AssertionError: selected-native fatal/finalization helpers are absent

======================================================================
FAIL: test_later_first_fatal_promotes_over_ordinary (__main__.SelectedNative.test_later_first_fatal_promotes_over_ordinary)
----------------------------------------------------------------------
Traceback (most recent call last):
  File "/home/malecada/master_thesis/TradingAgents-audit-fixes/research/onchain-paper-replication-2026-09-24/full_sources/original-import-fixture-native-preparation03-2026-10-03/test_native_firstfatal01.py", line 21, in test_later_first_fatal_promotes_over_ordinary
    ns,io=namespace();later=MemoryError('first');self.assertIs(ns['_native_select'](ValueError(),later,io),later)
          ~~~~~~~~~^^
  File "/home/malecada/master_thesis/TradingAgents-audit-fixes/research/onchain-paper-replication-2026-09-24/full_sources/original-import-fixture-native-preparation03-2026-10-03/test_native_firstfatal01.py", line 13, in namespace
    if len(nodes)!=3:raise AssertionError('selected-native fatal/finalization helpers are absent')
                     ^^^^^^^^^^^^^^^^^^^^^^^^^^^^^^^^^^^^^^^^^^^^^^^^^^^^^^^^^^^^^^^^^^^^^^^^^^^^^
AssertionError: selected-native fatal/finalization helpers are absent

======================================================================
FAIL: test_success_actions_observe_no_invented_failure (__main__.SelectedNative.test_success_actions_observe_no_invented_failure)
----------------------------------------------------------------------
Traceback (most recent call last):
  File "/home/malecada/master_thesis/TradingAgents-audit-fixes/research/onchain-paper-replication-2026-09-24/full_sources/original-import-fixture-native-preparation03-2026-10-03/test_native_firstfatal01.py", line 48, in test_success_actions_observe_no_invented_failure
    ns,io=namespace();state={'phase':'running','limit_reason':None};seen=[]
          ~~~~~~~~~^^
  File "/home/malecada/master_thesis/TradingAgents-audit-fixes/research/onchain-paper-replication-2026-09-24/full_sources/original-import-fixture-native-preparation03-2026-10-03/test_native_firstfatal01.py", line 13, in namespace
    if len(nodes)!=3:raise AssertionError('selected-native fatal/finalization helpers are absent')
                     ^^^^^^^^^^^^^^^^^^^^^^^^^^^^^^^^^^^^^^^^^^^^^^^^^^^^^^^^^^^^^^^^^^^^^^^^^^^^^
AssertionError: selected-native fatal/finalization helpers are absent

----------------------------------------------------------------------
Ran 8 tests in 0.057s

FAILED (failures=8)
