  | ExceptionGroup: body/cleanup failures (2 sub-exceptions)
  +-+---------------- 1 ----------------
    | Traceback (most recent call last):
    |   File "actual_flat_entry_cleanup", line 119, in entry
    |   File "/home/malecada/master_thesis/TradingAgents-audit-fixes/research/onchain-paper-replication-2026-09-24/full_sources/financial-wrapper-complete100-baseline-recovery-source-review01-2026-10-04/check01.py", line 67, in fail
    |     def fail(first=first):raise first
    |                           ^^^^^^^^^^^
    | ValueError: ordinary-primary
    +---------------- 2 ----------------
    | Traceback (most recent call last):
    |   File "/home/malecada/master_thesis/TradingAgents-audit-fixes/research/onchain-paper-replication-2026-09-24/full_sources/financial-wrapper-complete100-baseline-recovery-source-review01-2026-10-04/utilities/owned_io.py", line 34, in _cleanup
    |     try:close()
    |         ~~~~~^^
    |   File "actual_flat_entry_cleanup", line 126, in <lambda>
    |   File "actual_flat_entry_cleanup", line 126, in <genexpr>
    |   File "actual_flat_entry_cleanup", line 123, in entry
    |   File "/home/malecada/master_thesis/TradingAgents-audit-fixes/research/onchain-paper-replication-2026-09-24/full_sources/financial-wrapper-complete100-baseline-recovery-source-review01-2026-10-04/check01.py", line 68, in writer
    |     def writer(*args,later=later):seen.append('journal-attempt');raise later
    |                                                                  ^^^^^^^^^^^
    | OSError: journal-error
    +------------------------------------

The above exception was the direct cause of the following exception:

Traceback (most recent call last):
  File "/home/malecada/master_thesis/TradingAgents-audit-fixes/research/onchain-paper-replication-2026-09-24/full_sources/financial-wrapper-complete100-baseline-recovery-source-review01-2026-10-04/check01.py", line 71, in <module>
    try:en['entry']()
        ~~~~~~~~~~~^^
  File "actual_flat_entry_cleanup", line 126, in entry
  File "/home/malecada/master_thesis/TradingAgents-audit-fixes/research/onchain-paper-replication-2026-09-24/full_sources/financial-wrapper-complete100-baseline-recovery-source-review01-2026-10-04/utilities/owned_io.py", line 52, in _cleanup
    raise failure
owned_io.CleanupFailure: score storage cleanup unresolved; worker must stop

During handling of the above exception, another exception occurred:

Traceback (most recent call last):
  File "/home/malecada/master_thesis/TradingAgents-audit-fixes/research/onchain-paper-replication-2026-09-24/full_sources/financial-wrapper-complete100-baseline-recovery-source-review01-2026-10-04/check01.py", line 74, in <module>
    ck(actual is expected and seen==['journal-attempt'],'actual first-fatal journal pair');pairs.append({'primary':type(first).__name__,'journal':type(later).__name__,'raised':type(actual).__name__})
    ~~^^^^^^^^^^^^^^^^^^^^^^^^^^^^^^^^^^^^^^^^^^^^^^^^^^^^^^^^^^^^^^^^^^^^^^^^^^^^^^^^^^^^
  File "/home/malecada/master_thesis/TradingAgents-audit-fixes/research/onchain-paper-replication-2026-09-24/full_sources/financial-wrapper-complete100-baseline-recovery-source-review01-2026-10-04/check01.py", line 9, in ck
    if not v:raise AssertionError(n)
             ^^^^^^^^^^^^^^^^^^^^^^^
AssertionError: actual first-fatal journal pair
