test_array_declared_path_exact (__main__.Tests.test_array_declared_path_exact) ... FAIL
test_complete_phase_required (__main__.Tests.test_complete_phase_required) ... FAIL
test_coverage_order_required (__main__.Tests.test_coverage_order_required) ... FAIL
test_declared_total_exact (__main__.Tests.test_declared_total_exact) ... FAIL
test_full_historical_denominator_required (__main__.Tests.test_full_historical_denominator_required) ... FAIL
test_graph_configuration_raw_binding_required (__main__.Tests.test_graph_configuration_raw_binding_required) ... FAIL
test_original_failed_claim_and_two_complete_phases (__main__.Tests.test_original_failed_claim_and_two_complete_phases) ... FAIL
test_original_terminal_cannot_be_promoted (__main__.Tests.test_original_terminal_cannot_be_promoted) ... FAIL
test_source_identity_required (__main__.Tests.test_source_identity_required) ... FAIL
test_unbound_compact_bytes_rejected (__main__.Tests.test_unbound_compact_bytes_rejected) ... FAIL

======================================================================
FAIL: test_array_declared_path_exact (__main__.Tests.test_array_declared_path_exact)
----------------------------------------------------------------------
Traceback (most recent call last):
  File "/home/malecada/master_thesis/TradingAgents-audit-fixes/research/onchain-paper-replication-2026-09-24/full_sources/legacy-array-checker-2026-09-30/test_metadata.py", line 17, in setUp
    self.assertTrue((HERE/'metadata.py').is_file(), 'metadata adapter missing')
    ~~~~~~~~~~~~~~~^^^^^^^^^^^^^^^^^^^^^^^^^^^^^^^^^^^^^^^^^^^^^^^^^^^^^^^^^^^^
AssertionError: False is not true : metadata adapter missing

======================================================================
FAIL: test_complete_phase_required (__main__.Tests.test_complete_phase_required)
----------------------------------------------------------------------
Traceback (most recent call last):
  File "/home/malecada/master_thesis/TradingAgents-audit-fixes/research/onchain-paper-replication-2026-09-24/full_sources/legacy-array-checker-2026-09-30/test_metadata.py", line 17, in setUp
    self.assertTrue((HERE/'metadata.py').is_file(), 'metadata adapter missing')
    ~~~~~~~~~~~~~~~^^^^^^^^^^^^^^^^^^^^^^^^^^^^^^^^^^^^^^^^^^^^^^^^^^^^^^^^^^^^
AssertionError: False is not true : metadata adapter missing

======================================================================
FAIL: test_coverage_order_required (__main__.Tests.test_coverage_order_required)
----------------------------------------------------------------------
Traceback (most recent call last):
  File "/home/malecada/master_thesis/TradingAgents-audit-fixes/research/onchain-paper-replication-2026-09-24/full_sources/legacy-array-checker-2026-09-30/test_metadata.py", line 17, in setUp
    self.assertTrue((HERE/'metadata.py').is_file(), 'metadata adapter missing')
    ~~~~~~~~~~~~~~~^^^^^^^^^^^^^^^^^^^^^^^^^^^^^^^^^^^^^^^^^^^^^^^^^^^^^^^^^^^^
AssertionError: False is not true : metadata adapter missing

======================================================================
FAIL: test_declared_total_exact (__main__.Tests.test_declared_total_exact)
----------------------------------------------------------------------
Traceback (most recent call last):
  File "/home/malecada/master_thesis/TradingAgents-audit-fixes/research/onchain-paper-replication-2026-09-24/full_sources/legacy-array-checker-2026-09-30/test_metadata.py", line 17, in setUp
    self.assertTrue((HERE/'metadata.py').is_file(), 'metadata adapter missing')
    ~~~~~~~~~~~~~~~^^^^^^^^^^^^^^^^^^^^^^^^^^^^^^^^^^^^^^^^^^^^^^^^^^^^^^^^^^^^
AssertionError: False is not true : metadata adapter missing

======================================================================
FAIL: test_full_historical_denominator_required (__main__.Tests.test_full_historical_denominator_required)
----------------------------------------------------------------------
Traceback (most recent call last):
  File "/home/malecada/master_thesis/TradingAgents-audit-fixes/research/onchain-paper-replication-2026-09-24/full_sources/legacy-array-checker-2026-09-30/test_metadata.py", line 17, in setUp
    self.assertTrue((HERE/'metadata.py').is_file(), 'metadata adapter missing')
    ~~~~~~~~~~~~~~~^^^^^^^^^^^^^^^^^^^^^^^^^^^^^^^^^^^^^^^^^^^^^^^^^^^^^^^^^^^^
AssertionError: False is not true : metadata adapter missing

======================================================================
FAIL: test_graph_configuration_raw_binding_required (__main__.Tests.test_graph_configuration_raw_binding_required)
----------------------------------------------------------------------
Traceback (most recent call last):
  File "/home/malecada/master_thesis/TradingAgents-audit-fixes/research/onchain-paper-replication-2026-09-24/full_sources/legacy-array-checker-2026-09-30/test_metadata.py", line 17, in setUp
    self.assertTrue((HERE/'metadata.py').is_file(), 'metadata adapter missing')
    ~~~~~~~~~~~~~~~^^^^^^^^^^^^^^^^^^^^^^^^^^^^^^^^^^^^^^^^^^^^^^^^^^^^^^^^^^^^
AssertionError: False is not true : metadata adapter missing

======================================================================
FAIL: test_original_failed_claim_and_two_complete_phases (__main__.Tests.test_original_failed_claim_and_two_complete_phases)
----------------------------------------------------------------------
Traceback (most recent call last):
  File "/home/malecada/master_thesis/TradingAgents-audit-fixes/research/onchain-paper-replication-2026-09-24/full_sources/legacy-array-checker-2026-09-30/test_metadata.py", line 17, in setUp
    self.assertTrue((HERE/'metadata.py').is_file(), 'metadata adapter missing')
    ~~~~~~~~~~~~~~~^^^^^^^^^^^^^^^^^^^^^^^^^^^^^^^^^^^^^^^^^^^^^^^^^^^^^^^^^^^^
AssertionError: False is not true : metadata adapter missing

======================================================================
FAIL: test_original_terminal_cannot_be_promoted (__main__.Tests.test_original_terminal_cannot_be_promoted)
----------------------------------------------------------------------
Traceback (most recent call last):
  File "/home/malecada/master_thesis/TradingAgents-audit-fixes/research/onchain-paper-replication-2026-09-24/full_sources/legacy-array-checker-2026-09-30/test_metadata.py", line 17, in setUp
    self.assertTrue((HERE/'metadata.py').is_file(), 'metadata adapter missing')
    ~~~~~~~~~~~~~~~^^^^^^^^^^^^^^^^^^^^^^^^^^^^^^^^^^^^^^^^^^^^^^^^^^^^^^^^^^^^
AssertionError: False is not true : metadata adapter missing

======================================================================
FAIL: test_source_identity_required (__main__.Tests.test_source_identity_required)
----------------------------------------------------------------------
Traceback (most recent call last):
  File "/home/malecada/master_thesis/TradingAgents-audit-fixes/research/onchain-paper-replication-2026-09-24/full_sources/legacy-array-checker-2026-09-30/test_metadata.py", line 17, in setUp
    self.assertTrue((HERE/'metadata.py').is_file(), 'metadata adapter missing')
    ~~~~~~~~~~~~~~~^^^^^^^^^^^^^^^^^^^^^^^^^^^^^^^^^^^^^^^^^^^^^^^^^^^^^^^^^^^^
AssertionError: False is not true : metadata adapter missing

======================================================================
FAIL: test_unbound_compact_bytes_rejected (__main__.Tests.test_unbound_compact_bytes_rejected)
----------------------------------------------------------------------
Traceback (most recent call last):
  File "/home/malecada/master_thesis/TradingAgents-audit-fixes/research/onchain-paper-replication-2026-09-24/full_sources/legacy-array-checker-2026-09-30/test_metadata.py", line 17, in setUp
    self.assertTrue((HERE/'metadata.py').is_file(), 'metadata adapter missing')
    ~~~~~~~~~~~~~~~^^^^^^^^^^^^^^^^^^^^^^^^^^^^^^^^^^^^^^^^^^^^^^^^^^^^^^^^^^^^
AssertionError: False is not true : metadata adapter missing

----------------------------------------------------------------------
Ran 10 tests in 0.002s

FAILED (failures=10)
