test_admitted_count_and_exclusion_conservation_refused (__main__.Tests.test_admitted_count_and_exclusion_conservation_refused) ... FAIL
test_budget_checked_before_array_load (__main__.Tests.test_budget_checked_before_array_load) ... FAIL
test_changed_manifest_hash_refused (__main__.Tests.test_changed_manifest_hash_refused) ... FAIL
test_hash_corruption_and_extra_file_refused (__main__.Tests.test_hash_corruption_and_extra_file_refused) ... FAIL
test_independent_identity_counts_and_four_features (__main__.Tests.test_independent_identity_counts_and_four_features) ... FAIL
test_rehashed_bad_feature_still_refused_and_maps_closed (__main__.Tests.test_rehashed_bad_feature_still_refused_and_maps_closed) ... FAIL
test_rehashed_unsorted_nodes_and_invalid_endpoints_refused (__main__.Tests.test_rehashed_unsorted_nodes_and_invalid_endpoints_refused) ... FAIL
test_rehashed_wrong_dtype_and_fractional_counts_refused (__main__.Tests.test_rehashed_wrong_dtype_and_fractional_counts_refused) ... FAIL
test_success_explicitly_closes_all_mappings (__main__.Tests.test_success_explicitly_closes_all_mappings) ... FAIL
test_symlink_and_hardlink_are_refused (__main__.Tests.test_symlink_and_hardlink_are_refused) ... FAIL
test_wrong_independent_graph_identity_refused (__main__.Tests.test_wrong_independent_graph_identity_refused) ... FAIL

======================================================================
FAIL: test_admitted_count_and_exclusion_conservation_refused (__main__.Tests.test_admitted_count_and_exclusion_conservation_refused)
----------------------------------------------------------------------
Traceback (most recent call last):
  File "/home/malecada/master_thesis/TradingAgents-audit-fixes/research/onchain-paper-replication-2026-09-24/full_sources/legacy-array-checker-2026-09-30/test_arrays.py", line 23, in setUp
    self.m=api();self.temp=tempfile.TemporaryDirectory();self.addCleanup(self.temp.cleanup)
           ~~~^^
  File "/home/malecada/master_thesis/TradingAgents-audit-fixes/research/onchain-paper-replication-2026-09-24/full_sources/legacy-array-checker-2026-09-30/test_arrays.py", line 17, in api
    assert (HERE/'arrays.py').is_file(),'independent array checker missing'
           ~~~~~~~~~~~~~~~~~~~~~~~~~~^^
AssertionError: independent array checker missing

======================================================================
FAIL: test_budget_checked_before_array_load (__main__.Tests.test_budget_checked_before_array_load)
----------------------------------------------------------------------
Traceback (most recent call last):
  File "/home/malecada/master_thesis/TradingAgents-audit-fixes/research/onchain-paper-replication-2026-09-24/full_sources/legacy-array-checker-2026-09-30/test_arrays.py", line 23, in setUp
    self.m=api();self.temp=tempfile.TemporaryDirectory();self.addCleanup(self.temp.cleanup)
           ~~~^^
  File "/home/malecada/master_thesis/TradingAgents-audit-fixes/research/onchain-paper-replication-2026-09-24/full_sources/legacy-array-checker-2026-09-30/test_arrays.py", line 17, in api
    assert (HERE/'arrays.py').is_file(),'independent array checker missing'
           ~~~~~~~~~~~~~~~~~~~~~~~~~~^^
AssertionError: independent array checker missing

======================================================================
FAIL: test_changed_manifest_hash_refused (__main__.Tests.test_changed_manifest_hash_refused)
----------------------------------------------------------------------
Traceback (most recent call last):
  File "/home/malecada/master_thesis/TradingAgents-audit-fixes/research/onchain-paper-replication-2026-09-24/full_sources/legacy-array-checker-2026-09-30/test_arrays.py", line 23, in setUp
    self.m=api();self.temp=tempfile.TemporaryDirectory();self.addCleanup(self.temp.cleanup)
           ~~~^^
  File "/home/malecada/master_thesis/TradingAgents-audit-fixes/research/onchain-paper-replication-2026-09-24/full_sources/legacy-array-checker-2026-09-30/test_arrays.py", line 17, in api
    assert (HERE/'arrays.py').is_file(),'independent array checker missing'
           ~~~~~~~~~~~~~~~~~~~~~~~~~~^^
AssertionError: independent array checker missing

======================================================================
FAIL: test_hash_corruption_and_extra_file_refused (__main__.Tests.test_hash_corruption_and_extra_file_refused)
----------------------------------------------------------------------
Traceback (most recent call last):
  File "/home/malecada/master_thesis/TradingAgents-audit-fixes/research/onchain-paper-replication-2026-09-24/full_sources/legacy-array-checker-2026-09-30/test_arrays.py", line 23, in setUp
    self.m=api();self.temp=tempfile.TemporaryDirectory();self.addCleanup(self.temp.cleanup)
           ~~~^^
  File "/home/malecada/master_thesis/TradingAgents-audit-fixes/research/onchain-paper-replication-2026-09-24/full_sources/legacy-array-checker-2026-09-30/test_arrays.py", line 17, in api
    assert (HERE/'arrays.py').is_file(),'independent array checker missing'
           ~~~~~~~~~~~~~~~~~~~~~~~~~~^^
AssertionError: independent array checker missing

======================================================================
FAIL: test_independent_identity_counts_and_four_features (__main__.Tests.test_independent_identity_counts_and_four_features)
----------------------------------------------------------------------
Traceback (most recent call last):
  File "/home/malecada/master_thesis/TradingAgents-audit-fixes/research/onchain-paper-replication-2026-09-24/full_sources/legacy-array-checker-2026-09-30/test_arrays.py", line 23, in setUp
    self.m=api();self.temp=tempfile.TemporaryDirectory();self.addCleanup(self.temp.cleanup)
           ~~~^^
  File "/home/malecada/master_thesis/TradingAgents-audit-fixes/research/onchain-paper-replication-2026-09-24/full_sources/legacy-array-checker-2026-09-30/test_arrays.py", line 17, in api
    assert (HERE/'arrays.py').is_file(),'independent array checker missing'
           ~~~~~~~~~~~~~~~~~~~~~~~~~~^^
AssertionError: independent array checker missing

======================================================================
FAIL: test_rehashed_bad_feature_still_refused_and_maps_closed (__main__.Tests.test_rehashed_bad_feature_still_refused_and_maps_closed)
----------------------------------------------------------------------
Traceback (most recent call last):
  File "/home/malecada/master_thesis/TradingAgents-audit-fixes/research/onchain-paper-replication-2026-09-24/full_sources/legacy-array-checker-2026-09-30/test_arrays.py", line 23, in setUp
    self.m=api();self.temp=tempfile.TemporaryDirectory();self.addCleanup(self.temp.cleanup)
           ~~~^^
  File "/home/malecada/master_thesis/TradingAgents-audit-fixes/research/onchain-paper-replication-2026-09-24/full_sources/legacy-array-checker-2026-09-30/test_arrays.py", line 17, in api
    assert (HERE/'arrays.py').is_file(),'independent array checker missing'
           ~~~~~~~~~~~~~~~~~~~~~~~~~~^^
AssertionError: independent array checker missing

======================================================================
FAIL: test_rehashed_unsorted_nodes_and_invalid_endpoints_refused (__main__.Tests.test_rehashed_unsorted_nodes_and_invalid_endpoints_refused)
----------------------------------------------------------------------
Traceback (most recent call last):
  File "/home/malecada/master_thesis/TradingAgents-audit-fixes/research/onchain-paper-replication-2026-09-24/full_sources/legacy-array-checker-2026-09-30/test_arrays.py", line 23, in setUp
    self.m=api();self.temp=tempfile.TemporaryDirectory();self.addCleanup(self.temp.cleanup)
           ~~~^^
  File "/home/malecada/master_thesis/TradingAgents-audit-fixes/research/onchain-paper-replication-2026-09-24/full_sources/legacy-array-checker-2026-09-30/test_arrays.py", line 17, in api
    assert (HERE/'arrays.py').is_file(),'independent array checker missing'
           ~~~~~~~~~~~~~~~~~~~~~~~~~~^^
AssertionError: independent array checker missing

======================================================================
FAIL: test_rehashed_wrong_dtype_and_fractional_counts_refused (__main__.Tests.test_rehashed_wrong_dtype_and_fractional_counts_refused)
----------------------------------------------------------------------
Traceback (most recent call last):
  File "/home/malecada/master_thesis/TradingAgents-audit-fixes/research/onchain-paper-replication-2026-09-24/full_sources/legacy-array-checker-2026-09-30/test_arrays.py", line 23, in setUp
    self.m=api();self.temp=tempfile.TemporaryDirectory();self.addCleanup(self.temp.cleanup)
           ~~~^^
  File "/home/malecada/master_thesis/TradingAgents-audit-fixes/research/onchain-paper-replication-2026-09-24/full_sources/legacy-array-checker-2026-09-30/test_arrays.py", line 17, in api
    assert (HERE/'arrays.py').is_file(),'independent array checker missing'
           ~~~~~~~~~~~~~~~~~~~~~~~~~~^^
AssertionError: independent array checker missing

======================================================================
FAIL: test_success_explicitly_closes_all_mappings (__main__.Tests.test_success_explicitly_closes_all_mappings)
----------------------------------------------------------------------
Traceback (most recent call last):
  File "/home/malecada/master_thesis/TradingAgents-audit-fixes/research/onchain-paper-replication-2026-09-24/full_sources/legacy-array-checker-2026-09-30/test_arrays.py", line 23, in setUp
    self.m=api();self.temp=tempfile.TemporaryDirectory();self.addCleanup(self.temp.cleanup)
           ~~~^^
  File "/home/malecada/master_thesis/TradingAgents-audit-fixes/research/onchain-paper-replication-2026-09-24/full_sources/legacy-array-checker-2026-09-30/test_arrays.py", line 17, in api
    assert (HERE/'arrays.py').is_file(),'independent array checker missing'
           ~~~~~~~~~~~~~~~~~~~~~~~~~~^^
AssertionError: independent array checker missing

======================================================================
FAIL: test_symlink_and_hardlink_are_refused (__main__.Tests.test_symlink_and_hardlink_are_refused)
----------------------------------------------------------------------
Traceback (most recent call last):
  File "/home/malecada/master_thesis/TradingAgents-audit-fixes/research/onchain-paper-replication-2026-09-24/full_sources/legacy-array-checker-2026-09-30/test_arrays.py", line 23, in setUp
    self.m=api();self.temp=tempfile.TemporaryDirectory();self.addCleanup(self.temp.cleanup)
           ~~~^^
  File "/home/malecada/master_thesis/TradingAgents-audit-fixes/research/onchain-paper-replication-2026-09-24/full_sources/legacy-array-checker-2026-09-30/test_arrays.py", line 17, in api
    assert (HERE/'arrays.py').is_file(),'independent array checker missing'
           ~~~~~~~~~~~~~~~~~~~~~~~~~~^^
AssertionError: independent array checker missing

======================================================================
FAIL: test_wrong_independent_graph_identity_refused (__main__.Tests.test_wrong_independent_graph_identity_refused)
----------------------------------------------------------------------
Traceback (most recent call last):
  File "/home/malecada/master_thesis/TradingAgents-audit-fixes/research/onchain-paper-replication-2026-09-24/full_sources/legacy-array-checker-2026-09-30/test_arrays.py", line 23, in setUp
    self.m=api();self.temp=tempfile.TemporaryDirectory();self.addCleanup(self.temp.cleanup)
           ~~~^^
  File "/home/malecada/master_thesis/TradingAgents-audit-fixes/research/onchain-paper-replication-2026-09-24/full_sources/legacy-array-checker-2026-09-30/test_arrays.py", line 17, in api
    assert (HERE/'arrays.py').is_file(),'independent array checker missing'
           ~~~~~~~~~~~~~~~~~~~~~~~~~~^^
AssertionError: independent array checker missing

----------------------------------------------------------------------
Ran 11 tests in 0.003s

FAILED (failures=11)
