test_actual_production_publishes_typed_samples_and_exact_completion_proof (__main__.Tests.test_actual_production_publishes_typed_samples_and_exact_completion_proof) ... FAIL
test_completion_publication_drift_refuses_success (__main__.Tests.test_completion_publication_drift_refuses_success) ... ok
test_draw_failure_is_retained_and_cannot_be_relaunched (__main__.Tests.test_draw_failure_is_retained_and_cannot_be_relaunched) ... ok
test_event_publication_allowance_is_reserved_before_draw (__main__.Tests.test_event_publication_allowance_is_reserved_before_draw) ... ok
test_guard_loss_during_parent_hash_refuses_attempt_creation (__main__.Tests.test_guard_loss_during_parent_hash_refuses_attempt_creation) ... ok
test_lease_loss_after_first_draw_preserves_checkpoint_and_failure (__main__.Tests.test_lease_loss_after_first_draw_preserves_checkpoint_and_failure) ... ok
test_original_sample_arrays_are_released_before_artifact_reload (__main__.Tests.test_original_sample_arrays_are_released_before_artifact_reload) ... ok
test_partial_attempt_is_never_redrawn (__main__.Tests.test_partial_attempt_is_never_redrawn) ... ok
test_registered_route_and_reservation_cap_refuse_before_draw (__main__.Tests.test_registered_route_and_reservation_cap_refuse_before_draw) ... ok
test_write_budget_refuses_before_feature_component_creation (__main__.Tests.test_write_budget_refuses_before_feature_component_creation) ... ok

======================================================================
FAIL: test_actual_production_publishes_typed_samples_and_exact_completion_proof (__main__.Tests.test_actual_production_publishes_typed_samples_and_exact_completion_proof)
----------------------------------------------------------------------
Traceback (most recent call last):
  File "/home/malecada/master_thesis/TradingAgents-audit-fixes/research/onchain-paper-replication-2026-09-24/full_sources/sampler-producer-2026-10-01/test_producer.py", line 57, in test_actual_production_publishes_typed_samples_and_exact_completion_proof
    self.assertEqual(proof['encoded_event_bytes'],(f.directory/'event-000000.json').stat().st_size)
    ~~~~~~~~~~~~~~~~^^^^^^^^^^^^^^^^^^^^^^^^^^^^^^^^^^^^^^^^^^^^^^^^^^^^^^^^^^^^^^^^^^^^^^^^^^^^^^^
AssertionError: 1112 != 1256

----------------------------------------------------------------------
Ran 10 tests in 92.330s

FAILED (failures=1)
