{
  "cwd": "/home/malecada/master_thesis/TradingAgents-audit-fixes",
  "executable": "/home/malecada/master_thesis/TradingAgents-audit-fixes/.venv/bin/python",
  "first_observed_failure": {
    "direct_pinned_RECORD_hash_matches": true,
    "match_count": 17,
    "name": "setuptools",
    "record_matches": [
      "setuptools-80.9.0.dist-info/RECORD",
      "setuptools/_vendor/autocommand-2.2.2.dist-info/RECORD",
      "setuptools/_vendor/backports.tarfile-1.2.0.dist-info/RECORD",
      "setuptools/_vendor/importlib_metadata-8.0.0.dist-info/RECORD",
      "setuptools/_vendor/inflect-7.3.1.dist-info/RECORD",
      "setuptools/_vendor/jaraco.collections-5.1.0.dist-info/RECORD",
      "setuptools/_vendor/jaraco.context-5.3.0.dist-info/RECORD",
      "setuptools/_vendor/jaraco.functools-4.0.1.dist-info/RECORD",
      "setuptools/_vendor/jaraco.text-3.12.1.dist-info/RECORD",
      "setuptools/_vendor/more_itertools-10.3.0.dist-info/RECORD",
      "setuptools/_vendor/packaging-24.2.dist-info/RECORD",
      "setuptools/_vendor/platformdirs-4.2.2.dist-info/RECORD",
      "setuptools/_vendor/tomli-2.0.1.dist-info/RECORD",
      "setuptools/_vendor/typeguard-4.3.0.dist-info/RECORD",
      "setuptools/_vendor/typing_extensions-4.12.2.dist-info/RECORD",
      "setuptools/_vendor/wheel-0.45.1.dist-info/RECORD",
      "setuptools/_vendor/zipp-3.19.2.dist-info/RECORD"
    ],
    "row_index": 200,
    "version": "80.9.0"
  },
  "numerical_imports": false,
  "observation": "stdlib metadata only, actual source launch cwd; no execution or native claim",
  "predicate_failures": [
    {
      "direct_pinned_RECORD_hash_matches": true,
      "match_count": 17,
      "name": "setuptools",
      "record_matches": [
        "setuptools-80.9.0.dist-info/RECORD",
        "setuptools/_vendor/autocommand-2.2.2.dist-info/RECORD",
        "setuptools/_vendor/backports.tarfile-1.2.0.dist-info/RECORD",
        "setuptools/_vendor/importlib_metadata-8.0.0.dist-info/RECORD",
        "setuptools/_vendor/inflect-7.3.1.dist-info/RECORD",
        "setuptools/_vendor/jaraco.collections-5.1.0.dist-info/RECORD",
        "setuptools/_vendor/jaraco.context-5.3.0.dist-info/RECORD",
        "setuptools/_vendor/jaraco.functools-4.0.1.dist-info/RECORD",
        "setuptools/_vendor/jaraco.text-3.12.1.dist-info/RECORD",
        "setuptools/_vendor/more_itertools-10.3.0.dist-info/RECORD",
        "setuptools/_vendor/packaging-24.2.dist-info/RECORD",
        "setuptools/_vendor/platformdirs-4.2.2.dist-info/RECORD",
        "setuptools/_vendor/tomli-2.0.1.dist-info/RECORD",
        "setuptools/_vendor/typeguard-4.3.0.dist-info/RECORD",
        "setuptools/_vendor/typing_extensions-4.12.2.dist-info/RECORD",
        "setuptools/_vendor/wheel-0.45.1.dist-info/RECORD",
        "setuptools/_vendor/zipp-3.19.2.dist-info/RECORD"
      ],
      "row_index": 200,
      "version": "80.9.0"
    }
  ],
  "schema_version": 1
}
