Traceback (most recent call last):
  File "/home/malecada/master_thesis/TradingAgents-audit-fixes/research/onchain-paper-replication-2026-09-24/full_sources/neural-streamed-integration-2026-10-02/adapter_launcher03.py", line 299, in <module>
    raise SystemExit(main())
                     ~~~~^^
  File "/home/malecada/master_thesis/TradingAgents-audit-fixes/research/onchain-paper-replication-2026-09-24/full_sources/neural-streamed-integration-2026-10-02/adapter_launcher03.py", line 296, in main
    return launch(path,spec,args.sha256) if args.mode=='--run' else worker(spec)
           ~~~~~~^^^^^^^^^^^^^^^^^^^^^^^
  File "/home/malecada/master_thesis/TradingAgents-audit-fixes/research/onchain-paper-replication-2026-09-24/full_sources/neural-streamed-integration-2026-10-02/adapter_launcher03.py", line 287, in launch
    raise primary
  File "/home/malecada/master_thesis/TradingAgents-audit-fixes/research/onchain-paper-replication-2026-09-24/full_sources/neural-streamed-integration-2026-10-02/adapter_launcher03.py", line 259, in launch
    report=metadata(owned/'oracle-report.json')
  File "/home/malecada/master_thesis/TradingAgents-audit-fixes/research/onchain-paper-replication-2026-09-24/full_sources/neural-streamed-integration-2026-10-02/adapter_launcher03.py", line 256, in metadata
    info=path.lstat()
  File "/home/malecada/.local/share/uv/python/cpython-3.13.13-linux-x86_64-gnu/lib/python3.13/pathlib/_abc.py", line 437, in lstat
    return self.stat(follow_symlinks=False)
           ~~~~~~~~~^^^^^^^^^^^^^^^^^^^^^^^
  File "/home/malecada/.local/share/uv/python/cpython-3.13.13-linux-x86_64-gnu/lib/python3.13/pathlib/_local.py", line 515, in stat
    return os.stat(self, follow_symlinks=follow_symlinks)
           ~~~~~~~^^^^^^^^^^^^^^^^^^^^^^^^^^^^^^^^^^^^^^^
FileNotFoundError: [Errno 2] No such file or directory: '/home/malecada/master_thesis/TradingAgents-audit-fixes/research/onchain-paper-replication-2026-09-24/full_sources/neural-streamed-integration-2026-10-02/owned/neural-streamed-production-adapter-20261002-01/oracle-report.json'
