Reviewed offline profile: 212 modules; legacy/unreviewed modules excluded.
Isolated standard runtime: 184 modules.
........................................................................ [  2%]
.................................................... [  4%]
........................................................................ [  7%]
........................................................................ [  9%]
........................................................................ [ 12%]
........................................................................ [ 14%]
........................................................................ [ 17%]
........................................................................ [ 20%]
........................................................................ [ 22%]
........................................................................ [ 25%]
........................................................................ [ 28%]
........................................................................ [ 30%]
........................................................................ [ 33%]
........................................................................ [ 35%]
........................................................................ [ 38%]
........................................................................ [ 41%]
........................................................................ [ 43%]
........................................................................ [ 46%]
........................................................................ [ 49%]
........................................................................ [ 51%]
........................................................................ [ 54%]
........................................................................ [ 56%]
........................................................................ [ 59%]
........................................................................ [ 62%]
........................................................................ [ 64%]
........................................................................ [ 67%]
........................................................................ [ 70%]
........................................................ [ 72%]
........................................................................ [ 74%]
........................................................................ [ 77%]
........................................................................ [ 79%]
.............................................................. [ 82%]
........................................................................ [ 84%]
........................................................................ [ 87%]
........................................................................ [ 90%]
...................................................... [ 92%]
.................................................................. [ 94%]
..................................................................................................................... [ 98%]
....................................                                     [100%]
=============================== warnings summary ===============================
.venv/lib/python3.13/site-packages/_pytest/pathlib.py:95
  /home/malecada/master_thesis/TradingAgents-audit-fixes/.venv/lib/python3.13/site-packages/_pytest/pathlib.py:95: PytestWarning: (rm_rf) error removing /tmp/pytest-of-malecada/garbage-3ffe9aaf-fd96-4dd5-94b4-c0e9377d7ee0/test_cleanup_failure_keeps_ver0/hold
  <class 'OSError'>: [Errno 39] Directory not empty: '/tmp/pytest-of-malecada/garbage-3ffe9aaf-fd96-4dd5-94b4-c0e9377d7ee0/test_cleanup_failure_keeps_ver0/hold'
    warnings.warn(

.venv/lib/python3.13/site-packages/_pytest/pathlib.py:95
  /home/malecada/master_thesis/TradingAgents-audit-fixes/.venv/lib/python3.13/site-packages/_pytest/pathlib.py:95: PytestWarning: (rm_rf) error removing /tmp/pytest-of-malecada/garbage-3ffe9aaf-fd96-4dd5-94b4-c0e9377d7ee0/test_cleanup_failure_keeps_ver0
  <class 'OSError'>: [Errno 39] Directory not empty: '/tmp/pytest-of-malecada/garbage-3ffe9aaf-fd96-4dd5-94b4-c0e9377d7ee0/test_cleanup_failure_keeps_ver0'
    warnings.warn(

.venv/lib/python3.13/site-packages/_pytest/pathlib.py:95
  /home/malecada/master_thesis/TradingAgents-audit-fixes/.venv/lib/python3.13/site-packages/_pytest/pathlib.py:95: PytestWarning: (rm_rf) error removing /tmp/pytest-of-malecada/garbage-3ffe9aaf-fd96-4dd5-94b4-c0e9377d7ee0
  <class 'OSError'>: [Errno 39] Directory not empty: '/tmp/pytest-of-malecada/garbage-3ffe9aaf-fd96-4dd5-94b4-c0e9377d7ee0'
    warnings.warn(

.venv/lib/python3.13/site-packages/_pytest/pathlib.py:95
  /home/malecada/master_thesis/TradingAgents-audit-fixes/.venv/lib/python3.13/site-packages/_pytest/pathlib.py:95: PytestWarning: (rm_rf) error removing /tmp/pytest-of-malecada/garbage-edbce46d-584d-4247-a307-46caab4bc0e0/test_cleanup_failure_keeps_ver0/hold
  <class 'OSError'>: [Errno 39] Directory not empty: '/tmp/pytest-of-malecada/garbage-edbce46d-584d-4247-a307-46caab4bc0e0/test_cleanup_failure_keeps_ver0/hold'
    warnings.warn(

.venv/lib/python3.13/site-packages/_pytest/pathlib.py:95
  /home/malecada/master_thesis/TradingAgents-audit-fixes/.venv/lib/python3.13/site-packages/_pytest/pathlib.py:95: PytestWarning: (rm_rf) error removing /tmp/pytest-of-malecada/garbage-edbce46d-584d-4247-a307-46caab4bc0e0/test_cleanup_failure_keeps_ver0
  <class 'OSError'>: [Errno 39] Directory not empty: '/tmp/pytest-of-malecada/garbage-edbce46d-584d-4247-a307-46caab4bc0e0/test_cleanup_failure_keeps_ver0'
    warnings.warn(

.venv/lib/python3.13/site-packages/_pytest/pathlib.py:95
  /home/malecada/master_thesis/TradingAgents-audit-fixes/.venv/lib/python3.13/site-packages/_pytest/pathlib.py:95: PytestWarning: (rm_rf) error removing /tmp/pytest-of-malecada/garbage-edbce46d-584d-4247-a307-46caab4bc0e0
  <class 'OSError'>: [Errno 39] Directory not empty: '/tmp/pytest-of-malecada/garbage-edbce46d-584d-4247-a307-46caab4bc0e0'
    warnings.warn(

-- Docs: https://docs.pytest.org/en/stable/how-to/capture-warnings.html
- reviewed profile: 75 encountered files withheld; this is not the full legacy suite -
2747 passed, 6 warnings, 97 subtests passed in 1262.13s (0:21:02)
Isolated neural runtime: 28 modules.
.......................................................s................ [ 37%]
........................................................................ [ 75%]
..............................................                           [100%]
=============================== warnings summary ===============================
.venv/lib/python3.13/site-packages/_pytest/pathlib.py:95
  /home/malecada/master_thesis/TradingAgents-audit-fixes/.venv/lib/python3.13/site-packages/_pytest/pathlib.py:95: PytestWarning: (rm_rf) error removing /tmp/pytest-of-malecada/garbage-e68e7abf-ffe3-485d-9adf-8ce28f86436b/test_cleanup_failure_keeps_ver0/hold
  <class 'OSError'>: [Errno 39] Directory not empty: '/tmp/pytest-of-malecada/garbage-e68e7abf-ffe3-485d-9adf-8ce28f86436b/test_cleanup_failure_keeps_ver0/hold'
    warnings.warn(

.venv/lib/python3.13/site-packages/_pytest/pathlib.py:95
  /home/malecada/master_thesis/TradingAgents-audit-fixes/.venv/lib/python3.13/site-packages/_pytest/pathlib.py:95: PytestWarning: (rm_rf) error removing /tmp/pytest-of-malecada/garbage-e68e7abf-ffe3-485d-9adf-8ce28f86436b/test_cleanup_failure_keeps_ver0
  <class 'OSError'>: [Errno 39] Directory not empty: '/tmp/pytest-of-malecada/garbage-e68e7abf-ffe3-485d-9adf-8ce28f86436b/test_cleanup_failure_keeps_ver0'
    warnings.warn(

.venv/lib/python3.13/site-packages/_pytest/pathlib.py:95
  /home/malecada/master_thesis/TradingAgents-audit-fixes/.venv/lib/python3.13/site-packages/_pytest/pathlib.py:95: PytestWarning: (rm_rf) error removing /tmp/pytest-of-malecada/garbage-e68e7abf-ffe3-485d-9adf-8ce28f86436b
  <class 'OSError'>: [Errno 39] Directory not empty: '/tmp/pytest-of-malecada/garbage-e68e7abf-ffe3-485d-9adf-8ce28f86436b'
    warnings.warn(

.venv/lib/python3.13/site-packages/_pytest/pathlib.py:95
  /home/malecada/master_thesis/TradingAgents-audit-fixes/.venv/lib/python3.13/site-packages/_pytest/pathlib.py:95: PytestWarning: (rm_rf) error removing /tmp/pytest-of-malecada/garbage-b7065e4e-3f47-4f04-8955-f518d82374a0/test_cleanup_failure_keeps_ver0/hold
  <class 'OSError'>: [Errno 39] Directory not empty: '/tmp/pytest-of-malecada/garbage-b7065e4e-3f47-4f04-8955-f518d82374a0/test_cleanup_failure_keeps_ver0/hold'
    warnings.warn(

.venv/lib/python3.13/site-packages/_pytest/pathlib.py:95
  /home/malecada/master_thesis/TradingAgents-audit-fixes/.venv/lib/python3.13/site-packages/_pytest/pathlib.py:95: PytestWarning: (rm_rf) error removing /tmp/pytest-of-malecada/garbage-b7065e4e-3f47-4f04-8955-f518d82374a0/test_cleanup_failure_keeps_ver0
  <class 'OSError'>: [Errno 39] Directory not empty: '/tmp/pytest-of-malecada/garbage-b7065e4e-3f47-4f04-8955-f518d82374a0/test_cleanup_failure_keeps_ver0'
    warnings.warn(

.venv/lib/python3.13/site-packages/_pytest/pathlib.py:95
  /home/malecada/master_thesis/TradingAgents-audit-fixes/.venv/lib/python3.13/site-packages/_pytest/pathlib.py:95: PytestWarning: (rm_rf) error removing /tmp/pytest-of-malecada/garbage-b7065e4e-3f47-4f04-8955-f518d82374a0
  <class 'OSError'>: [Errno 39] Directory not empty: '/tmp/pytest-of-malecada/garbage-b7065e4e-3f47-4f04-8955-f518d82374a0'
    warnings.warn(

-- Docs: https://docs.pytest.org/en/stable/how-to/capture-warnings.html
- reviewed profile: 26 encountered files withheld; this is not the full legacy suite -
189 passed, 1 skipped, 6 warnings in 65.54s (0:01:05)
