test_actual_graph_change_and_missing_population_refused (__main__.Tests.test_actual_graph_change_and_missing_population_refused) ... FAIL
test_actual_seed_config_fold_and_train_rows_cannot_use_old_descriptor (__main__.Tests.test_actual_seed_config_fold_and_train_rows_cannot_use_old_descriptor) ... FAIL
test_expired_guard_prevents_sample_acceptance (__main__.Tests.test_expired_guard_prevents_sample_acceptance) ... FAIL
test_invalid_quota_refuses_before_graph_iteration (__main__.Tests.test_invalid_quota_refuses_before_graph_iteration) ... FAIL
test_invalid_schedule_refuses_before_graph_iteration (__main__.Tests.test_invalid_schedule_refuses_before_graph_iteration) ... 
  test_invalid_schedule_refuses_before_graph_iteration (__main__.Tests.test_invalid_schedule_refuses_before_graph_iteration) (key='max_entries') ... FAIL
  test_invalid_schedule_refuses_before_graph_iteration (__main__.Tests.test_invalid_schedule_refuses_before_graph_iteration) (key='max_checkpoints') ... FAIL
  test_invalid_schedule_refuses_before_graph_iteration (__main__.Tests.test_invalid_schedule_refuses_before_graph_iteration) (key='operations_per_checkpoint') ... FAIL
  test_invalid_schedule_refuses_before_graph_iteration (__main__.Tests.test_invalid_schedule_refuses_before_graph_iteration) (key='schema_version') ... FAIL
test_real_graphs_and_registered_schedule_are_bound_without_pair_allocation (__main__.Tests.test_real_graphs_and_registered_schedule_are_bound_without_pair_allocation) ... FAIL
test_registered_control_drift_is_detected_by_route_lease (__main__.Tests.test_registered_control_drift_is_detected_by_route_lease) ... FAIL
test_route_source_must_be_an_exact_registered_source (__main__.Tests.test_route_source_must_be_an_exact_registered_source) ... FAIL
test_sampling_scope_binds_training_membership_config_seed_and_order (__main__.Tests.test_sampling_scope_binds_training_membership_config_seed_and_order) ... FAIL
test_wrong_control_input_refused_before_graph_iteration (__main__.Tests.test_wrong_control_input_refused_before_graph_iteration) ... FAIL

======================================================================
FAIL: test_actual_graph_change_and_missing_population_refused (__main__.Tests.test_actual_graph_change_and_missing_population_refused)
----------------------------------------------------------------------
Traceback (most recent call last):
  File "/home/malecada/master_thesis/TradingAgents-audit-fixes/research/onchain-paper-replication-2026-09-24/full_sources/pair-workload-route-2026-09-30/test_route.py", line 78, in test_actual_graph_change_and_missing_population_refused
    f=self.fixture()
  File "/home/malecada/master_thesis/TradingAgents-audit-fixes/research/onchain-paper-replication-2026-09-24/full_sources/pair-workload-route-2026-09-30/test_route.py", line 55, in fixture
    self.m=module()
           ~~~~~~^^
  File "/home/malecada/master_thesis/TradingAgents-audit-fixes/research/onchain-paper-replication-2026-09-24/full_sources/pair-workload-route-2026-09-30/test_route.py", line 24, in module
    assert (HERE/'route.py').is_file(), 'registered workload route missing'
           ~~~~~~~~~~~~~~~~~~~~~~~~~^^
AssertionError: registered workload route missing

======================================================================
FAIL: test_actual_seed_config_fold_and_train_rows_cannot_use_old_descriptor (__main__.Tests.test_actual_seed_config_fold_and_train_rows_cannot_use_old_descriptor)
----------------------------------------------------------------------
Traceback (most recent call last):
  File "/home/malecada/master_thesis/TradingAgents-audit-fixes/research/onchain-paper-replication-2026-09-24/full_sources/pair-workload-route-2026-09-30/test_route.py", line 83, in test_actual_seed_config_fold_and_train_rows_cannot_use_old_descriptor
    f=self.fixture();config=copy.deepcopy(f.configs);config['matching']['max_iterations']+=1
  File "/home/malecada/master_thesis/TradingAgents-audit-fixes/research/onchain-paper-replication-2026-09-24/full_sources/pair-workload-route-2026-09-30/test_route.py", line 55, in fixture
    self.m=module()
           ~~~~~~^^
  File "/home/malecada/master_thesis/TradingAgents-audit-fixes/research/onchain-paper-replication-2026-09-24/full_sources/pair-workload-route-2026-09-30/test_route.py", line 24, in module
    assert (HERE/'route.py').is_file(), 'registered workload route missing'
           ~~~~~~~~~~~~~~~~~~~~~~~~~^^
AssertionError: registered workload route missing

======================================================================
FAIL: test_expired_guard_prevents_sample_acceptance (__main__.Tests.test_expired_guard_prevents_sample_acceptance)
----------------------------------------------------------------------
Traceback (most recent call last):
  File "/home/malecada/master_thesis/TradingAgents-audit-fixes/research/onchain-paper-replication-2026-09-24/full_sources/pair-workload-route-2026-09-30/test_route.py", line 127, in test_expired_guard_prevents_sample_acceptance
    f=self.fixture();r=self.admit()
  File "/home/malecada/master_thesis/TradingAgents-audit-fixes/research/onchain-paper-replication-2026-09-24/full_sources/pair-workload-route-2026-09-30/test_route.py", line 55, in fixture
    self.m=module()
           ~~~~~~^^
  File "/home/malecada/master_thesis/TradingAgents-audit-fixes/research/onchain-paper-replication-2026-09-24/full_sources/pair-workload-route-2026-09-30/test_route.py", line 24, in module
    assert (HERE/'route.py').is_file(), 'registered workload route missing'
           ~~~~~~~~~~~~~~~~~~~~~~~~~^^
AssertionError: registered workload route missing

======================================================================
FAIL: test_invalid_quota_refuses_before_graph_iteration (__main__.Tests.test_invalid_quota_refuses_before_graph_iteration)
----------------------------------------------------------------------
Traceback (most recent call last):
  File "/home/malecada/master_thesis/TradingAgents-audit-fixes/research/onchain-paper-replication-2026-09-24/full_sources/pair-workload-route-2026-09-30/test_route.py", line 95, in test_invalid_quota_refuses_before_graph_iteration
    self.fixture(lambda f:f.control['journal_limits'].update(max_reserved_bytes=-1))
    ~~~~~~~~~~~~^^^^^^^^^^^^^^^^^^^^^^^^^^^^^^^^^^^^^^^^^^^^^^^^^^^^^^^^^^^^^^^^^^^^
  File "/home/malecada/master_thesis/TradingAgents-audit-fixes/research/onchain-paper-replication-2026-09-24/full_sources/pair-workload-route-2026-09-30/test_route.py", line 55, in fixture
    self.m=module()
           ~~~~~~^^
  File "/home/malecada/master_thesis/TradingAgents-audit-fixes/research/onchain-paper-replication-2026-09-24/full_sources/pair-workload-route-2026-09-30/test_route.py", line 24, in module
    assert (HERE/'route.py').is_file(), 'registered workload route missing'
           ~~~~~~~~~~~~~~~~~~~~~~~~~^^
AssertionError: registered workload route missing

======================================================================
FAIL: test_invalid_schedule_refuses_before_graph_iteration (__main__.Tests.test_invalid_schedule_refuses_before_graph_iteration) (key='max_entries')
----------------------------------------------------------------------
Traceback (most recent call last):
  File "/home/malecada/master_thesis/TradingAgents-audit-fixes/research/onchain-paper-replication-2026-09-24/full_sources/pair-workload-route-2026-09-30/test_route.py", line 90, in test_invalid_schedule_refuses_before_graph_iteration
    f=self.fixture(lambda f:f.control.update({key:value}))
  File "/home/malecada/master_thesis/TradingAgents-audit-fixes/research/onchain-paper-replication-2026-09-24/full_sources/pair-workload-route-2026-09-30/test_route.py", line 55, in fixture
    self.m=module()
           ~~~~~~^^
  File "/home/malecada/master_thesis/TradingAgents-audit-fixes/research/onchain-paper-replication-2026-09-24/full_sources/pair-workload-route-2026-09-30/test_route.py", line 24, in module
    assert (HERE/'route.py').is_file(), 'registered workload route missing'
           ~~~~~~~~~~~~~~~~~~~~~~~~~^^
AssertionError: registered workload route missing

======================================================================
FAIL: test_invalid_schedule_refuses_before_graph_iteration (__main__.Tests.test_invalid_schedule_refuses_before_graph_iteration) (key='max_checkpoints')
----------------------------------------------------------------------
Traceback (most recent call last):
  File "/home/malecada/master_thesis/TradingAgents-audit-fixes/research/onchain-paper-replication-2026-09-24/full_sources/pair-workload-route-2026-09-30/test_route.py", line 90, in test_invalid_schedule_refuses_before_graph_iteration
    f=self.fixture(lambda f:f.control.update({key:value}))
  File "/home/malecada/master_thesis/TradingAgents-audit-fixes/research/onchain-paper-replication-2026-09-24/full_sources/pair-workload-route-2026-09-30/test_route.py", line 55, in fixture
    self.m=module()
           ~~~~~~^^
  File "/home/malecada/master_thesis/TradingAgents-audit-fixes/research/onchain-paper-replication-2026-09-24/full_sources/pair-workload-route-2026-09-30/test_route.py", line 24, in module
    assert (HERE/'route.py').is_file(), 'registered workload route missing'
           ~~~~~~~~~~~~~~~~~~~~~~~~~^^
AssertionError: registered workload route missing

======================================================================
FAIL: test_invalid_schedule_refuses_before_graph_iteration (__main__.Tests.test_invalid_schedule_refuses_before_graph_iteration) (key='operations_per_checkpoint')
----------------------------------------------------------------------
Traceback (most recent call last):
  File "/home/malecada/master_thesis/TradingAgents-audit-fixes/research/onchain-paper-replication-2026-09-24/full_sources/pair-workload-route-2026-09-30/test_route.py", line 90, in test_invalid_schedule_refuses_before_graph_iteration
    f=self.fixture(lambda f:f.control.update({key:value}))
  File "/home/malecada/master_thesis/TradingAgents-audit-fixes/research/onchain-paper-replication-2026-09-24/full_sources/pair-workload-route-2026-09-30/test_route.py", line 55, in fixture
    self.m=module()
           ~~~~~~^^
  File "/home/malecada/master_thesis/TradingAgents-audit-fixes/research/onchain-paper-replication-2026-09-24/full_sources/pair-workload-route-2026-09-30/test_route.py", line 24, in module
    assert (HERE/'route.py').is_file(), 'registered workload route missing'
           ~~~~~~~~~~~~~~~~~~~~~~~~~^^
AssertionError: registered workload route missing

======================================================================
FAIL: test_invalid_schedule_refuses_before_graph_iteration (__main__.Tests.test_invalid_schedule_refuses_before_graph_iteration) (key='schema_version')
----------------------------------------------------------------------
Traceback (most recent call last):
  File "/home/malecada/master_thesis/TradingAgents-audit-fixes/research/onchain-paper-replication-2026-09-24/full_sources/pair-workload-route-2026-09-30/test_route.py", line 90, in test_invalid_schedule_refuses_before_graph_iteration
    f=self.fixture(lambda f:f.control.update({key:value}))
  File "/home/malecada/master_thesis/TradingAgents-audit-fixes/research/onchain-paper-replication-2026-09-24/full_sources/pair-workload-route-2026-09-30/test_route.py", line 55, in fixture
    self.m=module()
           ~~~~~~^^
  File "/home/malecada/master_thesis/TradingAgents-audit-fixes/research/onchain-paper-replication-2026-09-24/full_sources/pair-workload-route-2026-09-30/test_route.py", line 24, in module
    assert (HERE/'route.py').is_file(), 'registered workload route missing'
           ~~~~~~~~~~~~~~~~~~~~~~~~~^^
AssertionError: registered workload route missing

======================================================================
FAIL: test_real_graphs_and_registered_schedule_are_bound_without_pair_allocation (__main__.Tests.test_real_graphs_and_registered_schedule_are_bound_without_pair_allocation)
----------------------------------------------------------------------
Traceback (most recent call last):
  File "/home/malecada/master_thesis/TradingAgents-audit-fixes/research/onchain-paper-replication-2026-09-24/full_sources/pair-workload-route-2026-09-30/test_route.py", line 69, in test_real_graphs_and_registered_schedule_are_bound_without_pair_allocation
    f=self.fixture()
  File "/home/malecada/master_thesis/TradingAgents-audit-fixes/research/onchain-paper-replication-2026-09-24/full_sources/pair-workload-route-2026-09-30/test_route.py", line 55, in fixture
    self.m=module()
           ~~~~~~^^
  File "/home/malecada/master_thesis/TradingAgents-audit-fixes/research/onchain-paper-replication-2026-09-24/full_sources/pair-workload-route-2026-09-30/test_route.py", line 24, in module
    assert (HERE/'route.py').is_file(), 'registered workload route missing'
           ~~~~~~~~~~~~~~~~~~~~~~~~~^^
AssertionError: registered workload route missing

======================================================================
FAIL: test_registered_control_drift_is_detected_by_route_lease (__main__.Tests.test_registered_control_drift_is_detected_by_route_lease)
----------------------------------------------------------------------
Traceback (most recent call last):
  File "/home/malecada/master_thesis/TradingAgents-audit-fixes/research/onchain-paper-replication-2026-09-24/full_sources/pair-workload-route-2026-09-30/test_route.py", line 103, in test_registered_control_drift_is_detected_by_route_lease
    f=self.fixture();r=self.admit()
  File "/home/malecada/master_thesis/TradingAgents-audit-fixes/research/onchain-paper-replication-2026-09-24/full_sources/pair-workload-route-2026-09-30/test_route.py", line 55, in fixture
    self.m=module()
           ~~~~~~^^
  File "/home/malecada/master_thesis/TradingAgents-audit-fixes/research/onchain-paper-replication-2026-09-24/full_sources/pair-workload-route-2026-09-30/test_route.py", line 24, in module
    assert (HERE/'route.py').is_file(), 'registered workload route missing'
           ~~~~~~~~~~~~~~~~~~~~~~~~~^^
AssertionError: registered workload route missing

======================================================================
FAIL: test_route_source_must_be_an_exact_registered_source (__main__.Tests.test_route_source_must_be_an_exact_registered_source)
----------------------------------------------------------------------
Traceback (most recent call last):
  File "/home/malecada/master_thesis/TradingAgents-audit-fixes/research/onchain-paper-replication-2026-09-24/full_sources/pair-workload-route-2026-09-30/test_route.py", line 107, in test_route_source_must_be_an_exact_registered_source
    f=self.fixture();(f.root/REL).write_text('# drift\n')
  File "/home/malecada/master_thesis/TradingAgents-audit-fixes/research/onchain-paper-replication-2026-09-24/full_sources/pair-workload-route-2026-09-30/test_route.py", line 55, in fixture
    self.m=module()
           ~~~~~~^^
  File "/home/malecada/master_thesis/TradingAgents-audit-fixes/research/onchain-paper-replication-2026-09-24/full_sources/pair-workload-route-2026-09-30/test_route.py", line 24, in module
    assert (HERE/'route.py').is_file(), 'registered workload route missing'
           ~~~~~~~~~~~~~~~~~~~~~~~~~^^
AssertionError: registered workload route missing

======================================================================
FAIL: test_sampling_scope_binds_training_membership_config_seed_and_order (__main__.Tests.test_sampling_scope_binds_training_membership_config_seed_and_order)
----------------------------------------------------------------------
Traceback (most recent call last):
  File "/home/malecada/master_thesis/TradingAgents-audit-fixes/research/onchain-paper-replication-2026-09-24/full_sources/pair-workload-route-2026-09-30/test_route.py", line 110, in test_sampling_scope_binds_training_membership_config_seed_and_order
    f=self.fixture();r=self.admit()
  File "/home/malecada/master_thesis/TradingAgents-audit-fixes/research/onchain-paper-replication-2026-09-24/full_sources/pair-workload-route-2026-09-30/test_route.py", line 55, in fixture
    self.m=module()
           ~~~~~~^^
  File "/home/malecada/master_thesis/TradingAgents-audit-fixes/research/onchain-paper-replication-2026-09-24/full_sources/pair-workload-route-2026-09-30/test_route.py", line 24, in module
    assert (HERE/'route.py').is_file(), 'registered workload route missing'
           ~~~~~~~~~~~~~~~~~~~~~~~~~^^
AssertionError: registered workload route missing

======================================================================
FAIL: test_wrong_control_input_refused_before_graph_iteration (__main__.Tests.test_wrong_control_input_refused_before_graph_iteration)
----------------------------------------------------------------------
Traceback (most recent call last):
  File "/home/malecada/master_thesis/TradingAgents-audit-fixes/research/onchain-paper-replication-2026-09-24/full_sources/pair-workload-route-2026-09-30/test_route.py", line 99, in test_wrong_control_input_refused_before_graph_iteration
    self.fixture()
    ~~~~~~~~~~~~^^
  File "/home/malecada/master_thesis/TradingAgents-audit-fixes/research/onchain-paper-replication-2026-09-24/full_sources/pair-workload-route-2026-09-30/test_route.py", line 55, in fixture
    self.m=module()
           ~~~~~~^^
  File "/home/malecada/master_thesis/TradingAgents-audit-fixes/research/onchain-paper-replication-2026-09-24/full_sources/pair-workload-route-2026-09-30/test_route.py", line 24, in module
    assert (HERE/'route.py').is_file(), 'registered workload route missing'
           ~~~~~~~~~~~~~~~~~~~~~~~~~^^
AssertionError: registered workload route missing

----------------------------------------------------------------------
Ran 10 tests in 0.004s

FAILED (failures=13)
