test_actual_graph_completion_strictly_roundtrips_and_refuses_relaunch (__main__.Tests.test_actual_graph_completion_strictly_roundtrips_and_refuses_relaunch) ... Traceback (most recent call last):
  File "/home/malecada/master_thesis/TradingAgents-audit-fixes/research/onchain-paper-replication-2026-09-24/full_sources/graph-feature-publication-2026-10-01/test_publication.py", line 101, in <module>
    if __name__=='__main__':unittest.main(verbosity=2)
                            ~~~~~~~~~~~~~^^^^^^^^^^^^^
  File "/home/malecada/.local/share/uv/python/cpython-3.13.13-linux-x86_64-gnu/lib/python3.13/unittest/main.py", line 104, in __init__
    self.runTests()
    ~~~~~~~~~~~~~^^
  File "/home/malecada/.local/share/uv/python/cpython-3.13.13-linux-x86_64-gnu/lib/python3.13/unittest/main.py", line 270, in runTests
    self.result = testRunner.run(self.test)
                  ~~~~~~~~~~~~~~^^^^^^^^^^^
  File "/home/malecada/.local/share/uv/python/cpython-3.13.13-linux-x86_64-gnu/lib/python3.13/unittest/runner.py", line 240, in run
    test(result)
    ~~~~^^^^^^^^
  File "/home/malecada/.local/share/uv/python/cpython-3.13.13-linux-x86_64-gnu/lib/python3.13/unittest/suite.py", line 84, in __call__
    return self.run(*args, **kwds)
           ~~~~~~~~^^^^^^^^^^^^^^^
  File "/home/malecada/.local/share/uv/python/cpython-3.13.13-linux-x86_64-gnu/lib/python3.13/unittest/suite.py", line 122, in run
    test(result)
    ~~~~^^^^^^^^
  File "/home/malecada/.local/share/uv/python/cpython-3.13.13-linux-x86_64-gnu/lib/python3.13/unittest/suite.py", line 84, in __call__
    return self.run(*args, **kwds)
           ~~~~~~~~^^^^^^^^^^^^^^^
  File "/home/malecada/.local/share/uv/python/cpython-3.13.13-linux-x86_64-gnu/lib/python3.13/unittest/suite.py", line 122, in run
    test(result)
    ~~~~^^^^^^^^
  File "/home/malecada/.local/share/uv/python/cpython-3.13.13-linux-x86_64-gnu/lib/python3.13/unittest/case.py", line 707, in __call__
    return self.run(*args, **kwds)
           ~~~~~~~~^^^^^^^^^^^^^^^
  File "/home/malecada/.local/share/uv/python/cpython-3.13.13-linux-x86_64-gnu/lib/python3.13/unittest/case.py", line 651, in run
    self._callTestMethod(testMethod)
    ~~~~~~~~~~~~~~~~~~~~^^^^^^^^^^^^
  File "/home/malecada/.local/share/uv/python/cpython-3.13.13-linux-x86_64-gnu/lib/python3.13/unittest/case.py", line 606, in _callTestMethod
    if method() is not None:
       ~~~~~~^^
  File "/home/malecada/master_thesis/TradingAgents-audit-fixes/research/onchain-paper-replication-2026-09-24/full_sources/graph-feature-publication-2026-10-01/test_publication.py", line 58, in test_actual_graph_completion_strictly_roundtrips_and_refuses_relaunch
    f=self.fixture();m=self.m;proofref=self.produce();proof=json.loads(Path(proofref['path']).read_text())
                                       ~~~~~~~~~~~~^^
  File "/home/malecada/master_thesis/TradingAgents-audit-fixes/research/onchain-paper-replication-2026-09-24/full_sources/graph-feature-publication-2026-10-01/test_publication.py", line 42, in produce
    return self.m.produce(self.owner.owned,self.owner.journal,dictionary_ticket=self.f.f.ticket,
           ~~~~~~~~~~~~~~^^^^^^^^^^^^^^^^^^^^^^^^^^^^^^^^^^^^^^^^^^^^^^^^^^^^^^^^^^^^^^^^^^^^^^^
        graph_hash=self.graph_hash,mcm_input='mcm_execution',mcm_output_input='mcm_output',read_input='mcm_read',
        ^^^^^^^^^^^^^^^^^^^^^^^^^^^^^^^^^^^^^^^^^^^^^^^^^^^^^^^^^^^^^^^^^^^^^^^^^^^^^^^^^^^^^^^^^^^^^^^^^^^^^^^^^
        mcm_proof_sha256=file_hash(self.f.f.proof_path),feature_input='feature_tensor',output_input='graph_output')
        ^^^^^^^^^^^^^^^^^^^^^^^^^^^^^^^^^^^^^^^^^^^^^^^^^^^^^^^^^^^^^^^^^^^^^^^^^^^^^^^^^^^^^^^^^^^^^^^^^^^^^^^^^^^
  File "/home/malecada/master_thesis/TradingAgents-audit-fixes/research/onchain-paper-replication-2026-09-24/full_sources/graph-feature-publication-2026-10-01/publication.py", line 111, in produce
    receipt=route.prepare(owned,journal,dictionary_ticket=dictionary_ticket,graph_hash=graph_hash,mcm_input=mcm_input,
        output_input=mcm_output_input,read_input=read_input,proof_sha256=mcm_proof_sha256,feature_input=feature_input)
  File "/home/malecada/master_thesis/TradingAgents-audit-fixes/research/onchain-paper-replication-2026-09-24/full_sources/graph-feature-route-2026-10-01/route.py", line 77, in prepare
    admitted=saved.admit(owned,journal,dictionary_ticket=dictionary_ticket,graph_hash=graph_hash,
        mcm_input=mcm_input,output_input=output_input,read_input=read_input,proof_sha256=proof_sha256)
  File "/home/malecada/master_thesis/TradingAgents-audit-fixes/research/onchain-paper-replication-2026-09-24/full_sources/mcm-artifact-route-2026-10-01/route.py", line 205, in admit
    matrix=reader.read_component(component,event['sha256'],binding,root=ad.root,max_manifest_bytes=policy['max_manifest_bytes'],
        max_artifact_bytes=policy['max_artifact_bytes'],max_array_bytes=read['max_array_bytes'],lease=lease)
  File "/home/malecada/master_thesis/TradingAgents-audit-fixes/research/onchain-paper-replication-2026-09-24/full_sources/pair-component-reader-2026-10-01/reader.py", line 204, in read_component
    lease()
    ~~~~~^^
  File "/home/malecada/master_thesis/TradingAgents-audit-fixes/research/onchain-paper-replication-2026-09-24/full_sources/mcm-artifact-route-2026-10-01/route.py", line 203, in lease
    compact();ticket_lease(dictionary_ticket,owned,journal);compact()
              ~~~~~~~~~~~~^^^^^^^^^^^^^^^^^^^^^^^^^^^^^^^^^
  File "/home/malecada/master_thesis/TradingAgents-audit-fixes/research/onchain-paper-replication-2026-09-24/full_sources/mcm-artifact-route-2026-10-01/route.py", line 101, in ticket_lease
    actual_owner(owned,journal);source_check(owned);check();pin['lease_function'](r);check()
    ~~~~~~~~~~~~^^^^^^^^^^^^^^^
  File "/home/malecada/master_thesis/TradingAgents-audit-fixes/research/onchain-paper-replication-2026-09-24/full_sources/mcm-artifact-route-2026-10-01/route.py", line 61, in actual_owner
    bound=owned.workload.bound;bound.check();owned.lease()
                               ~~~~~~~~~~~^^
  File "/home/malecada/master_thesis/TradingAgents-audit-fixes/tradingagents/research/onchain_replication/matching_owner.py", line 92, in check
    run=self._run;run._active();run._check_source();run._check_inputs()
                                ~~~~~~~~~~~~~~~~~^^
  File "/home/malecada/master_thesis/TradingAgents-audit-fixes/tradingagents/research/lifecycle.py", line 111, in _check_source
    current = admit(root=self.admission.root, registration=self.admission.registration,
                    experiment=self.admission.experiment_id, source=self.admission.source,
                    design_source=self.admission.design_source, bindings=self.admission.bindings,
                    _own_claim=self.admission.experiment_id)
  File "/home/malecada/master_thesis/TradingAgents-audit-fixes/tradingagents/research/admission.py", line 212, in admit
    prior = claims(root)
  File "/home/malecada/master_thesis/TradingAgents-audit-fixes/tradingagents/research/admission.py", line 93, in claims
    claim = verify_claim(child)
  File "/home/malecada/master_thesis/TradingAgents-audit-fixes/tradingagents/research/verify.py", line 82, in verify_claim
    if hashlib.sha256(_blob(root, commit, path)).hexdigest() != expected:
                      ~~~~~^^^^^^^^^^^^^^^^^^^^
  File "/home/malecada/master_thesis/TradingAgents-audit-fixes/tradingagents/research/verify.py", line 23, in _blob
    return subprocess.check_output(["git", "show", f"{commit}:{path}"], cwd=root, stderr=subprocess.PIPE)
           ~~~~~~~~~~~~~~~~~~~~~~~^^^^^^^^^^^^^^^^^^^^^^^^^^^^^^^^^^^^^^^^^^^^^^^^^^^^^^^^^^^^^^^^^^^^^^^
  File "/home/malecada/.local/share/uv/python/cpython-3.13.13-linux-x86_64-gnu/lib/python3.13/subprocess.py", line 472, in check_output
    return run(*popenargs, stdout=PIPE, timeout=timeout, check=True,
           ~~~^^^^^^^^^^^^^^^^^^^^^^^^^^^^^^^^^^^^^^^^^^^^^^^^^^^^^^
               **kwargs).stdout
               ^^^^^^^^^
  File "/home/malecada/.local/share/uv/python/cpython-3.13.13-linux-x86_64-gnu/lib/python3.13/subprocess.py", line 556, in run
    stdout, stderr = process.communicate(input, timeout=timeout)
                     ~~~~~~~~~~~~~~~~~~~^^^^^^^^^^^^^^^^^^^^^^^^
  File "/home/malecada/.local/share/uv/python/cpython-3.13.13-linux-x86_64-gnu/lib/python3.13/subprocess.py", line 1222, in communicate
    stdout, stderr = self._communicate(input, endtime, timeout)
                     ~~~~~~~~~~~~~~~~~^^^^^^^^^^^^^^^^^^^^^^^^^
  File "/home/malecada/.local/share/uv/python/cpython-3.13.13-linux-x86_64-gnu/lib/python3.13/subprocess.py", line 2154, in _communicate
    ready = selector.select(timeout)
  File "/home/malecada/.local/share/uv/python/cpython-3.13.13-linux-x86_64-gnu/lib/python3.13/selectors.py", line 398, in select
    fd_event_list = self._selector.poll(timeout)
KeyboardInterrupt
