{
  "schema_version": 1,
  "decision": "ACCEPTED_ACTUAL_CURRENT_FINANCIAL_SOURCE_ARCHIVAL_SCOPE_CLOSURE_ONLY",
  "checks": 12803,
  "source": "868bfa6404a2c34d6e5b6e0932a2baf4b38eb370",
  "flat_receipt_sha256": "cb1467a17c43890878174126dbd9640aced6ee17103e403a1395d5acd1733b68",
  "remote_receipt_sha256": "22d937c697bb23485e9f20ee6af3faa7caf2c80d4f2ef8aac1b91bd7551afba8",
  "actual_terminal_sha256": "33fc7842d3cc086c80fc49acdc366cdc4057395704d61a02e4fa70ac95addc0e",
  "metadata_sha256": "892f22bf544b80804612053ee9a0ba01e1eb22743d4edbb664d4b656482e8322",
  "archive_sha256": "497a0ae3c0aba9b5f8bb41e933bed878ba49adf759a880d8a338637d732d1af4",
  "members": 755,
  "regular_bodies": 533,
  "actual_flat_files": 534,
  "tracked_files": 243,
  "implementation": 194,
  "package": 149,
  "auxiliary": 49,
  "logical_bytes": 4926523,
  "canonical_reconstruction_from_actualflat": true,
  "framing": {
    "inflated_bytes": 5478400,
    "headers": 776,
    "pax_headers": 20
  },
  "disk_free_bytes": 18750717952,
  "actual_recorded_elapsed_seconds": 1.1204170970013365,
  "original_posix_tree_or_git_database_instantiated": false,
  "runtime_store_registration_native_authority": false
}
