{
  "schema_version": 1,
  "decision": "ACCEPTED_ACTUAL_SELECTED_EXTERNAL_FINANCIAL_ARCHIVE_RECOVERY_PENDING_FLAT",
  "checks": 1977,
  "receipt_sha256": "22d937c697bb23485e9f20ee6af3faa7caf2c80d4f2ef8aac1b91bd7551afba8",
  "parent_terminal_sha256": "93dc5f0b6c84b155b29ab3ba27d6409708873481d45486c59bb64777b1489fa4",
  "intent_sha256": "dcb49e4b5f605d851b7fcb78792d10e8985347b4716e0e6efbedf3aa98b58c7c",
  "selection_sha256": "a9d2a39e42f8fec671fec5972fb213569a2aa370b20c4098e8028186aad09bae",
  "recovered_commit": "cd54c7b8fad26b91d06917621c4862e77b73b2c8",
  "selected_count": 102,
  "logical_bytes": 3456055,
  "operations": 215,
  "actual_recorded_elapsed_seconds": 8.125222742994083,
  "archive_sha256": "497a0ae3c0aba9b5f8bb41e933bed878ba49adf759a880d8a338637d732d1af4",
  "captured_financial_source": "868bfa6404a2c34d6e5b6e0932a2baf4b38eb370",
  "tracked": 243,
  "whole_captured_members": 755,
  "whole_captured_regular": 533,
  "disk_free_bytes": 18770915328,
  "actual_flat_recovery": false,
  "full_git_ancestry_or_original_posix_recovery": false,
  "runtime_registration_native_authority": false,
  "qualification": "Original process stdout/stderr hashes and Root terminal are retained operational evidence; reviewer used bounded offline fresh Git/body checks without network. Remote HEAD original raw text is digest-bound by operation records, not separately retained as raw per-operation files."
}
