{
  "status": "PREPARATION_CONTROLS_ONLY",
  "tests": 16,
  "checks": [
    "unbound actual receipts refuse before actual IO",
    "full ordinary tiny archive membership",
    "opaque PAX body full bytes",
    "deterministic canonical footer and compression",
    "changed body refusal",
    "manifest duplicate refusal",
    "manifest order refusal",
    "manifest traversal refusal",
    "manifest extent refusal",
    "manifest hash refusal",
    "manifest mode refusal",
    "manifest missing_parent refusal",
    "real lexical link read refused",
    "scope link refused",
    "actual immutable contract encode convention",
    "existing actual capture source pin"
  ],
  "actual_remote_or_flat_verification_executed": false,
  "acceptance": null
}
