EF
======================================================================
ERROR: test_raw_policy (__main__.Checks.test_raw_policy)
----------------------------------------------------------------------
Traceback (most recent call last):
  File "/home/malecada/master_thesis/TradingAgents-audit-fixes/research/onchain-paper-replication-2026-09-24/full_sources/batch-output-produced-f32-adapter-preparation01-2026-10-03/check_policy01.py", line 9, in test_raw_policy
    self.assertEqual(ns['validate_policy'](p),p)
                     ~~~~~~~~~~~~~~~~~~~~~^^^
  File "archive_non_tail.py", line 74, in validate_policy
    require(type(p) is dict and set(p)==fields and type(p['schema_version']) is int and p['schema_version']==1 and p['kind']=='non-tail-durable-population-v1' and p['category']=='non-tail-original-members','separate non-tail registered population required')
    ~~~~~~~^^^^^^^^^^^^^^^^^^^^^^^^^^^^^^^^^^^^^^^^^^^^^^^^^^^^^^^^^^^^^^^^^^^^^^^^^^^^^^^^^^^^^^^^^^^^^^^^^^^^^^^^^^^^^^^^^^^^^^^^^^^^^^^^^^^^^^^^^^^^^^^^^^^^^^^^^^^^^^^^^^^^^^^^^^^^^^^^^^^^^^^^^^^^^^^^^^^^^^^^^^^^^^^^^^^^^^^^^^^^^^^^^^^^^^^^^^^^^^^^^^^^^^
  File "archive_non_tail.py", line 15, in require
    if not v:raise ValueError(m)
             ^^^^^^^^^^^^^^^^^^^
ValueError: separate non-tail registered population required

======================================================================
FAIL: test_typed_completed_implementation (__main__.Checks.test_typed_completed_implementation)
----------------------------------------------------------------------
Traceback (most recent call last):
  File "/home/malecada/master_thesis/TradingAgents-audit-fixes/research/onchain-paper-replication-2026-09-24/full_sources/batch-output-produced-f32-adapter-preparation01-2026-10-03/check_policy01.py", line 13, in test_typed_completed_implementation
    self.assertTrue((P/'completed_f32.py').exists(),'concrete typed Produced adapter absent')
    ~~~~~~~~~~~~~~~^^^^^^^^^^^^^^^^^^^^^^^^^^^^^^^^^^^^^^^^^^^^^^^^^^^^^^^^^^^^^^^^^^^^^^^^^^
AssertionError: False is not true : concrete typed Produced adapter absent

----------------------------------------------------------------------
Ran 2 tests in 0.013s

FAILED (failures=1, errors=1)
