FFFF                                                                     [100%]
=================================== FAILURES ===================================
____ test_runtime_drift_cannot_override_registered_owner_or_stage_contract _____

admitted = (<tests.research.onchain_replication.test_matching_owner.OwnershipTests testMethod=test_actual_claim_owner_and_old_num...bject at 0x7727281ba660>, <tradingagents.research.onchain_replication.matching_owner.Binding object at 0x7727281baba0>)

    def test_runtime_drift_cannot_override_registered_owner_or_stage_contract(admitted):
        owner = attach(admitted)
        for name, value in [('maximum', 10**12), ('reserved', 0), ('required', ('dictionary',))]:
            original = getattr(owner, name); setattr(owner, name, value)
            try:
>               with pytest.raises(ValueError): owner.lease()
                     ^^^^^^^^^^^^^^^^^^^^^^^^^
E               Failed: DID NOT RAISE ValueError

tests/research/onchain_replication/test_compact_owner.py:105: Failed
__________ test_dangling_terminal_markers_revoke_active_compact_lease __________

admitted = (<tests.research.onchain_replication.test_matching_owner.OwnershipTests testMethod=test_actual_claim_owner_and_old_num...bject at 0x772727fcec10>, <tradingagents.research.onchain_replication.matching_owner.Binding object at 0x772727fcee90>)

    def test_dangling_terminal_markers_revoke_active_compact_lease(admitted):
        owner = attach(admitted)
        for root in (owner.root, admitted[1].directory):
            marker = root / 'failed.json'; marker.symlink_to(root / 'absent')
            try:
>               with pytest.raises(ValueError): owner.lease()
                     ^^^^^^^^^^^^^^^^^^^^^^^^^
E               Failed: DID NOT RAISE ValueError

tests/research/onchain_replication/test_compact_owner.py:119: Failed
______ test_wrapper_metadata_is_reserved_before_owner_and_stage_creation _______

admitted = (<tests.research.onchain_replication.test_matching_owner.OwnershipTests testMethod=test_actual_claim_owner_and_old_num...bject at 0x772727fcfd90>, <tradingagents.research.onchain_replication.matching_owner.Binding object at 0x772727fcfed0>)

    def test_wrapper_metadata_is_reserved_before_owner_and_stage_creation(admitted):
        owner = attach(admitted)
>       assert owner.reserved == 2 * 65536
E       assert 0 == (2 * 65536)
E        +  where 0 = <tradingagents.research.onchain_replication.compact_owner.Owner object at 0x772727fcfb10>.reserved

tests/research/onchain_replication/test_compact_owner.py:125: AssertionError
_____ test_owner_loss_during_scope_hashing_refuses_before_stage_directory ______

admitted = (<tests.research.onchain_replication.test_matching_owner.OwnershipTests testMethod=test_actual_claim_owner_and_old_num...bject at 0x772727daba80>, <tradingagents.research.onchain_replication.matching_owner.Binding object at 0x772727dabbb0>)
monkeypatch = <_pytest.monkeypatch.MonkeyPatch object at 0x772727dabe10>

    def test_owner_loss_during_scope_hashing_refuses_before_stage_directory(admitted, monkeypatch):
        from tradingagents.research.onchain_replication import compact_matcher
        owner = attach(admitted); original = compact_matcher.scope
        def scope(*args, **kwargs):
            result = original(*args, **kwargs)
            admitted[0].run.fail('synthetic owner loss during scope hashing')
            return result
        monkeypatch.setattr(compact_matcher, 'scope', scope)
        with pytest.raises(ValueError): owner.begin('dictionary', workload_sha256='d' * 64, pairs=0)
>       assert not (owner.root / 'dictionary').exists()
E       AssertionError: assert not True
E        +  where True = exists()
E        +    where exists = (PosixPath('/tmp/tmpepixpybg/research_artifacts/onchain_representations/d090efd541e9b6c907a0350b5816699d064a5cdb140e92c3e5d022ee5ed4bfa5/example-a/compact') / 'dictionary').exists
E        +      where PosixPath('/tmp/tmpepixpybg/research_artifacts/onchain_representations/d090efd541e9b6c907a0350b5816699d064a5cdb140e92c3e5d022ee5ed4bfa5/example-a/compact') = <tradingagents.research.onchain_replication.compact_owner.Owner object at 0x772727a14050>.root

tests/research/onchain_replication/test_compact_owner.py:140: AssertionError
- reviewed profile: 26 encountered files withheld; this is not the full legacy suite -
=========================== short test summary info ============================
FAILED tests/research/onchain_replication/test_compact_owner.py::test_runtime_drift_cannot_override_registered_owner_or_stage_contract
FAILED tests/research/onchain_replication/test_compact_owner.py::test_dangling_terminal_markers_revoke_active_compact_lease
FAILED tests/research/onchain_replication/test_compact_owner.py::test_wrapper_metadata_is_reserved_before_owner_and_stage_creation
FAILED tests/research/onchain_replication/test_compact_owner.py::test_owner_loss_during_scope_hashing_refuses_before_stage_directory
4 failed, 10 deselected in 42.16s
